Mplus VERSION 8.10 (Mac)
MUTHEN & MUTHEN
03/22/2024   1:13 PM

INPUT INSTRUCTIONS

  DATA:

  File is laac2_wide.dat;

  VARIABLE:

  NAMES =   subject task
  Y1_1    Y1_10   Y1_2    Y1_3    Y1_4    Y1_5    Y1_6
  Y1_7    Y1_8    Y1_9    Y10_1   Y10_10  Y10_2   Y10_3   Y10_4   Y10_5
  Y10_6   Y10_7   Y10_8   Y10_9   Y11_1   Y11_10  Y11_2   Y11_3   Y11_4
  Y11_5   Y11_6   Y11_7   Y11_8   Y11_9   Y12_1   Y12_10  Y12_2   Y12_3
  Y12_4   Y12_5   Y12_6   Y12_7   Y12_8   Y12_9   Y2_1    Y2_10   Y2_2
  Y2_3    Y2_4    Y2_5    Y2_6    Y2_7    Y2_8    Y2_9    Y3_1    Y3_10
  Y3_2    Y3_3    Y3_4    Y3_5    Y3_6    Y3_7    Y3_8    Y3_9    Y4_1
  Y4_10   Y4_2    Y4_3    Y4_4    Y4_5    Y4_6    Y4_7    Y4_8    Y4_9
  Y5_1    Y5_10   Y5_2    Y5_3    Y5_4    Y5_5    Y5_6    Y5_7    Y5_8
  Y5_9    Y6_1    Y6_10   Y6_2    Y6_3    Y6_4    Y6_5    Y6_6    Y6_7
  Y6_8    Y6_9    Y7_1    Y7_10   Y7_2    Y7_3    Y7_4    Y7_5    Y7_6
  Y7_7    Y7_8    Y7_9    Y8_1    Y8_10   Y8_2    Y8_3    Y8_4    Y8_5
  Y8_6    Y8_7    Y8_8    Y8_9    Y9_1    Y9_10   Y9_2    Y9_3    Y9_4
  Y9_5    Y9_6    Y9_7    Y9_8    Y9_9;


  USEVARIABLES =  P11 P21 P12 P22 P13 P23 P14 P24
  	       P15 P25 P16 P26 P17 P27 P18 P28 P19 P29
  	       P110 P210 ;
  	
  Categ =   P11 P21 P12 P22 P13 P23 P14 P24
  	       P15 P25 P16 P26 P17 P27 P18 P28 P19 P29
  	       P110 P210 ;
  	

  Missing = All(-99);	

  useobservations are (task EQ 4);

  ! "'attention'=1;'communication'=2;'reasoning'=3;'visible_food'=4;
  !'population'=5;'inhibit_searched'=6"

  DEFINE:
  P11 = Y1_1 + Y3_1 + Y5_1 + Y7_1 + Y9_1 + Y11_1;
  P21 =  Y2_1 + Y4_1 + Y6_1 + Y8_1 + Y10_1 + Y12_1;

  P12 =  Y1_2 + Y3_2 + Y5_2 + Y7_2 + Y9_2 + Y11_2;
  P22 =  Y2_2 + Y4_2 + Y6_2 + Y8_2 + Y10_2 + Y12_2;

  P13 =  Y1_3 + Y3_3 + Y5_3 + Y7_3 + Y9_3 + Y11_3;
  P23 =  Y2_3 + Y4_3 + Y6_3 + Y8_3 + Y10_3 + Y12_3;

  P14 =  Y1_4 + Y3_4 + Y5_4 + Y7_4 + Y9_4 + Y11_4;
  P24 =  Y2_4 + Y4_4 + Y6_4 + Y8_4 + Y10_4 + Y12_4;

  P15 =  Y1_5 + Y3_5 + Y5_5 + Y7_5 + Y9_5 + Y11_5;
  P25 =  Y2_5 + Y4_5 + Y6_5 + Y8_5 + Y10_5 + Y12_5;

  P16 =  Y1_6 + Y3_6 + Y5_6 + Y7_6 + Y9_6 + Y11_6;
  P26 =  Y2_6 + Y4_6 + Y6_6 + Y8_6 + Y10_6 + Y12_6;

  P17 =  Y1_7 + Y3_7 + Y5_7 + Y7_7 + Y9_7 + Y11_7;
  P27 =  Y2_7 + Y4_7 + Y6_7 + Y8_7 + Y10_7 + Y12_7;

  P18 =  Y1_8 + Y3_8 + Y5_8 + Y7_8 + Y9_8 + Y11_8;
  P28 =  Y2_8 + Y4_8 + Y6_8 + Y8_8 + Y10_8 + Y12_8;

  P19 =  Y1_9 + Y3_9 + Y5_9 + Y7_9 + Y9_9 + Y11_9;
  P29 =  Y2_9 + Y4_9 + Y6_9 + Y8_9 + Y10_9 + Y12_9;

  P110 =  Y1_10 + Y3_10 + Y5_10 + Y7_10 + Y9_10 + Y11_10;
  P210 =  Y2_10 + Y4_10 + Y6_10 + Y8_10 + Y10_10 + Y12_10;


    IF (P11==0) THEN P11=1;
    IF (P21==0) THEN P21=1;
    IF (P12==0) THEN P12=1;
    IF (P22==0) THEN P22=1;
    IF (P13==0) THEN P13=1;
    IF (P23==0) THEN P23=1;
    IF (P14==0) THEN P14=1;
    IF (P24==0) THEN P24=1;
    IF (P15==0) THEN P15=1;
    IF (P25==0) THEN P25=1;
    IF (P16==0) THEN P16=1;
    IF (P26==0) THEN P26=1;
    IF (P17==0) THEN P17=1;
    IF (P27==0) THEN P27=1;
    IF (P18==0) THEN P18=1;
    IF (P28==0) THEN P28=1;
    IF (P19==0) THEN P19=1;
    IF (P29==0) THEN P29=1;
    IF (P110==0) THEN P110=1;
    IF (P210==0) THEN P210=1;


  ANALYSIS:

  	ESTIMATOR = Bayes;
  	Biter=(20000);
  	Thin=10;
  	Bconvergence = .005;	


  MODEL:


  T by P11@1 P21@1
  	P12@1 P22@1
  	P13@1 P23@1
  	P14@1 P24@1
  	P15@1 P25@1
  	P16@1 P26@1
  	P17@1 P27@1
  	P18@1 P28@1
  	P19@1 P29@1
  	P110@1 P210@1;


  S1 by P11@1 P21@1;
  S2 by P12@1 P22@1;
  S3 by P13@1 P23@1;
  S4 by P14@1 P24@1;
  S5 by P15@1 P25@1;
  S6 by P16@1 P26@1;
  S7 by P17@1 P27@1;
  S8 by P18@1 P28@1;
  S9 by P19@1 P29@1;
  S10 by P110@1 P210@1;

  	
  [S1-S10@0];
  [T@0];

  S1-S10 with S1-S10@0;
  T with S1-S10@0;



  [P11$1] (tau1);
  [P11$2] (tau2);
  [P11$3] (tau3);
  [P11$4] (tau4);
  [P11$5] (tau5);

  [P21$1] (tau1);
  [P21$2] (tau2);
  [P21$3] (tau3);
  [P21$4] (tau4);
  [P21$5] (tau5);

  [P12$1] (tau1);
  [P12$2] (tau2);
  [P12$3] (tau3);
  [P12$4] (tau4);
  [P12$5] (tau5);

  [P22$1] (tau1_2);
  [P22$2] (tau2_2);
  [P22$3] (tau3_2);
  [P22$4] (tau4_2);
  ![P22$5] (tau5);

  [P13$1] (tau1);
  [P13$2] (tau2);
  [P13$3] (tau3);
  [P13$4] (tau4);
  [P13$5] (tau5);


  [P23$1] (tau1);
  [P23$2] (tau2);
  [P23$3] (tau3);
  [P23$4] (tau4);
  [P23$5] (tau5);

  [P14$1] (tau1_2);
  [P14$2] (tau2_2);
  [P14$3] (tau3_2);
  [P14$4] (tau4_2);
  ![P14$5] (tau5);



  [P24$1] (tau1_3);
  [P24$2] (tau2_3);
  [P24$3] (tau3_3);
  ![P24$4] (tau4);
  ![P24$5] (tau5);


  [P15$1] (tau1_3);
  [P15$2] (tau2_3);
  [P15$3] (tau3_3);
  ![P15$4] (tau4);
  ![P15$5] (tau5);



  [P25$1] (tau1_2);
  [P25$2] (tau2_2);
  [P25$3] (tau3_2);
  [P25$4] (tau4_2);
  ![P25$5] (tau5);



  [P16$1] (tau1_3);
  [P16$2] (tau2_3);
  [P16$3] (tau3_3);
  ![P16$4] (tau4);
  ![P16$5] (tau5);

  [P26$1] (tau1_3);
  [P26$2] (tau2_3);
  [P26$3] (tau3_3);
  ![P26$4] (tau4);
  ![P26$5] (tau5);

  ![P17$1] (tau12);
  ![P17$2] (tau22);
  ![P17$3] (tau32);
  ![P17$4] (tau4);
  ![P17$5] (tau5);

  [P27$1] (tau1_3);
  [P27$2] (tau2_3);
  [P27$3] (tau3_3);
  ![P27$4] (tau4);
  ![P27$5] (tau5);

  [P18$1] (tau12_3);
  [P18$2] (tau22_3);
  [P18$3] (tau32_3);
  ![P18$4] (tau4);
  ![P18$5] (tau5);


  ![P28$1] (tau1);
  ![P28$2] (tau2);
  ![P28$3] (tau3);
  ![P28$4] (tau4);
  ![P28$5] (tau5);

  [P19$1] (tau12_3);
  [P19$2] (tau22_3);
  [P19$3] (tau32_3);
  ![P19$4] (tau4);
  ![P19$5] (tau5);

  [P29$1] (tau1_3);
  [P29$2] (tau2_3);
  [P29$3] (tau3_3);
  ![P29$4] (tau4);
  ![P29$5] (tau5);

  [P110$1] (tau1_3);
  [P110$2] (tau2_3);
  [P110$3] (tau3_3);
  ![P110$4] (tau4);
  ![P110$5] (tau5);

  ![P210$1] (tau1);
  ![P210$2] (tau2);
  ![P210$3] (tau3);
  ![P210$4] (tau4);
  ![P210$5] (tau5);



  Output: stdyx tech8;
  PLOT:   TYPE = PLOT2;
  	



INPUT READING TERMINATED NORMALLY




SUMMARY OF ANALYSIS

Number of groups                                                 1
Number of observations                                          46

Number of dependent variables                                   20
Number of independent variables                                  0
Number of continuous latent variables                           11

Observed dependent variables

  Binary and ordered categorical (ordinal)
   P11         P21         P12         P22         P13         P23
   P14         P24         P15         P25         P16         P26
   P17         P27         P18         P28         P19         P29
   P110        P210

Continuous latent variables
   T           S1          S2          S3          S4          S5
   S6          S7          S8          S9          S10


Estimator                                                    BAYES
Specifications for Bayesian Estimation
  Point estimate                                            MEDIAN
  Number of Markov chain Monte Carlo (MCMC) chains               2
  Random seed for the first chain                                0
  Starting value information                           UNPERTURBED
  Algorithm used for Markov chain Monte Carlo           GIBBS(PX1)
  Convergence criterion                                  0.500D-02
  Maximum number of iterations                               50000
  K-th iteration used for thinning                              10
Link                                                        PROBIT

Input data file(s)
  laac2_wide.dat
Input data format  FREE


SUMMARY OF DATA



COVARIANCE COVERAGE OF DATA

Minimum covariance coverage value   0.100

     Number of missing data patterns            32


     PROPORTION OF DATA PRESENT


           Covariance Coverage
              P11           P21           P12           P22           P13
              ________      ________      ________      ________      ________
 P11            0.696
 P21            0.696         0.696
 P12            0.587         0.587         0.674
 P22            0.587         0.587         0.674         0.674
 P13            0.565         0.565         0.543         0.543         0.783
 P23            0.565         0.565         0.543         0.543         0.783
 P14            0.326         0.326         0.348         0.348         0.391
 P24            0.326         0.326         0.348         0.348         0.391
 P15            0.522         0.522         0.500         0.500         0.543
 P25            0.522         0.522         0.500         0.500         0.543
 P16            0.630         0.630         0.543         0.543         0.587
 P26            0.630         0.630         0.543         0.543         0.587
 P17            0.609         0.609         0.543         0.543         0.630
 P27            0.609         0.609         0.543         0.543         0.630
 P18            0.587         0.587         0.565         0.565         0.674
 P28            0.587         0.587         0.565         0.565         0.674
 P19            0.565         0.565         0.565         0.565         0.630
 P29            0.565         0.565         0.565         0.565         0.630
 P110           0.522         0.522         0.522         0.522         0.543
 P210           0.522         0.522         0.522         0.522         0.543


           Covariance Coverage
              P23           P14           P24           P15           P25
              ________      ________      ________      ________      ________
 P23            0.783
 P14            0.391         0.500
 P24            0.391         0.500         0.500
 P15            0.543         0.391         0.391         0.674
 P25            0.543         0.391         0.391         0.674         0.674
 P16            0.587         0.326         0.326         0.565         0.565
 P26            0.587         0.326         0.326         0.565         0.565
 P17            0.630         0.370         0.370         0.587         0.587
 P27            0.630         0.370         0.370         0.587         0.587
 P18            0.674         0.457         0.457         0.565         0.565
 P28            0.674         0.457         0.457         0.565         0.565
 P19            0.630         0.348         0.348         0.565         0.565
 P29            0.630         0.348         0.348         0.565         0.565
 P110           0.543         0.413         0.413         0.565         0.565
 P210           0.543         0.413         0.413         0.565         0.565


           Covariance Coverage
              P16           P26           P17           P27           P18
              ________      ________      ________      ________      ________
 P16            0.717
 P26            0.717         0.717
 P17            0.674         0.674         0.783
 P27            0.674         0.674         0.783         0.783
 P18            0.630         0.630         0.696         0.696         0.848
 P28            0.630         0.630         0.696         0.696         0.848
 P19            0.587         0.587         0.674         0.674         0.652
 P29            0.587         0.587         0.674         0.674         0.652
 P110           0.565         0.565         0.652         0.652         0.630
 P210           0.565         0.565         0.652         0.652         0.630


           Covariance Coverage
              P28           P19           P29           P110          P210
              ________      ________      ________      ________      ________
 P28            0.848
 P19            0.652         0.761
 P29            0.652         0.761         0.761
 P110           0.630         0.609         0.609         0.717
 P210           0.630         0.609         0.609         0.717         0.717


UNIVARIATE PROPORTIONS AND COUNTS FOR CATEGORICAL VARIABLES

    P11
      Category 1    0.094            3.000
      Category 2    0.094            3.000
      Category 3    0.062            2.000
      Category 4    0.156            5.000
      Category 5    0.375           12.000
      Category 6    0.219            7.000
    P21
      Category 1    0.219            7.000
      Category 2    0.094            3.000
      Category 3    0.219            7.000
      Category 4    0.094            3.000
      Category 5    0.219            7.000
      Category 6    0.156            5.000
    P12
      Category 1    0.129            4.000
      Category 2    0.032            1.000
      Category 3    0.097            3.000
      Category 4    0.161            5.000
      Category 5    0.194            6.000
      Category 6    0.387           12.000
    P22
      Category 1    0.032            1.000
      Category 2    0.097            3.000
      Category 3    0.226            7.000
      Category 4    0.290            9.000
      Category 5    0.355           11.000
    P13
      Category 1    0.028            1.000
      Category 2    0.083            3.000
      Category 3    0.056            2.000
      Category 4    0.250            9.000
      Category 5    0.250            9.000
      Category 6    0.333           12.000
    P23
      Category 1    0.083            3.000
      Category 2    0.056            2.000
      Category 3    0.083            3.000
      Category 4    0.111            4.000
      Category 5    0.139            5.000
      Category 6    0.528           19.000
    P14
      Category 1    0.043            1.000
      Category 2    0.043            1.000
      Category 3    0.043            1.000
      Category 4    0.304            7.000
      Category 5    0.565           13.000
    P24
      Category 1    0.087            2.000
      Category 2    0.130            3.000
      Category 3    0.130            3.000
      Category 4    0.652           15.000
    P15
      Category 1    0.032            1.000
      Category 2    0.032            1.000
      Category 3    0.323           10.000
      Category 4    0.613           19.000
    P25
      Category 1    0.032            1.000
      Category 2    0.097            3.000
      Category 3    0.129            4.000
      Category 4    0.129            4.000
      Category 5    0.613           19.000
    P16
      Category 1    0.061            2.000
      Category 2    0.030            1.000
      Category 3    0.303           10.000
      Category 4    0.606           20.000
    P26
      Category 1    0.061            2.000
      Category 2    0.091            3.000
      Category 3    0.182            6.000
      Category 4    0.667           22.000
    P17
      Category 1    0.111            4.000
      Category 2    0.306           11.000
      Category 3    0.583           21.000
    P27
      Category 1    0.028            1.000
      Category 2    0.028            1.000
      Category 3    0.194            7.000
      Category 4    0.750           27.000
    P18
      Category 1    0.026            1.000
      Category 2    0.051            2.000
      Category 3    0.256           10.000
      Category 4    0.667           26.000
    P28
      Category 1    0.077            3.000
      Category 2    0.103            4.000
      Category 3    0.821           32.000
    P19
      Category 1    0.086            3.000
      Category 2    0.029            1.000
      Category 3    0.314           11.000
      Category 4    0.571           20.000
    P29
      Category 1    0.029            1.000
      Category 2    0.057            2.000
      Category 3    0.114            4.000
      Category 4    0.800           28.000
    P110
      Category 1    0.091            3.000
      Category 2    0.061            2.000
      Category 3    0.212            7.000
      Category 4    0.636           21.000
    P210
      Category 1    0.152            5.000
      Category 2    0.182            6.000
      Category 3    0.667           22.000



THE MODEL ESTIMATION TERMINATED NORMALLY

     USE THE FBITERATIONS OPTION TO INCREASE THE NUMBER OF ITERATIONS BY A FACTOR
     OF AT LEAST TWO TO CHECK CONVERGENCE AND THAT THE PSR VALUE DOES NOT INCREASE.



MODEL FIT INFORMATION

Number of Free Parameters                              32

Bayesian Posterior Predictive Checking using Chi-Square

          95% Confidence Interval for the Difference Between
          the Observed and the Replicated Chi-Square Values

                                -55.502            91.362

          Posterior Predictive P-Value              0.313



MODEL RESULTS

                                Posterior  One-Tailed         95% C.I.
                    Estimate       S.D.      P-Value   Lower 2.5%  Upper 2.5%  Significance

 T        BY
    P11                1.000       0.000      0.000       1.000       1.000
    P21                1.000       0.000      0.000       1.000       1.000
    P12                1.000       0.000      0.000       1.000       1.000
    P22                1.000       0.000      0.000       1.000       1.000
    P13                1.000       0.000      0.000       1.000       1.000
    P23                1.000       0.000      0.000       1.000       1.000
    P14                1.000       0.000      0.000       1.000       1.000
    P24                1.000       0.000      0.000       1.000       1.000
    P15                1.000       0.000      0.000       1.000       1.000
    P25                1.000       0.000      0.000       1.000       1.000
    P16                1.000       0.000      0.000       1.000       1.000
    P26                1.000       0.000      0.000       1.000       1.000
    P17                1.000       0.000      0.000       1.000       1.000
    P27                1.000       0.000      0.000       1.000       1.000
    P18                1.000       0.000      0.000       1.000       1.000
    P28                1.000       0.000      0.000       1.000       1.000
    P19                1.000       0.000      0.000       1.000       1.000
    P29                1.000       0.000      0.000       1.000       1.000
    P110               1.000       0.000      0.000       1.000       1.000
    P210               1.000       0.000      0.000       1.000       1.000

 S1       BY
    P11                1.000       0.000      0.000       1.000       1.000
    P21                1.000       0.000      0.000       1.000       1.000

 S2       BY
    P12                1.000       0.000      0.000       1.000       1.000
    P22                1.000       0.000      0.000       1.000       1.000

 S3       BY
    P13                1.000       0.000      0.000       1.000       1.000
    P23                1.000       0.000      0.000       1.000       1.000

 S4       BY
    P14                1.000       0.000      0.000       1.000       1.000
    P24                1.000       0.000      0.000       1.000       1.000

 S5       BY
    P15                1.000       0.000      0.000       1.000       1.000
    P25                1.000       0.000      0.000       1.000       1.000

 S6       BY
    P16                1.000       0.000      0.000       1.000       1.000
    P26                1.000       0.000      0.000       1.000       1.000

 S7       BY
    P17                1.000       0.000      0.000       1.000       1.000
    P27                1.000       0.000      0.000       1.000       1.000

 S8       BY
    P18                1.000       0.000      0.000       1.000       1.000
    P28                1.000       0.000      0.000       1.000       1.000

 S9       BY
    P19                1.000       0.000      0.000       1.000       1.000
    P29                1.000       0.000      0.000       1.000       1.000

 S10      BY
    P110               1.000       0.000      0.000       1.000       1.000
    P210               1.000       0.000      0.000       1.000       1.000

 S1       WITH
    S2                 0.000       0.000      1.000       0.000       0.000
    S3                 0.000       0.000      1.000       0.000       0.000
    S4                 0.000       0.000      1.000       0.000       0.000
    S5                 0.000       0.000      1.000       0.000       0.000
    S6                 0.000       0.000      1.000       0.000       0.000
    S7                 0.000       0.000      1.000       0.000       0.000
    S8                 0.000       0.000      1.000       0.000       0.000
    S9                 0.000       0.000      1.000       0.000       0.000
    S10                0.000       0.000      1.000       0.000       0.000
    T                  0.000       0.000      1.000       0.000       0.000

 S2       WITH
    S3                 0.000       0.000      1.000       0.000       0.000
    S4                 0.000       0.000      1.000       0.000       0.000
    S5                 0.000       0.000      1.000       0.000       0.000
    S6                 0.000       0.000      1.000       0.000       0.000
    S7                 0.000       0.000      1.000       0.000       0.000
    S8                 0.000       0.000      1.000       0.000       0.000
    S9                 0.000       0.000      1.000       0.000       0.000
    S10                0.000       0.000      1.000       0.000       0.000
    T                  0.000       0.000      1.000       0.000       0.000

 S3       WITH
    S4                 0.000       0.000      1.000       0.000       0.000
    S5                 0.000       0.000      1.000       0.000       0.000
    S6                 0.000       0.000      1.000       0.000       0.000
    S7                 0.000       0.000      1.000       0.000       0.000
    S8                 0.000       0.000      1.000       0.000       0.000
    S9                 0.000       0.000      1.000       0.000       0.000
    S10                0.000       0.000      1.000       0.000       0.000
    T                  0.000       0.000      1.000       0.000       0.000

 S4       WITH
    S5                 0.000       0.000      1.000       0.000       0.000
    S6                 0.000       0.000      1.000       0.000       0.000
    S7                 0.000       0.000      1.000       0.000       0.000
    S8                 0.000       0.000      1.000       0.000       0.000
    S9                 0.000       0.000      1.000       0.000       0.000
    S10                0.000       0.000      1.000       0.000       0.000
    T                  0.000       0.000      1.000       0.000       0.000

 S5       WITH
    S6                 0.000       0.000      1.000       0.000       0.000
    S7                 0.000       0.000      1.000       0.000       0.000
    S8                 0.000       0.000      1.000       0.000       0.000
    S9                 0.000       0.000      1.000       0.000       0.000
    S10                0.000       0.000      1.000       0.000       0.000
    T                  0.000       0.000      1.000       0.000       0.000

 S6       WITH
    S7                 0.000       0.000      1.000       0.000       0.000
    S8                 0.000       0.000      1.000       0.000       0.000
    S9                 0.000       0.000      1.000       0.000       0.000
    S10                0.000       0.000      1.000       0.000       0.000
    T                  0.000       0.000      1.000       0.000       0.000

 S7       WITH
    S8                 0.000       0.000      1.000       0.000       0.000
    S9                 0.000       0.000      1.000       0.000       0.000
    S10                0.000       0.000      1.000       0.000       0.000
    T                  0.000       0.000      1.000       0.000       0.000

 S8       WITH
    S9                 0.000       0.000      1.000       0.000       0.000
    S10                0.000       0.000      1.000       0.000       0.000
    T                  0.000       0.000      1.000       0.000       0.000

 S9       WITH
    S10                0.000       0.000      1.000       0.000       0.000
    T                  0.000       0.000      1.000       0.000       0.000

 S10      WITH
    T                  0.000       0.000      1.000       0.000       0.000

 Means
    T                  0.000       0.000      1.000       0.000       0.000
    S1                 0.000       0.000      1.000       0.000       0.000
    S2                 0.000       0.000      1.000       0.000       0.000
    S3                 0.000       0.000      1.000       0.000       0.000
    S4                 0.000       0.000      1.000       0.000       0.000
    S5                 0.000       0.000      1.000       0.000       0.000
    S6                 0.000       0.000      1.000       0.000       0.000
    S7                 0.000       0.000      1.000       0.000       0.000
    S8                 0.000       0.000      1.000       0.000       0.000
    S9                 0.000       0.000      1.000       0.000       0.000
    S10                0.000       0.000      1.000       0.000       0.000

 Thresholds
    P11$1             -1.946       0.252      0.000      -2.465      -1.475      *
    P11$2             -1.408       0.224      0.000      -1.863      -0.989      *
    P11$3             -0.874       0.207      0.000      -1.292      -0.489      *
    P11$4             -0.231       0.197      0.114      -0.622       0.151
    P11$5              0.698       0.199      0.000       0.310       1.096      *
    P21$1             -1.946       0.252      0.000      -2.465      -1.475      *
    P21$2             -1.408       0.224      0.000      -1.863      -0.989      *
    P21$3             -0.874       0.207      0.000      -1.292      -0.489      *
    P21$4             -0.231       0.197      0.114      -0.622       0.151
    P21$5              0.698       0.199      0.000       0.310       1.096      *
    P12$1             -1.946       0.252      0.000      -2.465      -1.475      *
    P12$2             -1.408       0.224      0.000      -1.863      -0.989      *
    P12$3             -0.874       0.207      0.000      -1.292      -0.489      *
    P12$4             -0.231       0.197      0.114      -0.622       0.151
    P12$5              0.698       0.199      0.000       0.310       1.096      *
    P22$1             -2.483       0.361      0.000      -3.248      -1.829      *
    P22$2             -1.590       0.267      0.000      -2.146      -1.095      *
    P22$3             -0.805       0.224      0.000      -1.254      -0.376      *
    P22$4              0.127       0.213      0.274      -0.291       0.542
    P13$1             -1.946       0.252      0.000      -2.465      -1.475      *
    P13$2             -1.408       0.224      0.000      -1.863      -0.989      *
    P13$3             -0.874       0.207      0.000      -1.292      -0.489      *
    P13$4             -0.231       0.197      0.114      -0.622       0.151
    P13$5              0.698       0.199      0.000       0.310       1.096      *
    P23$1             -1.946       0.252      0.000      -2.465      -1.475      *
    P23$2             -1.408       0.224      0.000      -1.863      -0.989      *
    P23$3             -0.874       0.207      0.000      -1.292      -0.489      *
    P23$4             -0.231       0.197      0.114      -0.622       0.151
    P23$5              0.698       0.199      0.000       0.310       1.096      *
    P14$1             -2.483       0.361      0.000      -3.248      -1.829      *
    P14$2             -1.590       0.267      0.000      -2.146      -1.095      *
    P14$3             -0.805       0.224      0.000      -1.254      -0.376      *
    P14$4              0.127       0.213      0.274      -0.291       0.542
    P24$1             -2.278       0.246      0.000      -2.779      -1.817      *
    P24$2             -1.670       0.207      0.000      -2.086      -1.277      *
    P24$3             -0.569       0.177      0.001      -0.917      -0.221      *
    P15$1             -2.278       0.246      0.000      -2.779      -1.817      *
    P15$2             -1.670       0.207      0.000      -2.086      -1.277      *
    P15$3             -0.569       0.177      0.001      -0.917      -0.221      *
    P25$1             -2.483       0.361      0.000      -3.248      -1.829      *
    P25$2             -1.590       0.267      0.000      -2.146      -1.095      *
    P25$3             -0.805       0.224      0.000      -1.254      -0.376      *
    P25$4              0.127       0.213      0.274      -0.291       0.542
    P16$1             -2.278       0.246      0.000      -2.779      -1.817      *
    P16$2             -1.670       0.207      0.000      -2.086      -1.277      *
    P16$3             -0.569       0.177      0.001      -0.917      -0.221      *
    P26$1             -2.278       0.246      0.000      -2.779      -1.817      *
    P26$2             -1.670       0.207      0.000      -2.086      -1.277      *
    P26$3             -0.569       0.177      0.001      -0.917      -0.221      *
    P17$1             -1.474       0.355      0.000      -2.212      -0.820      *
    P17$2             -0.165       0.281      0.279      -0.706       0.385
    P27$1             -2.278       0.246      0.000      -2.779      -1.817      *
    P27$2             -1.670       0.207      0.000      -2.086      -1.277      *
    P27$3             -0.569       0.177      0.001      -0.917      -0.221      *
    P18$1             -2.336       0.370      0.000      -3.115      -1.673      *
    P18$2             -1.828       0.322      0.000      -2.507      -1.245      *
    P18$3             -0.246       0.249      0.163      -0.727       0.252
    P28$1             -2.260       0.501      0.000      -3.364      -1.397      *
    P28$2             -1.231       0.393      0.000      -2.060      -0.502      *
    P19$1             -2.336       0.370      0.000      -3.115      -1.673      *
    P19$2             -1.828       0.322      0.000      -2.507      -1.245      *
    P19$3             -0.246       0.249      0.163      -0.727       0.252
    P29$1             -2.278       0.246      0.000      -2.779      -1.817      *
    P29$2             -1.670       0.207      0.000      -2.086      -1.277      *
    P29$3             -0.569       0.177      0.001      -0.917      -0.221      *
    P110$1            -2.278       0.246      0.000      -2.779      -1.817      *
    P110$2            -1.670       0.207      0.000      -2.086      -1.277      *
    P110$3            -0.569       0.177      0.001      -0.917      -0.221      *
    P210$1            -1.691       0.423      0.000      -2.575      -0.909      *
    P210$2            -0.684       0.357      0.025      -1.400      -0.002      *

 Variances
    T                  0.825       0.284      0.000       0.437       1.540      *
    S1                 2.665       1.308      0.000       1.085       6.096      *
    S2                 0.455       0.418      0.000       0.039       1.592      *
    S3                 0.371       0.430      0.000       0.017       1.591      *
    S4                 0.370       0.693      0.000       0.009       2.283      *
    S5                 0.410       0.523      0.000       0.021       1.934      *
    S6                 0.570       0.615      0.000       0.036       2.287      *
    S7                 0.185       0.281      0.000       0.007       1.025      *
    S8                 1.401       1.554      0.000       0.161       5.671      *
    S9                 0.467       0.520      0.000       0.032       1.956      *
    S10                1.784       1.439      0.000       0.405       5.746      *


STANDARDIZED MODEL RESULTS


STDYX Standardization

                                Posterior  One-Tailed         95% C.I.
                    Estimate       S.D.      P-Value   Lower 2.5%  Upper 2.5%  Significance
 T        BY
    P11                0.427       0.069      0.000       0.300       0.570      *
    P21                0.427       0.069      0.000       0.300       0.570      *
    P12                0.598       0.074      0.000       0.444       0.731      *
    P22                0.598       0.074      0.000       0.444       0.731      *
    P13                0.608       0.079      0.000       0.437       0.746      *
    P23                0.608       0.079      0.000       0.437       0.746      *
    P14                0.605       0.086      0.000       0.408       0.745      *
    P24                0.605       0.086      0.000       0.408       0.745      *
    P15                0.601       0.077      0.000       0.435       0.737      *
    P25                0.601       0.077      0.000       0.435       0.737      *
    P16                0.582       0.082      0.000       0.408       0.726      *
    P26                0.582       0.082      0.000       0.408       0.726      *
    P17                0.632       0.067      0.000       0.492       0.753      *
    P27                0.632       0.067      0.000       0.492       0.753      *
    P18                0.503       0.098      0.000       0.305       0.686      *
    P28                0.503       0.098      0.000       0.305       0.686      *
    P19                0.594       0.075      0.000       0.436       0.729      *
    P29                0.594       0.075      0.000       0.436       0.729      *
    P110               0.475       0.087      0.000       0.308       0.647      *
    P210               0.475       0.087      0.000       0.308       0.647      *

 S1       BY
    P11                0.768       0.068      0.000       0.611       0.875      *
    P21                0.768       0.068      0.000       0.611       0.875      *

 S2       BY
    P12                0.445       0.139      0.000       0.143       0.686      *
    P22                0.445       0.139      0.000       0.143       0.686      *

 S3       BY
    P13                0.409       0.157      0.000       0.096       0.689      *
    P23                0.409       0.157      0.000       0.096       0.689      *

 S4       BY
    P14                0.408       0.179      0.000       0.069       0.750      *
    P24                0.408       0.179      0.000       0.069       0.750      *

 S5       BY
    P15                0.426       0.159      0.000       0.105       0.715      *
    P25                0.426       0.159      0.000       0.105       0.715      *

 S6       BY
    P16                0.485       0.157      0.000       0.139       0.749      *
    P26                0.485       0.157      0.000       0.139       0.749      *

 S7       BY
    P17                0.302       0.142      0.000       0.060       0.596      *
    P27                0.302       0.142      0.000       0.060       0.596      *

 S8       BY
    P18                0.657       0.150      0.000       0.283       0.872      *
    P28                0.657       0.150      0.000       0.283       0.872      *

 S9       BY
    P19                0.449       0.151      0.000       0.130       0.716      *
    P29                0.449       0.151      0.000       0.130       0.716      *

 S10      BY
    P110               0.701       0.115      0.000       0.423       0.872      *
    P210               0.701       0.115      0.000       0.423       0.872      *

 S1       WITH
    S2                 0.000       0.000      1.000       0.000       0.000
    S3                 0.000       0.000      1.000       0.000       0.000
    S4                 0.000       0.000      1.000       0.000       0.000
    S5                 0.000       0.000      1.000       0.000       0.000
    S6                 0.000       0.000      1.000       0.000       0.000
    S7                 0.000       0.000      1.000       0.000       0.000
    S8                 0.000       0.000      1.000       0.000       0.000
    S9                 0.000       0.000      1.000       0.000       0.000
    S10                0.000       0.000      1.000       0.000       0.000
    T                  0.000       0.000      1.000       0.000       0.000

 S2       WITH
    S3                 0.000       0.000      1.000       0.000       0.000
    S4                 0.000       0.000      1.000       0.000       0.000
    S5                 0.000       0.000      1.000       0.000       0.000
    S6                 0.000       0.000      1.000       0.000       0.000
    S7                 0.000       0.000      1.000       0.000       0.000
    S8                 0.000       0.000      1.000       0.000       0.000
    S9                 0.000       0.000      1.000       0.000       0.000
    S10                0.000       0.000      1.000       0.000       0.000
    T                  0.000       0.000      1.000       0.000       0.000

 S3       WITH
    S4                 0.000       0.000      1.000       0.000       0.000
    S5                 0.000       0.000      1.000       0.000       0.000
    S6                 0.000       0.000      1.000       0.000       0.000
    S7                 0.000       0.000      1.000       0.000       0.000
    S8                 0.000       0.000      1.000       0.000       0.000
    S9                 0.000       0.000      1.000       0.000       0.000
    S10                0.000       0.000      1.000       0.000       0.000
    T                  0.000       0.000      1.000       0.000       0.000

 S4       WITH
    S5                 0.000       0.000      1.000       0.000       0.000
    S6                 0.000       0.000      1.000       0.000       0.000
    S7                 0.000       0.000      1.000       0.000       0.000
    S8                 0.000       0.000      1.000       0.000       0.000
    S9                 0.000       0.000      1.000       0.000       0.000
    S10                0.000       0.000      1.000       0.000       0.000
    T                  0.000       0.000      1.000       0.000       0.000

 S5       WITH
    S6                 0.000       0.000      1.000       0.000       0.000
    S7                 0.000       0.000      1.000       0.000       0.000
    S8                 0.000       0.000      1.000       0.000       0.000
    S9                 0.000       0.000      1.000       0.000       0.000
    S10                0.000       0.000      1.000       0.000       0.000
    T                  0.000       0.000      1.000       0.000       0.000

 S6       WITH
    S7                 0.000       0.000      1.000       0.000       0.000
    S8                 0.000       0.000      1.000       0.000       0.000
    S9                 0.000       0.000      1.000       0.000       0.000
    S10                0.000       0.000      1.000       0.000       0.000
    T                  0.000       0.000      1.000       0.000       0.000

 S7       WITH
    S8                 0.000       0.000      1.000       0.000       0.000
    S9                 0.000       0.000      1.000       0.000       0.000
    S10                0.000       0.000      1.000       0.000       0.000
    T                  0.000       0.000      1.000       0.000       0.000

 S8       WITH
    S9                 0.000       0.000      1.000       0.000       0.000
    S10                0.000       0.000      1.000       0.000       0.000
    T                  0.000       0.000      1.000       0.000       0.000

 S9       WITH
    S10                0.000       0.000      1.000       0.000       0.000
    T                  0.000       0.000      1.000       0.000       0.000

 S10      WITH
    T                  0.000       0.000      1.000       0.000       0.000

 Means
    T                  0.000       0.000      1.000       0.000       0.000
    S1                 0.000       0.000      1.000       0.000       0.000
    S2                 0.000       0.000      1.000       0.000       0.000
    S3                 0.000       0.000      1.000       0.000       0.000
    S4                 0.000       0.000      1.000       0.000       0.000
    S5                 0.000       0.000      1.000       0.000       0.000
    S6                 0.000       0.000      1.000       0.000       0.000
    S7                 0.000       0.000      1.000       0.000       0.000
    S8                 0.000       0.000      1.000       0.000       0.000
    S9                 0.000       0.000      1.000       0.000       0.000
    S10                0.000       0.000      1.000       0.000       0.000

 Thresholds
    P11$1             -0.910       0.139      0.000      -1.202      -0.655      *
    P11$2             -0.658       0.117      0.000      -0.904      -0.445      *
    P11$3             -0.408       0.099      0.000      -0.616      -0.225      *
    P11$4             -0.108       0.091      0.114      -0.286       0.072
    P11$5              0.325       0.105      0.000       0.138       0.551      *
    P21$1             -0.910       0.139      0.000      -1.202      -0.655      *
    P21$2             -0.658       0.117      0.000      -0.904      -0.445      *
    P21$3             -0.408       0.099      0.000      -0.616      -0.225      *
    P21$4             -0.108       0.091      0.114      -0.286       0.072
    P21$5              0.325       0.105      0.000       0.138       0.551      *
    P12$1             -1.268       0.189      0.000      -1.658      -0.916      *
    P12$2             -0.918       0.160      0.000      -1.252      -0.620      *
    P12$3             -0.569       0.139      0.000      -0.852      -0.313      *
    P12$4             -0.151       0.127      0.114      -0.401       0.098
    P12$5              0.454       0.136      0.000       0.195       0.732      *
    P22$1             -1.615       0.259      0.000      -2.162      -1.155      *
    P22$2             -1.035       0.186      0.000      -1.422      -0.699      *
    P22$3             -0.524       0.150      0.000      -0.824      -0.241      *
    P22$4              0.083       0.139      0.274      -0.185       0.358
    P13$1             -1.287       0.200      0.000      -1.692      -0.911      *
    P13$2             -0.931       0.170      0.000      -1.282      -0.615      *
    P13$3             -0.577       0.148      0.000      -0.881      -0.306      *
    P13$4             -0.153       0.131      0.114      -0.418       0.095
    P13$5              0.461       0.128      0.000       0.205       0.710      *
    P23$1             -1.287       0.200      0.000      -1.692      -0.911      *
    P23$2             -0.931       0.170      0.000      -1.282      -0.615      *
    P23$3             -0.577       0.148      0.000      -0.881      -0.306      *
    P23$4             -0.153       0.131      0.114      -0.418       0.095
    P23$5              0.461       0.128      0.000       0.205       0.710      *
    P14$1             -1.625       0.291      0.000      -2.238      -1.092      *
    P14$2             -1.039       0.205      0.000      -1.465      -0.663      *
    P14$3             -0.525       0.156      0.000      -0.855      -0.236      *
    P14$4              0.083       0.140      0.274      -0.191       0.357
    P24$1             -1.498       0.222      0.000      -1.929      -1.062      *
    P24$2             -1.096       0.177      0.000      -1.445      -0.753      *
    P24$3             -0.370       0.123      0.001      -0.621      -0.141      *
    P15$1             -1.493       0.221      0.000      -1.941      -1.073      *
    P15$2             -1.095       0.177      0.000      -1.447      -0.762      *
    P15$3             -0.371       0.123      0.001      -0.620      -0.139      *
    P25$1             -1.623       0.286      0.000      -2.237      -1.113      *
    P25$2             -1.040       0.202      0.000      -1.463      -0.672      *
    P25$3             -0.526       0.157      0.000      -0.851      -0.236      *
    P25$4              0.083       0.139      0.274      -0.190       0.352
    P16$1             -1.442       0.194      0.000      -1.831      -1.070      *
    P16$2             -1.057       0.156      0.000      -1.369      -0.760      *
    P16$3             -0.358       0.114      0.001      -0.586      -0.138      *
    P26$1             -1.442       0.194      0.000      -1.831      -1.070      *
    P26$2             -1.057       0.156      0.000      -1.369      -0.760      *
    P26$3             -0.358       0.114      0.001      -0.586      -0.138      *
    P17$1             -1.018       0.256      0.000      -1.556      -0.554      *
    P17$2             -0.114       0.194      0.279      -0.492       0.262
    P27$1             -1.577       0.213      0.000      -2.005      -1.179      *
    P27$2             -1.156       0.173      0.000      -1.506      -0.828      *
    P27$3             -0.393       0.128      0.001      -0.646      -0.148      *
    P18$1             -1.277       0.262      0.000      -1.817      -0.794      *
    P18$2             -0.999       0.216      0.000      -1.439      -0.598      *
    P18$3             -0.132       0.140      0.163      -0.425       0.128
    P28$1             -1.235       0.287      0.000      -1.837      -0.715      *
    P28$2             -0.672       0.227      0.000      -1.141      -0.253      *
    P19$1             -1.510       0.266      0.000      -2.071      -1.031      *
    P19$2             -1.183       0.229      0.000      -1.669      -0.767      *
    P19$3             -0.159       0.163      0.163      -0.479       0.158
    P29$1             -1.478       0.215      0.000      -1.915      -1.070      *
    P29$2             -1.083       0.173      0.000      -1.430      -0.756      *
    P29$3             -0.367       0.121      0.001      -0.615      -0.137      *
    P110$1            -1.186       0.212      0.000      -1.614      -0.790      *
    P110$2            -0.867       0.166      0.000      -1.213      -0.563      *
    P110$3            -0.292       0.103      0.001      -0.510      -0.107      *
    P210$1            -0.873       0.229      0.000      -1.354      -0.456      *
    P210$2            -0.354       0.189      0.025      -0.746      -0.001      *

 Variances
    T                  1.000       0.000      0.000       1.000       1.000
    S1                 1.000       0.000      0.000       1.000       1.000
    S2                 1.000       0.000      0.000       1.000       1.000
    S3                 1.000       0.000      0.000       1.000       1.000
    S4                 1.000       0.000      0.000       1.000       1.000
    S5                 1.000       0.000      0.000       1.000       1.000
    S6                 1.000       0.000      0.000       1.000       1.000
    S7                 1.000       0.000      0.000       1.000       1.000
    S8                 1.000       0.000      0.000       1.000       1.000
    S9                 1.000       0.000      0.000       1.000       1.000
    S10                1.000       0.000      0.000       1.000       1.000


R-SQUARE

                                Posterior  One-Tailed         95% C.I.
    Variable        Estimate       S.D.      P-Value   Lower 2.5%  Upper 2.5%

    P11                0.780       0.061      0.000       0.639       0.876
    P21                0.780       0.061      0.000       0.639       0.876
    P12                0.570       0.084      0.000       0.397       0.726
    P22                0.570       0.084      0.000       0.397       0.726
    P13                0.559       0.085      0.000       0.391       0.719
    P23                0.559       0.085      0.000       0.391       0.719
    P14                0.560       0.098      0.000       0.379       0.762
    P24                0.560       0.098      0.000       0.379       0.762
    P15                0.564       0.094      0.000       0.380       0.745
    P25                0.564       0.094      0.000       0.380       0.745
    P16                0.594       0.093      0.000       0.404       0.766
    P26                0.594       0.093      0.000       0.404       0.766
    P17                0.516       0.085      0.000       0.354       0.681
    P27                0.516       0.085      0.000       0.354       0.681
    P18                0.695       0.101      0.000       0.475       0.868
    P28                0.695       0.101      0.000       0.475       0.868
    P19                0.574       0.092      0.000       0.391       0.749
    P29                0.574       0.092      0.000       0.391       0.749
    P110               0.727       0.088      0.000       0.528       0.870
    P210               0.727       0.088      0.000       0.528       0.870


TECHNICAL 1 OUTPUT


     PARAMETER SPECIFICATION


           TAU
              P11$1         P11$2         P11$3         P11$4         P11$5
              ________      ________      ________      ________      ________
                   12            13            14            15            16


           TAU
              P21$1         P21$2         P21$3         P21$4         P21$5
              ________      ________      ________      ________      ________
                   12            13            14            15            16


           TAU
              P12$1         P12$2         P12$3         P12$4         P12$5
              ________      ________      ________      ________      ________
                   12            13            14            15            16


           TAU
              P22$1         P22$2         P22$3         P22$4         P13$1
              ________      ________      ________      ________      ________
                   17            18            19            20            12


           TAU
              P13$2         P13$3         P13$4         P13$5         P23$1
              ________      ________      ________      ________      ________
                   13            14            15            16            12


           TAU
              P23$2         P23$3         P23$4         P23$5         P14$1
              ________      ________      ________      ________      ________
                   13            14            15            16            17


           TAU
              P14$2         P14$3         P14$4         P24$1         P24$2
              ________      ________      ________      ________      ________
                   18            19            20            21            22


           TAU
              P24$3         P15$1         P15$2         P15$3         P25$1
              ________      ________      ________      ________      ________
                   23            21            22            23            17


           TAU
              P25$2         P25$3         P25$4         P16$1         P16$2
              ________      ________      ________      ________      ________
                   18            19            20            21            22


           TAU
              P16$3         P26$1         P26$2         P26$3         P17$1
              ________      ________      ________      ________      ________
                   23            21            22            23            24


           TAU
              P17$2         P27$1         P27$2         P27$3         P18$1
              ________      ________      ________      ________      ________
                   25            21            22            23            26


           TAU
              P18$2         P18$3         P28$1         P28$2         P19$1
              ________      ________      ________      ________      ________
                   27            28            29            30            26


           TAU
              P19$2         P19$3         P29$1         P29$2         P29$3
              ________      ________      ________      ________      ________
                   27            28            21            22            23


           TAU
              P110$1        P110$2        P110$3        P210$1        P210$2
              ________      ________      ________      ________      ________
                   21            22            23            31            32


           NU
              P11           P21           P12           P22           P13
              ________      ________      ________      ________      ________
                    0             0             0             0             0


           NU
              P23           P14           P24           P15           P25
              ________      ________      ________      ________      ________
                    0             0             0             0             0


           NU
              P16           P26           P17           P27           P18
              ________      ________      ________      ________      ________
                    0             0             0             0             0


           NU
              P28           P19           P29           P110          P210
              ________      ________      ________      ________      ________
                    0             0             0             0             0


           LAMBDA
              T             S1            S2            S3            S4
              ________      ________      ________      ________      ________
 P11                0             0             0             0             0
 P21                0             0             0             0             0
 P12                0             0             0             0             0
 P22                0             0             0             0             0
 P13                0             0             0             0             0
 P23                0             0             0             0             0
 P14                0             0             0             0             0
 P24                0             0             0             0             0
 P15                0             0             0             0             0
 P25                0             0             0             0             0
 P16                0             0             0             0             0
 P26                0             0             0             0             0
 P17                0             0             0             0             0
 P27                0             0             0             0             0
 P18                0             0             0             0             0
 P28                0             0             0             0             0
 P19                0             0             0             0             0
 P29                0             0             0             0             0
 P110               0             0             0             0             0
 P210               0             0             0             0             0


           LAMBDA
              S5            S6            S7            S8            S9
              ________      ________      ________      ________      ________
 P11                0             0             0             0             0
 P21                0             0             0             0             0
 P12                0             0             0             0             0
 P22                0             0             0             0             0
 P13                0             0             0             0             0
 P23                0             0             0             0             0
 P14                0             0             0             0             0
 P24                0             0             0             0             0
 P15                0             0             0             0             0
 P25                0             0             0             0             0
 P16                0             0             0             0             0
 P26                0             0             0             0             0
 P17                0             0             0             0             0
 P27                0             0             0             0             0
 P18                0             0             0             0             0
 P28                0             0             0             0             0
 P19                0             0             0             0             0
 P29                0             0             0             0             0
 P110               0             0             0             0             0
 P210               0             0             0             0             0


           LAMBDA
              S10
              ________
 P11                0
 P21                0
 P12                0
 P22                0
 P13                0
 P23                0
 P14                0
 P24                0
 P15                0
 P25                0
 P16                0
 P26                0
 P17                0
 P27                0
 P18                0
 P28                0
 P19                0
 P29                0
 P110               0
 P210               0


           THETA
              P11           P21           P12           P22           P13
              ________      ________      ________      ________      ________
 P11                0
 P21                0             0
 P12                0             0             0
 P22                0             0             0             0
 P13                0             0             0             0             0
 P23                0             0             0             0             0
 P14                0             0             0             0             0
 P24                0             0             0             0             0
 P15                0             0             0             0             0
 P25                0             0             0             0             0
 P16                0             0             0             0             0
 P26                0             0             0             0             0
 P17                0             0             0             0             0
 P27                0             0             0             0             0
 P18                0             0             0             0             0
 P28                0             0             0             0             0
 P19                0             0             0             0             0
 P29                0             0             0             0             0
 P110               0             0             0             0             0
 P210               0             0             0             0             0


           THETA
              P23           P14           P24           P15           P25
              ________      ________      ________      ________      ________
 P23                0
 P14                0             0
 P24                0             0             0
 P15                0             0             0             0
 P25                0             0             0             0             0
 P16                0             0             0             0             0
 P26                0             0             0             0             0
 P17                0             0             0             0             0
 P27                0             0             0             0             0
 P18                0             0             0             0             0
 P28                0             0             0             0             0
 P19                0             0             0             0             0
 P29                0             0             0             0             0
 P110               0             0             0             0             0
 P210               0             0             0             0             0


           THETA
              P16           P26           P17           P27           P18
              ________      ________      ________      ________      ________
 P16                0
 P26                0             0
 P17                0             0             0
 P27                0             0             0             0
 P18                0             0             0             0             0
 P28                0             0             0             0             0
 P19                0             0             0             0             0
 P29                0             0             0             0             0
 P110               0             0             0             0             0
 P210               0             0             0             0             0


           THETA
              P28           P19           P29           P110          P210
              ________      ________      ________      ________      ________
 P28                0
 P19                0             0
 P29                0             0             0
 P110               0             0             0             0
 P210               0             0             0             0             0


           ALPHA
              T             S1            S2            S3            S4
              ________      ________      ________      ________      ________
                    0             0             0             0             0


           ALPHA
              S5            S6            S7            S8            S9
              ________      ________      ________      ________      ________
                    0             0             0             0             0


           ALPHA
              S10
              ________
                    0


           BETA
              T             S1            S2            S3            S4
              ________      ________      ________      ________      ________
 T                  0             0             0             0             0
 S1                 0             0             0             0             0
 S2                 0             0             0             0             0
 S3                 0             0             0             0             0
 S4                 0             0             0             0             0
 S5                 0             0             0             0             0
 S6                 0             0             0             0             0
 S7                 0             0             0             0             0
 S8                 0             0             0             0             0
 S9                 0             0             0             0             0
 S10                0             0             0             0             0


           BETA
              S5            S6            S7            S8            S9
              ________      ________      ________      ________      ________
 T                  0             0             0             0             0
 S1                 0             0             0             0             0
 S2                 0             0             0             0             0
 S3                 0             0             0             0             0
 S4                 0             0             0             0             0
 S5                 0             0             0             0             0
 S6                 0             0             0             0             0
 S7                 0             0             0             0             0
 S8                 0             0             0             0             0
 S9                 0             0             0             0             0
 S10                0             0             0             0             0


           BETA
              S10
              ________
 T                  0
 S1                 0
 S2                 0
 S3                 0
 S4                 0
 S5                 0
 S6                 0
 S7                 0
 S8                 0
 S9                 0
 S10                0


           PSI
              T             S1            S2            S3            S4
              ________      ________      ________      ________      ________
 T                  1
 S1                 0             2
 S2                 0             0             3
 S3                 0             0             0             4
 S4                 0             0             0             0             5
 S5                 0             0             0             0             0
 S6                 0             0             0             0             0
 S7                 0             0             0             0             0
 S8                 0             0             0             0             0
 S9                 0             0             0             0             0
 S10                0             0             0             0             0


           PSI
              S5            S6            S7            S8            S9
              ________      ________      ________      ________      ________
 S5                 6
 S6                 0             7
 S7                 0             0             8
 S8                 0             0             0             9
 S9                 0             0             0             0            10
 S10                0             0             0             0             0


           PSI
              S10
              ________
 S10               11


     STARTING VALUES


           TAU
              P11$1         P11$2         P11$3         P11$4         P11$5
              ________      ________      ________      ________      ________
               -1.267        -0.867        -0.544        -0.136         0.445


           TAU
              P21$1         P21$2         P21$3         P21$4         P21$5
              ________      ________      ________      ________      ________
               -1.267        -0.867        -0.544        -0.136         0.445


           TAU
              P12$1         P12$2         P12$3         P12$4         P12$5
              ________      ________      ________      ________      ________
               -1.267        -0.867        -0.544        -0.136         0.445


           TAU
              P22$1         P22$2         P22$3         P22$4         P13$1
              ________      ________      ________      ________      ________
               -1.832        -1.143        -0.658        -0.023        -1.267


           TAU
              P13$2         P13$3         P13$4         P13$5         P23$1
              ________      ________      ________      ________      ________
               -0.867        -0.544        -0.136         0.445        -1.267


           TAU
              P23$2         P23$3         P23$4         P23$5         P14$1
              ________      ________      ________      ________      ________
               -0.867        -0.544        -0.136         0.445        -1.832


           TAU
              P14$2         P14$3         P14$4         P24$1         P24$2
              ________      ________      ________      ________      ________
               -1.143        -0.658        -0.023        -1.636        -1.183


           TAU
              P24$3         P15$1         P15$2         P15$3         P25$1
              ________      ________      ________      ________      ________
               -0.417        -1.636        -1.183        -0.417        -1.832


           TAU
              P25$2         P25$3         P25$4         P16$1         P16$2
              ________      ________      ________      ________      ________
               -1.143        -0.658        -0.023        -1.636        -1.183


           TAU
              P16$3         P26$1         P26$2         P26$3         P17$1
              ________      ________      ________      ________      ________
               -0.417        -1.636        -1.183        -0.417        -1.155


           TAU
              P17$2         P27$1         P27$2         P27$3         P18$1
              ________      ________      ________      ________      ________
               -0.187        -1.636        -1.183        -0.417        -1.668


           TAU
              P18$2         P18$3         P28$1         P28$2         P19$1
              ________      ________      ________      ________      ________
               -1.259        -0.272        -1.381        -0.844        -1.668


           TAU
              P19$2         P19$3         P29$1         P29$2         P29$3
              ________      ________      ________      ________      ________
               -1.259        -0.272        -1.636        -1.183        -0.417


           TAU
              P110$1        P110$2        P110$3        P210$1        P210$2
              ________      ________      ________      ________      ________
               -1.636        -1.183        -0.417        -0.957        -0.385


           NU
              P11           P21           P12           P22           P13
              ________      ________      ________      ________      ________
                0.000         0.000         0.000         0.000         0.000


           NU
              P23           P14           P24           P15           P25
              ________      ________      ________      ________      ________
                0.000         0.000         0.000         0.000         0.000


           NU
              P16           P26           P17           P27           P18
              ________      ________      ________      ________      ________
                0.000         0.000         0.000         0.000         0.000


           NU
              P28           P19           P29           P110          P210
              ________      ________      ________      ________      ________
                0.000         0.000         0.000         0.000         0.000


           LAMBDA
              T             S1            S2            S3            S4
              ________      ________      ________      ________      ________
 P11            1.000         1.000         0.000         0.000         0.000
 P21            1.000         1.000         0.000         0.000         0.000
 P12            1.000         0.000         1.000         0.000         0.000
 P22            1.000         0.000         1.000         0.000         0.000
 P13            1.000         0.000         0.000         1.000         0.000
 P23            1.000         0.000         0.000         1.000         0.000
 P14            1.000         0.000         0.000         0.000         1.000
 P24            1.000         0.000         0.000         0.000         1.000
 P15            1.000         0.000         0.000         0.000         0.000
 P25            1.000         0.000         0.000         0.000         0.000
 P16            1.000         0.000         0.000         0.000         0.000
 P26            1.000         0.000         0.000         0.000         0.000
 P17            1.000         0.000         0.000         0.000         0.000
 P27            1.000         0.000         0.000         0.000         0.000
 P18            1.000         0.000         0.000         0.000         0.000
 P28            1.000         0.000         0.000         0.000         0.000
 P19            1.000         0.000         0.000         0.000         0.000
 P29            1.000         0.000         0.000         0.000         0.000
 P110           1.000         0.000         0.000         0.000         0.000
 P210           1.000         0.000         0.000         0.000         0.000


           LAMBDA
              S5            S6            S7            S8            S9
              ________      ________      ________      ________      ________
 P11            0.000         0.000         0.000         0.000         0.000
 P21            0.000         0.000         0.000         0.000         0.000
 P12            0.000         0.000         0.000         0.000         0.000
 P22            0.000         0.000         0.000         0.000         0.000
 P13            0.000         0.000         0.000         0.000         0.000
 P23            0.000         0.000         0.000         0.000         0.000
 P14            0.000         0.000         0.000         0.000         0.000
 P24            0.000         0.000         0.000         0.000         0.000
 P15            1.000         0.000         0.000         0.000         0.000
 P25            1.000         0.000         0.000         0.000         0.000
 P16            0.000         1.000         0.000         0.000         0.000
 P26            0.000         1.000         0.000         0.000         0.000
 P17            0.000         0.000         1.000         0.000         0.000
 P27            0.000         0.000         1.000         0.000         0.000
 P18            0.000         0.000         0.000         1.000         0.000
 P28            0.000         0.000         0.000         1.000         0.000
 P19            0.000         0.000         0.000         0.000         1.000
 P29            0.000         0.000         0.000         0.000         1.000
 P110           0.000         0.000         0.000         0.000         0.000
 P210           0.000         0.000         0.000         0.000         0.000


           LAMBDA
              S10
              ________
 P11            0.000
 P21            0.000
 P12            0.000
 P22            0.000
 P13            0.000
 P23            0.000
 P14            0.000
 P24            0.000
 P15            0.000
 P25            0.000
 P16            0.000
 P26            0.000
 P17            0.000
 P27            0.000
 P18            0.000
 P28            0.000
 P19            0.000
 P29            0.000
 P110           1.000
 P210           1.000


           THETA
              P11           P21           P12           P22           P13
              ________      ________      ________      ________      ________
 P11            1.000
 P21            0.000         1.000
 P12            0.000         0.000         1.000
 P22            0.000         0.000         0.000         1.000
 P13            0.000         0.000         0.000         0.000         1.000
 P23            0.000         0.000         0.000         0.000         0.000
 P14            0.000         0.000         0.000         0.000         0.000
 P24            0.000         0.000         0.000         0.000         0.000
 P15            0.000         0.000         0.000         0.000         0.000
 P25            0.000         0.000         0.000         0.000         0.000
 P16            0.000         0.000         0.000         0.000         0.000
 P26            0.000         0.000         0.000         0.000         0.000
 P17            0.000         0.000         0.000         0.000         0.000
 P27            0.000         0.000         0.000         0.000         0.000
 P18            0.000         0.000         0.000         0.000         0.000
 P28            0.000         0.000         0.000         0.000         0.000
 P19            0.000         0.000         0.000         0.000         0.000
 P29            0.000         0.000         0.000         0.000         0.000
 P110           0.000         0.000         0.000         0.000         0.000
 P210           0.000         0.000         0.000         0.000         0.000


           THETA
              P23           P14           P24           P15           P25
              ________      ________      ________      ________      ________
 P23            1.000
 P14            0.000         1.000
 P24            0.000         0.000         1.000
 P15            0.000         0.000         0.000         1.000
 P25            0.000         0.000         0.000         0.000         1.000
 P16            0.000         0.000         0.000         0.000         0.000
 P26            0.000         0.000         0.000         0.000         0.000
 P17            0.000         0.000         0.000         0.000         0.000
 P27            0.000         0.000         0.000         0.000         0.000
 P18            0.000         0.000         0.000         0.000         0.000
 P28            0.000         0.000         0.000         0.000         0.000
 P19            0.000         0.000         0.000         0.000         0.000
 P29            0.000         0.000         0.000         0.000         0.000
 P110           0.000         0.000         0.000         0.000         0.000
 P210           0.000         0.000         0.000         0.000         0.000


           THETA
              P16           P26           P17           P27           P18
              ________      ________      ________      ________      ________
 P16            1.000
 P26            0.000         1.000
 P17            0.000         0.000         1.000
 P27            0.000         0.000         0.000         1.000
 P18            0.000         0.000         0.000         0.000         1.000
 P28            0.000         0.000         0.000         0.000         0.000
 P19            0.000         0.000         0.000         0.000         0.000
 P29            0.000         0.000         0.000         0.000         0.000
 P110           0.000         0.000         0.000         0.000         0.000
 P210           0.000         0.000         0.000         0.000         0.000


           THETA
              P28           P19           P29           P110          P210
              ________      ________      ________      ________      ________
 P28            1.000
 P19            0.000         1.000
 P29            0.000         0.000         1.000
 P110           0.000         0.000         0.000         1.000
 P210           0.000         0.000         0.000         0.000         1.000


           ALPHA
              T             S1            S2            S3            S4
              ________      ________      ________      ________      ________
                0.000         0.000         0.000         0.000         0.000


           ALPHA
              S5            S6            S7            S8            S9
              ________      ________      ________      ________      ________
                0.000         0.000         0.000         0.000         0.000


           ALPHA
              S10
              ________
                0.000


           BETA
              T             S1            S2            S3            S4
              ________      ________      ________      ________      ________
 T              0.000         0.000         0.000         0.000         0.000
 S1             0.000         0.000         0.000         0.000         0.000
 S2             0.000         0.000         0.000         0.000         0.000
 S3             0.000         0.000         0.000         0.000         0.000
 S4             0.000         0.000         0.000         0.000         0.000
 S5             0.000         0.000         0.000         0.000         0.000
 S6             0.000         0.000         0.000         0.000         0.000
 S7             0.000         0.000         0.000         0.000         0.000
 S8             0.000         0.000         0.000         0.000         0.000
 S9             0.000         0.000         0.000         0.000         0.000
 S10            0.000         0.000         0.000         0.000         0.000


           BETA
              S5            S6            S7            S8            S9
              ________      ________      ________      ________      ________
 T              0.000         0.000         0.000         0.000         0.000
 S1             0.000         0.000         0.000         0.000         0.000
 S2             0.000         0.000         0.000         0.000         0.000
 S3             0.000         0.000         0.000         0.000         0.000
 S4             0.000         0.000         0.000         0.000         0.000
 S5             0.000         0.000         0.000         0.000         0.000
 S6             0.000         0.000         0.000         0.000         0.000
 S7             0.000         0.000         0.000         0.000         0.000
 S8             0.000         0.000         0.000         0.000         0.000
 S9             0.000         0.000         0.000         0.000         0.000
 S10            0.000         0.000         0.000         0.000         0.000


           BETA
              S10
              ________
 T              0.000
 S1             0.000
 S2             0.000
 S3             0.000
 S4             0.000
 S5             0.000
 S6             0.000
 S7             0.000
 S8             0.000
 S9             0.000
 S10            0.000


           PSI
              T             S1            S2            S3            S4
              ________      ________      ________      ________      ________
 T              1.000
 S1             0.000         1.000
 S2             0.000         0.000         1.000
 S3             0.000         0.000         0.000         1.000
 S4             0.000         0.000         0.000         0.000         1.000
 S5             0.000         0.000         0.000         0.000         0.000
 S6             0.000         0.000         0.000         0.000         0.000
 S7             0.000         0.000         0.000         0.000         0.000
 S8             0.000         0.000         0.000         0.000         0.000
 S9             0.000         0.000         0.000         0.000         0.000
 S10            0.000         0.000         0.000         0.000         0.000


           PSI
              S5            S6            S7            S8            S9
              ________      ________      ________      ________      ________
 S5             1.000
 S6             0.000         1.000
 S7             0.000         0.000         1.000
 S8             0.000         0.000         0.000         1.000
 S9             0.000         0.000         0.000         0.000         1.000
 S10            0.000         0.000         0.000         0.000         0.000


           PSI
              S10
              ________
 S10            1.000



     PRIORS FOR ALL PARAMETERS            PRIOR MEAN      PRIOR VARIANCE     PRIOR STD. DEV.

     Parameter 1~IG(-1.000,0.000)          infinity            infinity            infinity
     Parameter 2~IG(-1.000,0.000)          infinity            infinity            infinity
     Parameter 3~IG(-1.000,0.000)          infinity            infinity            infinity
     Parameter 4~IG(-1.000,0.000)          infinity            infinity            infinity
     Parameter 5~IG(-1.000,0.000)          infinity            infinity            infinity
     Parameter 6~IG(-1.000,0.000)          infinity            infinity            infinity
     Parameter 7~IG(-1.000,0.000)          infinity            infinity            infinity
     Parameter 8~IG(-1.000,0.000)          infinity            infinity            infinity
     Parameter 9~IG(-1.000,0.000)          infinity            infinity            infinity
     Parameter 10~IG(-1.000,0.000)         infinity            infinity            infinity
     Parameter 11~IG(-1.000,0.000)         infinity            infinity            infinity
     Parameter 12~N(0.000,5.000)             0.0000              5.0000              2.2361
     Parameter 13~N(0.000,5.000)             0.0000              5.0000              2.2361
     Parameter 14~N(0.000,5.000)             0.0000              5.0000              2.2361
     Parameter 15~N(0.000,5.000)             0.0000              5.0000              2.2361
     Parameter 16~N(0.000,5.000)             0.0000              5.0000              2.2361
     Parameter 17~N(0.000,5.000)             0.0000              5.0000              2.2361
     Parameter 18~N(0.000,5.000)             0.0000              5.0000              2.2361
     Parameter 19~N(0.000,5.000)             0.0000              5.0000              2.2361
     Parameter 20~N(0.000,5.000)             0.0000              5.0000              2.2361
     Parameter 21~N(0.000,5.000)             0.0000              5.0000              2.2361
     Parameter 22~N(0.000,5.000)             0.0000              5.0000              2.2361
     Parameter 23~N(0.000,5.000)             0.0000              5.0000              2.2361
     Parameter 24~N(0.000,5.000)             0.0000              5.0000              2.2361
     Parameter 25~N(0.000,5.000)             0.0000              5.0000              2.2361
     Parameter 26~N(0.000,5.000)             0.0000              5.0000              2.2361
     Parameter 27~N(0.000,5.000)             0.0000              5.0000              2.2361
     Parameter 28~N(0.000,5.000)             0.0000              5.0000              2.2361
     Parameter 29~N(0.000,5.000)             0.0000              5.0000              2.2361
     Parameter 30~N(0.000,5.000)             0.0000              5.0000              2.2361
     Parameter 31~N(0.000,5.000)             0.0000              5.0000              2.2361
     Parameter 32~N(0.000,5.000)             0.0000              5.0000              2.2361


TECHNICAL 8 OUTPUT


   TECHNICAL 8 OUTPUT FOR BAYES ESTIMATION

     CHAIN    BSEED
     1        0
     2        285380

                     POTENTIAL       PARAMETER WITH
     ITERATION    SCALE REDUCTION      HIGHEST PSR
     100              1.146               28
     200              1.193               5
     300              1.151               22
     400              1.116               15
     500              1.081               13
     600              1.043               6
     700              1.020               6
     800              1.048               12
     900              1.018               12
     1000             1.014               9
     1100             1.012               9
     1200             1.009               5
     1300             1.008               15
     1400             1.005               6
     1500             1.009               5
     1600             1.011               12
     1700             1.017               9
     1800             1.011               9
     1900             1.008               9
     2000             1.006               11
     2100             1.006               5
     2200             1.020               15
     2300             1.029               15
     2400             1.020               15
     2500             1.037               15
     2600             1.041               15
     2700             1.041               16
     2800             1.046               16
     2900             1.032               16
     3000             1.033               16
     3100             1.040               16
     3200             1.031               16
     3300             1.024               16
     3400             1.021               16
     3500             1.015               16
     3600             1.023               15
     3700             1.013               15
     3800             1.007               16
     3900             1.010               13
     4000             1.012               13
     4100             1.011               13
     4200             1.016               13
     4300             1.010               13
     4400             1.005               13
     4500             1.005               9
     4600             1.008               13
     4700             1.010               13
     4800             1.013               13
     4900             1.013               13
     5000             1.016               13
     5100             1.017               13
     5200             1.018               13
     5300             1.019               13
     5400             1.017               13
     5500             1.016               13
     5600             1.013               13
     5700             1.008               13
     5800             1.009               13
     5900             1.010               13
     6000             1.010               13
     6100             1.006               13
     6200             1.006               13
     6300             1.005               13
     6400             1.003               20
     6500             1.003               1
     6600             1.002               1
     6700             1.003               1
     6800             1.003               18
     6900             1.003               18
     7000             1.003               18
     7100             1.003               18
     7200             1.002               10
     7300             1.003               10
     7400             1.003               20
     7500             1.002               10
     7600             1.002               21
     7700             1.002               11
     7800             1.002               11
     7900             1.002               18
     8000             1.003               18
     8100             1.004               18
     8200             1.005               18
     8300             1.004               18
     8400             1.003               9
     8500             1.003               9
     8600             1.003               22
     8700             1.003               22
     8800             1.004               9
     8900             1.003               22
     9000             1.002               9
     9100             1.002               27
     9200             1.002               22
     9300             1.002               22
     9400             1.002               9
     9500             1.002               9
     9600             1.002               12
     9700             1.002               12
     9800             1.002               12
     9900             1.001               9
     10000            1.001               12
     10100            1.002               12
     10200            1.002               12
     10300            1.001               2
     10400            1.001               2
     10500            1.001               16
     10600            1.002               16
     10700            1.001               16
     10800            1.002               16
     10900            1.002               16
     11000            1.002               16
     11100            1.001               18
     11200            1.002               16
     11300            1.003               16
     11400            1.002               16
     11500            1.002               18
     11600            1.002               18
     11700            1.001               18
     11800            1.001               1
     11900            1.001               2
     12000            1.001               2
     12100            1.001               2
     12200            1.001               2
     12300            1.002               2
     12400            1.002               2
     12500            1.001               2
     12600            1.001               11
     12700            1.002               11
     12800            1.002               11
     12900            1.003               11
     13000            1.003               11
     13100            1.002               11
     13200            1.003               11
     13300            1.003               11
     13400            1.002               11
     13500            1.001               11
     13600            1.001               11
     13700            1.001               11
     13800            1.001               11
     13900            1.001               11
     14000            1.001               11
     14100            1.001               11
     14200            1.001               7
     14300            1.001               7
     14400            1.001               1
     14500            1.001               1
     14600            1.001               1
     14700            1.001               1
     14800            1.001               1
     14900            1.001               11
     15000            1.001               11
     15100            1.001               11
     15200            1.001               11
     15300            1.001               11
     15400            1.001               11
     15500            1.001               11
     15600            1.001               11
     15700            1.001               11
     15800            1.001               11
     15900            1.001               11
     16000            1.001               11
     16100            1.001               11
     16200            1.001               11
     16300            1.001               11
     16400            1.001               11
     16500            1.001               11
     16600            1.001               11
     16700            1.001               16
     16800            1.001               16
     16900            1.001               11
     17000            1.001               11
     17100            1.001               16
     17200            1.002               16
     17300            1.001               11
     17400            1.001               11
     17500            1.001               16
     17600            1.001               16
     17700            1.001               16
     17800            1.001               16
     17900            1.001               5
     18000            1.001               5
     18100            1.001               5
     18200            1.001               5
     18300            1.001               5
     18400            1.001               5
     18500            1.001               5
     18600            1.000               5
     18700            1.000               5
     18800            1.000               5
     18900            1.000               5
     19000            1.000               5
     19100            1.001               5
     19200            1.000               5
     19300            1.000               5
     19400            1.001               10
     19500            1.000               10
     19600            1.000               10
     19700            1.000               10
     19800            1.000               5
     19900            1.000               10
     20000            1.001               10


PLOT INFORMATION

The following plots are available:

  Sample proportions and estimated probabilities
  Bayesian posterior parameter distributions
  Bayesian posterior parameter trace plots
  Bayesian autocorrelation plots
  Bayesian prior parameter distributions
  Bayesian posterior predictive checking scatterplots
  Bayesian posterior predictive checking distribution plots

     Beginning Time:  13:13:13
        Ending Time:  13:15:01
       Elapsed Time:  00:01:48



MUTHEN & MUTHEN
3463 Stoner Ave.
Los Angeles, CA  90066

Tel: (310) 391-9971
Fax: (310) 391-8971
Web: www.StatModel.com
Support: Support@StatModel.com

Copyright (c) 1998-2023 Muthen & Muthen
