Mplus VERSION 8.10 (Mac)
MUTHEN & MUTHEN
03/12/2024  11:38 AM

INPUT INSTRUCTIONS

  DATA:

  File is laac2_wide.dat;

  VARIABLE:

  NAMES =   subject task
  Y1_1    Y1_10   Y1_2    Y1_3    Y1_4    Y1_5    Y1_6
  Y1_7    Y1_8    Y1_9    Y10_1   Y10_10  Y10_2   Y10_3   Y10_4   Y10_5
  Y10_6   Y10_7   Y10_8   Y10_9   Y11_1   Y11_10  Y11_2   Y11_3   Y11_4
  Y11_5   Y11_6   Y11_7   Y11_8   Y11_9   Y12_1   Y12_10  Y12_2   Y12_3
  Y12_4   Y12_5   Y12_6   Y12_7   Y12_8   Y12_9   Y2_1    Y2_10   Y2_2
  Y2_3    Y2_4    Y2_5    Y2_6    Y2_7    Y2_8    Y2_9    Y3_1    Y3_10
  Y3_2    Y3_3    Y3_4    Y3_5    Y3_6    Y3_7    Y3_8    Y3_9    Y4_1
  Y4_10   Y4_2    Y4_3    Y4_4    Y4_5    Y4_6    Y4_7    Y4_8    Y4_9
  Y5_1    Y5_10   Y5_2    Y5_3    Y5_4    Y5_5    Y5_6    Y5_7    Y5_8
  Y5_9    Y6_1    Y6_10   Y6_2    Y6_3    Y6_4    Y6_5    Y6_6    Y6_7
  Y6_8    Y6_9    Y7_1    Y7_10   Y7_2    Y7_3    Y7_4    Y7_5    Y7_6
  Y7_7    Y7_8    Y7_9    Y8_1    Y8_10   Y8_2    Y8_3    Y8_4    Y8_5
  Y8_6    Y8_7    Y8_8    Y8_9    Y9_1    Y9_10   Y9_2    Y9_3    Y9_4
  Y9_5    Y9_6    Y9_7    Y9_8    Y9_9;


  USEVARIABLES =  P11 P21 P12 P22 P13 P23 P14 P24
  	       P15 P25 P16 P26 P17 P27 P18 P28 P19 P29
  	       P110 P210 ;
  	
  Categ =   P11 P21 P12 P22 P13 P23 P14 P24
  	       P15 P25 P16 P26 P17 P27 P18 P28 P19 P29
  	       P110 P210 ;
  	

  Missing = All(-99);	

  useobservations are (task EQ 6);

  ! "'attention'=1;'communication'=2;'reasoning'=3;'visible_food'=4;
  !'population'=5;'inhibit_searched'=6"

  DEFINE:
  P11 = Y1_1 + Y3_1 + Y5_1 + Y7_1 + Y9_1 + Y11_1;
  P21 =  Y2_1 + Y4_1 + Y6_1 + Y8_1 + Y10_1 + Y12_1;

  P12 =  Y1_2 + Y3_2 + Y5_2 + Y7_2 + Y9_2 + Y11_2;
  P22 =  Y2_2 + Y4_2 + Y6_2 + Y8_2 + Y10_2 + Y12_2;

  P13 =  Y1_3 + Y3_3 + Y5_3 + Y7_3 + Y9_3 + Y11_3;
  P23 =  Y2_3 + Y4_3 + Y6_3 + Y8_3 + Y10_3 + Y12_3;

  P14 =  Y1_4 + Y3_4 + Y5_4 + Y7_4 + Y9_4 + Y11_4;
  P24 =  Y2_4 + Y4_4 + Y6_4 + Y8_4 + Y10_4 + Y12_4;

  P15 =  Y1_5 + Y3_5 + Y5_5 + Y7_5 + Y9_5 + Y11_5;
  P25 =  Y2_5 + Y4_5 + Y6_5 + Y8_5 + Y10_5 + Y12_5;

  P16 =  Y1_6 + Y3_6 + Y5_6 + Y7_6 + Y9_6 + Y11_6;
  P26 =  Y2_6 + Y4_6 + Y6_6 + Y8_6 + Y10_6 + Y12_6;

  P17 =  Y1_7 + Y3_7 + Y5_7 + Y7_7 + Y9_7 + Y11_7;
  P27 =  Y2_7 + Y4_7 + Y6_7 + Y8_7 + Y10_7 + Y12_7;

  P18 =  Y1_8 + Y3_8 + Y5_8 + Y7_8 + Y9_8 + Y11_8;
  P28 =  Y2_8 + Y4_8 + Y6_8 + Y8_8 + Y10_8 + Y12_8;

  P19 =  Y1_9 + Y3_9 + Y5_9 + Y7_9 + Y9_9 + Y11_9;
  P29 =  Y2_9 + Y4_9 + Y6_9 + Y8_9 + Y10_9 + Y12_9;

  P110 =  Y1_10 + Y3_10 + Y5_10 + Y7_10 + Y9_10 + Y11_10;
  P210 =  Y2_10 + Y4_10 + Y6_10 + Y8_10 + Y10_10 + Y12_10;


    IF (P11>4) THEN P11=4;
    IF (P21>4) THEN P21=4;
    IF (P12>4) THEN P12=4;
    IF (P22>4) THEN P22=4;
    IF (P13>4) THEN P13=4;
    IF (P23>4) THEN P23=4;
    IF (P14>4) THEN P14=4;
    IF (P24>4) THEN P24=4;
    IF (P15>4) THEN P15=4;
    IF (P25>4) THEN P25=4;
    IF (P16>4) THEN P16=4;
    IF (P26>4) THEN P26=4;
    IF (P17>4) THEN P17=4;
    IF (P27>4) THEN P27=4;
    IF (P18>4) THEN P18=4;
    IF (P28>4) THEN P28=4;
    IF (P19>4) THEN P19=4;
    IF (P29>4) THEN P29=4;
    IF (P110>4) THEN P110=4;
    IF (P210>4) THEN P210=4;


  ANALYSIS:

  	ESTIMATOR = Bayes;
  	Biter=(20000);
  	Thin=10;
  	Bconvergence = .005;	

  MODEL:


  S1 by P11@1 P21@1;
  S2 by P12@1 P22@1;
  S3 by P13@1 P23@1;
  S4 by P14@1 P24@1;
  S5 by P15@1 P25@1;
  S6 by P16@1 P26@1;
  S7 by P17@1 P27@1;
  S8 by P18@1 P28@1;
  S9 by P19@1 P29@1;
  S10 by P110@1 P210@1;

  	
  [S1@0];
  [S2-S10];


  [P11$1*-1] (tau1);
  [P11$2*-0.5] (tau2);
  [P11$3*0.2] (tau3);
  [P11$4*1.5] (tau4);
  ![P11$5] (tau5);


  [P21$1] (tau1);
  [P21$2] (tau2);
  [P21$3] (tau3);
  [P21$4] (tau4);
  ![P21$5] (tau5);

  [P12$1] (tau1);
  [P12$2] (tau2);
  [P12$3] (tau3);
  [P12$4] (tau4);
  ![P12$5] (tau5);

  [P22$1] (tau1);
  [P22$2] (tau2);
  [P22$3] (tau3);
  [P22$4] (tau4);
  ![P22$5] (tau5);

  [P13$1] (tau1);
  [P13$2] (tau2);
  [P13$3] (tau3);
  [P13$4] (tau4);
  ![P13$5] (tau5);


  [P23$1] (tau1);
  [P23$2] (tau2);
  [P23$3] (tau3);
  [P23$4] (tau4);
  ![P23$5] (tau5);

  ![P14$1] (tau1);
  ![P14$2] (tau2);
  ![P14$3] (tau3);
  ![P14$4] (tau4);
  ![P14$5] (tau5);

  [P24$1] (tau12);
  [P24$2] (tau22);
  [P24$3] (tau32);
  ![P24$4] (tau4);
  ![P24$5] (tau5);


  [P15$1] (tau12);
  [P15$2] (tau22);
  [P15$3] (tau32);
  ![P15$4] (tau4);
  ![P15$5] (tau5);

  [P25$1] (tau12);
  [P25$2] (tau22);
  [P25$3] (tau32);
  ![P25$4] (tau4);
  ![P25$5] (tau5);

  [P16$1] (tau12);
  [P16$2] (tau22);
  [P16$3] (tau32);
  ![P16$4] (tau4);
  ![P16$5] (tau5);

  [P26$1] (tau12);
  [P26$2] (tau22);
  [P26$3] (tau32);
  ![P26$4] (tau4);
  ![P26$5] (tau5);

  [P17$1] (tau1);
  [P17$2] (tau2);
  [P17$3] (tau3);
  [P17$4] (tau4);
  ![P17$5] (tau5);

  [P27$1] (tau1);
  [P27$2] (tau2);
  [P27$3] (tau3);
  [P27$4] (tau4);
  ![P27$5] (tau5);

  [P18$1] (tau12);
  [P18$2] (tau22);
  [P18$3] (tau32);
  ![P18$4] (tau4);
  ![P18$5] (tau5);


  [P28$1] (tau1);
  [P28$2] (tau2);
  [P28$3] (tau3);
  [P28$4] (tau4);
  ![P28$5] (tau5);

  [P19$1] (tau12);
  [P19$2] (tau22);
  [P19$3] (tau32);
  ![P19$4] (tau4);
  ![P19$5] (tau5);

  [P29$1] (tau12);
  [P29$2] (tau22);
  [P29$3] (tau32);
  ![P29$4] (tau4);
  ![P29$5] (tau5);

  [P110$1] (tau1);
  [P110$2] (tau2);
  [P110$3] (tau3);
  [P110$4] (tau4);
  ![P110$5] (tau5);

  ![P210$1] (tau1);
  ![P210$2] (tau2);
  ![P210$3] (tau3);
  ![P210$4] (tau4);
  ![P210$5] (tau5);



  Output: stdyx tech8;
  PLOT:   TYPE = PLOT2;
  	



*** WARNING
  Data set contains cases with missing on all variables.
  These cases were not included in the analysis.
  Number of cases with missing on all variables:  2
   1 WARNING(S) FOUND IN THE INPUT INSTRUCTIONS




SUMMARY OF ANALYSIS

Number of groups                                                 1
Number of observations                                          45

Number of dependent variables                                   20
Number of independent variables                                  0
Number of continuous latent variables                           10

Observed dependent variables

  Binary and ordered categorical (ordinal)
   P11         P21         P12         P22         P13         P23
   P14         P24         P15         P25         P16         P26
   P17         P27         P18         P28         P19         P29
   P110        P210

Continuous latent variables
   S1          S2          S3          S4          S5          S6
   S7          S8          S9          S10


Estimator                                                    BAYES
Specifications for Bayesian Estimation
  Point estimate                                            MEDIAN
  Number of Markov chain Monte Carlo (MCMC) chains               2
  Random seed for the first chain                                0
  Starting value information                           UNPERTURBED
  Algorithm used for Markov chain Monte Carlo           GIBBS(PX1)
  Convergence criterion                                  0.500D-02
  Maximum number of iterations                               50000
  K-th iteration used for thinning                              10
Link                                                        PROBIT

Input data file(s)
  laac2_wide.dat
Input data format  FREE


SUMMARY OF DATA



COVARIANCE COVERAGE OF DATA

Minimum covariance coverage value   0.100

     Number of missing data patterns            33


     PROPORTION OF DATA PRESENT


           Covariance Coverage
              P11           P21           P12           P22           P13
              ________      ________      ________      ________      ________
 P11            0.644
 P21            0.644         0.644
 P12            0.511         0.511         0.622
 P22            0.511         0.511         0.600         0.600
 P13            0.556         0.556         0.533         0.511         0.733
 P23            0.556         0.556         0.533         0.511         0.733
 P14            0.289         0.289         0.311         0.289         0.422
 P24            0.289         0.289         0.311         0.289         0.422
 P15            0.489         0.489         0.422         0.422         0.533
 P25            0.489         0.489         0.422         0.422         0.533
 P16            0.489         0.489         0.400         0.378         0.533
 P26            0.489         0.489         0.400         0.378         0.533
 P17            0.511         0.511         0.467         0.467         0.556
 P27            0.511         0.511         0.467         0.467         0.533
 P18            0.556         0.556         0.511         0.489         0.622
 P28            0.556         0.556         0.511         0.489         0.622
 P19            0.444         0.444         0.444         0.422         0.511
 P29            0.444         0.444         0.444         0.422         0.511
 P110           0.511         0.511         0.467         0.444         0.578
 P210           0.511         0.511         0.467         0.444         0.578


           Covariance Coverage
              P23           P14           P24           P15           P25
              ________      ________      ________      ________      ________
 P23            0.733
 P14            0.422         0.489
 P24            0.422         0.489         0.489
 P15            0.533         0.400         0.400         0.644
 P25            0.533         0.400         0.400         0.644         0.644
 P16            0.533         0.378         0.378         0.467         0.467
 P26            0.533         0.378         0.378         0.467         0.467
 P17            0.556         0.356         0.356         0.533         0.533
 P27            0.533         0.333         0.333         0.511         0.511
 P18            0.622         0.422         0.422         0.578         0.578
 P28            0.622         0.422         0.422         0.578         0.578
 P19            0.511         0.378         0.378         0.467         0.467
 P29            0.511         0.378         0.378         0.467         0.467
 P110           0.578         0.356         0.356         0.511         0.511
 P210           0.578         0.356         0.356         0.511         0.511


           Covariance Coverage
              P16           P26           P17           P27           P18
              ________      ________      ________      ________      ________
 P16            0.600
 P26            0.600         0.600
 P17            0.489         0.489         0.667
 P27            0.489         0.489         0.644         0.644
 P18            0.556         0.556         0.556         0.556         0.822
 P28            0.556         0.556         0.556         0.556         0.822
 P19            0.422         0.422         0.511         0.511         0.556
 P29            0.422         0.422         0.511         0.511         0.556
 P110           0.489         0.489         0.511         0.489         0.644
 P210           0.489         0.489         0.511         0.489         0.644


           Covariance Coverage
              P28           P19           P29           P110          P210
              ________      ________      ________      ________      ________
 P28            0.822
 P19            0.556         0.622
 P29            0.556         0.622         0.622
 P110           0.644         0.511         0.511         0.711
 P210           0.644         0.511         0.511         0.711         0.711


UNIVARIATE PROPORTIONS AND COUNTS FOR CATEGORICAL VARIABLES

    P11
      Category 1    0.379           11.000
      Category 2    0.207            6.000
      Category 3    0.241            7.000
      Category 4    0.103            3.000
      Category 5    0.069            2.000
    P21
      Category 1    0.552           16.000
      Category 2    0.069            2.000
      Category 3    0.207            6.000
      Category 4    0.034            1.000
      Category 5    0.138            4.000
    P12
      Category 1    0.679           19.000
      Category 2    0.107            3.000
      Category 3    0.071            2.000
      Category 4    0.036            1.000
      Category 5    0.107            3.000
    P22
      Category 1    0.593           16.000
      Category 2    0.185            5.000
      Category 3    0.111            3.000
      Category 4    0.037            1.000
      Category 5    0.074            2.000
    P13
      Category 1    0.606           20.000
      Category 2    0.121            4.000
      Category 3    0.121            4.000
      Category 4    0.061            2.000
      Category 5    0.091            3.000
    P23
      Category 1    0.636           21.000
      Category 2    0.182            6.000
      Category 3    0.061            2.000
      Category 4    0.030            1.000
      Category 5    0.091            3.000
    P14
      Category 1    0.636           14.000
      Category 2    0.136            3.000
      Category 3    0.227            5.000
    P24
      Category 1    0.545           12.000
      Category 2    0.227            5.000
      Category 3    0.136            3.000
      Category 4    0.091            2.000
    P15
      Category 1    0.690           20.000
      Category 2    0.172            5.000
      Category 3    0.069            2.000
      Category 4    0.069            2.000
    P25
      Category 1    0.690           20.000
      Category 2    0.207            6.000
      Category 3    0.034            1.000
      Category 4    0.069            2.000
    P16
      Category 1    0.852           23.000
      Category 2    0.074            2.000
      Category 3    0.037            1.000
      Category 4    0.037            1.000
    P26
      Category 1    0.778           21.000
      Category 2    0.148            4.000
      Category 3    0.037            1.000
      Category 4    0.037            1.000
    P17
      Category 1    0.733           22.000
      Category 2    0.067            2.000
      Category 3    0.133            4.000
      Category 4    0.033            1.000
      Category 5    0.033            1.000
    P27
      Category 1    0.759           22.000
      Category 2    0.069            2.000
      Category 3    0.069            2.000
      Category 4    0.034            1.000
      Category 5    0.069            2.000
    P18
      Category 1    0.757           28.000
      Category 2    0.135            5.000
      Category 3    0.054            2.000
      Category 4    0.054            2.000
    P28
      Category 1    0.784           29.000
      Category 2    0.054            2.000
      Category 3    0.081            3.000
      Category 4    0.027            1.000
      Category 5    0.054            2.000
    P19
      Category 1    0.786           22.000
      Category 2    0.143            4.000
      Category 3    0.036            1.000
      Category 4    0.036            1.000
    P29
      Category 1    0.786           22.000
      Category 2    0.107            3.000
      Category 3    0.071            2.000
      Category 4    0.036            1.000
    P110
      Category 1    0.750           24.000
      Category 2    0.156            5.000
      Category 3    0.031            1.000
      Category 4    0.031            1.000
      Category 5    0.031            1.000
    P210
      Category 1    0.875           28.000
      Category 2    0.094            3.000
      Category 3    0.031            1.000



THE MODEL ESTIMATION TERMINATED NORMALLY

     USE THE FBITERATIONS OPTION TO INCREASE THE NUMBER OF ITERATIONS BY A FACTOR
     OF AT LEAST TWO TO CHECK CONVERGENCE AND THAT THE PSR VALUE DOES NOT INCREASE.



MODEL FIT INFORMATION

Number of Free Parameters                              75

Bayesian Posterior Predictive Checking using Chi-Square

          95% Confidence Interval for the Difference Between
          the Observed and the Replicated Chi-Square Values

                                -63.992            81.437

          Posterior Predictive P-Value              0.451



MODEL RESULTS

                                Posterior  One-Tailed         95% C.I.
                    Estimate       S.D.      P-Value   Lower 2.5%  Upper 2.5%  Significance

 S1       BY
    P11                1.000       0.000      0.000       1.000       1.000
    P21                1.000       0.000      0.000       1.000       1.000

 S2       BY
    P12                1.000       0.000      0.000       1.000       1.000
    P22                1.000       0.000      0.000       1.000       1.000

 S3       BY
    P13                1.000       0.000      0.000       1.000       1.000
    P23                1.000       0.000      0.000       1.000       1.000

 S4       BY
    P14                1.000       0.000      0.000       1.000       1.000
    P24                1.000       0.000      0.000       1.000       1.000

 S5       BY
    P15                1.000       0.000      0.000       1.000       1.000
    P25                1.000       0.000      0.000       1.000       1.000

 S6       BY
    P16                1.000       0.000      0.000       1.000       1.000
    P26                1.000       0.000      0.000       1.000       1.000

 S7       BY
    P17                1.000       0.000      0.000       1.000       1.000
    P27                1.000       0.000      0.000       1.000       1.000

 S8       BY
    P18                1.000       0.000      0.000       1.000       1.000
    P28                1.000       0.000      0.000       1.000       1.000

 S9       BY
    P19                1.000       0.000      0.000       1.000       1.000
    P29                1.000       0.000      0.000       1.000       1.000

 S10      BY
    P110               1.000       0.000      0.000       1.000       1.000
    P210               1.000       0.000      0.000       1.000       1.000

 S2       WITH
    S1                 1.649       0.942      0.000       0.576       4.231      *

 S3       WITH
    S1                 2.163       1.127      0.000       0.815       5.088      *
    S2                 2.049       1.158      0.000       0.722       5.137      *

 S4       WITH
    S1                 2.696       1.537      0.000       0.876       6.700      *
    S2                 2.525       1.583      0.002       0.691       6.669      *
    S3                 3.702       2.007      0.000       1.425       9.141      *

 S5       WITH
    S1                 2.215       1.111      0.000       0.822       5.099      *
    S2                 2.037       1.146      0.001       0.629       4.985      *
    S3                 2.935       1.455      0.000       1.171       6.858      *
    S4                 4.403       2.264      0.000       1.833      10.577      *

 S6       WITH
    S1                 2.997       1.562      0.000       1.097       7.059      *
    S2                 2.782       1.595      0.000       0.936       7.016      *
    S3                 3.985       2.096      0.000       1.559       9.656      *
    S4                 5.649       3.190      0.000       2.124      14.563      *
    S5                 4.468       2.382      0.000       1.801      10.975      *

 S7       WITH
    S1                 1.466       0.842      0.003       0.385       3.667      *
    S2                 1.371       0.891      0.008       0.253       3.692      *
    S3                 2.079       1.142      0.001       0.742       5.127      *
    S4                 3.365       1.852      0.000       1.337       8.364      *
    S5                 2.529       1.281      0.000       1.062       5.910      *
    S6                 3.210       1.782      0.000       1.230       7.979      *

 S8       WITH
    S1                 1.522       0.921      0.010       0.244       3.828      *
    S2                 1.402       1.005      0.026      -0.018       3.936
    S3                 2.159       1.161      0.002       0.623       5.171      *
    S4                 3.856       2.063      0.000       1.501       9.434      *
    S5                 2.881       1.423      0.000       1.208       6.649      *
    S6                 3.584       1.988      0.000       1.261       8.871      *
    S7                 2.314       1.287      0.000       0.906       5.728      *

 S9       WITH
    S1                 1.748       0.848      0.000       0.673       3.937      *
    S2                 1.671       0.897      0.000       0.599       4.012      *
    S3                 2.318       1.164      0.000       0.930       5.429      *
    S4                 2.833       1.523      0.000       1.020       6.849      *
    S5                 2.298       1.108      0.000       0.923       5.157      *
    S6                 3.155       1.648      0.000       1.241       7.616      *
    S7                 1.543       0.877      0.003       0.446       3.843      *
    S8                 1.582       0.978      0.015       0.182       4.048      *

 S10      WITH
    S1                 0.896       0.709      0.044      -0.155       2.662
    S2                 0.804       0.738      0.079      -0.402       2.557
    S3                 1.231       0.878      0.030      -0.052       3.445
    S4                 2.323       1.469      0.001       0.687       6.243      *
    S5                 1.736       1.011      0.002       0.510       4.441      *
    S6                 2.107       1.407      0.007       0.414       5.800      *
    S7                 1.392       0.875      0.002       0.404       3.759      *
    S8                 1.732       1.063      0.000       0.574       4.601      *
    S9                 0.932       0.746      0.067      -0.357       2.679

 Means
    S1                 0.000       0.000      1.000       0.000       0.000
    S2                 0.063       0.307      0.417      -0.551       0.644
    S3                -0.020       0.320      0.472      -0.694       0.574
    S4                -0.348       0.640      0.287      -1.662       0.893
    S5                -0.929       0.533      0.039      -1.986       0.102
    S6                -1.759       0.704      0.002      -3.282      -0.530      *
    S7                -0.623       0.358      0.023      -1.405      -0.008      *
    S8                -1.440       0.548      0.000      -2.677      -0.551      *
    S9                -1.533       0.592      0.002      -2.798      -0.462      *
    S10               -0.633       0.377      0.032      -1.445       0.041

 Thresholds
    P11$1              0.424       0.000      0.000       0.424       0.424      *
    P11$2              0.765       0.000      0.000       0.765       0.765
    P11$3              1.178       0.000      0.000       1.178       1.178
    P11$4              1.441       0.000      0.000       1.441       1.441
    P21$1              0.424       0.000      0.000       0.424       0.424      *
    P21$2              0.765       0.000      0.000       0.765       0.765
    P21$3              1.178       0.000      0.000       1.178       1.178
    P21$4              1.441       0.000      0.000       1.441       1.441
    P12$1              0.424       0.000      0.000       0.424       0.424      *
    P12$2              0.765       0.000      0.000       0.765       0.765
    P12$3              1.178       0.000      0.000       1.178       1.178
    P12$4              1.441       0.000      0.000       1.441       1.441
    P22$1              0.424       0.000      0.000       0.424       0.424      *
    P22$2              0.765       0.000      0.000       0.765       0.765
    P22$3              1.178       0.000      0.000       1.178       1.178
    P22$4              1.441       0.000      0.000       1.441       1.441
    P13$1              0.424       0.000      0.000       0.424       0.424      *
    P13$2              0.765       0.000      0.000       0.765       0.765
    P13$3              1.178       0.000      0.000       1.178       1.178
    P13$4              1.441       0.000      0.000       1.441       1.441
    P23$1              0.424       0.000      0.000       0.424       0.424      *
    P23$2              0.765       0.000      0.000       0.765       0.765
    P23$3              1.178       0.000      0.000       1.178       1.178
    P23$4              1.441       0.000      0.000       1.441       1.441
    P14$1             -0.045       0.602      0.471      -1.248       1.120
    P14$2              1.103       0.667      0.046      -0.183       2.447
    P24$1             -0.314       0.410      0.222      -1.128       0.501
    P24$2              1.096       0.417      0.005       0.288       1.934      *
    P24$3              2.344       0.494      0.000       1.400       3.349      *
    P15$1             -0.314       0.410      0.222      -1.128       0.501
    P15$2              1.096       0.417      0.005       0.288       1.934      *
    P15$3              2.344       0.494      0.000       1.400       3.349      *
    P25$1             -0.314       0.410      0.222      -1.128       0.501
    P25$2              1.096       0.417      0.005       0.288       1.934      *
    P25$3              2.344       0.494      0.000       1.400       3.349      *
    P16$1             -0.314       0.410      0.222      -1.128       0.501
    P16$2              1.096       0.417      0.005       0.288       1.934      *
    P16$3              2.344       0.494      0.000       1.400       3.349      *
    P26$1             -0.314       0.410      0.222      -1.128       0.501
    P26$2              1.096       0.417      0.005       0.288       1.934      *
    P26$3              2.344       0.494      0.000       1.400       3.349      *
    P17$1              0.424       0.000      0.000       0.424       0.424      *
    P17$2              0.765       0.000      0.000       0.765       0.765
    P17$3              1.178       0.000      0.000       1.178       1.178
    P17$4              1.441       0.000      0.000       1.441       1.441
    P27$1              0.424       0.000      0.000       0.424       0.424      *
    P27$2              0.765       0.000      0.000       0.765       0.765
    P27$3              1.178       0.000      0.000       1.178       1.178
    P27$4              1.441       0.000      0.000       1.441       1.441
    P18$1             -0.314       0.410      0.222      -1.128       0.501
    P18$2              1.096       0.417      0.005       0.288       1.934      *
    P18$3              2.344       0.494      0.000       1.400       3.349      *
    P28$1              0.424       0.000      0.000       0.424       0.424      *
    P28$2              0.765       0.000      0.000       0.765       0.765
    P28$3              1.178       0.000      0.000       1.178       1.178
    P28$4              1.441       0.000      0.000       1.441       1.441
    P19$1             -0.314       0.410      0.222      -1.128       0.501
    P19$2              1.096       0.417      0.005       0.288       1.934      *
    P19$3              2.344       0.494      0.000       1.400       3.349      *
    P29$1             -0.314       0.410      0.222      -1.128       0.501
    P29$2              1.096       0.417      0.005       0.288       1.934      *
    P29$3              2.344       0.494      0.000       1.400       3.349      *
    P110$1             0.424       0.000      0.000       0.424       0.424      *
    P110$2             0.765       0.000      0.000       0.765       0.765
    P110$3             1.178       0.000      0.000       1.178       1.178
    P110$4             1.441       0.000      0.000       1.441       1.441
    P210$1             0.750       0.437      0.040      -0.094       1.613
    P210$2             2.198       0.769      0.000       0.931       3.962      *

 Variances
    S1                 1.996       1.233      0.000       0.703       5.325      *
    S2                 1.831       1.350      0.000       0.580       5.608      *
    S3                 3.143       1.993      0.000       1.046       8.745      *
    S4                 6.077       4.222      0.000       1.967      18.058      *
    S5                 3.702       2.059      0.000       1.481       9.297      *
    S6                 6.203       4.343      0.000       2.069      18.204      *
    S7                 2.242       1.530      0.000       0.800       6.462      *
    S8                 3.107       1.952      0.000       1.170       8.644      *
    S9                 2.197       1.263      0.000       0.852       5.573      *
    S10                1.417       1.105      0.000       0.423       4.602      *


STANDARDIZED MODEL RESULTS


STDYX Standardization

                                Posterior  One-Tailed         95% C.I.
                    Estimate       S.D.      P-Value   Lower 2.5%  Upper 2.5%  Significance
 S1       BY
    P11                0.816       0.071      0.000       0.642       0.918      *
    P21                0.816       0.071      0.000       0.642       0.918      *

 S2       BY
    P12                0.804       0.081      0.000       0.606       0.921      *
    P22                0.804       0.081      0.000       0.606       0.921      *

 S3       BY
    P13                0.871       0.060      0.000       0.715       0.947      *
    P23                0.871       0.060      0.000       0.715       0.947      *

 S4       BY
    P14                0.927       0.041      0.000       0.814       0.973      *
    P24                0.927       0.041      0.000       0.814       0.973      *

 S5       BY
    P15                0.887       0.046      0.000       0.773       0.950      *
    P25                0.887       0.046      0.000       0.773       0.950      *

 S6       BY
    P16                0.928       0.040      0.000       0.821       0.974      *
    P26                0.928       0.040      0.000       0.821       0.974      *

 S7       BY
    P17                0.832       0.068      0.000       0.667       0.931      *
    P27                0.832       0.068      0.000       0.667       0.931      *

 S8       BY
    P18                0.870       0.055      0.000       0.734       0.947      *
    P28                0.870       0.055      0.000       0.734       0.947      *

 S9       BY
    P19                0.829       0.062      0.000       0.678       0.921      *
    P29                0.829       0.062      0.000       0.678       0.921      *

 S10      BY
    P110               0.766       0.094      0.000       0.545       0.906      *
    P210               0.766       0.094      0.000       0.545       0.906      *

 S2       WITH
    S1                 0.888       0.095      0.000       0.611       0.968      *

 S3       WITH
    S1                 0.887       0.094      0.000       0.614       0.969      *
    S2                 0.885       0.102      0.000       0.589       0.970      *

 S4       WITH
    S1                 0.808       0.142      0.000       0.414       0.956      *
    S2                 0.799       0.170      0.002       0.328       0.961      *
    S3                 0.878       0.100      0.000       0.590       0.972      *

 S5       WITH
    S1                 0.841       0.125      0.000       0.492       0.960      *
    S2                 0.824       0.156      0.001       0.376       0.962      *
    S3                 0.890       0.096      0.000       0.613       0.973      *
    S4                 0.946       0.049      0.000       0.802       0.985      *

 S6       WITH
    S1                 0.878       0.109      0.000       0.562       0.971      *
    S2                 0.865       0.133      0.000       0.473       0.971      *
    S3                 0.925       0.075      0.000       0.705       0.981      *
    S4                 0.938       0.068      0.000       0.734       0.986      *
    S5                 0.949       0.050      0.000       0.802       0.986      *

 S7       WITH
    S1                 0.732       0.182      0.003       0.258       0.935      *
    S2                 0.726       0.207      0.008       0.156       0.939      *
    S3                 0.817       0.136      0.001       0.440       0.954      *
    S4                 0.927       0.062      0.000       0.749       0.980      *
    S5                 0.900       0.080      0.000       0.671       0.972      *
    S6                 0.886       0.099      0.000       0.598       0.971      *

 S8       WITH
    S1                 0.652       0.214      0.010       0.112       0.919      *
    S2                 0.644       0.252      0.026      -0.008       0.933
    S3                 0.730       0.179      0.002       0.259       0.937      *
    S4                 0.906       0.083      0.000       0.666       0.976      *
    S5                 0.872       0.097      0.000       0.602       0.967      *
    S6                 0.845       0.128      0.000       0.484       0.967      *
    S7                 0.900       0.090      0.000       0.637       0.973      *

 S9       WITH
    S1                 0.860       0.111      0.000       0.543       0.960      *
    S2                 0.860       0.115      0.000       0.529       0.961      *
    S3                 0.905       0.078      0.000       0.680       0.973      *
    S4                 0.815       0.143      0.000       0.416       0.957      *
    S5                 0.843       0.128      0.000       0.474       0.960      *
    S6                 0.880       0.102      0.000       0.585       0.970      *
    S7                 0.741       0.184      0.003       0.245       0.939      *
    S8                 0.661       0.231      0.015       0.072       0.931      *

 S10      WITH
    S1                 0.581       0.266      0.044      -0.102       0.904
    S2                 0.558       0.308      0.079      -0.245       0.907
    S3                 0.645       0.253      0.030      -0.026       0.923
    S4                 0.834       0.150      0.001       0.399       0.961      *
    S5                 0.802       0.163      0.002       0.333       0.954      *
    S6                 0.765       0.201      0.007       0.196       0.949      *
    S7                 0.822       0.154      0.002       0.371       0.955      *
    S8                 0.859       0.124      0.000       0.496       0.963      *
    S9                 0.587       0.296      0.067      -0.187       0.913

 Means
    S1                 0.000       0.000      1.000       0.000       0.000
    S2                 0.047       0.227      0.417      -0.418       0.481
    S3                -0.011       0.178      0.472      -0.362       0.347
    S4                -0.141       0.260      0.287      -0.645       0.390
    S5                -0.478       0.283      0.039      -1.060       0.055
    S6                -0.699       0.272      0.002      -1.291      -0.221      *
    S7                -0.416       0.220      0.023      -0.873      -0.006      *
    S8                -0.821       0.253      0.000      -1.341      -0.351      *
    S9                -1.030       0.390      0.002      -1.875      -0.331      *
    S10               -0.530       0.314      0.032      -1.218       0.035

 Thresholds
    P11$1              0.245       0.040      0.000       0.168       0.325      *
    P11$2              0.442       0.073      0.000       0.304       0.586      *
    P11$3              0.680       0.112      0.000       0.468       0.902      *
    P11$4              0.833       0.137      0.000       0.573       1.105      *
    P21$1              0.245       0.040      0.000       0.168       0.325      *
    P21$2              0.442       0.073      0.000       0.304       0.586      *
    P21$3              0.680       0.112      0.000       0.468       0.902      *
    P21$4              0.833       0.137      0.000       0.573       1.105      *
    P12$1              0.252       0.044      0.000       0.165       0.337      *
    P12$2              0.455       0.080      0.000       0.298       0.609      *
    P12$3              0.700       0.123      0.000       0.458       0.937      *
    P12$4              0.857       0.151      0.000       0.561       1.147      *
    P22$1              0.252       0.044      0.000       0.165       0.337      *
    P22$2              0.455       0.080      0.000       0.298       0.609      *
    P22$3              0.700       0.123      0.000       0.458       0.937      *
    P22$4              0.857       0.151      0.000       0.561       1.147      *
    P13$1              0.208       0.041      0.000       0.136       0.296      *
    P13$2              0.376       0.074      0.000       0.245       0.535      *
    P13$3              0.579       0.114      0.000       0.377       0.823      *
    P13$4              0.708       0.139      0.000       0.462       1.007      *
    P23$1              0.208       0.041      0.000       0.136       0.296      *
    P23$2              0.376       0.074      0.000       0.245       0.535      *
    P23$3              0.579       0.114      0.000       0.377       0.823      *
    P23$4              0.708       0.139      0.000       0.462       1.007      *
    P14$1             -0.017       0.233      0.471      -0.472       0.455
    P14$2              0.407       0.268      0.046      -0.071       0.997
    P24$1             -0.114       0.161      0.222      -0.449       0.196
    P24$2              0.401       0.184      0.005       0.105       0.830      *
    P24$3              0.869       0.253      0.000       0.469       1.458      *
    P15$1             -0.142       0.192      0.222      -0.530       0.239
    P15$2              0.496       0.211      0.005       0.126       0.959      *
    P15$3              1.067       0.272      0.000       0.595       1.666      *
    P25$1             -0.142       0.192      0.222      -0.530       0.239
    P25$2              0.496       0.211      0.005       0.126       0.959      *
    P25$3              1.067       0.272      0.000       0.595       1.666      *
    P16$1             -0.113       0.157      0.222      -0.439       0.194
    P16$2              0.400       0.185      0.005       0.099       0.822      *
    P16$3              0.864       0.258      0.000       0.448       1.454      *
    P26$1             -0.113       0.157      0.222      -0.439       0.194
    P26$2              0.400       0.185      0.005       0.099       0.822      *
    P26$3              0.864       0.258      0.000       0.448       1.454      *
    P17$1              0.235       0.042      0.000       0.155       0.316      *
    P17$2              0.425       0.075      0.000       0.280       0.570      *
    P17$3              0.654       0.115      0.000       0.431       0.878      *
    P17$4              0.801       0.141      0.000       0.527       1.074      *
    P27$1              0.235       0.042      0.000       0.155       0.316      *
    P27$2              0.425       0.075      0.000       0.280       0.570      *
    P27$3              0.654       0.115      0.000       0.431       0.878      *
    P27$4              0.801       0.141      0.000       0.527       1.074      *
    P18$1             -0.153       0.199      0.222      -0.537       0.258
    P18$2              0.532       0.235      0.005       0.130       1.055      *
    P18$3              1.142       0.318      0.000       0.598       1.853      *
    P28$1              0.209       0.039      0.000       0.136       0.288      *
    P28$2              0.378       0.070      0.000       0.246       0.519      *
    P28$3              0.581       0.108      0.000       0.379       0.799      *
    P28$4              0.711       0.132      0.000       0.464       0.978      *
    P19$1             -0.173       0.230      0.222      -0.628       0.288
    P19$2              0.602       0.250      0.005       0.155       1.131      *
    P19$3              1.290       0.321      0.000       0.727       1.980      *
    P29$1             -0.173       0.230      0.222      -0.628       0.288
    P29$2              0.602       0.250      0.005       0.155       1.131      *
    P29$3              1.290       0.321      0.000       0.727       1.980      *
    P110$1             0.273       0.046      0.000       0.179       0.355      *
    P110$2             0.492       0.082      0.000       0.323       0.641      *
    P110$3             0.758       0.127      0.000       0.497       0.987      *
    P110$4             0.927       0.155      0.000       0.609       1.208      *
    P210$1             0.472       0.288      0.040      -0.056       1.072
    P210$2             1.391       0.482      0.000       0.581       2.477      *

 Variances
    S1                 1.000       0.000      0.000       1.000       1.000
    S2                 1.000       0.000      0.000       1.000       1.000
    S3                 1.000       0.000      0.000       1.000       1.000
    S4                 1.000       0.000      0.000       1.000       1.000
    S5                 1.000       0.000      0.000       1.000       1.000
    S6                 1.000       0.000      0.000       1.000       1.000
    S7                 1.000       0.000      0.000       1.000       1.000
    S8                 1.000       0.000      0.000       1.000       1.000
    S9                 1.000       0.000      0.000       1.000       1.000
    S10                1.000       0.000      0.000       1.000       1.000


R-SQUARE

                                Posterior  One-Tailed         95% C.I.
    Variable        Estimate       S.D.      P-Value   Lower 2.5%  Upper 2.5%

    P11                0.666       0.111      0.000       0.413       0.842
    P21                0.666       0.111      0.000       0.413       0.842
    P12                0.647       0.125      0.000       0.367       0.849
    P22                0.647       0.125      0.000       0.367       0.849
    P13                0.759       0.099      0.000       0.511       0.897
    P23                0.759       0.099      0.000       0.511       0.897
    P14                0.859       0.073      0.000       0.663       0.948
    P24                0.859       0.073      0.000       0.663       0.948
    P15                0.787       0.079      0.000       0.597       0.903
    P25                0.787       0.079      0.000       0.597       0.903
    P16                0.861       0.071      0.000       0.674       0.948
    P26                0.861       0.071      0.000       0.674       0.948
    P17                0.692       0.109      0.000       0.444       0.866
    P27                0.692       0.109      0.000       0.444       0.866
    P18                0.757       0.093      0.000       0.539       0.896
    P28                0.757       0.093      0.000       0.539       0.896
    P19                0.687       0.099      0.000       0.460       0.848
    P29                0.687       0.099      0.000       0.460       0.848
    P110               0.586       0.137      0.000       0.297       0.821
    P210               0.586       0.137      0.000       0.297       0.821


TECHNICAL 1 OUTPUT


     PARAMETER SPECIFICATION


           TAU
              P11$1         P11$2         P11$3         P11$4         P21$1
              ________      ________      ________      ________      ________
                   65            66            67            68            65


           TAU
              P21$2         P21$3         P21$4         P12$1         P12$2
              ________      ________      ________      ________      ________
                   66            67            68            65            66


           TAU
              P12$3         P12$4         P22$1         P22$2         P22$3
              ________      ________      ________      ________      ________
                   67            68            65            66            67


           TAU
              P22$4         P13$1         P13$2         P13$3         P13$4
              ________      ________      ________      ________      ________
                   68            65            66            67            68


           TAU
              P23$1         P23$2         P23$3         P23$4         P14$1
              ________      ________      ________      ________      ________
                   65            66            67            68            69


           TAU
              P14$2         P24$1         P24$2         P24$3         P15$1
              ________      ________      ________      ________      ________
                   70            71            72            73            71


           TAU
              P15$2         P15$3         P25$1         P25$2         P25$3
              ________      ________      ________      ________      ________
                   72            73            71            72            73


           TAU
              P16$1         P16$2         P16$3         P26$1         P26$2
              ________      ________      ________      ________      ________
                   71            72            73            71            72


           TAU
              P26$3         P17$1         P17$2         P17$3         P17$4
              ________      ________      ________      ________      ________
                   73            65            66            67            68


           TAU
              P27$1         P27$2         P27$3         P27$4         P18$1
              ________      ________      ________      ________      ________
                   65            66            67            68            71


           TAU
              P18$2         P18$3         P28$1         P28$2         P28$3
              ________      ________      ________      ________      ________
                   72            73            65            66            67


           TAU
              P28$4         P19$1         P19$2         P19$3         P29$1
              ________      ________      ________      ________      ________
                   68            71            72            73            71


           TAU
              P29$2         P29$3         P110$1        P110$2        P110$3
              ________      ________      ________      ________      ________
                   72            73            65            66            67


           TAU
              P110$4        P210$1        P210$2
              ________      ________      ________
                   68            74            75


           NU
              P11           P21           P12           P22           P13
              ________      ________      ________      ________      ________
                    0             0             0             0             0


           NU
              P23           P14           P24           P15           P25
              ________      ________      ________      ________      ________
                    0             0             0             0             0


           NU
              P16           P26           P17           P27           P18
              ________      ________      ________      ________      ________
                    0             0             0             0             0


           NU
              P28           P19           P29           P110          P210
              ________      ________      ________      ________      ________
                    0             0             0             0             0


           LAMBDA
              S1            S2            S3            S4            S5
              ________      ________      ________      ________      ________
 P11                0             0             0             0             0
 P21                0             0             0             0             0
 P12                0             0             0             0             0
 P22                0             0             0             0             0
 P13                0             0             0             0             0
 P23                0             0             0             0             0
 P14                0             0             0             0             0
 P24                0             0             0             0             0
 P15                0             0             0             0             0
 P25                0             0             0             0             0
 P16                0             0             0             0             0
 P26                0             0             0             0             0
 P17                0             0             0             0             0
 P27                0             0             0             0             0
 P18                0             0             0             0             0
 P28                0             0             0             0             0
 P19                0             0             0             0             0
 P29                0             0             0             0             0
 P110               0             0             0             0             0
 P210               0             0             0             0             0


           LAMBDA
              S6            S7            S8            S9            S10
              ________      ________      ________      ________      ________
 P11                0             0             0             0             0
 P21                0             0             0             0             0
 P12                0             0             0             0             0
 P22                0             0             0             0             0
 P13                0             0             0             0             0
 P23                0             0             0             0             0
 P14                0             0             0             0             0
 P24                0             0             0             0             0
 P15                0             0             0             0             0
 P25                0             0             0             0             0
 P16                0             0             0             0             0
 P26                0             0             0             0             0
 P17                0             0             0             0             0
 P27                0             0             0             0             0
 P18                0             0             0             0             0
 P28                0             0             0             0             0
 P19                0             0             0             0             0
 P29                0             0             0             0             0
 P110               0             0             0             0             0
 P210               0             0             0             0             0


           THETA
              P11           P21           P12           P22           P13
              ________      ________      ________      ________      ________
 P11                0
 P21                0             0
 P12                0             0             0
 P22                0             0             0             0
 P13                0             0             0             0             0
 P23                0             0             0             0             0
 P14                0             0             0             0             0
 P24                0             0             0             0             0
 P15                0             0             0             0             0
 P25                0             0             0             0             0
 P16                0             0             0             0             0
 P26                0             0             0             0             0
 P17                0             0             0             0             0
 P27                0             0             0             0             0
 P18                0             0             0             0             0
 P28                0             0             0             0             0
 P19                0             0             0             0             0
 P29                0             0             0             0             0
 P110               0             0             0             0             0
 P210               0             0             0             0             0


           THETA
              P23           P14           P24           P15           P25
              ________      ________      ________      ________      ________
 P23                0
 P14                0             0
 P24                0             0             0
 P15                0             0             0             0
 P25                0             0             0             0             0
 P16                0             0             0             0             0
 P26                0             0             0             0             0
 P17                0             0             0             0             0
 P27                0             0             0             0             0
 P18                0             0             0             0             0
 P28                0             0             0             0             0
 P19                0             0             0             0             0
 P29                0             0             0             0             0
 P110               0             0             0             0             0
 P210               0             0             0             0             0


           THETA
              P16           P26           P17           P27           P18
              ________      ________      ________      ________      ________
 P16                0
 P26                0             0
 P17                0             0             0
 P27                0             0             0             0
 P18                0             0             0             0             0
 P28                0             0             0             0             0
 P19                0             0             0             0             0
 P29                0             0             0             0             0
 P110               0             0             0             0             0
 P210               0             0             0             0             0


           THETA
              P28           P19           P29           P110          P210
              ________      ________      ________      ________      ________
 P28                0
 P19                0             0
 P29                0             0             0
 P110               0             0             0             0
 P210               0             0             0             0             0


           ALPHA
              S1            S2            S3            S4            S5
              ________      ________      ________      ________      ________
                    0             1             2             3             4


           ALPHA
              S6            S7            S8            S9            S10
              ________      ________      ________      ________      ________
                    5             6             7             8             9


           BETA
              S1            S2            S3            S4            S5
              ________      ________      ________      ________      ________
 S1                 0             0             0             0             0
 S2                 0             0             0             0             0
 S3                 0             0             0             0             0
 S4                 0             0             0             0             0
 S5                 0             0             0             0             0
 S6                 0             0             0             0             0
 S7                 0             0             0             0             0
 S8                 0             0             0             0             0
 S9                 0             0             0             0             0
 S10                0             0             0             0             0


           BETA
              S6            S7            S8            S9            S10
              ________      ________      ________      ________      ________
 S1                 0             0             0             0             0
 S2                 0             0             0             0             0
 S3                 0             0             0             0             0
 S4                 0             0             0             0             0
 S5                 0             0             0             0             0
 S6                 0             0             0             0             0
 S7                 0             0             0             0             0
 S8                 0             0             0             0             0
 S9                 0             0             0             0             0
 S10                0             0             0             0             0


           PSI
              S1            S2            S3            S4            S5
              ________      ________      ________      ________      ________
 S1                10
 S2                11            12
 S3                13            14            15
 S4                16            17            18            19
 S5                20            21            22            23            24
 S6                25            26            27            28            29
 S7                31            32            33            34            35
 S8                38            39            40            41            42
 S9                46            47            48            49            50
 S10               55            56            57            58            59


           PSI
              S6            S7            S8            S9            S10
              ________      ________      ________      ________      ________
 S6                30
 S7                36            37
 S8                43            44            45
 S9                51            52            53            54
 S10               60            61            62            63            64


     STARTING VALUES


           TAU
              P11$1         P11$2         P11$3         P11$4         P21$1
              ________      ________      ________      ________      ________
               -1.000        -0.500         0.200         1.500         0.424


           TAU
              P21$2         P21$3         P21$4         P12$1         P12$2
              ________      ________      ________      ________      ________
                0.765         1.178         1.441         0.424         0.765


           TAU
              P12$3         P12$4         P22$1         P22$2         P22$3
              ________      ________      ________      ________      ________
                1.178         1.441         0.424         0.765         1.178


           TAU
              P22$4         P13$1         P13$2         P13$3         P13$4
              ________      ________      ________      ________      ________
                1.441         0.424         0.765         1.178         1.441


           TAU
              P23$1         P23$2         P23$3         P23$4         P14$1
              ________      ________      ________      ________      ________
                0.424         0.765         1.178         1.441         0.311


           TAU
              P14$2         P24$1         P24$2         P24$3         P15$1
              ________      ________      ________      ________      ________
                0.680         0.591         1.185         1.630         0.591


           TAU
              P15$2         P15$3         P25$1         P25$2         P25$3
              ________      ________      ________      ________      ________
                1.185         1.630         0.591         1.185         1.630


           TAU
              P16$1         P16$2         P16$3         P26$1         P26$2
              ________      ________      ________      ________      ________
                0.591         1.185         1.630         0.591         1.185


           TAU
              P26$3         P17$1         P17$2         P17$3         P17$4
              ________      ________      ________      ________      ________
                1.630         0.424         0.765         1.178         1.441


           TAU
              P27$1         P27$2         P27$3         P27$4         P18$1
              ________      ________      ________      ________      ________
                0.424         0.765         1.178         1.441         0.591


           TAU
              P18$2         P18$3         P28$1         P28$2         P28$3
              ________      ________      ________      ________      ________
                1.185         1.630         0.424         0.765         1.178


           TAU
              P28$4         P19$1         P19$2         P19$3         P29$1
              ________      ________      ________      ________      ________
                1.441         0.591         1.185         1.630         0.591


           TAU
              P29$2         P29$3         P110$1        P110$2        P110$3
              ________      ________      ________      ________      ________
                1.185         1.630         0.424         0.765         1.178


           TAU
              P110$4        P210$1        P210$2
              ________      ________      ________
                1.441         1.081         1.908


           NU
              P11           P21           P12           P22           P13
              ________      ________      ________      ________      ________
                0.000         0.000         0.000         0.000         0.000


           NU
              P23           P14           P24           P15           P25
              ________      ________      ________      ________      ________
                0.000         0.000         0.000         0.000         0.000


           NU
              P16           P26           P17           P27           P18
              ________      ________      ________      ________      ________
                0.000         0.000         0.000         0.000         0.000


           NU
              P28           P19           P29           P110          P210
              ________      ________      ________      ________      ________
                0.000         0.000         0.000         0.000         0.000


           LAMBDA
              S1            S2            S3            S4            S5
              ________      ________      ________      ________      ________
 P11            1.000         0.000         0.000         0.000         0.000
 P21            1.000         0.000         0.000         0.000         0.000
 P12            0.000         1.000         0.000         0.000         0.000
 P22            0.000         1.000         0.000         0.000         0.000
 P13            0.000         0.000         1.000         0.000         0.000
 P23            0.000         0.000         1.000         0.000         0.000
 P14            0.000         0.000         0.000         1.000         0.000
 P24            0.000         0.000         0.000         1.000         0.000
 P15            0.000         0.000         0.000         0.000         1.000
 P25            0.000         0.000         0.000         0.000         1.000
 P16            0.000         0.000         0.000         0.000         0.000
 P26            0.000         0.000         0.000         0.000         0.000
 P17            0.000         0.000         0.000         0.000         0.000
 P27            0.000         0.000         0.000         0.000         0.000
 P18            0.000         0.000         0.000         0.000         0.000
 P28            0.000         0.000         0.000         0.000         0.000
 P19            0.000         0.000         0.000         0.000         0.000
 P29            0.000         0.000         0.000         0.000         0.000
 P110           0.000         0.000         0.000         0.000         0.000
 P210           0.000         0.000         0.000         0.000         0.000


           LAMBDA
              S6            S7            S8            S9            S10
              ________      ________      ________      ________      ________
 P11            0.000         0.000         0.000         0.000         0.000
 P21            0.000         0.000         0.000         0.000         0.000
 P12            0.000         0.000         0.000         0.000         0.000
 P22            0.000         0.000         0.000         0.000         0.000
 P13            0.000         0.000         0.000         0.000         0.000
 P23            0.000         0.000         0.000         0.000         0.000
 P14            0.000         0.000         0.000         0.000         0.000
 P24            0.000         0.000         0.000         0.000         0.000
 P15            0.000         0.000         0.000         0.000         0.000
 P25            0.000         0.000         0.000         0.000         0.000
 P16            1.000         0.000         0.000         0.000         0.000
 P26            1.000         0.000         0.000         0.000         0.000
 P17            0.000         1.000         0.000         0.000         0.000
 P27            0.000         1.000         0.000         0.000         0.000
 P18            0.000         0.000         1.000         0.000         0.000
 P28            0.000         0.000         1.000         0.000         0.000
 P19            0.000         0.000         0.000         1.000         0.000
 P29            0.000         0.000         0.000         1.000         0.000
 P110           0.000         0.000         0.000         0.000         1.000
 P210           0.000         0.000         0.000         0.000         1.000


           THETA
              P11           P21           P12           P22           P13
              ________      ________      ________      ________      ________
 P11            1.000
 P21            0.000         1.000
 P12            0.000         0.000         1.000
 P22            0.000         0.000         0.000         1.000
 P13            0.000         0.000         0.000         0.000         1.000
 P23            0.000         0.000         0.000         0.000         0.000
 P14            0.000         0.000         0.000         0.000         0.000
 P24            0.000         0.000         0.000         0.000         0.000
 P15            0.000         0.000         0.000         0.000         0.000
 P25            0.000         0.000         0.000         0.000         0.000
 P16            0.000         0.000         0.000         0.000         0.000
 P26            0.000         0.000         0.000         0.000         0.000
 P17            0.000         0.000         0.000         0.000         0.000
 P27            0.000         0.000         0.000         0.000         0.000
 P18            0.000         0.000         0.000         0.000         0.000
 P28            0.000         0.000         0.000         0.000         0.000
 P19            0.000         0.000         0.000         0.000         0.000
 P29            0.000         0.000         0.000         0.000         0.000
 P110           0.000         0.000         0.000         0.000         0.000
 P210           0.000         0.000         0.000         0.000         0.000


           THETA
              P23           P14           P24           P15           P25
              ________      ________      ________      ________      ________
 P23            1.000
 P14            0.000         1.000
 P24            0.000         0.000         1.000
 P15            0.000         0.000         0.000         1.000
 P25            0.000         0.000         0.000         0.000         1.000
 P16            0.000         0.000         0.000         0.000         0.000
 P26            0.000         0.000         0.000         0.000         0.000
 P17            0.000         0.000         0.000         0.000         0.000
 P27            0.000         0.000         0.000         0.000         0.000
 P18            0.000         0.000         0.000         0.000         0.000
 P28            0.000         0.000         0.000         0.000         0.000
 P19            0.000         0.000         0.000         0.000         0.000
 P29            0.000         0.000         0.000         0.000         0.000
 P110           0.000         0.000         0.000         0.000         0.000
 P210           0.000         0.000         0.000         0.000         0.000


           THETA
              P16           P26           P17           P27           P18
              ________      ________      ________      ________      ________
 P16            1.000
 P26            0.000         1.000
 P17            0.000         0.000         1.000
 P27            0.000         0.000         0.000         1.000
 P18            0.000         0.000         0.000         0.000         1.000
 P28            0.000         0.000         0.000         0.000         0.000
 P19            0.000         0.000         0.000         0.000         0.000
 P29            0.000         0.000         0.000         0.000         0.000
 P110           0.000         0.000         0.000         0.000         0.000
 P210           0.000         0.000         0.000         0.000         0.000


           THETA
              P28           P19           P29           P110          P210
              ________      ________      ________      ________      ________
 P28            1.000
 P19            0.000         1.000
 P29            0.000         0.000         1.000
 P110           0.000         0.000         0.000         1.000
 P210           0.000         0.000         0.000         0.000         1.000


           ALPHA
              S1            S2            S3            S4            S5
              ________      ________      ________      ________      ________
                0.000         0.000         0.000         0.000         0.000


           ALPHA
              S6            S7            S8            S9            S10
              ________      ________      ________      ________      ________
                0.000         0.000         0.000         0.000         0.000


           BETA
              S1            S2            S3            S4            S5
              ________      ________      ________      ________      ________
 S1             0.000         0.000         0.000         0.000         0.000
 S2             0.000         0.000         0.000         0.000         0.000
 S3             0.000         0.000         0.000         0.000         0.000
 S4             0.000         0.000         0.000         0.000         0.000
 S5             0.000         0.000         0.000         0.000         0.000
 S6             0.000         0.000         0.000         0.000         0.000
 S7             0.000         0.000         0.000         0.000         0.000
 S8             0.000         0.000         0.000         0.000         0.000
 S9             0.000         0.000         0.000         0.000         0.000
 S10            0.000         0.000         0.000         0.000         0.000


           BETA
              S6            S7            S8            S9            S10
              ________      ________      ________      ________      ________
 S1             0.000         0.000         0.000         0.000         0.000
 S2             0.000         0.000         0.000         0.000         0.000
 S3             0.000         0.000         0.000         0.000         0.000
 S4             0.000         0.000         0.000         0.000         0.000
 S5             0.000         0.000         0.000         0.000         0.000
 S6             0.000         0.000         0.000         0.000         0.000
 S7             0.000         0.000         0.000         0.000         0.000
 S8             0.000         0.000         0.000         0.000         0.000
 S9             0.000         0.000         0.000         0.000         0.000
 S10            0.000         0.000         0.000         0.000         0.000


           PSI
              S1            S2            S3            S4            S5
              ________      ________      ________      ________      ________
 S1             1.000
 S2             0.000         1.000
 S3             0.000         0.000         1.000
 S4             0.000         0.000         0.000         1.000
 S5             0.000         0.000         0.000         0.000         1.000
 S6             0.000         0.000         0.000         0.000         0.000
 S7             0.000         0.000         0.000         0.000         0.000
 S8             0.000         0.000         0.000         0.000         0.000
 S9             0.000         0.000         0.000         0.000         0.000
 S10            0.000         0.000         0.000         0.000         0.000


           PSI
              S6            S7            S8            S9            S10
              ________      ________      ________      ________      ________
 S6             1.000
 S7             0.000         1.000
 S8             0.000         0.000         1.000
 S9             0.000         0.000         0.000         1.000
 S10            0.000         0.000         0.000         0.000         1.000



     PRIORS FOR ALL PARAMETERS            PRIOR MEAN      PRIOR VARIANCE     PRIOR STD. DEV.

     Parameter 1~N(0.000,infinity)           0.0000            infinity            infinity
     Parameter 2~N(0.000,infinity)           0.0000            infinity            infinity
     Parameter 3~N(0.000,infinity)           0.0000            infinity            infinity
     Parameter 4~N(0.000,infinity)           0.0000            infinity            infinity
     Parameter 5~N(0.000,infinity)           0.0000            infinity            infinity
     Parameter 6~N(0.000,infinity)           0.0000            infinity            infinity
     Parameter 7~N(0.000,infinity)           0.0000            infinity            infinity
     Parameter 8~N(0.000,infinity)           0.0000            infinity            infinity
     Parameter 9~N(0.000,infinity)           0.0000            infinity            infinity
     Parameter 10~IW(1.000,11)             infinity            infinity            infinity
     Parameter 11~IW(0.000,11)             infinity            infinity            infinity
     Parameter 12~IW(1.000,11)             infinity            infinity            infinity
     Parameter 13~IW(0.000,11)             infinity            infinity            infinity
     Parameter 14~IW(0.000,11)             infinity            infinity            infinity
     Parameter 15~IW(1.000,11)             infinity            infinity            infinity
     Parameter 16~IW(0.000,11)             infinity            infinity            infinity
     Parameter 17~IW(0.000,11)             infinity            infinity            infinity
     Parameter 18~IW(0.000,11)             infinity            infinity            infinity
     Parameter 19~IW(1.000,11)             infinity            infinity            infinity
     Parameter 20~IW(0.000,11)             infinity            infinity            infinity
     Parameter 21~IW(0.000,11)             infinity            infinity            infinity
     Parameter 22~IW(0.000,11)             infinity            infinity            infinity
     Parameter 23~IW(0.000,11)             infinity            infinity            infinity
     Parameter 24~IW(1.000,11)             infinity            infinity            infinity
     Parameter 25~IW(0.000,11)             infinity            infinity            infinity
     Parameter 26~IW(0.000,11)             infinity            infinity            infinity
     Parameter 27~IW(0.000,11)             infinity            infinity            infinity
     Parameter 28~IW(0.000,11)             infinity            infinity            infinity
     Parameter 29~IW(0.000,11)             infinity            infinity            infinity
     Parameter 30~IW(1.000,11)             infinity            infinity            infinity
     Parameter 31~IW(0.000,11)             infinity            infinity            infinity
     Parameter 32~IW(0.000,11)             infinity            infinity            infinity
     Parameter 33~IW(0.000,11)             infinity            infinity            infinity
     Parameter 34~IW(0.000,11)             infinity            infinity            infinity
     Parameter 35~IW(0.000,11)             infinity            infinity            infinity
     Parameter 36~IW(0.000,11)             infinity            infinity            infinity
     Parameter 37~IW(1.000,11)             infinity            infinity            infinity
     Parameter 38~IW(0.000,11)             infinity            infinity            infinity
     Parameter 39~IW(0.000,11)             infinity            infinity            infinity
     Parameter 40~IW(0.000,11)             infinity            infinity            infinity
     Parameter 41~IW(0.000,11)             infinity            infinity            infinity
     Parameter 42~IW(0.000,11)             infinity            infinity            infinity
     Parameter 43~IW(0.000,11)             infinity            infinity            infinity
     Parameter 44~IW(0.000,11)             infinity            infinity            infinity
     Parameter 45~IW(1.000,11)             infinity            infinity            infinity
     Parameter 46~IW(0.000,11)             infinity            infinity            infinity
     Parameter 47~IW(0.000,11)             infinity            infinity            infinity
     Parameter 48~IW(0.000,11)             infinity            infinity            infinity
     Parameter 49~IW(0.000,11)             infinity            infinity            infinity
     Parameter 50~IW(0.000,11)             infinity            infinity            infinity
     Parameter 51~IW(0.000,11)             infinity            infinity            infinity
     Parameter 52~IW(0.000,11)             infinity            infinity            infinity
     Parameter 53~IW(0.000,11)             infinity            infinity            infinity
     Parameter 54~IW(1.000,11)             infinity            infinity            infinity
     Parameter 55~IW(0.000,11)             infinity            infinity            infinity
     Parameter 56~IW(0.000,11)             infinity            infinity            infinity
     Parameter 57~IW(0.000,11)             infinity            infinity            infinity
     Parameter 58~IW(0.000,11)             infinity            infinity            infinity
     Parameter 59~IW(0.000,11)             infinity            infinity            infinity
     Parameter 60~IW(0.000,11)             infinity            infinity            infinity
     Parameter 61~IW(0.000,11)             infinity            infinity            infinity
     Parameter 62~IW(0.000,11)             infinity            infinity            infinity
     Parameter 63~IW(0.000,11)             infinity            infinity            infinity
     Parameter 64~IW(1.000,11)             infinity            infinity            infinity
     Parameter 65~N(0.000,5.000)             0.0000              5.0000              2.2361
     Parameter 66~N(0.000,5.000)             0.0000              5.0000              2.2361
     Parameter 67~N(0.000,5.000)             0.0000              5.0000              2.2361
     Parameter 68~N(0.000,5.000)             0.0000              5.0000              2.2361
     Parameter 69~N(0.000,5.000)             0.0000              5.0000              2.2361
     Parameter 70~N(0.000,5.000)             0.0000              5.0000              2.2361
     Parameter 71~N(0.000,5.000)             0.0000              5.0000              2.2361
     Parameter 72~N(0.000,5.000)             0.0000              5.0000              2.2361
     Parameter 73~N(0.000,5.000)             0.0000              5.0000              2.2361
     Parameter 74~N(0.000,5.000)             0.0000              5.0000              2.2361
     Parameter 75~N(0.000,5.000)             0.0000              5.0000              2.2361


TECHNICAL 8 OUTPUT


   TECHNICAL 8 OUTPUT FOR BAYES ESTIMATION

     CHAIN    BSEED
     1        0
     2        285380

                     POTENTIAL       PARAMETER WITH
     ITERATION    SCALE REDUCTION      HIGHEST PSR
     100              1.428               35
     200              1.348               7
     300              1.193               26
     400              1.111               30
     500              1.080               30
     600              1.074               23
     700              1.113               30
     800              1.070               30
     900              1.115               30
     1000             1.056               30
     1100             1.040               30
     1200             1.042               17
     1300             1.026               39
     1400             1.026               12
     1500             1.026               62
     1600             1.040               62
     1700             1.051               62
     1800             1.050               64
     1900             1.054               64
     2000             1.044               64
     2100             1.036               64
     2200             1.035               64
     2300             1.028               64
     2400             1.027               64
     2500             1.016               64
     2600             1.017               64
     2700             1.016               64
     2800             1.012               5
     2900             1.014               5
     3000             1.015               3
     3100             1.012               49
     3200             1.018               3
     3300             1.011               3
     3400             1.008               59
     3500             1.012               59
     3600             1.006               59
     3700             1.007               19
     3800             1.008               59
     3900             1.008               4
     4000             1.007               59
     4100             1.010               45
     4200             1.005               44
     4300             1.008               45
     4400             1.008               35
     4500             1.010               45
     4600             1.014               45
     4700             1.010               57
     4800             1.011               45
     4900             1.011               45
     5000             1.012               45
     5100             1.014               45
     5200             1.015               45
     5300             1.015               45
     5400             1.012               45
     5500             1.012               45
     5600             1.013               45
     5700             1.012               45
     5800             1.010               45
     5900             1.009               5
     6000             1.012               5
     6100             1.011               45
     6200             1.013               45
     6300             1.012               45
     6400             1.012               27
     6500             1.010               27
     6600             1.008               45
     6700             1.007               45
     6800             1.006               45
     6900             1.007               26
     7000             1.007               26
     7100             1.007               26
     7200             1.008               26
     7300             1.005               26
     7400             1.006               26
     7500             1.007               26
     7600             1.008               26
     7700             1.008               5
     7800             1.011               5
     7900             1.010               5
     8000             1.007               5
     8100             1.008               39
     8200             1.008               39
     8300             1.009               39
     8400             1.007               39
     8500             1.007               39
     8600             1.007               26
     8700             1.007               5
     8800             1.008               5
     8900             1.008               5
     9000             1.008               30
     9100             1.007               5
     9200             1.010               5
     9300             1.008               30
     9400             1.009               5
     9500             1.008               30
     9600             1.007               30
     9700             1.006               30
     9800             1.004               30
     9900             1.004               30
     10000            1.004               5
     10100            1.005               19
     10200            1.005               5
     10300            1.005               5
     10400            1.007               5
     10500            1.011               30
     10600            1.015               30
     10700            1.016               30
     10800            1.017               30
     10900            1.018               30
     11000            1.019               30
     11100            1.020               30
     11200            1.020               30
     11300            1.021               30
     11400            1.023               30
     11500            1.023               30
     11600            1.020               30
     11700            1.019               30
     11800            1.019               30
     11900            1.019               30
     12000            1.018               30
     12100            1.019               30
     12200            1.019               30
     12300            1.017               30
     12400            1.013               30
     12500            1.012               30
     12600            1.010               30
     12700            1.010               30
     12800            1.011               30
     12900            1.013               30
     13000            1.013               30
     13100            1.015               30
     13200            1.016               30
     13300            1.016               30
     13400            1.018               30
     13500            1.018               30
     13600            1.018               30
     13700            1.017               30
     13800            1.017               30
     13900            1.013               30
     14000            1.012               30
     14100            1.012               30
     14200            1.012               30
     14300            1.013               30
     14400            1.012               30
     14500            1.012               30
     14600            1.011               30
     14700            1.012               30
     14800            1.014               30
     14900            1.013               30
     15000            1.014               30
     15100            1.014               30
     15200            1.015               30
     15300            1.015               30
     15400            1.015               30
     15500            1.014               30
     15600            1.011               30
     15700            1.011               30
     15800            1.013               30
     15900            1.013               30
     16000            1.016               30
     16100            1.016               30
     16200            1.016               30
     16300            1.015               30
     16400            1.015               30
     16500            1.014               30
     16600            1.010               30
     16700            1.010               30
     16800            1.010               30
     16900            1.010               30
     17000            1.010               30
     17100            1.010               30
     17200            1.008               30
     17300            1.008               30
     17400            1.008               30
     17500            1.009               30
     17600            1.008               30
     17700            1.008               30
     17800            1.007               30
     17900            1.007               30
     18000            1.006               30
     18100            1.006               30
     18200            1.005               30
     18300            1.004               30
     18400            1.004               30
     18500            1.004               30
     18600            1.004               30
     18700            1.003               30
     18800            1.002               72
     18900            1.002               72
     19000            1.003               72
     19100            1.004               72
     19200            1.004               72
     19300            1.003               72
     19400            1.003               72
     19500            1.003               72
     19600            1.004               72
     19700            1.005               3
     19800            1.004               3
     19900            1.004               3
     20000            1.004               3


PLOT INFORMATION

The following plots are available:

  Sample proportions and estimated probabilities
  Bayesian posterior parameter distributions
  Bayesian posterior parameter trace plots
  Bayesian autocorrelation plots
  Bayesian prior parameter distributions
  Bayesian posterior predictive checking scatterplots
  Bayesian posterior predictive checking distribution plots

     Beginning Time:  11:38:35
        Ending Time:  11:40:02
       Elapsed Time:  00:01:27



MUTHEN & MUTHEN
3463 Stoner Ave.
Los Angeles, CA  90066

Tel: (310) 391-9971
Fax: (310) 391-8971
Web: www.StatModel.com
Support: Support@StatModel.com

Copyright (c) 1998-2023 Muthen & Muthen
