Mplus VERSION 8.11 (Mac)
MUTHEN & MUTHEN
05/05/2025  10:04 PM

INPUT INSTRUCTIONS

  DATA:

  File is laac2_wide.dat;

  VARIABLE:

  NAMES =   subject task
  Y1_1    Y1_10   Y1_2    Y1_3    Y1_4    Y1_5    Y1_6
  Y1_7    Y1_8    Y1_9    Y10_1   Y10_10  Y10_2   Y10_3   Y10_4   Y10_5
  Y10_6   Y10_7   Y10_8   Y10_9   Y11_1   Y11_10  Y11_2   Y11_3   Y11_4
  Y11_5   Y11_6   Y11_7   Y11_8   Y11_9   Y12_1   Y12_10  Y12_2   Y12_3
  Y12_4   Y12_5   Y12_6   Y12_7   Y12_8   Y12_9   Y2_1    Y2_10   Y2_2
  Y2_3    Y2_4    Y2_5    Y2_6    Y2_7    Y2_8    Y2_9    Y3_1    Y3_10
  Y3_2    Y3_3    Y3_4    Y3_5    Y3_6    Y3_7    Y3_8    Y3_9    Y4_1
  Y4_10   Y4_2    Y4_3    Y4_4    Y4_5    Y4_6    Y4_7    Y4_8    Y4_9
  Y5_1    Y5_10   Y5_2    Y5_3    Y5_4    Y5_5    Y5_6    Y5_7    Y5_8
  Y5_9    Y6_1    Y6_10   Y6_2    Y6_3    Y6_4    Y6_5    Y6_6    Y6_7
  Y6_8    Y6_9    Y7_1    Y7_10   Y7_2    Y7_3    Y7_4    Y7_5    Y7_6
  Y7_7    Y7_8    Y7_9    Y8_1    Y8_10   Y8_2    Y8_3    Y8_4    Y8_5
  Y8_6    Y8_7    Y8_8    Y8_9    Y9_1    Y9_10   Y9_2    Y9_3    Y9_4
  Y9_5    Y9_6    Y9_7    Y9_8    Y9_9;


  USEVARIABLES =  P11 P21 P12 P22 P13 P23 P14 P24
  	       P15 P25 P16 P26 P17 P27 P18 P28 P19 P29
  	       P110 P210 ;
  	
  Categ =   P11 P21 P12 P22 P13 P23 P14 P24
  	       P15 P25 P16 P26 P17 P27 P18 P28 P19 P29
  	       P110 P210 ;
  	

  Missing = All(-99);	

  useobservations are (task EQ 6);

  ! "'attention'=1;'communication'=2;'reasoning'=3;'visible_food'=4;
  !'population'=5;'inhibit_searched'=6"

  DEFINE:
  P11 = Y1_1 + Y3_1 + Y5_1 + Y7_1 + Y9_1 + Y11_1;
  P21 =  Y2_1 + Y4_1 + Y6_1 + Y8_1 + Y10_1 + Y12_1;

  P12 =  Y1_2 + Y3_2 + Y5_2 + Y7_2 + Y9_2 + Y11_2;
  P22 =  Y2_2 + Y4_2 + Y6_2 + Y8_2 + Y10_2 + Y12_2;

  P13 =  Y1_3 + Y3_3 + Y5_3 + Y7_3 + Y9_3 + Y11_3;
  P23 =  Y2_3 + Y4_3 + Y6_3 + Y8_3 + Y10_3 + Y12_3;

  P14 =  Y1_4 + Y3_4 + Y5_4 + Y7_4 + Y9_4 + Y11_4;
  P24 =  Y2_4 + Y4_4 + Y6_4 + Y8_4 + Y10_4 + Y12_4;

  P15 =  Y1_5 + Y3_5 + Y5_5 + Y7_5 + Y9_5 + Y11_5;
  P25 =  Y2_5 + Y4_5 + Y6_5 + Y8_5 + Y10_5 + Y12_5;

  P16 =  Y1_6 + Y3_6 + Y5_6 + Y7_6 + Y9_6 + Y11_6;
  P26 =  Y2_6 + Y4_6 + Y6_6 + Y8_6 + Y10_6 + Y12_6;

  P17 =  Y1_7 + Y3_7 + Y5_7 + Y7_7 + Y9_7 + Y11_7;
  P27 =  Y2_7 + Y4_7 + Y6_7 + Y8_7 + Y10_7 + Y12_7;

  P18 =  Y1_8 + Y3_8 + Y5_8 + Y7_8 + Y9_8 + Y11_8;
  P28 =  Y2_8 + Y4_8 + Y6_8 + Y8_8 + Y10_8 + Y12_8;

  P19 =  Y1_9 + Y3_9 + Y5_9 + Y7_9 + Y9_9 + Y11_9;
  P29 =  Y2_9 + Y4_9 + Y6_9 + Y8_9 + Y10_9 + Y12_9;

  P110 =  Y1_10 + Y3_10 + Y5_10 + Y7_10 + Y9_10 + Y11_10;
  P210 =  Y2_10 + Y4_10 + Y6_10 + Y8_10 + Y10_10 + Y12_10;


    IF (P11>3) THEN P11=3;
    IF (P21>3) THEN P21=3;
    IF (P12>3) THEN P12=3;
    IF (P22>3) THEN P22=3;
    IF (P13>3) THEN P13=3;
    IF (P23>3) THEN P23=3;
    IF (P14>3) THEN P14=3;
    IF (P24>3) THEN P24=3;
    IF (P15>3) THEN P15=3;
    IF (P25>3) THEN P25=3;
    IF (P16>3) THEN P16=3;
    IF (P26>3) THEN P26=3;
    IF (P17>3) THEN P17=3;
    IF (P27>3) THEN P27=3;
    IF (P18>3) THEN P18=3;
    IF (P28>3) THEN P28=3;
    IF (P19>3) THEN P19=3;
    IF (P29>3) THEN P29=3;
    IF (P110>3) THEN P110=3;
    IF (P210>3) THEN P210=3;


  ANALYSIS:

  	ESTIMATOR = Bayes;
  	Biter=(20000);
  	Thin=10;
  	Bconvergence = .005;	

  MODEL:

  T by P11@1 P21@1
  	P12@1 P22@1
  	P13@1 P23@1
  	P14@1 P24@1
  	P15@1 P25@1
  	P16@1 P26@1
  	P17@1 P27@1
  	P18@1 P28@1
  	P19@1 P29@1
  	P110@1 P210@1;


  S1 by P11@1 P21@1;
  S2 by P12@1 P22@1;
  S3 by P13@1 P23@1;
  S4 by P14@1 P24@1;
  S5 by P15@1 P25@1;
  S6 by P16@1 P26@1;
  S7 by P17@1 P27@1;
  S8 by P18@1 P28@1;
  S9 by P19@1 P29@1;
  S10 by P110@1 P210@1;

  	
  [S1@0];
  [S2-S10];
  [T@0];

  S1 - S10 (varS);
  T (varT);

  S1-S10 with S1-S10@0;
  T with S1-S10@0;


  [P11$1*-1] (tau1);
  [P11$2*-0.5] (tau2);
  [P11$3*0.2] (tau3);
  ![P11$4*1.5] (tau4);
  ![P11$5] (tau5);


  [P21$1] (tau1);
  [P21$2] (tau2);
  [P21$3] (tau3);
  ![P21$4] (tau4);
  ![P21$5] (tau5);

  [P12$1] (tau1);
  [P12$2] (tau2);
  [P12$3] (tau3);
  ![P12$4] (tau4);
  ![P12$5] (tau5);

  [P22$1] (tau1);
  [P22$2] (tau2);
  [P22$3] (tau3);
  ![P22$4] (tau4);
  ![P22$5] (tau5);

  [P13$1] (tau1);
  [P13$2] (tau2);
  [P13$3] (tau3);
  ![P13$4] (tau4);
  ![P13$5] (tau5);


  [P23$1] (tau1);
  [P23$2] (tau2);
  [P23$3] (tau3);
  ![P23$4] (tau4);
  ![P23$5] (tau5);

  [P14$1] (tau12);
  [P14$2] (tau22);
  ![P14$3] (tau3);
  ![P14$4] (tau4);
  ![P14$5] (tau5);

  [P24$1] (tau12);
  [P24$2] (tau22);
  ![P24$3] (tau3);
  ![P24$4] (tau4);
  ![P24$5] (tau5);


  [P15$1] (tau1);
  [P15$2] (tau2);
  [P15$3] (tau3);
  ![P15$4] (tau4);
  ![P15$5] (tau5);

  [P25$1] (tau12);
  [P25$2] (tau22);
  ![P25$3] (tau3);
  ![P25$4] (tau4);
  ![P25$5] (tau5);

  [P16$1] (tau1);
  [P16$2] (tau2);
  [P16$3] (tau3);
  ![P16$4] (tau4);
  ![P16$5] (tau5);

  [P26$1] (tau1);
  [P26$2] (tau2);
  [P26$3] (tau3);
  ![P26$4] (tau4);
  ![P26$5] (tau5);

  [P17$1] (tau1);
  [P17$2] (tau2);
  [P17$3] (tau3);
  ![P17$4] (tau4);
  ![P17$5] (tau5);

  [P27$1] (tau1);
  [P27$2] (tau2);
  [P27$3] (tau3);
  ![P27$4] (tau4);
  ![P27$5] (tau5);

  [P18$1] (tau1);
  [P18$2] (tau2);
  [P18$3] (tau3);
  ![P18$4] (tau4);
  ![P18$5] (tau5);


  [P28$1] (tau1);
  [P28$2] (tau2);
  [P28$3] (tau3);
  ![P28$4] (tau4);
  ![P28$5] (tau5);

  [P19$1] (tau1);
  [P19$2] (tau2);
  [P19$3] (tau3);
  ![P19$4] (tau4);
  ![P19$5] (tau5);

  [P29$1] (tau1);
  [P29$2] (tau2);
  [P29$3] (tau3);
  ![P29$4] (tau4);
  ![P29$5] (tau5);

  [P110$1] (tau1);
  [P110$2] (tau2);
  [P110$3] (tau3);
  ![P110$4] (tau4);
  ![P110$5] (tau5);

  [P210$1] (tau12);
  [P210$2] (tau22);
  ![P210$3] (tau3);
  ![P210$4] (tau4);
  ![P210$5] (tau5);

  Model constraint:

  NEW(con occ rel);
  con = varT / (varT + varS);
  occ = varS /(varT + varS);
  rel = (varS + varT ) / (varS + varT + 1);


  Output: stdyx tech8;
  PLOT:   TYPE = PLOT2;
  	



*** WARNING
  Data set contains cases with missing on all variables.
  These cases were not included in the analysis.
  Number of cases with missing on all variables:  2
   1 WARNING(S) FOUND IN THE INPUT INSTRUCTIONS




SUMMARY OF ANALYSIS

Number of groups                                                 1
Number of observations                                          45

Number of dependent variables                                   20
Number of independent variables                                  0
Number of continuous latent variables                           11

Observed dependent variables

  Binary and ordered categorical (ordinal)
   P11         P21         P12         P22         P13         P23
   P14         P24         P15         P25         P16         P26
   P17         P27         P18         P28         P19         P29
   P110        P210

Continuous latent variables
   T           S1          S2          S3          S4          S5
   S6          S7          S8          S9          S10


Estimator                                                    BAYES
Specifications for Bayesian Estimation
  Point estimate                                            MEDIAN
  Number of Markov chain Monte Carlo (MCMC) chains               2
  Random seed for the first chain                                0
  Starting value information                           UNPERTURBED
  Algorithm used for Markov chain Monte Carlo           GIBBS(PX1)
  Convergence criterion                                  0.500D-02
  Maximum number of iterations                               50000
  K-th iteration used for thinning                              10
Link                                                        PROBIT

Input data file(s)
  laac2_wide.dat
Input data format  FREE


SUMMARY OF DATA



COVARIANCE COVERAGE OF DATA

Minimum covariance coverage value   0.100

     Number of missing data patterns            33


     PROPORTION OF DATA PRESENT


           Covariance Coverage
              P11           P21           P12           P22           P13
              ________      ________      ________      ________      ________
 P11            0.644
 P21            0.644         0.644
 P12            0.511         0.511         0.622
 P22            0.511         0.511         0.600         0.600
 P13            0.556         0.556         0.533         0.511         0.733
 P23            0.556         0.556         0.533         0.511         0.733
 P14            0.289         0.289         0.311         0.289         0.422
 P24            0.289         0.289         0.311         0.289         0.422
 P15            0.489         0.489         0.422         0.422         0.533
 P25            0.489         0.489         0.422         0.422         0.533
 P16            0.489         0.489         0.400         0.378         0.533
 P26            0.489         0.489         0.400         0.378         0.533
 P17            0.511         0.511         0.467         0.467         0.556
 P27            0.511         0.511         0.467         0.467         0.533
 P18            0.556         0.556         0.511         0.489         0.622
 P28            0.556         0.556         0.511         0.489         0.622
 P19            0.444         0.444         0.444         0.422         0.511
 P29            0.444         0.444         0.444         0.422         0.511
 P110           0.511         0.511         0.467         0.444         0.578
 P210           0.511         0.511         0.467         0.444         0.578


           Covariance Coverage
              P23           P14           P24           P15           P25
              ________      ________      ________      ________      ________
 P23            0.733
 P14            0.422         0.489
 P24            0.422         0.489         0.489
 P15            0.533         0.400         0.400         0.644
 P25            0.533         0.400         0.400         0.644         0.644
 P16            0.533         0.378         0.378         0.467         0.467
 P26            0.533         0.378         0.378         0.467         0.467
 P17            0.556         0.356         0.356         0.533         0.533
 P27            0.533         0.333         0.333         0.511         0.511
 P18            0.622         0.422         0.422         0.578         0.578
 P28            0.622         0.422         0.422         0.578         0.578
 P19            0.511         0.378         0.378         0.467         0.467
 P29            0.511         0.378         0.378         0.467         0.467
 P110           0.578         0.356         0.356         0.511         0.511
 P210           0.578         0.356         0.356         0.511         0.511


           Covariance Coverage
              P16           P26           P17           P27           P18
              ________      ________      ________      ________      ________
 P16            0.600
 P26            0.600         0.600
 P17            0.489         0.489         0.667
 P27            0.489         0.489         0.644         0.644
 P18            0.556         0.556         0.556         0.556         0.822
 P28            0.556         0.556         0.556         0.556         0.822
 P19            0.422         0.422         0.511         0.511         0.556
 P29            0.422         0.422         0.511         0.511         0.556
 P110           0.489         0.489         0.511         0.489         0.644
 P210           0.489         0.489         0.511         0.489         0.644


           Covariance Coverage
              P28           P19           P29           P110          P210
              ________      ________      ________      ________      ________
 P28            0.822
 P19            0.556         0.622
 P29            0.556         0.622         0.622
 P110           0.644         0.511         0.511         0.711
 P210           0.644         0.511         0.511         0.711         0.711


UNIVARIATE PROPORTIONS AND COUNTS FOR CATEGORICAL VARIABLES

    P11
      Category 1    0.379           11.000
      Category 2    0.207            6.000
      Category 3    0.241            7.000
      Category 4    0.172            5.000
    P21
      Category 1    0.552           16.000
      Category 2    0.069            2.000
      Category 3    0.207            6.000
      Category 4    0.172            5.000
    P12
      Category 1    0.679           19.000
      Category 2    0.107            3.000
      Category 3    0.071            2.000
      Category 4    0.143            4.000
    P22
      Category 1    0.593           16.000
      Category 2    0.185            5.000
      Category 3    0.111            3.000
      Category 4    0.111            3.000
    P13
      Category 1    0.606           20.000
      Category 2    0.121            4.000
      Category 3    0.121            4.000
      Category 4    0.152            5.000
    P23
      Category 1    0.636           21.000
      Category 2    0.182            6.000
      Category 3    0.061            2.000
      Category 4    0.121            4.000
    P14
      Category 1    0.636           14.000
      Category 2    0.136            3.000
      Category 3    0.227            5.000
    P24
      Category 1    0.545           12.000
      Category 2    0.227            5.000
      Category 3    0.227            5.000
    P15
      Category 1    0.690           20.000
      Category 2    0.172            5.000
      Category 3    0.069            2.000
      Category 4    0.069            2.000
    P25
      Category 1    0.690           20.000
      Category 2    0.207            6.000
      Category 3    0.103            3.000
    P16
      Category 1    0.852           23.000
      Category 2    0.074            2.000
      Category 3    0.037            1.000
      Category 4    0.037            1.000
    P26
      Category 1    0.778           21.000
      Category 2    0.148            4.000
      Category 3    0.037            1.000
      Category 4    0.037            1.000
    P17
      Category 1    0.733           22.000
      Category 2    0.067            2.000
      Category 3    0.133            4.000
      Category 4    0.067            2.000
    P27
      Category 1    0.759           22.000
      Category 2    0.069            2.000
      Category 3    0.069            2.000
      Category 4    0.103            3.000
    P18
      Category 1    0.757           28.000
      Category 2    0.135            5.000
      Category 3    0.054            2.000
      Category 4    0.054            2.000
    P28
      Category 1    0.784           29.000
      Category 2    0.054            2.000
      Category 3    0.081            3.000
      Category 4    0.081            3.000
    P19
      Category 1    0.786           22.000
      Category 2    0.143            4.000
      Category 3    0.036            1.000
      Category 4    0.036            1.000
    P29
      Category 1    0.786           22.000
      Category 2    0.107            3.000
      Category 3    0.071            2.000
      Category 4    0.036            1.000
    P110
      Category 1    0.750           24.000
      Category 2    0.156            5.000
      Category 3    0.031            1.000
      Category 4    0.062            2.000
    P210
      Category 1    0.875           28.000
      Category 2    0.094            3.000
      Category 3    0.031            1.000



THE MODEL ESTIMATION TERMINATED NORMALLY

     USE THE FBITERATIONS OPTION TO INCREASE THE NUMBER OF ITERATIONS BY A FACTOR
     OF AT LEAST TWO TO CHECK CONVERGENCE AND THAT THE PSR VALUE DOES NOT INCREASE.



MODEL FIT INFORMATION

Number of Free Parameters                              16

Bayesian Posterior Predictive Checking using Chi-Square

          95% Confidence Interval for the Difference Between
          the Observed and the Replicated Chi-Square Values

                                -65.252            81.182

          Posterior Predictive P-Value              0.425



MODEL RESULTS

                                Posterior  One-Tailed         95% C.I.
                    Estimate       S.D.      P-Value   Lower 2.5%  Upper 2.5%  Significance

 T        BY
    P11                1.000       0.000      0.000       1.000       1.000
    P21                1.000       0.000      0.000       1.000       1.000
    P12                1.000       0.000      0.000       1.000       1.000
    P22                1.000       0.000      0.000       1.000       1.000
    P13                1.000       0.000      0.000       1.000       1.000
    P23                1.000       0.000      0.000       1.000       1.000
    P14                1.000       0.000      0.000       1.000       1.000
    P24                1.000       0.000      0.000       1.000       1.000
    P15                1.000       0.000      0.000       1.000       1.000
    P25                1.000       0.000      0.000       1.000       1.000
    P16                1.000       0.000      0.000       1.000       1.000
    P26                1.000       0.000      0.000       1.000       1.000
    P17                1.000       0.000      0.000       1.000       1.000
    P27                1.000       0.000      0.000       1.000       1.000
    P18                1.000       0.000      0.000       1.000       1.000
    P28                1.000       0.000      0.000       1.000       1.000
    P19                1.000       0.000      0.000       1.000       1.000
    P29                1.000       0.000      0.000       1.000       1.000
    P110               1.000       0.000      0.000       1.000       1.000
    P210               1.000       0.000      0.000       1.000       1.000

 S1       BY
    P11                1.000       0.000      0.000       1.000       1.000
    P21                1.000       0.000      0.000       1.000       1.000

 S2       BY
    P12                1.000       0.000      0.000       1.000       1.000
    P22                1.000       0.000      0.000       1.000       1.000

 S3       BY
    P13                1.000       0.000      0.000       1.000       1.000
    P23                1.000       0.000      0.000       1.000       1.000

 S4       BY
    P14                1.000       0.000      0.000       1.000       1.000
    P24                1.000       0.000      0.000       1.000       1.000

 S5       BY
    P15                1.000       0.000      0.000       1.000       1.000
    P25                1.000       0.000      0.000       1.000       1.000

 S6       BY
    P16                1.000       0.000      0.000       1.000       1.000
    P26                1.000       0.000      0.000       1.000       1.000

 S7       BY
    P17                1.000       0.000      0.000       1.000       1.000
    P27                1.000       0.000      0.000       1.000       1.000

 S8       BY
    P18                1.000       0.000      0.000       1.000       1.000
    P28                1.000       0.000      0.000       1.000       1.000

 S9       BY
    P19                1.000       0.000      0.000       1.000       1.000
    P29                1.000       0.000      0.000       1.000       1.000

 S10      BY
    P110               1.000       0.000      0.000       1.000       1.000
    P210               1.000       0.000      0.000       1.000       1.000

 S1       WITH
    S2                 0.000       0.000      1.000       0.000       0.000
    S3                 0.000       0.000      1.000       0.000       0.000
    S4                 0.000       0.000      1.000       0.000       0.000
    S5                 0.000       0.000      1.000       0.000       0.000
    S6                 0.000       0.000      1.000       0.000       0.000
    S7                 0.000       0.000      1.000       0.000       0.000
    S8                 0.000       0.000      1.000       0.000       0.000
    S9                 0.000       0.000      1.000       0.000       0.000
    S10                0.000       0.000      1.000       0.000       0.000
    T                  0.000       0.000      1.000       0.000       0.000

 S2       WITH
    S3                 0.000       0.000      1.000       0.000       0.000
    S4                 0.000       0.000      1.000       0.000       0.000
    S5                 0.000       0.000      1.000       0.000       0.000
    S6                 0.000       0.000      1.000       0.000       0.000
    S7                 0.000       0.000      1.000       0.000       0.000
    S8                 0.000       0.000      1.000       0.000       0.000
    S9                 0.000       0.000      1.000       0.000       0.000
    S10                0.000       0.000      1.000       0.000       0.000
    T                  0.000       0.000      1.000       0.000       0.000

 S3       WITH
    S4                 0.000       0.000      1.000       0.000       0.000
    S5                 0.000       0.000      1.000       0.000       0.000
    S6                 0.000       0.000      1.000       0.000       0.000
    S7                 0.000       0.000      1.000       0.000       0.000
    S8                 0.000       0.000      1.000       0.000       0.000
    S9                 0.000       0.000      1.000       0.000       0.000
    S10                0.000       0.000      1.000       0.000       0.000
    T                  0.000       0.000      1.000       0.000       0.000

 S4       WITH
    S5                 0.000       0.000      1.000       0.000       0.000
    S6                 0.000       0.000      1.000       0.000       0.000
    S7                 0.000       0.000      1.000       0.000       0.000
    S8                 0.000       0.000      1.000       0.000       0.000
    S9                 0.000       0.000      1.000       0.000       0.000
    S10                0.000       0.000      1.000       0.000       0.000
    T                  0.000       0.000      1.000       0.000       0.000

 S5       WITH
    S6                 0.000       0.000      1.000       0.000       0.000
    S7                 0.000       0.000      1.000       0.000       0.000
    S8                 0.000       0.000      1.000       0.000       0.000
    S9                 0.000       0.000      1.000       0.000       0.000
    S10                0.000       0.000      1.000       0.000       0.000
    T                  0.000       0.000      1.000       0.000       0.000

 S6       WITH
    S7                 0.000       0.000      1.000       0.000       0.000
    S8                 0.000       0.000      1.000       0.000       0.000
    S9                 0.000       0.000      1.000       0.000       0.000
    S10                0.000       0.000      1.000       0.000       0.000
    T                  0.000       0.000      1.000       0.000       0.000

 S7       WITH
    S8                 0.000       0.000      1.000       0.000       0.000
    S9                 0.000       0.000      1.000       0.000       0.000
    S10                0.000       0.000      1.000       0.000       0.000
    T                  0.000       0.000      1.000       0.000       0.000

 S8       WITH
    S9                 0.000       0.000      1.000       0.000       0.000
    S10                0.000       0.000      1.000       0.000       0.000
    T                  0.000       0.000      1.000       0.000       0.000

 S9       WITH
    S10                0.000       0.000      1.000       0.000       0.000
    T                  0.000       0.000      1.000       0.000       0.000

 S10      WITH
    T                  0.000       0.000      1.000       0.000       0.000

 Means
    T                  0.000       0.000      1.000       0.000       0.000
    S1                 0.000       0.000      1.000       0.000       0.000
    S2                 0.349       0.284      0.110      -0.216       0.903
    S3                 0.169       0.269      0.264      -0.374       0.676
    S4                 0.493       0.433      0.128      -0.356       1.342
    S5                -0.249       0.336      0.225      -0.933       0.386
    S6                -0.902       0.363      0.004      -1.672      -0.243      *
    S7                -0.528       0.323      0.041      -1.199       0.068
    S8                -0.957       0.326      0.000      -1.646      -0.353      *
    S9                -0.927       0.347      0.002      -1.656      -0.297      *
    S10               -0.747       0.358      0.013      -1.503      -0.086      *

 Thresholds
    P11$1              0.533       0.000      0.000       0.533       0.533      *
    P11$2              0.966       0.000      0.000       0.966       0.966      *
    P11$3              1.394       0.000      0.000       1.394       1.394
    P21$1              0.533       0.000      0.000       0.533       0.533      *
    P21$2              0.966       0.000      0.000       0.966       0.966      *
    P21$3              1.394       0.000      0.000       1.394       1.394
    P12$1              0.533       0.000      0.000       0.533       0.533      *
    P12$2              0.966       0.000      0.000       0.966       0.966      *
    P12$3              1.394       0.000      0.000       1.394       1.394
    P22$1              0.533       0.000      0.000       0.533       0.533      *
    P22$2              0.966       0.000      0.000       0.966       0.966      *
    P22$3              1.394       0.000      0.000       1.394       1.394
    P13$1              0.533       0.000      0.000       0.533       0.533      *
    P13$2              0.966       0.000      0.000       0.966       0.966      *
    P13$3              1.394       0.000      0.000       1.394       1.394
    P23$1              0.533       0.000      0.000       0.533       0.533      *
    P23$2              0.966       0.000      0.000       0.966       0.966      *
    P23$3              1.394       0.000      0.000       1.394       1.394
    P14$1              0.635       0.303      0.017       0.049       1.222      *
    P14$2              1.920       0.367      0.000       1.223       2.676      *
    P24$1              0.635       0.303      0.017       0.049       1.222      *
    P24$2              1.920       0.367      0.000       1.223       2.676      *
    P15$1              0.533       0.000      0.000       0.533       0.533      *
    P15$2              0.966       0.000      0.000       0.966       0.966      *
    P15$3              1.394       0.000      0.000       1.394       1.394
    P25$1              0.635       0.303      0.017       0.049       1.222      *
    P25$2              1.920       0.367      0.000       1.223       2.676      *
    P16$1              0.533       0.000      0.000       0.533       0.533      *
    P16$2              0.966       0.000      0.000       0.966       0.966      *
    P16$3              1.394       0.000      0.000       1.394       1.394
    P26$1              0.533       0.000      0.000       0.533       0.533      *
    P26$2              0.966       0.000      0.000       0.966       0.966      *
    P26$3              1.394       0.000      0.000       1.394       1.394
    P17$1              0.533       0.000      0.000       0.533       0.533      *
    P17$2              0.966       0.000      0.000       0.966       0.966      *
    P17$3              1.394       0.000      0.000       1.394       1.394
    P27$1              0.533       0.000      0.000       0.533       0.533      *
    P27$2              0.966       0.000      0.000       0.966       0.966      *
    P27$3              1.394       0.000      0.000       1.394       1.394
    P18$1              0.533       0.000      0.000       0.533       0.533      *
    P18$2              0.966       0.000      0.000       0.966       0.966      *
    P18$3              1.394       0.000      0.000       1.394       1.394
    P28$1              0.533       0.000      0.000       0.533       0.533      *
    P28$2              0.966       0.000      0.000       0.966       0.966      *
    P28$3              1.394       0.000      0.000       1.394       1.394
    P19$1              0.533       0.000      0.000       0.533       0.533      *
    P19$2              0.966       0.000      0.000       0.966       0.966      *
    P19$3              1.394       0.000      0.000       1.394       1.394
    P29$1              0.533       0.000      0.000       0.533       0.533      *
    P29$2              0.966       0.000      0.000       0.966       0.966      *
    P29$3              1.394       0.000      0.000       1.394       1.394
    P110$1             0.533       0.000      0.000       0.533       0.533      *
    P110$2             0.966       0.000      0.000       0.966       0.966      *
    P110$3             1.394       0.000      0.000       1.394       1.394
    P210$1             0.635       0.303      0.017       0.049       1.222      *
    P210$2             1.920       0.367      0.000       1.223       2.676      *

 Variances
    T                  1.955       0.656      0.000       1.092       3.646      *
    S1                 0.371       0.212      0.000       0.066       0.889      *
    S2                 0.371       0.212      0.000       0.066       0.889      *
    S3                 0.371       0.212      0.000       0.066       0.889      *
    S4                 0.371       0.212      0.000       0.066       0.889      *
    S5                 0.371       0.212      0.000       0.066       0.889      *
    S6                 0.371       0.212      0.000       0.066       0.889      *
    S7                 0.371       0.212      0.000       0.066       0.889      *
    S8                 0.371       0.212      0.000       0.066       0.889      *
    S9                 0.371       0.212      0.000       0.066       0.889      *
    S10                0.371       0.212      0.000       0.066       0.889      *

New/Additional Parameters
    CON                0.843       0.072      0.000       0.682       0.964      *
    OCC                0.157       0.072      0.000       0.036       0.318      *
    REL                0.701       0.061      0.000       0.571       0.809      *


STANDARDIZED MODEL RESULTS


STDYX Standardization

                                Posterior  One-Tailed         95% C.I.
                    Estimate       S.D.      P-Value   Lower 2.5%  Upper 2.5%  Significance
 T        BY
    P11                0.765       0.046      0.000       0.667       0.848      *
    P21                0.765       0.046      0.000       0.667       0.848      *
    P12                0.765       0.046      0.000       0.667       0.848      *
    P22                0.765       0.046      0.000       0.667       0.848      *
    P13                0.765       0.046      0.000       0.667       0.848      *
    P23                0.765       0.046      0.000       0.667       0.848      *
    P14                0.765       0.046      0.000       0.667       0.848      *
    P24                0.765       0.046      0.000       0.667       0.848      *
    P15                0.765       0.046      0.000       0.667       0.848      *
    P25                0.765       0.046      0.000       0.667       0.848      *
    P16                0.765       0.046      0.000       0.667       0.848      *
    P26                0.765       0.046      0.000       0.667       0.848      *
    P17                0.765       0.046      0.000       0.667       0.848      *
    P27                0.765       0.046      0.000       0.667       0.848      *
    P18                0.765       0.046      0.000       0.667       0.848      *
    P28                0.765       0.046      0.000       0.667       0.848      *
    P19                0.765       0.046      0.000       0.667       0.848      *
    P29                0.765       0.046      0.000       0.667       0.848      *
    P110               0.765       0.046      0.000       0.667       0.848      *
    P210               0.765       0.046      0.000       0.667       0.848      *

 S1       BY
    P11                0.331       0.080      0.000       0.153       0.472      *
    P21                0.331       0.080      0.000       0.153       0.472      *

 S2       BY
    P12                0.331       0.080      0.000       0.153       0.472      *
    P22                0.331       0.080      0.000       0.153       0.472      *

 S3       BY
    P13                0.331       0.080      0.000       0.153       0.472      *
    P23                0.331       0.080      0.000       0.153       0.472      *

 S4       BY
    P14                0.331       0.080      0.000       0.153       0.472      *
    P24                0.331       0.080      0.000       0.153       0.472      *

 S5       BY
    P15                0.331       0.080      0.000       0.153       0.472      *
    P25                0.331       0.080      0.000       0.153       0.472      *

 S6       BY
    P16                0.331       0.080      0.000       0.153       0.472      *
    P26                0.331       0.080      0.000       0.153       0.472      *

 S7       BY
    P17                0.331       0.080      0.000       0.153       0.472      *
    P27                0.331       0.080      0.000       0.153       0.472      *

 S8       BY
    P18                0.331       0.080      0.000       0.153       0.472      *
    P28                0.331       0.080      0.000       0.153       0.472      *

 S9       BY
    P19                0.331       0.080      0.000       0.153       0.472      *
    P29                0.331       0.080      0.000       0.153       0.472      *

 S10      BY
    P110               0.331       0.080      0.000       0.153       0.472      *
    P210               0.331       0.080      0.000       0.153       0.472      *

 S1       WITH
    S2                 0.000       0.000      1.000       0.000       0.000
    S3                 0.000       0.000      1.000       0.000       0.000
    S4                 0.000       0.000      1.000       0.000       0.000
    S5                 0.000       0.000      1.000       0.000       0.000
    S6                 0.000       0.000      1.000       0.000       0.000
    S7                 0.000       0.000      1.000       0.000       0.000
    S8                 0.000       0.000      1.000       0.000       0.000
    S9                 0.000       0.000      1.000       0.000       0.000
    S10                0.000       0.000      1.000       0.000       0.000
    T                  0.000       0.000      1.000       0.000       0.000

 S2       WITH
    S3                 0.000       0.000      1.000       0.000       0.000
    S4                 0.000       0.000      1.000       0.000       0.000
    S5                 0.000       0.000      1.000       0.000       0.000
    S6                 0.000       0.000      1.000       0.000       0.000
    S7                 0.000       0.000      1.000       0.000       0.000
    S8                 0.000       0.000      1.000       0.000       0.000
    S9                 0.000       0.000      1.000       0.000       0.000
    S10                0.000       0.000      1.000       0.000       0.000
    T                  0.000       0.000      1.000       0.000       0.000

 S3       WITH
    S4                 0.000       0.000      1.000       0.000       0.000
    S5                 0.000       0.000      1.000       0.000       0.000
    S6                 0.000       0.000      1.000       0.000       0.000
    S7                 0.000       0.000      1.000       0.000       0.000
    S8                 0.000       0.000      1.000       0.000       0.000
    S9                 0.000       0.000      1.000       0.000       0.000
    S10                0.000       0.000      1.000       0.000       0.000
    T                  0.000       0.000      1.000       0.000       0.000

 S4       WITH
    S5                 0.000       0.000      1.000       0.000       0.000
    S6                 0.000       0.000      1.000       0.000       0.000
    S7                 0.000       0.000      1.000       0.000       0.000
    S8                 0.000       0.000      1.000       0.000       0.000
    S9                 0.000       0.000      1.000       0.000       0.000
    S10                0.000       0.000      1.000       0.000       0.000
    T                  0.000       0.000      1.000       0.000       0.000

 S5       WITH
    S6                 0.000       0.000      1.000       0.000       0.000
    S7                 0.000       0.000      1.000       0.000       0.000
    S8                 0.000       0.000      1.000       0.000       0.000
    S9                 0.000       0.000      1.000       0.000       0.000
    S10                0.000       0.000      1.000       0.000       0.000
    T                  0.000       0.000      1.000       0.000       0.000

 S6       WITH
    S7                 0.000       0.000      1.000       0.000       0.000
    S8                 0.000       0.000      1.000       0.000       0.000
    S9                 0.000       0.000      1.000       0.000       0.000
    S10                0.000       0.000      1.000       0.000       0.000
    T                  0.000       0.000      1.000       0.000       0.000

 S7       WITH
    S8                 0.000       0.000      1.000       0.000       0.000
    S9                 0.000       0.000      1.000       0.000       0.000
    S10                0.000       0.000      1.000       0.000       0.000
    T                  0.000       0.000      1.000       0.000       0.000

 S8       WITH
    S9                 0.000       0.000      1.000       0.000       0.000
    S10                0.000       0.000      1.000       0.000       0.000
    T                  0.000       0.000      1.000       0.000       0.000

 S9       WITH
    S10                0.000       0.000      1.000       0.000       0.000
    T                  0.000       0.000      1.000       0.000       0.000

 S10      WITH
    T                  0.000       0.000      1.000       0.000       0.000

 Means
    T                  0.000       0.000      1.000       0.000       0.000
    S1                 0.000       0.000      1.000       0.000       0.000
    S2                 0.587       0.665      0.110      -0.338       2.009
    S3                 0.285       0.548      0.264      -0.591       1.512
    S4                 0.823       0.917      0.128      -0.596       2.933
    S5                -0.422       0.633      0.225      -1.728       0.735
    S6                -1.518       0.819      0.004      -3.579      -0.409      *
    S7                -0.895       0.618      0.041      -2.260       0.127
    S8                -1.599       0.839      0.000      -3.583      -0.587      *
    S9                -1.559       0.798      0.002      -3.433      -0.493      *
    S10               -1.249       0.790      0.013      -3.114      -0.147      *

 Thresholds
    P11$1              0.291       0.030      0.000       0.233       0.349      *
    P11$2              0.528       0.054      0.000       0.422       0.633      *
    P11$3              0.762       0.078      0.000       0.609       0.913      *
    P21$1              0.291       0.030      0.000       0.233       0.349      *
    P21$2              0.528       0.054      0.000       0.422       0.633      *
    P21$3              0.762       0.078      0.000       0.609       0.913      *
    P12$1              0.291       0.030      0.000       0.233       0.349      *
    P12$2              0.528       0.054      0.000       0.422       0.633      *
    P12$3              0.762       0.078      0.000       0.609       0.913      *
    P22$1              0.291       0.030      0.000       0.233       0.349      *
    P22$2              0.528       0.054      0.000       0.422       0.633      *
    P22$3              0.762       0.078      0.000       0.609       0.913      *
    P13$1              0.291       0.030      0.000       0.233       0.349      *
    P13$2              0.528       0.054      0.000       0.422       0.633      *
    P13$3              0.762       0.078      0.000       0.609       0.913      *
    P23$1              0.291       0.030      0.000       0.233       0.349      *
    P23$2              0.528       0.054      0.000       0.422       0.633      *
    P23$3              0.762       0.078      0.000       0.609       0.913      *
    P14$1              0.345       0.170      0.017       0.026       0.693      *
    P14$2              1.045       0.213      0.000       0.652       1.487      *
    P24$1              0.345       0.170      0.017       0.026       0.693      *
    P24$2              1.045       0.213      0.000       0.652       1.487      *
    P15$1              0.291       0.030      0.000       0.233       0.349      *
    P15$2              0.528       0.054      0.000       0.422       0.633      *
    P15$3              0.762       0.078      0.000       0.609       0.913      *
    P25$1              0.345       0.170      0.017       0.026       0.693      *
    P25$2              1.045       0.213      0.000       0.652       1.487      *
    P16$1              0.291       0.030      0.000       0.233       0.349      *
    P16$2              0.528       0.054      0.000       0.422       0.633      *
    P16$3              0.762       0.078      0.000       0.609       0.913      *
    P26$1              0.291       0.030      0.000       0.233       0.349      *
    P26$2              0.528       0.054      0.000       0.422       0.633      *
    P26$3              0.762       0.078      0.000       0.609       0.913      *
    P17$1              0.291       0.030      0.000       0.233       0.349      *
    P17$2              0.528       0.054      0.000       0.422       0.633      *
    P17$3              0.762       0.078      0.000       0.609       0.913      *
    P27$1              0.291       0.030      0.000       0.233       0.349      *
    P27$2              0.528       0.054      0.000       0.422       0.633      *
    P27$3              0.762       0.078      0.000       0.609       0.913      *
    P18$1              0.291       0.030      0.000       0.233       0.349      *
    P18$2              0.528       0.054      0.000       0.422       0.633      *
    P18$3              0.762       0.078      0.000       0.609       0.913      *
    P28$1              0.291       0.030      0.000       0.233       0.349      *
    P28$2              0.528       0.054      0.000       0.422       0.633      *
    P28$3              0.762       0.078      0.000       0.609       0.913      *
    P19$1              0.291       0.030      0.000       0.233       0.349      *
    P19$2              0.528       0.054      0.000       0.422       0.633      *
    P19$3              0.762       0.078      0.000       0.609       0.913      *
    P29$1              0.291       0.030      0.000       0.233       0.349      *
    P29$2              0.528       0.054      0.000       0.422       0.633      *
    P29$3              0.762       0.078      0.000       0.609       0.913      *
    P110$1             0.291       0.030      0.000       0.233       0.349      *
    P110$2             0.528       0.054      0.000       0.422       0.633      *
    P110$3             0.762       0.078      0.000       0.609       0.913      *
    P210$1             0.345       0.170      0.017       0.026       0.693      *
    P210$2             1.045       0.213      0.000       0.652       1.487      *

 Variances
    T                  1.000       0.000      0.000       1.000       1.000
    S1                 1.000       0.000      0.000       1.000       1.000
    S2                 1.000       0.000      0.000       1.000       1.000
    S3                 1.000       0.000      0.000       1.000       1.000
    S4                 1.000       0.000      0.000       1.000       1.000
    S5                 1.000       0.000      0.000       1.000       1.000
    S6                 1.000       0.000      0.000       1.000       1.000
    S7                 1.000       0.000      0.000       1.000       1.000
    S8                 1.000       0.000      0.000       1.000       1.000
    S9                 1.000       0.000      0.000       1.000       1.000
    S10                1.000       0.000      0.000       1.000       1.000


R-SQUARE

                                Posterior  One-Tailed         95% C.I.
    Variable        Estimate       S.D.      P-Value   Lower 2.5%  Upper 2.5%

    P11                0.701       0.061      0.000       0.571       0.809
    P21                0.701       0.061      0.000       0.571       0.809
    P12                0.701       0.061      0.000       0.571       0.809
    P22                0.701       0.061      0.000       0.571       0.809
    P13                0.701       0.061      0.000       0.571       0.809
    P23                0.701       0.061      0.000       0.571       0.809
    P14                0.701       0.061      0.000       0.571       0.809
    P24                0.701       0.061      0.000       0.571       0.809
    P15                0.701       0.061      0.000       0.571       0.809
    P25                0.701       0.061      0.000       0.571       0.809
    P16                0.701       0.061      0.000       0.571       0.809
    P26                0.701       0.061      0.000       0.571       0.809
    P17                0.701       0.061      0.000       0.571       0.809
    P27                0.701       0.061      0.000       0.571       0.809
    P18                0.701       0.061      0.000       0.571       0.809
    P28                0.701       0.061      0.000       0.571       0.809
    P19                0.701       0.061      0.000       0.571       0.809
    P29                0.701       0.061      0.000       0.571       0.809
    P110               0.701       0.061      0.000       0.571       0.809
    P210               0.701       0.061      0.000       0.571       0.809


TECHNICAL 1 OUTPUT


     PARAMETER SPECIFICATION


           TAU
              P11$1         P11$2         P11$3         P21$1         P21$2
              ________      ________      ________      ________      ________
                   12            13            14            12            13


           TAU
              P21$3         P12$1         P12$2         P12$3         P22$1
              ________      ________      ________      ________      ________
                   14            12            13            14            12


           TAU
              P22$2         P22$3         P13$1         P13$2         P13$3
              ________      ________      ________      ________      ________
                   13            14            12            13            14


           TAU
              P23$1         P23$2         P23$3         P14$1         P14$2
              ________      ________      ________      ________      ________
                   12            13            14            15            16


           TAU
              P24$1         P24$2         P15$1         P15$2         P15$3
              ________      ________      ________      ________      ________
                   15            16            12            13            14


           TAU
              P25$1         P25$2         P16$1         P16$2         P16$3
              ________      ________      ________      ________      ________
                   15            16            12            13            14


           TAU
              P26$1         P26$2         P26$3         P17$1         P17$2
              ________      ________      ________      ________      ________
                   12            13            14            12            13


           TAU
              P17$3         P27$1         P27$2         P27$3         P18$1
              ________      ________      ________      ________      ________
                   14            12            13            14            12


           TAU
              P18$2         P18$3         P28$1         P28$2         P28$3
              ________      ________      ________      ________      ________
                   13            14            12            13            14


           TAU
              P19$1         P19$2         P19$3         P29$1         P29$2
              ________      ________      ________      ________      ________
                   12            13            14            12            13


           TAU
              P29$3         P110$1        P110$2        P110$3        P210$1
              ________      ________      ________      ________      ________
                   14            12            13            14            15


           TAU
              P210$2
              ________
                   16


           NU
              P11           P21           P12           P22           P13
              ________      ________      ________      ________      ________
                    0             0             0             0             0


           NU
              P23           P14           P24           P15           P25
              ________      ________      ________      ________      ________
                    0             0             0             0             0


           NU
              P16           P26           P17           P27           P18
              ________      ________      ________      ________      ________
                    0             0             0             0             0


           NU
              P28           P19           P29           P110          P210
              ________      ________      ________      ________      ________
                    0             0             0             0             0


           LAMBDA
              T             S1            S2            S3            S4
              ________      ________      ________      ________      ________
 P11                0             0             0             0             0
 P21                0             0             0             0             0
 P12                0             0             0             0             0
 P22                0             0             0             0             0
 P13                0             0             0             0             0
 P23                0             0             0             0             0
 P14                0             0             0             0             0
 P24                0             0             0             0             0
 P15                0             0             0             0             0
 P25                0             0             0             0             0
 P16                0             0             0             0             0
 P26                0             0             0             0             0
 P17                0             0             0             0             0
 P27                0             0             0             0             0
 P18                0             0             0             0             0
 P28                0             0             0             0             0
 P19                0             0             0             0             0
 P29                0             0             0             0             0
 P110               0             0             0             0             0
 P210               0             0             0             0             0


           LAMBDA
              S5            S6            S7            S8            S9
              ________      ________      ________      ________      ________
 P11                0             0             0             0             0
 P21                0             0             0             0             0
 P12                0             0             0             0             0
 P22                0             0             0             0             0
 P13                0             0             0             0             0
 P23                0             0             0             0             0
 P14                0             0             0             0             0
 P24                0             0             0             0             0
 P15                0             0             0             0             0
 P25                0             0             0             0             0
 P16                0             0             0             0             0
 P26                0             0             0             0             0
 P17                0             0             0             0             0
 P27                0             0             0             0             0
 P18                0             0             0             0             0
 P28                0             0             0             0             0
 P19                0             0             0             0             0
 P29                0             0             0             0             0
 P110               0             0             0             0             0
 P210               0             0             0             0             0


           LAMBDA
              S10
              ________
 P11                0
 P21                0
 P12                0
 P22                0
 P13                0
 P23                0
 P14                0
 P24                0
 P15                0
 P25                0
 P16                0
 P26                0
 P17                0
 P27                0
 P18                0
 P28                0
 P19                0
 P29                0
 P110               0
 P210               0


           THETA
              P11           P21           P12           P22           P13
              ________      ________      ________      ________      ________
 P11                0
 P21                0             0
 P12                0             0             0
 P22                0             0             0             0
 P13                0             0             0             0             0
 P23                0             0             0             0             0
 P14                0             0             0             0             0
 P24                0             0             0             0             0
 P15                0             0             0             0             0
 P25                0             0             0             0             0
 P16                0             0             0             0             0
 P26                0             0             0             0             0
 P17                0             0             0             0             0
 P27                0             0             0             0             0
 P18                0             0             0             0             0
 P28                0             0             0             0             0
 P19                0             0             0             0             0
 P29                0             0             0             0             0
 P110               0             0             0             0             0
 P210               0             0             0             0             0


           THETA
              P23           P14           P24           P15           P25
              ________      ________      ________      ________      ________
 P23                0
 P14                0             0
 P24                0             0             0
 P15                0             0             0             0
 P25                0             0             0             0             0
 P16                0             0             0             0             0
 P26                0             0             0             0             0
 P17                0             0             0             0             0
 P27                0             0             0             0             0
 P18                0             0             0             0             0
 P28                0             0             0             0             0
 P19                0             0             0             0             0
 P29                0             0             0             0             0
 P110               0             0             0             0             0
 P210               0             0             0             0             0


           THETA
              P16           P26           P17           P27           P18
              ________      ________      ________      ________      ________
 P16                0
 P26                0             0
 P17                0             0             0
 P27                0             0             0             0
 P18                0             0             0             0             0
 P28                0             0             0             0             0
 P19                0             0             0             0             0
 P29                0             0             0             0             0
 P110               0             0             0             0             0
 P210               0             0             0             0             0


           THETA
              P28           P19           P29           P110          P210
              ________      ________      ________      ________      ________
 P28                0
 P19                0             0
 P29                0             0             0
 P110               0             0             0             0
 P210               0             0             0             0             0


           ALPHA
              T             S1            S2            S3            S4
              ________      ________      ________      ________      ________
                    0             0             1             2             3


           ALPHA
              S5            S6            S7            S8            S9
              ________      ________      ________      ________      ________
                    4             5             6             7             8


           ALPHA
              S10
              ________
                    9


           BETA
              T             S1            S2            S3            S4
              ________      ________      ________      ________      ________
 T                  0             0             0             0             0
 S1                 0             0             0             0             0
 S2                 0             0             0             0             0
 S3                 0             0             0             0             0
 S4                 0             0             0             0             0
 S5                 0             0             0             0             0
 S6                 0             0             0             0             0
 S7                 0             0             0             0             0
 S8                 0             0             0             0             0
 S9                 0             0             0             0             0
 S10                0             0             0             0             0


           BETA
              S5            S6            S7            S8            S9
              ________      ________      ________      ________      ________
 T                  0             0             0             0             0
 S1                 0             0             0             0             0
 S2                 0             0             0             0             0
 S3                 0             0             0             0             0
 S4                 0             0             0             0             0
 S5                 0             0             0             0             0
 S6                 0             0             0             0             0
 S7                 0             0             0             0             0
 S8                 0             0             0             0             0
 S9                 0             0             0             0             0
 S10                0             0             0             0             0


           BETA
              S10
              ________
 T                  0
 S1                 0
 S2                 0
 S3                 0
 S4                 0
 S5                 0
 S6                 0
 S7                 0
 S8                 0
 S9                 0
 S10                0


           PSI
              T             S1            S2            S3            S4
              ________      ________      ________      ________      ________
 T                 10
 S1                 0            11
 S2                 0             0            11
 S3                 0             0             0            11
 S4                 0             0             0             0            11
 S5                 0             0             0             0             0
 S6                 0             0             0             0             0
 S7                 0             0             0             0             0
 S8                 0             0             0             0             0
 S9                 0             0             0             0             0
 S10                0             0             0             0             0


           PSI
              S5            S6            S7            S8            S9
              ________      ________      ________      ________      ________
 S5                11
 S6                 0            11
 S7                 0             0            11
 S8                 0             0             0            11
 S9                 0             0             0             0            11
 S10                0             0             0             0             0


           PSI
              S10
              ________
 S10               11


     PARAMETER SPECIFICATION FOR THE ADDITIONAL PARAMETERS


           NEW/ADDITIONAL PARAMETERS
              CON           OCC           REL
              ________      ________      ________
                   17            18            19


     STARTING VALUES


           TAU
              P11$1         P11$2         P11$3         P21$1         P21$2
              ________      ________      ________      ________      ________
               -1.000        -0.500         0.200         0.533         0.966


           TAU
              P21$3         P12$1         P12$2         P12$3         P22$1
              ________      ________      ________      ________      ________
                1.394         0.533         0.966         1.394         0.533


           TAU
              P22$2         P22$3         P13$1         P13$2         P13$3
              ________      ________      ________      ________      ________
                0.966         1.394         0.533         0.966         1.394


           TAU
              P23$1         P23$2         P23$3         P14$1         P14$2
              ________      ________      ________      ________      ________
                0.533         0.966         1.394         0.484         1.117


           TAU
              P24$1         P24$2         P15$1         P15$2         P15$3
              ________      ________      ________      ________      ________
                0.484         1.117         0.533         0.966         1.394


           TAU
              P25$1         P25$2         P16$1         P16$2         P16$3
              ________      ________      ________      ________      ________
                0.484         1.117         0.533         0.966         1.394


           TAU
              P26$1         P26$2         P26$3         P17$1         P17$2
              ________      ________      ________      ________      ________
                0.533         0.966         1.394         0.533         0.966


           TAU
              P17$3         P27$1         P27$2         P27$3         P18$1
              ________      ________      ________      ________      ________
                1.394         0.533         0.966         1.394         0.533


           TAU
              P18$2         P18$3         P28$1         P28$2         P28$3
              ________      ________      ________      ________      ________
                0.966         1.394         0.533         0.966         1.394


           TAU
              P19$1         P19$2         P19$3         P29$1         P29$2
              ________      ________      ________      ________      ________
                0.533         0.966         1.394         0.533         0.966


           TAU
              P29$3         P110$1        P110$2        P110$3        P210$1
              ________      ________      ________      ________      ________
                1.394         0.533         0.966         1.394         0.484


           TAU
              P210$2
              ________
                1.117


           NU
              P11           P21           P12           P22           P13
              ________      ________      ________      ________      ________
                0.000         0.000         0.000         0.000         0.000


           NU
              P23           P14           P24           P15           P25
              ________      ________      ________      ________      ________
                0.000         0.000         0.000         0.000         0.000


           NU
              P16           P26           P17           P27           P18
              ________      ________      ________      ________      ________
                0.000         0.000         0.000         0.000         0.000


           NU
              P28           P19           P29           P110          P210
              ________      ________      ________      ________      ________
                0.000         0.000         0.000         0.000         0.000


           LAMBDA
              T             S1            S2            S3            S4
              ________      ________      ________      ________      ________
 P11            1.000         1.000         0.000         0.000         0.000
 P21            1.000         1.000         0.000         0.000         0.000
 P12            1.000         0.000         1.000         0.000         0.000
 P22            1.000         0.000         1.000         0.000         0.000
 P13            1.000         0.000         0.000         1.000         0.000
 P23            1.000         0.000         0.000         1.000         0.000
 P14            1.000         0.000         0.000         0.000         1.000
 P24            1.000         0.000         0.000         0.000         1.000
 P15            1.000         0.000         0.000         0.000         0.000
 P25            1.000         0.000         0.000         0.000         0.000
 P16            1.000         0.000         0.000         0.000         0.000
 P26            1.000         0.000         0.000         0.000         0.000
 P17            1.000         0.000         0.000         0.000         0.000
 P27            1.000         0.000         0.000         0.000         0.000
 P18            1.000         0.000         0.000         0.000         0.000
 P28            1.000         0.000         0.000         0.000         0.000
 P19            1.000         0.000         0.000         0.000         0.000
 P29            1.000         0.000         0.000         0.000         0.000
 P110           1.000         0.000         0.000         0.000         0.000
 P210           1.000         0.000         0.000         0.000         0.000


           LAMBDA
              S5            S6            S7            S8            S9
              ________      ________      ________      ________      ________
 P11            0.000         0.000         0.000         0.000         0.000
 P21            0.000         0.000         0.000         0.000         0.000
 P12            0.000         0.000         0.000         0.000         0.000
 P22            0.000         0.000         0.000         0.000         0.000
 P13            0.000         0.000         0.000         0.000         0.000
 P23            0.000         0.000         0.000         0.000         0.000
 P14            0.000         0.000         0.000         0.000         0.000
 P24            0.000         0.000         0.000         0.000         0.000
 P15            1.000         0.000         0.000         0.000         0.000
 P25            1.000         0.000         0.000         0.000         0.000
 P16            0.000         1.000         0.000         0.000         0.000
 P26            0.000         1.000         0.000         0.000         0.000
 P17            0.000         0.000         1.000         0.000         0.000
 P27            0.000         0.000         1.000         0.000         0.000
 P18            0.000         0.000         0.000         1.000         0.000
 P28            0.000         0.000         0.000         1.000         0.000
 P19            0.000         0.000         0.000         0.000         1.000
 P29            0.000         0.000         0.000         0.000         1.000
 P110           0.000         0.000         0.000         0.000         0.000
 P210           0.000         0.000         0.000         0.000         0.000


           LAMBDA
              S10
              ________
 P11            0.000
 P21            0.000
 P12            0.000
 P22            0.000
 P13            0.000
 P23            0.000
 P14            0.000
 P24            0.000
 P15            0.000
 P25            0.000
 P16            0.000
 P26            0.000
 P17            0.000
 P27            0.000
 P18            0.000
 P28            0.000
 P19            0.000
 P29            0.000
 P110           1.000
 P210           1.000


           THETA
              P11           P21           P12           P22           P13
              ________      ________      ________      ________      ________
 P11            1.000
 P21            0.000         1.000
 P12            0.000         0.000         1.000
 P22            0.000         0.000         0.000         1.000
 P13            0.000         0.000         0.000         0.000         1.000
 P23            0.000         0.000         0.000         0.000         0.000
 P14            0.000         0.000         0.000         0.000         0.000
 P24            0.000         0.000         0.000         0.000         0.000
 P15            0.000         0.000         0.000         0.000         0.000
 P25            0.000         0.000         0.000         0.000         0.000
 P16            0.000         0.000         0.000         0.000         0.000
 P26            0.000         0.000         0.000         0.000         0.000
 P17            0.000         0.000         0.000         0.000         0.000
 P27            0.000         0.000         0.000         0.000         0.000
 P18            0.000         0.000         0.000         0.000         0.000
 P28            0.000         0.000         0.000         0.000         0.000
 P19            0.000         0.000         0.000         0.000         0.000
 P29            0.000         0.000         0.000         0.000         0.000
 P110           0.000         0.000         0.000         0.000         0.000
 P210           0.000         0.000         0.000         0.000         0.000


           THETA
              P23           P14           P24           P15           P25
              ________      ________      ________      ________      ________
 P23            1.000
 P14            0.000         1.000
 P24            0.000         0.000         1.000
 P15            0.000         0.000         0.000         1.000
 P25            0.000         0.000         0.000         0.000         1.000
 P16            0.000         0.000         0.000         0.000         0.000
 P26            0.000         0.000         0.000         0.000         0.000
 P17            0.000         0.000         0.000         0.000         0.000
 P27            0.000         0.000         0.000         0.000         0.000
 P18            0.000         0.000         0.000         0.000         0.000
 P28            0.000         0.000         0.000         0.000         0.000
 P19            0.000         0.000         0.000         0.000         0.000
 P29            0.000         0.000         0.000         0.000         0.000
 P110           0.000         0.000         0.000         0.000         0.000
 P210           0.000         0.000         0.000         0.000         0.000


           THETA
              P16           P26           P17           P27           P18
              ________      ________      ________      ________      ________
 P16            1.000
 P26            0.000         1.000
 P17            0.000         0.000         1.000
 P27            0.000         0.000         0.000         1.000
 P18            0.000         0.000         0.000         0.000         1.000
 P28            0.000         0.000         0.000         0.000         0.000
 P19            0.000         0.000         0.000         0.000         0.000
 P29            0.000         0.000         0.000         0.000         0.000
 P110           0.000         0.000         0.000         0.000         0.000
 P210           0.000         0.000         0.000         0.000         0.000


           THETA
              P28           P19           P29           P110          P210
              ________      ________      ________      ________      ________
 P28            1.000
 P19            0.000         1.000
 P29            0.000         0.000         1.000
 P110           0.000         0.000         0.000         1.000
 P210           0.000         0.000         0.000         0.000         1.000


           ALPHA
              T             S1            S2            S3            S4
              ________      ________      ________      ________      ________
                0.000         0.000         0.000         0.000         0.000


           ALPHA
              S5            S6            S7            S8            S9
              ________      ________      ________      ________      ________
                0.000         0.000         0.000         0.000         0.000


           ALPHA
              S10
              ________
                0.000


           BETA
              T             S1            S2            S3            S4
              ________      ________      ________      ________      ________
 T              0.000         0.000         0.000         0.000         0.000
 S1             0.000         0.000         0.000         0.000         0.000
 S2             0.000         0.000         0.000         0.000         0.000
 S3             0.000         0.000         0.000         0.000         0.000
 S4             0.000         0.000         0.000         0.000         0.000
 S5             0.000         0.000         0.000         0.000         0.000
 S6             0.000         0.000         0.000         0.000         0.000
 S7             0.000         0.000         0.000         0.000         0.000
 S8             0.000         0.000         0.000         0.000         0.000
 S9             0.000         0.000         0.000         0.000         0.000
 S10            0.000         0.000         0.000         0.000         0.000


           BETA
              S5            S6            S7            S8            S9
              ________      ________      ________      ________      ________
 T              0.000         0.000         0.000         0.000         0.000
 S1             0.000         0.000         0.000         0.000         0.000
 S2             0.000         0.000         0.000         0.000         0.000
 S3             0.000         0.000         0.000         0.000         0.000
 S4             0.000         0.000         0.000         0.000         0.000
 S5             0.000         0.000         0.000         0.000         0.000
 S6             0.000         0.000         0.000         0.000         0.000
 S7             0.000         0.000         0.000         0.000         0.000
 S8             0.000         0.000         0.000         0.000         0.000
 S9             0.000         0.000         0.000         0.000         0.000
 S10            0.000         0.000         0.000         0.000         0.000


           BETA
              S10
              ________
 T              0.000
 S1             0.000
 S2             0.000
 S3             0.000
 S4             0.000
 S5             0.000
 S6             0.000
 S7             0.000
 S8             0.000
 S9             0.000
 S10            0.000


           PSI
              T             S1            S2            S3            S4
              ________      ________      ________      ________      ________
 T              1.000
 S1             0.000         1.000
 S2             0.000         0.000         1.000
 S3             0.000         0.000         0.000         1.000
 S4             0.000         0.000         0.000         0.000         1.000
 S5             0.000         0.000         0.000         0.000         0.000
 S6             0.000         0.000         0.000         0.000         0.000
 S7             0.000         0.000         0.000         0.000         0.000
 S8             0.000         0.000         0.000         0.000         0.000
 S9             0.000         0.000         0.000         0.000         0.000
 S10            0.000         0.000         0.000         0.000         0.000


           PSI
              S5            S6            S7            S8            S9
              ________      ________      ________      ________      ________
 S5             1.000
 S6             0.000         1.000
 S7             0.000         0.000         1.000
 S8             0.000         0.000         0.000         1.000
 S9             0.000         0.000         0.000         0.000         1.000
 S10            0.000         0.000         0.000         0.000         0.000


           PSI
              S10
              ________
 S10            1.000


     STARTING VALUES FOR THE ADDITIONAL PARAMETERS


           NEW/ADDITIONAL PARAMETERS
              CON           OCC           REL
              ________      ________      ________
                0.500         0.500         0.500



     PRIORS FOR ALL PARAMETERS            PRIOR MEAN      PRIOR VARIANCE     PRIOR STD. DEV.

     Parameter 1~N(0.000,infinity)           0.0000            infinity            infinity
     Parameter 2~N(0.000,infinity)           0.0000            infinity            infinity
     Parameter 3~N(0.000,infinity)           0.0000            infinity            infinity
     Parameter 4~N(0.000,infinity)           0.0000            infinity            infinity
     Parameter 5~N(0.000,infinity)           0.0000            infinity            infinity
     Parameter 6~N(0.000,infinity)           0.0000            infinity            infinity
     Parameter 7~N(0.000,infinity)           0.0000            infinity            infinity
     Parameter 8~N(0.000,infinity)           0.0000            infinity            infinity
     Parameter 9~N(0.000,infinity)           0.0000            infinity            infinity
     Parameter 10~IG(-1.000,0.000)         infinity            infinity            infinity
     Parameter 11~IG(-1.000,0.000)         infinity            infinity            infinity
     Parameter 12~N(0.000,5.000)             0.0000              5.0000              2.2361
     Parameter 13~N(0.000,5.000)             0.0000              5.0000              2.2361
     Parameter 14~N(0.000,5.000)             0.0000              5.0000              2.2361
     Parameter 15~N(0.000,5.000)             0.0000              5.0000              2.2361
     Parameter 16~N(0.000,5.000)             0.0000              5.0000              2.2361


TECHNICAL 8 OUTPUT


   TECHNICAL 8 OUTPUT FOR BAYES ESTIMATION

     CHAIN    BSEED
     1        0
     2        285380

                     POTENTIAL       PARAMETER WITH
     ITERATION    SCALE REDUCTION      HIGHEST PSR
     100              1.348               11
     200              1.474               11
     300              1.071               3
     400              1.047               3
     500              1.029               5
     600              1.021               5
     700              1.110               16
     800              1.080               3
     900              1.040               3
     1000             1.055               11
     1100             1.069               11
     1200             1.079               11
     1300             1.040               11
     1400             1.026               11
     1500             1.019               11
     1600             1.015               11
     1700             1.011               5
     1800             1.014               11
     1900             1.018               11
     2000             1.043               11
     2100             1.047               11
     2200             1.044               11
     2300             1.029               11
     2400             1.018               11
     2500             1.013               11
     2600             1.012               11
     2700             1.003               11
     2800             1.001               2
     2900             1.003               11
     3000             1.006               11
     3100             1.009               11
     3200             1.009               11
     3300             1.005               11
     3400             1.002               11
     3500             1.002               4
     3600             1.001               4
     3700             1.003               4
     3800             1.002               4
     3900             1.004               16
     4000             1.004               4
     4100             1.005               4
     4200             1.005               16
     4300             1.005               16
     4400             1.006               16
     4500             1.005               4
     4600             1.005               16
     4700             1.007               16
     4800             1.006               16
     4900             1.011               16
     5000             1.010               16
     5100             1.010               4
     5200             1.009               16
     5300             1.009               3
     5400             1.007               3
     5500             1.006               3
     5600             1.006               4
     5700             1.005               4
     5800             1.005               3
     5900             1.007               15
     6000             1.008               15
     6100             1.008               15
     6200             1.006               15
     6300             1.006               15
     6400             1.008               15
     6500             1.007               15
     6600             1.006               15
     6700             1.005               15
     6800             1.007               15
     6900             1.005               15
     7000             1.006               15
     7100             1.006               4
     7200             1.004               4
     7300             1.003               4
     7400             1.003               15
     7500             1.005               15
     7600             1.006               4
     7700             1.005               4
     7800             1.004               4
     7900             1.004               4
     8000             1.004               3
     8100             1.003               4
     8200             1.003               5
     8300             1.004               4
     8400             1.004               15
     8500             1.005               3
     8600             1.007               15
     8700             1.007               15
     8800             1.005               15
     8900             1.005               15
     9000             1.004               15
     9100             1.004               15
     9200             1.006               15
     9300             1.005               3
     9400             1.005               15
     9500             1.005               11
     9600             1.004               11
     9700             1.007               11
     9800             1.006               11
     9900             1.006               11
     10000            1.007               11
     10100            1.007               11
     10200            1.007               11
     10300            1.007               11
     10400            1.007               11
     10500            1.008               11
     10600            1.008               11
     10700            1.006               11
     10800            1.007               11
     10900            1.006               11
     11000            1.005               11
     11100            1.004               11
     11200            1.003               11
     11300            1.003               5
     11400            1.004               5
     11500            1.003               5
     11600            1.004               5
     11700            1.003               5
     11800            1.003               11
     11900            1.004               11
     12000            1.004               11
     12100            1.005               11
     12200            1.005               11
     12300            1.007               11
     12400            1.006               11
     12500            1.005               11
     12600            1.005               11
     12700            1.004               11
     12800            1.003               11
     12900            1.004               11
     13000            1.003               11
     13100            1.003               11
     13200            1.003               11
     13300            1.002               11
     13400            1.003               11
     13500            1.002               11
     13600            1.002               11
     13700            1.003               11
     13800            1.004               11
     13900            1.003               11
     14000            1.003               11
     14100            1.003               11
     14200            1.003               11
     14300            1.004               11
     14400            1.004               11
     14500            1.003               11
     14600            1.004               11
     14700            1.004               11
     14800            1.004               11
     14900            1.006               11
     15000            1.003               11
     15100            1.004               11
     15200            1.005               11
     15300            1.006               11
     15400            1.005               11
     15500            1.006               11
     15600            1.006               11
     15700            1.006               11
     15800            1.005               11
     15900            1.005               11
     16000            1.005               11
     16100            1.004               11
     16200            1.005               11
     16300            1.005               11
     16400            1.005               11
     16500            1.005               11
     16600            1.004               11
     16700            1.005               11
     16800            1.005               11
     16900            1.005               11
     17000            1.004               11
     17100            1.004               11
     17200            1.005               11
     17300            1.004               11
     17400            1.004               11
     17500            1.004               11
     17600            1.004               11
     17700            1.003               11
     17800            1.002               11
     17900            1.002               11
     18000            1.002               11
     18100            1.002               11
     18200            1.002               11
     18300            1.002               11
     18400            1.002               11
     18500            1.002               11
     18600            1.002               11
     18700            1.002               11
     18800            1.002               11
     18900            1.002               11
     19000            1.002               11
     19100            1.002               11
     19200            1.002               11
     19300            1.002               11
     19400            1.002               11
     19500            1.002               11
     19600            1.003               11
     19700            1.003               11
     19800            1.002               11
     19900            1.002               11
     20000            1.002               11


PLOT INFORMATION

The following plots are available:

  Sample proportions and estimated probabilities
  Bayesian posterior parameter distributions
  Bayesian posterior parameter trace plots
  Bayesian autocorrelation plots
  Bayesian prior parameter distributions
  Bayesian posterior predictive checking scatterplots
  Bayesian posterior predictive checking distribution plots

     Beginning Time:  22:04:16
        Ending Time:  22:06:09
       Elapsed Time:  00:01:53



MUTHEN & MUTHEN
3463 Stoner Ave.
Los Angeles, CA  90066

Tel: (310) 391-9971
Fax: (310) 391-8971
Web: www.StatModel.com
Support: Support@StatModel.com

Copyright (c) 1998-2024 Muthen & Muthen
