Mplus VERSION 8.11 (Mac)
MUTHEN & MUTHEN
05/05/2025   2:56 PM

INPUT INSTRUCTIONS

  DATA:

  File is laac2_wide.dat;

  VARIABLE:

  NAMES =   subject task
  Y1_1    Y1_10   Y1_2    Y1_3    Y1_4    Y1_5    Y1_6
  Y1_7    Y1_8    Y1_9    Y10_1   Y10_10  Y10_2   Y10_3   Y10_4   Y10_5
  Y10_6   Y10_7   Y10_8   Y10_9   Y11_1   Y11_10  Y11_2   Y11_3   Y11_4
  Y11_5   Y11_6   Y11_7   Y11_8   Y11_9   Y12_1   Y12_10  Y12_2   Y12_3
  Y12_4   Y12_5   Y12_6   Y12_7   Y12_8   Y12_9   Y2_1    Y2_10   Y2_2
  Y2_3    Y2_4    Y2_5    Y2_6    Y2_7    Y2_8    Y2_9    Y3_1    Y3_10
  Y3_2    Y3_3    Y3_4    Y3_5    Y3_6    Y3_7    Y3_8    Y3_9    Y4_1
  Y4_10   Y4_2    Y4_3    Y4_4    Y4_5    Y4_6    Y4_7    Y4_8    Y4_9
  Y5_1    Y5_10   Y5_2    Y5_3    Y5_4    Y5_5    Y5_6    Y5_7    Y5_8
  Y5_9    Y6_1    Y6_10   Y6_2    Y6_3    Y6_4    Y6_5    Y6_6    Y6_7
  Y6_8    Y6_9    Y7_1    Y7_10   Y7_2    Y7_3    Y7_4    Y7_5    Y7_6
  Y7_7    Y7_8    Y7_9    Y8_1    Y8_10   Y8_2    Y8_3    Y8_4    Y8_5
  Y8_6    Y8_7    Y8_8    Y8_9    Y9_1    Y9_10   Y9_2    Y9_3    Y9_4
  Y9_5    Y9_6    Y9_7    Y9_8    Y9_9;


  USEVARIABLES =  P11 P21 P12 P22 P13 P23 P14 P24
  	       P15 P25 P16 P26 P17 P27 P18 P28 P19 P29
  	       P110 P210 ;
  	
  Categ =   P11 P21 P12 P22 P13 P23 P14 P24
  	       P15 P25 P16 P26 P17 P27 P18 P28 P19 P29
  	       P110 P210 ;
  	

  Missing = All(-99);	

  useobservations are (task EQ 4);

  ! "'attention'=1;'communication'=2;'reasoning'=3;'visible_food'=4;
  !'population'=5;'inhibit_searched'=6"

  DEFINE:
  P11 = Y1_1 + Y3_1 + Y5_1 + Y7_1 + Y9_1 + Y11_1;
  P21 =  Y2_1 + Y4_1 + Y6_1 + Y8_1 + Y10_1 + Y12_1;

  P12 =  Y1_2 + Y3_2 + Y5_2 + Y7_2 + Y9_2 + Y11_2;
  P22 =  Y2_2 + Y4_2 + Y6_2 + Y8_2 + Y10_2 + Y12_2;

  P13 =  Y1_3 + Y3_3 + Y5_3 + Y7_3 + Y9_3 + Y11_3;
  P23 =  Y2_3 + Y4_3 + Y6_3 + Y8_3 + Y10_3 + Y12_3;

  P14 =  Y1_4 + Y3_4 + Y5_4 + Y7_4 + Y9_4 + Y11_4;
  P24 =  Y2_4 + Y4_4 + Y6_4 + Y8_4 + Y10_4 + Y12_4;

  P15 =  Y1_5 + Y3_5 + Y5_5 + Y7_5 + Y9_5 + Y11_5;
  P25 =  Y2_5 + Y4_5 + Y6_5 + Y8_5 + Y10_5 + Y12_5;

  P16 =  Y1_6 + Y3_6 + Y5_6 + Y7_6 + Y9_6 + Y11_6;
  P26 =  Y2_6 + Y4_6 + Y6_6 + Y8_6 + Y10_6 + Y12_6;

  P17 =  Y1_7 + Y3_7 + Y5_7 + Y7_7 + Y9_7 + Y11_7;
  P27 =  Y2_7 + Y4_7 + Y6_7 + Y8_7 + Y10_7 + Y12_7;

  P18 =  Y1_8 + Y3_8 + Y5_8 + Y7_8 + Y9_8 + Y11_8;
  P28 =  Y2_8 + Y4_8 + Y6_8 + Y8_8 + Y10_8 + Y12_8;

  P19 =  Y1_9 + Y3_9 + Y5_9 + Y7_9 + Y9_9 + Y11_9;
  P29 =  Y2_9 + Y4_9 + Y6_9 + Y8_9 + Y10_9 + Y12_9;

  P110 =  Y1_10 + Y3_10 + Y5_10 + Y7_10 + Y9_10 + Y11_10;
  P210 =  Y2_10 + Y4_10 + Y6_10 + Y8_10 + Y10_10 + Y12_10;


    IF (P11==0) THEN P11=1;
    IF (P21==0) THEN P21=1;
    IF (P12==0) THEN P12=1;
    IF (P22==0) THEN P22=1;
    IF (P13==0) THEN P13=1;
    IF (P23==0) THEN P23=1;
    IF (P14==0) THEN P14=1;
    IF (P24==0) THEN P24=1;
    IF (P15==0) THEN P15=1;
    IF (P25==0) THEN P25=1;
    IF (P16==0) THEN P16=1;
    IF (P26==0) THEN P26=1;
    IF (P17==0) THEN P17=1;
    IF (P27==0) THEN P27=1;
    IF (P18==0) THEN P18=1;
    IF (P28==0) THEN P28=1;
    IF (P19==0) THEN P19=1;
    IF (P29==0) THEN P29=1;
    IF (P110==0) THEN P110=1;
    IF (P210==0) THEN P210=1;


  ANALYSIS:

  	ESTIMATOR = Bayes;
  	Biter=(20000);
  	Thin=10;
  	Bconvergence = .005;	


  MODEL:


  T by P11@1 P21@1
  	P12@1 P22@1
  	P13@1 P23@1
  	P14@1 P24@1
  	P15@1 P25@1
  	P16@1 P26@1
  	P17@1 P27@1
  	P18@1 P28@1
  	P19@1 P29@1
  	P110@1 P210@1;


  S1 by P11@1 P21@1;
  S2 by P12@1 P22@1;
  S3 by P13@1 P23@1;
  S4 by P14@1 P24@1;
  S5 by P15@1 P25@1;
  S6 by P16@1 P26@1;
  S7 by P17@1 P27@1;
  S8 by P18@1 P28@1;
  S9 by P19@1 P29@1;
  S10 by P110@1 P210@1;

  	
  [S1@0];
  [S2-S10];
  [T@0];

  S1 - S10 (varS);
  T (varT);

  S1-S10 with S1-S10@0;
  T with S1-S10@0;



  [P11$1] (tau1);
  [P11$2] (tau2);
  [P11$3] (tau3);
  [P11$4] (tau4);
  [P11$5] (tau5);

  [P21$1] (tau1);
  [P21$2] (tau2);
  [P21$3] (tau3);
  [P21$4] (tau4);
  [P21$5] (tau5);

  [P12$1] (tau1);
  [P12$2] (tau2);
  [P12$3] (tau3);
  [P12$4] (tau4);
  [P12$5] (tau5);

  [P22$1] (tau1_2);
  [P22$2] (tau2_2);
  [P22$3] (tau3_2);
  [P22$4] (tau4_2);
  ![P22$5] (tau5);

  [P13$1] (tau1);
  [P13$2] (tau2);
  [P13$3] (tau3);
  [P13$4] (tau4);
  [P13$5] (tau5);


  [P23$1] (tau1);
  [P23$2] (tau2);
  [P23$3] (tau3);
  [P23$4] (tau4);
  [P23$5] (tau5);

  [P14$1] (tau1_2);
  [P14$2] (tau2_2);
  [P14$3] (tau3_2);
  [P14$4] (tau4_2);
  ![P14$5] (tau5);



  [P24$1] (tau1_3);
  [P24$2] (tau2_3);
  [P24$3] (tau3_3);
  ![P24$4] (tau4);
  ![P24$5] (tau5);


  [P15$1] (tau1_3);
  [P15$2] (tau2_3);
  [P15$3] (tau3_3);
  ![P15$4] (tau4);
  ![P15$5] (tau5);



  [P25$1] (tau1_2);
  [P25$2] (tau2_2);
  [P25$3] (tau3_2);
  [P25$4] (tau4_2);
  ![P25$5] (tau5);



  [P16$1] (tau1_3);
  [P16$2] (tau2_3);
  [P16$3] (tau3_3);
  ![P16$4] (tau4);
  ![P16$5] (tau5);

  [P26$1] (tau1_3);
  [P26$2] (tau2_3);
  [P26$3] (tau3_3);
  ![P26$4] (tau4);
  ![P26$5] (tau5);

  ![P17$1] (tau12);
  ![P17$2] (tau22);
  ![P17$3] (tau32);
  ![P17$4] (tau4);
  ![P17$5] (tau5);

  [P27$1] (tau1_3);
  [P27$2] (tau2_3);
  [P27$3] (tau3_3);
  ![P27$4] (tau4);
  ![P27$5] (tau5);

  [P18$1] (tau12_3);
  [P18$2] (tau22_3);
  [P18$3] (tau32_3);
  ![P18$4] (tau4);
  ![P18$5] (tau5);


  ![P28$1] (tau1);
  ![P28$2] (tau2);
  ![P28$3] (tau3);
  ![P28$4] (tau4);
  ![P28$5] (tau5);

  [P19$1] (tau12_3);
  [P19$2] (tau22_3);
  [P19$3] (tau32_3);
  ![P19$4] (tau4);
  ![P19$5] (tau5);

  [P29$1] (tau1_3);
  [P29$2] (tau2_3);
  [P29$3] (tau3_3);
  ![P29$4] (tau4);
  ![P29$5] (tau5);

  [P110$1] (tau1_3);
  [P110$2] (tau2_3);
  [P110$3] (tau3_3);
  ![P110$4] (tau4);
  ![P110$5] (tau5);

  ![P210$1] (tau1);
  ![P210$2] (tau2);
  ![P210$3] (tau3);
  ![P210$4] (tau4);
  ![P210$5] (tau5);

  Model constraint:

  NEW(con occ rel);
  con = varT / (varT + varS);
  occ = varS /(varT + varS);
  rel = (varS + varT ) / (varS + varT + 1);



  Output: stdyx tech8;
  PLOT:   TYPE = PLOT2;
  	



INPUT READING TERMINATED NORMALLY




SUMMARY OF ANALYSIS

Number of groups                                                 1
Number of observations                                          46

Number of dependent variables                                   20
Number of independent variables                                  0
Number of continuous latent variables                           11

Observed dependent variables

  Binary and ordered categorical (ordinal)
   P11         P21         P12         P22         P13         P23
   P14         P24         P15         P25         P16         P26
   P17         P27         P18         P28         P19         P29
   P110        P210

Continuous latent variables
   T           S1          S2          S3          S4          S5
   S6          S7          S8          S9          S10


Estimator                                                    BAYES
Specifications for Bayesian Estimation
  Point estimate                                            MEDIAN
  Number of Markov chain Monte Carlo (MCMC) chains               2
  Random seed for the first chain                                0
  Starting value information                           UNPERTURBED
  Algorithm used for Markov chain Monte Carlo           GIBBS(PX1)
  Convergence criterion                                  0.500D-02
  Maximum number of iterations                               50000
  K-th iteration used for thinning                              10
Link                                                        PROBIT

Input data file(s)
  laac2_wide.dat
Input data format  FREE


SUMMARY OF DATA



COVARIANCE COVERAGE OF DATA

Minimum covariance coverage value   0.100

     Number of missing data patterns            32


     PROPORTION OF DATA PRESENT


           Covariance Coverage
              P11           P21           P12           P22           P13
              ________      ________      ________      ________      ________
 P11            0.696
 P21            0.696         0.696
 P12            0.587         0.587         0.674
 P22            0.587         0.587         0.674         0.674
 P13            0.565         0.565         0.543         0.543         0.783
 P23            0.565         0.565         0.543         0.543         0.783
 P14            0.326         0.326         0.348         0.348         0.391
 P24            0.326         0.326         0.348         0.348         0.391
 P15            0.522         0.522         0.500         0.500         0.543
 P25            0.522         0.522         0.500         0.500         0.543
 P16            0.630         0.630         0.543         0.543         0.587
 P26            0.630         0.630         0.543         0.543         0.587
 P17            0.609         0.609         0.543         0.543         0.630
 P27            0.609         0.609         0.543         0.543         0.630
 P18            0.587         0.587         0.565         0.565         0.674
 P28            0.587         0.587         0.565         0.565         0.674
 P19            0.565         0.565         0.565         0.565         0.630
 P29            0.565         0.565         0.565         0.565         0.630
 P110           0.522         0.522         0.522         0.522         0.543
 P210           0.522         0.522         0.522         0.522         0.543


           Covariance Coverage
              P23           P14           P24           P15           P25
              ________      ________      ________      ________      ________
 P23            0.783
 P14            0.391         0.500
 P24            0.391         0.500         0.500
 P15            0.543         0.391         0.391         0.674
 P25            0.543         0.391         0.391         0.674         0.674
 P16            0.587         0.326         0.326         0.565         0.565
 P26            0.587         0.326         0.326         0.565         0.565
 P17            0.630         0.370         0.370         0.587         0.587
 P27            0.630         0.370         0.370         0.587         0.587
 P18            0.674         0.457         0.457         0.565         0.565
 P28            0.674         0.457         0.457         0.565         0.565
 P19            0.630         0.348         0.348         0.565         0.565
 P29            0.630         0.348         0.348         0.565         0.565
 P110           0.543         0.413         0.413         0.565         0.565
 P210           0.543         0.413         0.413         0.565         0.565


           Covariance Coverage
              P16           P26           P17           P27           P18
              ________      ________      ________      ________      ________
 P16            0.717
 P26            0.717         0.717
 P17            0.674         0.674         0.783
 P27            0.674         0.674         0.783         0.783
 P18            0.630         0.630         0.696         0.696         0.848
 P28            0.630         0.630         0.696         0.696         0.848
 P19            0.587         0.587         0.674         0.674         0.652
 P29            0.587         0.587         0.674         0.674         0.652
 P110           0.565         0.565         0.652         0.652         0.630
 P210           0.565         0.565         0.652         0.652         0.630


           Covariance Coverage
              P28           P19           P29           P110          P210
              ________      ________      ________      ________      ________
 P28            0.848
 P19            0.652         0.761
 P29            0.652         0.761         0.761
 P110           0.630         0.609         0.609         0.717
 P210           0.630         0.609         0.609         0.717         0.717


UNIVARIATE PROPORTIONS AND COUNTS FOR CATEGORICAL VARIABLES

    P11
      Category 1    0.094            3.000
      Category 2    0.094            3.000
      Category 3    0.062            2.000
      Category 4    0.156            5.000
      Category 5    0.375           12.000
      Category 6    0.219            7.000
    P21
      Category 1    0.219            7.000
      Category 2    0.094            3.000
      Category 3    0.219            7.000
      Category 4    0.094            3.000
      Category 5    0.219            7.000
      Category 6    0.156            5.000
    P12
      Category 1    0.129            4.000
      Category 2    0.032            1.000
      Category 3    0.097            3.000
      Category 4    0.161            5.000
      Category 5    0.194            6.000
      Category 6    0.387           12.000
    P22
      Category 1    0.032            1.000
      Category 2    0.097            3.000
      Category 3    0.226            7.000
      Category 4    0.290            9.000
      Category 5    0.355           11.000
    P13
      Category 1    0.028            1.000
      Category 2    0.083            3.000
      Category 3    0.056            2.000
      Category 4    0.250            9.000
      Category 5    0.250            9.000
      Category 6    0.333           12.000
    P23
      Category 1    0.083            3.000
      Category 2    0.056            2.000
      Category 3    0.083            3.000
      Category 4    0.111            4.000
      Category 5    0.139            5.000
      Category 6    0.528           19.000
    P14
      Category 1    0.043            1.000
      Category 2    0.043            1.000
      Category 3    0.043            1.000
      Category 4    0.304            7.000
      Category 5    0.565           13.000
    P24
      Category 1    0.087            2.000
      Category 2    0.130            3.000
      Category 3    0.130            3.000
      Category 4    0.652           15.000
    P15
      Category 1    0.032            1.000
      Category 2    0.032            1.000
      Category 3    0.323           10.000
      Category 4    0.613           19.000
    P25
      Category 1    0.032            1.000
      Category 2    0.097            3.000
      Category 3    0.129            4.000
      Category 4    0.129            4.000
      Category 5    0.613           19.000
    P16
      Category 1    0.061            2.000
      Category 2    0.030            1.000
      Category 3    0.303           10.000
      Category 4    0.606           20.000
    P26
      Category 1    0.061            2.000
      Category 2    0.091            3.000
      Category 3    0.182            6.000
      Category 4    0.667           22.000
    P17
      Category 1    0.111            4.000
      Category 2    0.306           11.000
      Category 3    0.583           21.000
    P27
      Category 1    0.028            1.000
      Category 2    0.028            1.000
      Category 3    0.194            7.000
      Category 4    0.750           27.000
    P18
      Category 1    0.026            1.000
      Category 2    0.051            2.000
      Category 3    0.256           10.000
      Category 4    0.667           26.000
    P28
      Category 1    0.077            3.000
      Category 2    0.103            4.000
      Category 3    0.821           32.000
    P19
      Category 1    0.086            3.000
      Category 2    0.029            1.000
      Category 3    0.314           11.000
      Category 4    0.571           20.000
    P29
      Category 1    0.029            1.000
      Category 2    0.057            2.000
      Category 3    0.114            4.000
      Category 4    0.800           28.000
    P110
      Category 1    0.091            3.000
      Category 2    0.061            2.000
      Category 3    0.212            7.000
      Category 4    0.636           21.000
    P210
      Category 1    0.152            5.000
      Category 2    0.182            6.000
      Category 3    0.667           22.000



THE MODEL ESTIMATION TERMINATED NORMALLY

     USE THE FBITERATIONS OPTION TO INCREASE THE NUMBER OF ITERATIONS BY A FACTOR
     OF AT LEAST TWO TO CHECK CONVERGENCE AND THAT THE PSR VALUE DOES NOT INCREASE.



MODEL FIT INFORMATION

Number of Free Parameters                              32

Bayesian Posterior Predictive Checking using Chi-Square

          95% Confidence Interval for the Difference Between
          the Observed and the Replicated Chi-Square Values

                                -61.718            82.822

          Posterior Predictive P-Value              0.396



MODEL RESULTS

                                Posterior  One-Tailed         95% C.I.
                    Estimate       S.D.      P-Value   Lower 2.5%  Upper 2.5%  Significance

 T        BY
    P11                1.000       0.000      0.000       1.000       1.000
    P21                1.000       0.000      0.000       1.000       1.000
    P12                1.000       0.000      0.000       1.000       1.000
    P22                1.000       0.000      0.000       1.000       1.000
    P13                1.000       0.000      0.000       1.000       1.000
    P23                1.000       0.000      0.000       1.000       1.000
    P14                1.000       0.000      0.000       1.000       1.000
    P24                1.000       0.000      0.000       1.000       1.000
    P15                1.000       0.000      0.000       1.000       1.000
    P25                1.000       0.000      0.000       1.000       1.000
    P16                1.000       0.000      0.000       1.000       1.000
    P26                1.000       0.000      0.000       1.000       1.000
    P17                1.000       0.000      0.000       1.000       1.000
    P27                1.000       0.000      0.000       1.000       1.000
    P18                1.000       0.000      0.000       1.000       1.000
    P28                1.000       0.000      0.000       1.000       1.000
    P19                1.000       0.000      0.000       1.000       1.000
    P29                1.000       0.000      0.000       1.000       1.000
    P110               1.000       0.000      0.000       1.000       1.000
    P210               1.000       0.000      0.000       1.000       1.000

 S1       BY
    P11                1.000       0.000      0.000       1.000       1.000
    P21                1.000       0.000      0.000       1.000       1.000

 S2       BY
    P12                1.000       0.000      0.000       1.000       1.000
    P22                1.000       0.000      0.000       1.000       1.000

 S3       BY
    P13                1.000       0.000      0.000       1.000       1.000
    P23                1.000       0.000      0.000       1.000       1.000

 S4       BY
    P14                1.000       0.000      0.000       1.000       1.000
    P24                1.000       0.000      0.000       1.000       1.000

 S5       BY
    P15                1.000       0.000      0.000       1.000       1.000
    P25                1.000       0.000      0.000       1.000       1.000

 S6       BY
    P16                1.000       0.000      0.000       1.000       1.000
    P26                1.000       0.000      0.000       1.000       1.000

 S7       BY
    P17                1.000       0.000      0.000       1.000       1.000
    P27                1.000       0.000      0.000       1.000       1.000

 S8       BY
    P18                1.000       0.000      0.000       1.000       1.000
    P28                1.000       0.000      0.000       1.000       1.000

 S9       BY
    P19                1.000       0.000      0.000       1.000       1.000
    P29                1.000       0.000      0.000       1.000       1.000

 S10      BY
    P110               1.000       0.000      0.000       1.000       1.000
    P210               1.000       0.000      0.000       1.000       1.000

 S1       WITH
    S2                 0.000       0.000      1.000       0.000       0.000
    S3                 0.000       0.000      1.000       0.000       0.000
    S4                 0.000       0.000      1.000       0.000       0.000
    S5                 0.000       0.000      1.000       0.000       0.000
    S6                 0.000       0.000      1.000       0.000       0.000
    S7                 0.000       0.000      1.000       0.000       0.000
    S8                 0.000       0.000      1.000       0.000       0.000
    S9                 0.000       0.000      1.000       0.000       0.000
    S10                0.000       0.000      1.000       0.000       0.000
    T                  0.000       0.000      1.000       0.000       0.000

 S2       WITH
    S3                 0.000       0.000      1.000       0.000       0.000
    S4                 0.000       0.000      1.000       0.000       0.000
    S5                 0.000       0.000      1.000       0.000       0.000
    S6                 0.000       0.000      1.000       0.000       0.000
    S7                 0.000       0.000      1.000       0.000       0.000
    S8                 0.000       0.000      1.000       0.000       0.000
    S9                 0.000       0.000      1.000       0.000       0.000
    S10                0.000       0.000      1.000       0.000       0.000
    T                  0.000       0.000      1.000       0.000       0.000

 S3       WITH
    S4                 0.000       0.000      1.000       0.000       0.000
    S5                 0.000       0.000      1.000       0.000       0.000
    S6                 0.000       0.000      1.000       0.000       0.000
    S7                 0.000       0.000      1.000       0.000       0.000
    S8                 0.000       0.000      1.000       0.000       0.000
    S9                 0.000       0.000      1.000       0.000       0.000
    S10                0.000       0.000      1.000       0.000       0.000
    T                  0.000       0.000      1.000       0.000       0.000

 S4       WITH
    S5                 0.000       0.000      1.000       0.000       0.000
    S6                 0.000       0.000      1.000       0.000       0.000
    S7                 0.000       0.000      1.000       0.000       0.000
    S8                 0.000       0.000      1.000       0.000       0.000
    S9                 0.000       0.000      1.000       0.000       0.000
    S10                0.000       0.000      1.000       0.000       0.000
    T                  0.000       0.000      1.000       0.000       0.000

 S5       WITH
    S6                 0.000       0.000      1.000       0.000       0.000
    S7                 0.000       0.000      1.000       0.000       0.000
    S8                 0.000       0.000      1.000       0.000       0.000
    S9                 0.000       0.000      1.000       0.000       0.000
    S10                0.000       0.000      1.000       0.000       0.000
    T                  0.000       0.000      1.000       0.000       0.000

 S6       WITH
    S7                 0.000       0.000      1.000       0.000       0.000
    S8                 0.000       0.000      1.000       0.000       0.000
    S9                 0.000       0.000      1.000       0.000       0.000
    S10                0.000       0.000      1.000       0.000       0.000
    T                  0.000       0.000      1.000       0.000       0.000

 S7       WITH
    S8                 0.000       0.000      1.000       0.000       0.000
    S9                 0.000       0.000      1.000       0.000       0.000
    S10                0.000       0.000      1.000       0.000       0.000
    T                  0.000       0.000      1.000       0.000       0.000

 S8       WITH
    S9                 0.000       0.000      1.000       0.000       0.000
    S10                0.000       0.000      1.000       0.000       0.000
    T                  0.000       0.000      1.000       0.000       0.000

 S9       WITH
    S10                0.000       0.000      1.000       0.000       0.000
    T                  0.000       0.000      1.000       0.000       0.000

 S10      WITH
    T                  0.000       0.000      1.000       0.000       0.000

 Means
    T                  0.000       0.000      1.000       0.000       0.000
    S1                 0.000       0.000      1.000       0.000       0.000
    S2                 0.578       0.283      0.021       0.024       1.139      *
    S3                 1.042       0.263      0.000       0.540       1.570      *
    S4                 1.239       0.398      0.001       0.464       2.027      *
    S5                 1.319       0.372      0.000       0.582       2.048      *
    S6                 1.142       0.406      0.002       0.316       1.926      *
    S7                 1.751       0.443      0.000       0.874       2.620      *
    S8                 2.180       0.511      0.000       1.188       3.177      *
    S9                 1.791       0.436      0.000       0.929       2.650      *
    S10                1.280       0.438      0.002       0.413       2.125      *

 Thresholds
    P11$1             -1.154       0.260      0.000      -1.671      -0.643      *
    P11$2             -0.669       0.244      0.004      -1.144      -0.169      *
    P11$3             -0.174       0.236      0.230      -0.624       0.318
    P11$4              0.418       0.235      0.031      -0.024       0.909
    P11$5              1.296       0.245      0.000       0.838       1.814      *
    P21$1             -1.154       0.260      0.000      -1.671      -0.643      *
    P21$2             -0.669       0.244      0.004      -1.144      -0.169      *
    P21$3             -0.174       0.236      0.230      -0.624       0.318
    P21$4              0.418       0.235      0.031      -0.024       0.909
    P21$5              1.296       0.245      0.000       0.838       1.814      *
    P12$1             -1.154       0.260      0.000      -1.671      -0.643      *
    P12$2             -0.669       0.244      0.004      -1.144      -0.169      *
    P12$3             -0.174       0.236      0.230      -0.624       0.318
    P12$4              0.418       0.235      0.031      -0.024       0.909
    P12$5              1.296       0.245      0.000       0.838       1.814      *
    P22$1             -1.585       0.416      0.000      -2.446      -0.825      *
    P22$2             -0.693       0.347      0.019      -1.400      -0.039      *
    P22$3              0.106       0.325      0.371      -0.554       0.737
    P22$4              1.070       0.328      0.000       0.421       1.712      *
    P13$1             -1.154       0.260      0.000      -1.671      -0.643      *
    P13$2             -0.669       0.244      0.004      -1.144      -0.169      *
    P13$3             -0.174       0.236      0.230      -0.624       0.318
    P13$4              0.418       0.235      0.031      -0.024       0.909
    P13$5              1.296       0.245      0.000       0.838       1.814      *
    P23$1             -1.154       0.260      0.000      -1.671      -0.643      *
    P23$2             -0.669       0.244      0.004      -1.144      -0.169      *
    P23$3             -0.174       0.236      0.230      -0.624       0.318
    P23$4              0.418       0.235      0.031      -0.024       0.909
    P23$5              1.296       0.245      0.000       0.838       1.814      *
    P14$1             -1.585       0.416      0.000      -2.446      -0.825      *
    P14$2             -0.693       0.347      0.019      -1.400      -0.039      *
    P14$3              0.106       0.325      0.371      -0.554       0.737
    P14$4              1.070       0.328      0.000       0.421       1.712      *
    P24$1             -0.945       0.384      0.004      -1.743      -0.224      *
    P24$2             -0.352       0.366      0.161      -1.108       0.345
    P24$3              0.742       0.359      0.027      -0.013       1.424
    P15$1             -0.945       0.384      0.004      -1.743      -0.224      *
    P15$2             -0.352       0.366      0.161      -1.108       0.345
    P15$3              0.742       0.359      0.027      -0.013       1.424
    P25$1             -1.585       0.416      0.000      -2.446      -0.825      *
    P25$2             -0.693       0.347      0.019      -1.400      -0.039      *
    P25$3              0.106       0.325      0.371      -0.554       0.737
    P25$4              1.070       0.328      0.000       0.421       1.712      *
    P16$1             -0.945       0.384      0.004      -1.743      -0.224      *
    P16$2             -0.352       0.366      0.161      -1.108       0.345
    P16$3              0.742       0.359      0.027      -0.013       1.424
    P26$1             -0.945       0.384      0.004      -1.743      -0.224      *
    P26$2             -0.352       0.366      0.161      -1.108       0.345
    P26$3              0.742       0.359      0.027      -0.013       1.424
    P17$1              0.030       0.526      0.478      -1.031       1.044
    P17$2              1.401       0.482      0.002       0.427       2.333      *
    P27$1             -0.945       0.384      0.004      -1.743      -0.224      *
    P27$2             -0.352       0.366      0.161      -1.108       0.345
    P27$3              0.742       0.359      0.027      -0.013       1.424
    P18$1             -0.464       0.503      0.167      -1.492       0.492
    P18$2              0.046       0.477      0.461      -0.921       0.962
    P18$3              1.546       0.457      0.001       0.625       2.439      *
    P28$1             -0.123       0.601      0.419      -1.343       1.006
    P28$2              0.806       0.554      0.075      -0.290       1.891
    P19$1             -0.464       0.503      0.167      -1.492       0.492
    P19$2              0.046       0.477      0.461      -0.921       0.962
    P19$3              1.546       0.457      0.001       0.625       2.439      *
    P29$1             -0.945       0.384      0.004      -1.743      -0.224      *
    P29$2             -0.352       0.366      0.161      -1.108       0.345
    P29$3              0.742       0.359      0.027      -0.013       1.424
    P110$1            -0.945       0.384      0.004      -1.743      -0.224      *
    P110$2            -0.352       0.366      0.161      -1.108       0.345
    P110$3             0.742       0.359      0.027      -0.013       1.424
    P210$1            -0.293       0.518      0.285      -1.333       0.709
    P210$2             0.569       0.486      0.124      -0.392       1.510

 Variances
    T                  0.796       0.267      0.000       0.433       1.472      *
    S1                 0.450       0.161      0.000       0.187       0.816      *
    S2                 0.450       0.161      0.000       0.187       0.816      *
    S3                 0.450       0.161      0.000       0.187       0.816      *
    S4                 0.450       0.161      0.000       0.187       0.816      *
    S5                 0.450       0.161      0.000       0.187       0.816      *
    S6                 0.450       0.161      0.000       0.187       0.816      *
    S7                 0.450       0.161      0.000       0.187       0.816      *
    S8                 0.450       0.161      0.000       0.187       0.816      *
    S9                 0.450       0.161      0.000       0.187       0.816      *
    S10                0.450       0.161      0.000       0.187       0.816      *

New/Additional Parameters
    CON                0.643       0.096      0.000       0.446       0.820      *
    OCC                0.357       0.096      0.000       0.180       0.554      *
    REL                0.558       0.063      0.000       0.427       0.674      *


STANDARDIZED MODEL RESULTS


STDYX Standardization

                                Posterior  One-Tailed         95% C.I.
                    Estimate       S.D.      P-Value   Lower 2.5%  Upper 2.5%  Significance
 T        BY
    P11                0.595       0.059      0.000       0.478       0.707      *
    P21                0.595       0.059      0.000       0.478       0.707      *
    P12                0.595       0.059      0.000       0.478       0.707      *
    P22                0.595       0.059      0.000       0.478       0.707      *
    P13                0.595       0.059      0.000       0.478       0.707      *
    P23                0.595       0.059      0.000       0.478       0.707      *
    P14                0.595       0.059      0.000       0.478       0.707      *
    P24                0.595       0.059      0.000       0.478       0.707      *
    P15                0.595       0.059      0.000       0.478       0.707      *
    P25                0.595       0.059      0.000       0.478       0.707      *
    P16                0.595       0.059      0.000       0.478       0.707      *
    P26                0.595       0.059      0.000       0.478       0.707      *
    P17                0.595       0.059      0.000       0.478       0.707      *
    P27                0.595       0.059      0.000       0.478       0.707      *
    P18                0.595       0.059      0.000       0.478       0.707      *
    P28                0.595       0.059      0.000       0.478       0.707      *
    P19                0.595       0.059      0.000       0.478       0.707      *
    P29                0.595       0.059      0.000       0.478       0.707      *
    P110               0.595       0.059      0.000       0.478       0.707      *
    P210               0.595       0.059      0.000       0.478       0.707      *

 S1       BY
    P11                0.444       0.064      0.000       0.307       0.560      *
    P21                0.444       0.064      0.000       0.307       0.560      *

 S2       BY
    P12                0.444       0.064      0.000       0.307       0.560      *
    P22                0.444       0.064      0.000       0.307       0.560      *

 S3       BY
    P13                0.444       0.064      0.000       0.307       0.560      *
    P23                0.444       0.064      0.000       0.307       0.560      *

 S4       BY
    P14                0.444       0.064      0.000       0.307       0.560      *
    P24                0.444       0.064      0.000       0.307       0.560      *

 S5       BY
    P15                0.444       0.064      0.000       0.307       0.560      *
    P25                0.444       0.064      0.000       0.307       0.560      *

 S6       BY
    P16                0.444       0.064      0.000       0.307       0.560      *
    P26                0.444       0.064      0.000       0.307       0.560      *

 S7       BY
    P17                0.444       0.064      0.000       0.307       0.560      *
    P27                0.444       0.064      0.000       0.307       0.560      *

 S8       BY
    P18                0.444       0.064      0.000       0.307       0.560      *
    P28                0.444       0.064      0.000       0.307       0.560      *

 S9       BY
    P19                0.444       0.064      0.000       0.307       0.560      *
    P29                0.444       0.064      0.000       0.307       0.560      *

 S10      BY
    P110               0.444       0.064      0.000       0.307       0.560      *
    P210               0.444       0.064      0.000       0.307       0.560      *

 S1       WITH
    S2                 0.000       0.000      1.000       0.000       0.000
    S3                 0.000       0.000      1.000       0.000       0.000
    S4                 0.000       0.000      1.000       0.000       0.000
    S5                 0.000       0.000      1.000       0.000       0.000
    S6                 0.000       0.000      1.000       0.000       0.000
    S7                 0.000       0.000      1.000       0.000       0.000
    S8                 0.000       0.000      1.000       0.000       0.000
    S9                 0.000       0.000      1.000       0.000       0.000
    S10                0.000       0.000      1.000       0.000       0.000
    T                  0.000       0.000      1.000       0.000       0.000

 S2       WITH
    S3                 0.000       0.000      1.000       0.000       0.000
    S4                 0.000       0.000      1.000       0.000       0.000
    S5                 0.000       0.000      1.000       0.000       0.000
    S6                 0.000       0.000      1.000       0.000       0.000
    S7                 0.000       0.000      1.000       0.000       0.000
    S8                 0.000       0.000      1.000       0.000       0.000
    S9                 0.000       0.000      1.000       0.000       0.000
    S10                0.000       0.000      1.000       0.000       0.000
    T                  0.000       0.000      1.000       0.000       0.000

 S3       WITH
    S4                 0.000       0.000      1.000       0.000       0.000
    S5                 0.000       0.000      1.000       0.000       0.000
    S6                 0.000       0.000      1.000       0.000       0.000
    S7                 0.000       0.000      1.000       0.000       0.000
    S8                 0.000       0.000      1.000       0.000       0.000
    S9                 0.000       0.000      1.000       0.000       0.000
    S10                0.000       0.000      1.000       0.000       0.000
    T                  0.000       0.000      1.000       0.000       0.000

 S4       WITH
    S5                 0.000       0.000      1.000       0.000       0.000
    S6                 0.000       0.000      1.000       0.000       0.000
    S7                 0.000       0.000      1.000       0.000       0.000
    S8                 0.000       0.000      1.000       0.000       0.000
    S9                 0.000       0.000      1.000       0.000       0.000
    S10                0.000       0.000      1.000       0.000       0.000
    T                  0.000       0.000      1.000       0.000       0.000

 S5       WITH
    S6                 0.000       0.000      1.000       0.000       0.000
    S7                 0.000       0.000      1.000       0.000       0.000
    S8                 0.000       0.000      1.000       0.000       0.000
    S9                 0.000       0.000      1.000       0.000       0.000
    S10                0.000       0.000      1.000       0.000       0.000
    T                  0.000       0.000      1.000       0.000       0.000

 S6       WITH
    S7                 0.000       0.000      1.000       0.000       0.000
    S8                 0.000       0.000      1.000       0.000       0.000
    S9                 0.000       0.000      1.000       0.000       0.000
    S10                0.000       0.000      1.000       0.000       0.000
    T                  0.000       0.000      1.000       0.000       0.000

 S7       WITH
    S8                 0.000       0.000      1.000       0.000       0.000
    S9                 0.000       0.000      1.000       0.000       0.000
    S10                0.000       0.000      1.000       0.000       0.000
    T                  0.000       0.000      1.000       0.000       0.000

 S8       WITH
    S9                 0.000       0.000      1.000       0.000       0.000
    S10                0.000       0.000      1.000       0.000       0.000
    T                  0.000       0.000      1.000       0.000       0.000

 S9       WITH
    S10                0.000       0.000      1.000       0.000       0.000
    T                  0.000       0.000      1.000       0.000       0.000

 S10      WITH
    T                  0.000       0.000      1.000       0.000       0.000

 Means
    T                  0.000       0.000      1.000       0.000       0.000
    S1                 0.000       0.000      1.000       0.000       0.000
    S2                 0.873       0.456      0.021       0.033       1.836      *
    S3                 1.568       0.475      0.000       0.773       2.640      *
    S4                 1.867       0.685      0.001       0.672       3.408      *
    S5                 1.986       0.652      0.000       0.848       3.445      *
    S6                 1.709       0.682      0.002       0.480       3.163      *
    S7                 2.629       0.808      0.000       1.269       4.469      *
    S8                 3.256       0.926      0.000       1.726       5.369      *
    S9                 2.682       0.796      0.000       1.356       4.510      *
    S10                1.912       0.752      0.002       0.608       3.584      *

 Thresholds
    P11$1             -0.767       0.173      0.000      -1.104      -0.423      *
    P11$2             -0.445       0.162      0.004      -0.753      -0.112      *
    P11$3             -0.115       0.156      0.230      -0.408       0.209
    P11$4              0.278       0.154      0.031      -0.015       0.596
    P11$5              0.862       0.162      0.000       0.551       1.193      *
    P21$1             -0.767       0.173      0.000      -1.104      -0.423      *
    P21$2             -0.445       0.162      0.004      -0.753      -0.112      *
    P21$3             -0.115       0.156      0.230      -0.408       0.209
    P21$4              0.278       0.154      0.031      -0.015       0.596
    P21$5              0.862       0.162      0.000       0.551       1.193      *
    P12$1             -0.767       0.173      0.000      -1.104      -0.423      *
    P12$2             -0.445       0.162      0.004      -0.753      -0.112      *
    P12$3             -0.115       0.156      0.230      -0.408       0.209
    P12$4              0.278       0.154      0.031      -0.015       0.596
    P12$5              0.862       0.162      0.000       0.551       1.193      *
    P22$1             -1.052       0.281      0.000      -1.638      -0.543      *
    P22$2             -0.461       0.231      0.019      -0.936      -0.025      *
    P22$3              0.070       0.216      0.371      -0.367       0.488
    P22$4              0.709       0.218      0.000       0.279       1.137      *
    P13$1             -0.767       0.173      0.000      -1.104      -0.423      *
    P13$2             -0.445       0.162      0.004      -0.753      -0.112      *
    P13$3             -0.115       0.156      0.230      -0.408       0.209
    P13$4              0.278       0.154      0.031      -0.015       0.596
    P13$5              0.862       0.162      0.000       0.551       1.193      *
    P23$1             -0.767       0.173      0.000      -1.104      -0.423      *
    P23$2             -0.445       0.162      0.004      -0.753      -0.112      *
    P23$3             -0.115       0.156      0.230      -0.408       0.209
    P23$4              0.278       0.154      0.031      -0.015       0.596
    P23$5              0.862       0.162      0.000       0.551       1.193      *
    P14$1             -1.052       0.281      0.000      -1.638      -0.543      *
    P14$2             -0.461       0.231      0.019      -0.936      -0.025      *
    P14$3              0.070       0.216      0.371      -0.367       0.488
    P14$4              0.709       0.218      0.000       0.279       1.137      *
    P24$1             -0.627       0.256      0.004      -1.158      -0.149      *
    P24$2             -0.233       0.243      0.161      -0.737       0.228
    P24$3              0.492       0.239      0.027      -0.009       0.949
    P15$1             -0.627       0.256      0.004      -1.158      -0.149      *
    P15$2             -0.233       0.243      0.161      -0.737       0.228
    P15$3              0.492       0.239      0.027      -0.009       0.949
    P25$1             -1.052       0.281      0.000      -1.638      -0.543      *
    P25$2             -0.461       0.231      0.019      -0.936      -0.025      *
    P25$3              0.070       0.216      0.371      -0.367       0.488
    P25$4              0.709       0.218      0.000       0.279       1.137      *
    P16$1             -0.627       0.256      0.004      -1.158      -0.149      *
    P16$2             -0.233       0.243      0.161      -0.737       0.228
    P16$3              0.492       0.239      0.027      -0.009       0.949
    P26$1             -0.627       0.256      0.004      -1.158      -0.149      *
    P26$2             -0.233       0.243      0.161      -0.737       0.228
    P26$3              0.492       0.239      0.027      -0.009       0.949
    P17$1              0.020       0.349      0.478      -0.689       0.689
    P17$2              0.929       0.321      0.002       0.287       1.546      *
    P27$1             -0.627       0.256      0.004      -1.158      -0.149      *
    P27$2             -0.233       0.243      0.161      -0.737       0.228
    P27$3              0.492       0.239      0.027      -0.009       0.949
    P18$1             -0.306       0.335      0.167      -0.994       0.330
    P18$2              0.030       0.317      0.461      -0.608       0.645
    P18$3              1.022       0.304      0.001       0.418       1.619      *
    P28$1             -0.082       0.399      0.419      -0.891       0.669
    P28$2              0.534       0.368      0.075      -0.195       1.261
    P19$1             -0.306       0.335      0.167      -0.994       0.330
    P19$2              0.030       0.317      0.461      -0.608       0.645
    P19$3              1.022       0.304      0.001       0.418       1.619      *
    P29$1             -0.627       0.256      0.004      -1.158      -0.149      *
    P29$2             -0.233       0.243      0.161      -0.737       0.228
    P29$3              0.492       0.239      0.027      -0.009       0.949
    P110$1            -0.627       0.256      0.004      -1.158      -0.149      *
    P110$2            -0.233       0.243      0.161      -0.737       0.228
    P110$3             0.492       0.239      0.027      -0.009       0.949
    P210$1            -0.193       0.344      0.285      -0.883       0.475
    P210$2             0.375       0.323      0.124      -0.261       1.008

 Variances
    T                  1.000       0.000      0.000       1.000       1.000
    S1                 1.000       0.000      0.000       1.000       1.000
    S2                 1.000       0.000      0.000       1.000       1.000
    S3                 1.000       0.000      0.000       1.000       1.000
    S4                 1.000       0.000      0.000       1.000       1.000
    S5                 1.000       0.000      0.000       1.000       1.000
    S6                 1.000       0.000      0.000       1.000       1.000
    S7                 1.000       0.000      0.000       1.000       1.000
    S8                 1.000       0.000      0.000       1.000       1.000
    S9                 1.000       0.000      0.000       1.000       1.000
    S10                1.000       0.000      0.000       1.000       1.000


R-SQUARE

                                Posterior  One-Tailed         95% C.I.
    Variable        Estimate       S.D.      P-Value   Lower 2.5%  Upper 2.5%

    P11                0.558       0.063      0.000       0.427       0.674
    P21                0.558       0.063      0.000       0.427       0.674
    P12                0.558       0.063      0.000       0.427       0.674
    P22                0.558       0.063      0.000       0.427       0.674
    P13                0.558       0.063      0.000       0.427       0.674
    P23                0.558       0.063      0.000       0.427       0.674
    P14                0.558       0.063      0.000       0.427       0.674
    P24                0.558       0.063      0.000       0.427       0.674
    P15                0.558       0.063      0.000       0.427       0.674
    P25                0.558       0.063      0.000       0.427       0.674
    P16                0.558       0.063      0.000       0.427       0.674
    P26                0.558       0.063      0.000       0.427       0.674
    P17                0.558       0.063      0.000       0.427       0.674
    P27                0.558       0.063      0.000       0.427       0.674
    P18                0.558       0.063      0.000       0.427       0.674
    P28                0.558       0.063      0.000       0.427       0.674
    P19                0.558       0.063      0.000       0.427       0.674
    P29                0.558       0.063      0.000       0.427       0.674
    P110               0.558       0.063      0.000       0.427       0.674
    P210               0.558       0.063      0.000       0.427       0.674


TECHNICAL 1 OUTPUT


     PARAMETER SPECIFICATION


           TAU
              P11$1         P11$2         P11$3         P11$4         P11$5
              ________      ________      ________      ________      ________
                   12            13            14            15            16


           TAU
              P21$1         P21$2         P21$3         P21$4         P21$5
              ________      ________      ________      ________      ________
                   12            13            14            15            16


           TAU
              P12$1         P12$2         P12$3         P12$4         P12$5
              ________      ________      ________      ________      ________
                   12            13            14            15            16


           TAU
              P22$1         P22$2         P22$3         P22$4         P13$1
              ________      ________      ________      ________      ________
                   17            18            19            20            12


           TAU
              P13$2         P13$3         P13$4         P13$5         P23$1
              ________      ________      ________      ________      ________
                   13            14            15            16            12


           TAU
              P23$2         P23$3         P23$4         P23$5         P14$1
              ________      ________      ________      ________      ________
                   13            14            15            16            17


           TAU
              P14$2         P14$3         P14$4         P24$1         P24$2
              ________      ________      ________      ________      ________
                   18            19            20            21            22


           TAU
              P24$3         P15$1         P15$2         P15$3         P25$1
              ________      ________      ________      ________      ________
                   23            21            22            23            17


           TAU
              P25$2         P25$3         P25$4         P16$1         P16$2
              ________      ________      ________      ________      ________
                   18            19            20            21            22


           TAU
              P16$3         P26$1         P26$2         P26$3         P17$1
              ________      ________      ________      ________      ________
                   23            21            22            23            24


           TAU
              P17$2         P27$1         P27$2         P27$3         P18$1
              ________      ________      ________      ________      ________
                   25            21            22            23            26


           TAU
              P18$2         P18$3         P28$1         P28$2         P19$1
              ________      ________      ________      ________      ________
                   27            28            29            30            26


           TAU
              P19$2         P19$3         P29$1         P29$2         P29$3
              ________      ________      ________      ________      ________
                   27            28            21            22            23


           TAU
              P110$1        P110$2        P110$3        P210$1        P210$2
              ________      ________      ________      ________      ________
                   21            22            23            31            32


           NU
              P11           P21           P12           P22           P13
              ________      ________      ________      ________      ________
                    0             0             0             0             0


           NU
              P23           P14           P24           P15           P25
              ________      ________      ________      ________      ________
                    0             0             0             0             0


           NU
              P16           P26           P17           P27           P18
              ________      ________      ________      ________      ________
                    0             0             0             0             0


           NU
              P28           P19           P29           P110          P210
              ________      ________      ________      ________      ________
                    0             0             0             0             0


           LAMBDA
              T             S1            S2            S3            S4
              ________      ________      ________      ________      ________
 P11                0             0             0             0             0
 P21                0             0             0             0             0
 P12                0             0             0             0             0
 P22                0             0             0             0             0
 P13                0             0             0             0             0
 P23                0             0             0             0             0
 P14                0             0             0             0             0
 P24                0             0             0             0             0
 P15                0             0             0             0             0
 P25                0             0             0             0             0
 P16                0             0             0             0             0
 P26                0             0             0             0             0
 P17                0             0             0             0             0
 P27                0             0             0             0             0
 P18                0             0             0             0             0
 P28                0             0             0             0             0
 P19                0             0             0             0             0
 P29                0             0             0             0             0
 P110               0             0             0             0             0
 P210               0             0             0             0             0


           LAMBDA
              S5            S6            S7            S8            S9
              ________      ________      ________      ________      ________
 P11                0             0             0             0             0
 P21                0             0             0             0             0
 P12                0             0             0             0             0
 P22                0             0             0             0             0
 P13                0             0             0             0             0
 P23                0             0             0             0             0
 P14                0             0             0             0             0
 P24                0             0             0             0             0
 P15                0             0             0             0             0
 P25                0             0             0             0             0
 P16                0             0             0             0             0
 P26                0             0             0             0             0
 P17                0             0             0             0             0
 P27                0             0             0             0             0
 P18                0             0             0             0             0
 P28                0             0             0             0             0
 P19                0             0             0             0             0
 P29                0             0             0             0             0
 P110               0             0             0             0             0
 P210               0             0             0             0             0


           LAMBDA
              S10
              ________
 P11                0
 P21                0
 P12                0
 P22                0
 P13                0
 P23                0
 P14                0
 P24                0
 P15                0
 P25                0
 P16                0
 P26                0
 P17                0
 P27                0
 P18                0
 P28                0
 P19                0
 P29                0
 P110               0
 P210               0


           THETA
              P11           P21           P12           P22           P13
              ________      ________      ________      ________      ________
 P11                0
 P21                0             0
 P12                0             0             0
 P22                0             0             0             0
 P13                0             0             0             0             0
 P23                0             0             0             0             0
 P14                0             0             0             0             0
 P24                0             0             0             0             0
 P15                0             0             0             0             0
 P25                0             0             0             0             0
 P16                0             0             0             0             0
 P26                0             0             0             0             0
 P17                0             0             0             0             0
 P27                0             0             0             0             0
 P18                0             0             0             0             0
 P28                0             0             0             0             0
 P19                0             0             0             0             0
 P29                0             0             0             0             0
 P110               0             0             0             0             0
 P210               0             0             0             0             0


           THETA
              P23           P14           P24           P15           P25
              ________      ________      ________      ________      ________
 P23                0
 P14                0             0
 P24                0             0             0
 P15                0             0             0             0
 P25                0             0             0             0             0
 P16                0             0             0             0             0
 P26                0             0             0             0             0
 P17                0             0             0             0             0
 P27                0             0             0             0             0
 P18                0             0             0             0             0
 P28                0             0             0             0             0
 P19                0             0             0             0             0
 P29                0             0             0             0             0
 P110               0             0             0             0             0
 P210               0             0             0             0             0


           THETA
              P16           P26           P17           P27           P18
              ________      ________      ________      ________      ________
 P16                0
 P26                0             0
 P17                0             0             0
 P27                0             0             0             0
 P18                0             0             0             0             0
 P28                0             0             0             0             0
 P19                0             0             0             0             0
 P29                0             0             0             0             0
 P110               0             0             0             0             0
 P210               0             0             0             0             0


           THETA
              P28           P19           P29           P110          P210
              ________      ________      ________      ________      ________
 P28                0
 P19                0             0
 P29                0             0             0
 P110               0             0             0             0
 P210               0             0             0             0             0


           ALPHA
              T             S1            S2            S3            S4
              ________      ________      ________      ________      ________
                    0             0             1             2             3


           ALPHA
              S5            S6            S7            S8            S9
              ________      ________      ________      ________      ________
                    4             5             6             7             8


           ALPHA
              S10
              ________
                    9


           BETA
              T             S1            S2            S3            S4
              ________      ________      ________      ________      ________
 T                  0             0             0             0             0
 S1                 0             0             0             0             0
 S2                 0             0             0             0             0
 S3                 0             0             0             0             0
 S4                 0             0             0             0             0
 S5                 0             0             0             0             0
 S6                 0             0             0             0             0
 S7                 0             0             0             0             0
 S8                 0             0             0             0             0
 S9                 0             0             0             0             0
 S10                0             0             0             0             0


           BETA
              S5            S6            S7            S8            S9
              ________      ________      ________      ________      ________
 T                  0             0             0             0             0
 S1                 0             0             0             0             0
 S2                 0             0             0             0             0
 S3                 0             0             0             0             0
 S4                 0             0             0             0             0
 S5                 0             0             0             0             0
 S6                 0             0             0             0             0
 S7                 0             0             0             0             0
 S8                 0             0             0             0             0
 S9                 0             0             0             0             0
 S10                0             0             0             0             0


           BETA
              S10
              ________
 T                  0
 S1                 0
 S2                 0
 S3                 0
 S4                 0
 S5                 0
 S6                 0
 S7                 0
 S8                 0
 S9                 0
 S10                0


           PSI
              T             S1            S2            S3            S4
              ________      ________      ________      ________      ________
 T                 10
 S1                 0            11
 S2                 0             0            11
 S3                 0             0             0            11
 S4                 0             0             0             0            11
 S5                 0             0             0             0             0
 S6                 0             0             0             0             0
 S7                 0             0             0             0             0
 S8                 0             0             0             0             0
 S9                 0             0             0             0             0
 S10                0             0             0             0             0


           PSI
              S5            S6            S7            S8            S9
              ________      ________      ________      ________      ________
 S5                11
 S6                 0            11
 S7                 0             0            11
 S8                 0             0             0            11
 S9                 0             0             0             0            11
 S10                0             0             0             0             0


           PSI
              S10
              ________
 S10               11


     PARAMETER SPECIFICATION FOR THE ADDITIONAL PARAMETERS


           NEW/ADDITIONAL PARAMETERS
              CON           OCC           REL
              ________      ________      ________
                   33            34            35


     STARTING VALUES


           TAU
              P11$1         P11$2         P11$3         P11$4         P11$5
              ________      ________      ________      ________      ________
               -1.267        -0.867        -0.544        -0.136         0.445


           TAU
              P21$1         P21$2         P21$3         P21$4         P21$5
              ________      ________      ________      ________      ________
               -1.267        -0.867        -0.544        -0.136         0.445


           TAU
              P12$1         P12$2         P12$3         P12$4         P12$5
              ________      ________      ________      ________      ________
               -1.267        -0.867        -0.544        -0.136         0.445


           TAU
              P22$1         P22$2         P22$3         P22$4         P13$1
              ________      ________      ________      ________      ________
               -1.832        -1.143        -0.658        -0.023        -1.267


           TAU
              P13$2         P13$3         P13$4         P13$5         P23$1
              ________      ________      ________      ________      ________
               -0.867        -0.544        -0.136         0.445        -1.267


           TAU
              P23$2         P23$3         P23$4         P23$5         P14$1
              ________      ________      ________      ________      ________
               -0.867        -0.544        -0.136         0.445        -1.832


           TAU
              P14$2         P14$3         P14$4         P24$1         P24$2
              ________      ________      ________      ________      ________
               -1.143        -0.658        -0.023        -1.636        -1.183


           TAU
              P24$3         P15$1         P15$2         P15$3         P25$1
              ________      ________      ________      ________      ________
               -0.417        -1.636        -1.183        -0.417        -1.832


           TAU
              P25$2         P25$3         P25$4         P16$1         P16$2
              ________      ________      ________      ________      ________
               -1.143        -0.658        -0.023        -1.636        -1.183


           TAU
              P16$3         P26$1         P26$2         P26$3         P17$1
              ________      ________      ________      ________      ________
               -0.417        -1.636        -1.183        -0.417        -1.155


           TAU
              P17$2         P27$1         P27$2         P27$3         P18$1
              ________      ________      ________      ________      ________
               -0.187        -1.636        -1.183        -0.417        -1.668


           TAU
              P18$2         P18$3         P28$1         P28$2         P19$1
              ________      ________      ________      ________      ________
               -1.259        -0.272        -1.381        -0.844        -1.668


           TAU
              P19$2         P19$3         P29$1         P29$2         P29$3
              ________      ________      ________      ________      ________
               -1.259        -0.272        -1.636        -1.183        -0.417


           TAU
              P110$1        P110$2        P110$3        P210$1        P210$2
              ________      ________      ________      ________      ________
               -1.636        -1.183        -0.417        -0.957        -0.385


           NU
              P11           P21           P12           P22           P13
              ________      ________      ________      ________      ________
                0.000         0.000         0.000         0.000         0.000


           NU
              P23           P14           P24           P15           P25
              ________      ________      ________      ________      ________
                0.000         0.000         0.000         0.000         0.000


           NU
              P16           P26           P17           P27           P18
              ________      ________      ________      ________      ________
                0.000         0.000         0.000         0.000         0.000


           NU
              P28           P19           P29           P110          P210
              ________      ________      ________      ________      ________
                0.000         0.000         0.000         0.000         0.000


           LAMBDA
              T             S1            S2            S3            S4
              ________      ________      ________      ________      ________
 P11            1.000         1.000         0.000         0.000         0.000
 P21            1.000         1.000         0.000         0.000         0.000
 P12            1.000         0.000         1.000         0.000         0.000
 P22            1.000         0.000         1.000         0.000         0.000
 P13            1.000         0.000         0.000         1.000         0.000
 P23            1.000         0.000         0.000         1.000         0.000
 P14            1.000         0.000         0.000         0.000         1.000
 P24            1.000         0.000         0.000         0.000         1.000
 P15            1.000         0.000         0.000         0.000         0.000
 P25            1.000         0.000         0.000         0.000         0.000
 P16            1.000         0.000         0.000         0.000         0.000
 P26            1.000         0.000         0.000         0.000         0.000
 P17            1.000         0.000         0.000         0.000         0.000
 P27            1.000         0.000         0.000         0.000         0.000
 P18            1.000         0.000         0.000         0.000         0.000
 P28            1.000         0.000         0.000         0.000         0.000
 P19            1.000         0.000         0.000         0.000         0.000
 P29            1.000         0.000         0.000         0.000         0.000
 P110           1.000         0.000         0.000         0.000         0.000
 P210           1.000         0.000         0.000         0.000         0.000


           LAMBDA
              S5            S6            S7            S8            S9
              ________      ________      ________      ________      ________
 P11            0.000         0.000         0.000         0.000         0.000
 P21            0.000         0.000         0.000         0.000         0.000
 P12            0.000         0.000         0.000         0.000         0.000
 P22            0.000         0.000         0.000         0.000         0.000
 P13            0.000         0.000         0.000         0.000         0.000
 P23            0.000         0.000         0.000         0.000         0.000
 P14            0.000         0.000         0.000         0.000         0.000
 P24            0.000         0.000         0.000         0.000         0.000
 P15            1.000         0.000         0.000         0.000         0.000
 P25            1.000         0.000         0.000         0.000         0.000
 P16            0.000         1.000         0.000         0.000         0.000
 P26            0.000         1.000         0.000         0.000         0.000
 P17            0.000         0.000         1.000         0.000         0.000
 P27            0.000         0.000         1.000         0.000         0.000
 P18            0.000         0.000         0.000         1.000         0.000
 P28            0.000         0.000         0.000         1.000         0.000
 P19            0.000         0.000         0.000         0.000         1.000
 P29            0.000         0.000         0.000         0.000         1.000
 P110           0.000         0.000         0.000         0.000         0.000
 P210           0.000         0.000         0.000         0.000         0.000


           LAMBDA
              S10
              ________
 P11            0.000
 P21            0.000
 P12            0.000
 P22            0.000
 P13            0.000
 P23            0.000
 P14            0.000
 P24            0.000
 P15            0.000
 P25            0.000
 P16            0.000
 P26            0.000
 P17            0.000
 P27            0.000
 P18            0.000
 P28            0.000
 P19            0.000
 P29            0.000
 P110           1.000
 P210           1.000


           THETA
              P11           P21           P12           P22           P13
              ________      ________      ________      ________      ________
 P11            1.000
 P21            0.000         1.000
 P12            0.000         0.000         1.000
 P22            0.000         0.000         0.000         1.000
 P13            0.000         0.000         0.000         0.000         1.000
 P23            0.000         0.000         0.000         0.000         0.000
 P14            0.000         0.000         0.000         0.000         0.000
 P24            0.000         0.000         0.000         0.000         0.000
 P15            0.000         0.000         0.000         0.000         0.000
 P25            0.000         0.000         0.000         0.000         0.000
 P16            0.000         0.000         0.000         0.000         0.000
 P26            0.000         0.000         0.000         0.000         0.000
 P17            0.000         0.000         0.000         0.000         0.000
 P27            0.000         0.000         0.000         0.000         0.000
 P18            0.000         0.000         0.000         0.000         0.000
 P28            0.000         0.000         0.000         0.000         0.000
 P19            0.000         0.000         0.000         0.000         0.000
 P29            0.000         0.000         0.000         0.000         0.000
 P110           0.000         0.000         0.000         0.000         0.000
 P210           0.000         0.000         0.000         0.000         0.000


           THETA
              P23           P14           P24           P15           P25
              ________      ________      ________      ________      ________
 P23            1.000
 P14            0.000         1.000
 P24            0.000         0.000         1.000
 P15            0.000         0.000         0.000         1.000
 P25            0.000         0.000         0.000         0.000         1.000
 P16            0.000         0.000         0.000         0.000         0.000
 P26            0.000         0.000         0.000         0.000         0.000
 P17            0.000         0.000         0.000         0.000         0.000
 P27            0.000         0.000         0.000         0.000         0.000
 P18            0.000         0.000         0.000         0.000         0.000
 P28            0.000         0.000         0.000         0.000         0.000
 P19            0.000         0.000         0.000         0.000         0.000
 P29            0.000         0.000         0.000         0.000         0.000
 P110           0.000         0.000         0.000         0.000         0.000
 P210           0.000         0.000         0.000         0.000         0.000


           THETA
              P16           P26           P17           P27           P18
              ________      ________      ________      ________      ________
 P16            1.000
 P26            0.000         1.000
 P17            0.000         0.000         1.000
 P27            0.000         0.000         0.000         1.000
 P18            0.000         0.000         0.000         0.000         1.000
 P28            0.000         0.000         0.000         0.000         0.000
 P19            0.000         0.000         0.000         0.000         0.000
 P29            0.000         0.000         0.000         0.000         0.000
 P110           0.000         0.000         0.000         0.000         0.000
 P210           0.000         0.000         0.000         0.000         0.000


           THETA
              P28           P19           P29           P110          P210
              ________      ________      ________      ________      ________
 P28            1.000
 P19            0.000         1.000
 P29            0.000         0.000         1.000
 P110           0.000         0.000         0.000         1.000
 P210           0.000         0.000         0.000         0.000         1.000


           ALPHA
              T             S1            S2            S3            S4
              ________      ________      ________      ________      ________
                0.000         0.000         0.000         0.000         0.000


           ALPHA
              S5            S6            S7            S8            S9
              ________      ________      ________      ________      ________
                0.000         0.000         0.000         0.000         0.000


           ALPHA
              S10
              ________
                0.000


           BETA
              T             S1            S2            S3            S4
              ________      ________      ________      ________      ________
 T              0.000         0.000         0.000         0.000         0.000
 S1             0.000         0.000         0.000         0.000         0.000
 S2             0.000         0.000         0.000         0.000         0.000
 S3             0.000         0.000         0.000         0.000         0.000
 S4             0.000         0.000         0.000         0.000         0.000
 S5             0.000         0.000         0.000         0.000         0.000
 S6             0.000         0.000         0.000         0.000         0.000
 S7             0.000         0.000         0.000         0.000         0.000
 S8             0.000         0.000         0.000         0.000         0.000
 S9             0.000         0.000         0.000         0.000         0.000
 S10            0.000         0.000         0.000         0.000         0.000


           BETA
              S5            S6            S7            S8            S9
              ________      ________      ________      ________      ________
 T              0.000         0.000         0.000         0.000         0.000
 S1             0.000         0.000         0.000         0.000         0.000
 S2             0.000         0.000         0.000         0.000         0.000
 S3             0.000         0.000         0.000         0.000         0.000
 S4             0.000         0.000         0.000         0.000         0.000
 S5             0.000         0.000         0.000         0.000         0.000
 S6             0.000         0.000         0.000         0.000         0.000
 S7             0.000         0.000         0.000         0.000         0.000
 S8             0.000         0.000         0.000         0.000         0.000
 S9             0.000         0.000         0.000         0.000         0.000
 S10            0.000         0.000         0.000         0.000         0.000


           BETA
              S10
              ________
 T              0.000
 S1             0.000
 S2             0.000
 S3             0.000
 S4             0.000
 S5             0.000
 S6             0.000
 S7             0.000
 S8             0.000
 S9             0.000
 S10            0.000


           PSI
              T             S1            S2            S3            S4
              ________      ________      ________      ________      ________
 T              1.000
 S1             0.000         1.000
 S2             0.000         0.000         1.000
 S3             0.000         0.000         0.000         1.000
 S4             0.000         0.000         0.000         0.000         1.000
 S5             0.000         0.000         0.000         0.000         0.000
 S6             0.000         0.000         0.000         0.000         0.000
 S7             0.000         0.000         0.000         0.000         0.000
 S8             0.000         0.000         0.000         0.000         0.000
 S9             0.000         0.000         0.000         0.000         0.000
 S10            0.000         0.000         0.000         0.000         0.000


           PSI
              S5            S6            S7            S8            S9
              ________      ________      ________      ________      ________
 S5             1.000
 S6             0.000         1.000
 S7             0.000         0.000         1.000
 S8             0.000         0.000         0.000         1.000
 S9             0.000         0.000         0.000         0.000         1.000
 S10            0.000         0.000         0.000         0.000         0.000


           PSI
              S10
              ________
 S10            1.000


     STARTING VALUES FOR THE ADDITIONAL PARAMETERS


           NEW/ADDITIONAL PARAMETERS
              CON           OCC           REL
              ________      ________      ________
                0.500         0.500         0.500



     PRIORS FOR ALL PARAMETERS            PRIOR MEAN      PRIOR VARIANCE     PRIOR STD. DEV.

     Parameter 1~N(0.000,infinity)           0.0000            infinity            infinity
     Parameter 2~N(0.000,infinity)           0.0000            infinity            infinity
     Parameter 3~N(0.000,infinity)           0.0000            infinity            infinity
     Parameter 4~N(0.000,infinity)           0.0000            infinity            infinity
     Parameter 5~N(0.000,infinity)           0.0000            infinity            infinity
     Parameter 6~N(0.000,infinity)           0.0000            infinity            infinity
     Parameter 7~N(0.000,infinity)           0.0000            infinity            infinity
     Parameter 8~N(0.000,infinity)           0.0000            infinity            infinity
     Parameter 9~N(0.000,infinity)           0.0000            infinity            infinity
     Parameter 10~IG(-1.000,0.000)         infinity            infinity            infinity
     Parameter 11~IG(-1.000,0.000)         infinity            infinity            infinity
     Parameter 12~N(0.000,5.000)             0.0000              5.0000              2.2361
     Parameter 13~N(0.000,5.000)             0.0000              5.0000              2.2361
     Parameter 14~N(0.000,5.000)             0.0000              5.0000              2.2361
     Parameter 15~N(0.000,5.000)             0.0000              5.0000              2.2361
     Parameter 16~N(0.000,5.000)             0.0000              5.0000              2.2361
     Parameter 17~N(0.000,5.000)             0.0000              5.0000              2.2361
     Parameter 18~N(0.000,5.000)             0.0000              5.0000              2.2361
     Parameter 19~N(0.000,5.000)             0.0000              5.0000              2.2361
     Parameter 20~N(0.000,5.000)             0.0000              5.0000              2.2361
     Parameter 21~N(0.000,5.000)             0.0000              5.0000              2.2361
     Parameter 22~N(0.000,5.000)             0.0000              5.0000              2.2361
     Parameter 23~N(0.000,5.000)             0.0000              5.0000              2.2361
     Parameter 24~N(0.000,5.000)             0.0000              5.0000              2.2361
     Parameter 25~N(0.000,5.000)             0.0000              5.0000              2.2361
     Parameter 26~N(0.000,5.000)             0.0000              5.0000              2.2361
     Parameter 27~N(0.000,5.000)             0.0000              5.0000              2.2361
     Parameter 28~N(0.000,5.000)             0.0000              5.0000              2.2361
     Parameter 29~N(0.000,5.000)             0.0000              5.0000              2.2361
     Parameter 30~N(0.000,5.000)             0.0000              5.0000              2.2361
     Parameter 31~N(0.000,5.000)             0.0000              5.0000              2.2361
     Parameter 32~N(0.000,5.000)             0.0000              5.0000              2.2361


TECHNICAL 8 OUTPUT


   TECHNICAL 8 OUTPUT FOR BAYES ESTIMATION

     CHAIN    BSEED
     1        0
     2        285380

                     POTENTIAL       PARAMETER WITH
     ITERATION    SCALE REDUCTION      HIGHEST PSR
     100              1.634               11
     200              1.437               14
     300              1.859               22
     400              1.140               12
     500              1.026               11
     600              1.060               22
     700              1.043               26
     800              1.030               26
     900              1.014               14
     1000             1.044               14
     1100             1.022               15
     1200             1.031               15
     1300             1.034               6
     1400             1.064               6
     1500             1.059               16
     1600             1.034               6
     1700             1.036               25
     1800             1.065               23
     1900             1.075               9
     2000             1.063               9
     2100             1.047               9
     2200             1.036               9
     2300             1.026               9
     2400             1.032               9
     2500             1.049               9
     2600             1.046               7
     2700             1.026               7
     2800             1.012               7
     2900             1.008               7
     3000             1.016               7
     3100             1.026               7
     3200             1.014               7
     3300             1.018               7
     3400             1.013               7
     3500             1.012               14
     3600             1.006               14
     3700             1.019               23
     3800             1.020               23
     3900             1.008               5
     4000             1.011               16
     4100             1.011               16
     4200             1.006               29
     4300             1.005               29
     4400             1.003               29
     4500             1.004               29
     4600             1.003               29
     4700             1.003               3
     4800             1.009               23
     4900             1.011               23
     5000             1.015               23
     5100             1.014               23
     5200             1.022               23
     5300             1.017               23
     5400             1.012               23
     5500             1.009               23
     5600             1.005               23
     5700             1.002               3
     5800             1.004               3
     5900             1.011               23
     6000             1.012               23
     6100             1.016               23
     6200             1.016               23
     6300             1.015               23
     6400             1.011               23
     6500             1.009               23
     6600             1.010               23
     6700             1.005               23
     6800             1.004               3
     6900             1.004               3
     7000             1.004               23
     7100             1.005               23
     7200             1.006               16
     7300             1.005               16
     7400             1.004               16
     7500             1.005               16
     7600             1.008               16
     7700             1.009               16
     7800             1.007               16
     7900             1.011               16
     8000             1.012               16
     8100             1.016               23
     8200             1.026               22
     8300             1.027               22
     8400             1.023               22
     8500             1.027               23
     8600             1.023               23
     8700             1.019               23
     8800             1.017               22
     8900             1.019               23
     9000             1.022               23
     9100             1.018               23
     9200             1.018               23
     9300             1.015               23
     9400             1.014               22
     9500             1.009               23
     9600             1.006               16
     9700             1.005               3
     9800             1.004               16
     9900             1.003               16
     10000            1.005               16
     10100            1.006               16
     10200            1.005               16
     10300            1.003               16
     10400            1.002               16
     10500            1.002               16
     10600            1.001               16
     10700            1.002               16
     10800            1.003               16
     10900            1.002               16
     11000            1.002               16
     11100            1.002               16
     11200            1.002               16
     11300            1.002               16
     11400            1.003               16
     11500            1.002               3
     11600            1.001               3
     11700            1.002               12
     11800            1.004               12
     11900            1.004               30
     12000            1.003               30
     12100            1.003               30
     12200            1.004               30
     12300            1.004               30
     12400            1.005               21
     12500            1.005               21
     12600            1.007               21
     12700            1.006               21
     12800            1.006               21
     12900            1.006               21
     13000            1.005               21
     13100            1.004               12
     13200            1.003               12
     13300            1.003               12
     13400            1.004               12
     13500            1.004               12
     13600            1.004               12
     13700            1.003               12
     13800            1.003               12
     13900            1.004               12
     14000            1.003               12
     14100            1.005               12
     14200            1.005               12
     14300            1.004               12
     14400            1.005               12
     14500            1.006               12
     14600            1.006               12
     14700            1.006               12
     14800            1.004               21
     14900            1.004               12
     15000            1.003               21
     15100            1.003               12
     15200            1.003               12
     15300            1.002               12
     15400            1.001               12
     15500            1.001               21
     15600            1.001               12
     15700            1.001               2
     15800            1.001               2
     15900            1.001               2
     16000            1.001               2
     16100            1.001               2
     16200            1.001               2
     16300            1.001               2
     16400            1.001               21
     16500            1.001               21
     16600            1.002               21
     16700            1.002               21
     16800            1.002               21
     16900            1.002               21
     17000            1.003               21
     17100            1.003               21
     17200            1.002               9
     17300            1.001               21
     17400            1.001               21
     17500            1.001               30
     17600            1.001               29
     17700            1.001               30
     17800            1.001               12
     17900            1.001               12
     18000            1.001               12
     18100            1.001               12
     18200            1.001               12
     18300            1.000               12
     18400            1.001               12
     18500            1.001               12
     18600            1.001               12
     18700            1.000               11
     18800            1.000               16
     18900            1.000               16
     19000            1.000               17
     19100            1.001               16
     19200            1.001               16
     19300            1.002               16
     19400            1.002               16
     19500            1.003               16
     19600            1.003               15
     19700            1.003               16
     19800            1.004               16
     19900            1.004               16
     20000            1.005               19


PLOT INFORMATION

The following plots are available:

  Sample proportions and estimated probabilities
  Bayesian posterior parameter distributions
  Bayesian posterior parameter trace plots
  Bayesian autocorrelation plots
  Bayesian prior parameter distributions
  Bayesian posterior predictive checking scatterplots
  Bayesian posterior predictive checking distribution plots

     Beginning Time:  14:56:12
        Ending Time:  14:58:11
       Elapsed Time:  00:01:59



MUTHEN & MUTHEN
3463 Stoner Ave.
Los Angeles, CA  90066

Tel: (310) 391-9971
Fax: (310) 391-8971
Web: www.StatModel.com
Support: Support@StatModel.com

Copyright (c) 1998-2024 Muthen & Muthen
