Mplus VERSION 8.10 (Mac)
MUTHEN & MUTHEN
02/27/2024   3:39 PM

INPUT INSTRUCTIONS

  DATA:

  File is laac2_wide.dat;

  VARIABLE:

  NAMES =   subject task
  Y1_1    Y1_10   Y1_2    Y1_3    Y1_4    Y1_5    Y1_6
  Y1_7    Y1_8    Y1_9    Y10_1   Y10_10  Y10_2   Y10_3   Y10_4   Y10_5
  Y10_6   Y10_7   Y10_8   Y10_9   Y11_1   Y11_10  Y11_2   Y11_3   Y11_4
  Y11_5   Y11_6   Y11_7   Y11_8   Y11_9   Y12_1   Y12_10  Y12_2   Y12_3
  Y12_4   Y12_5   Y12_6   Y12_7   Y12_8   Y12_9   Y2_1    Y2_10   Y2_2
  Y2_3    Y2_4    Y2_5    Y2_6    Y2_7    Y2_8    Y2_9    Y3_1    Y3_10
  Y3_2    Y3_3    Y3_4    Y3_5    Y3_6    Y3_7    Y3_8    Y3_9    Y4_1
  Y4_10   Y4_2    Y4_3    Y4_4    Y4_5    Y4_6    Y4_7    Y4_8    Y4_9
  Y5_1    Y5_10   Y5_2    Y5_3    Y5_4    Y5_5    Y5_6    Y5_7    Y5_8
  Y5_9    Y6_1    Y6_10   Y6_2    Y6_3    Y6_4    Y6_5    Y6_6    Y6_7
  Y6_8    Y6_9    Y7_1    Y7_10   Y7_2    Y7_3    Y7_4    Y7_5    Y7_6
  Y7_7    Y7_8    Y7_9    Y8_1    Y8_10   Y8_2    Y8_3    Y8_4    Y8_5
  Y8_6    Y8_7    Y8_8    Y8_9    Y9_1    Y9_10   Y9_2    Y9_3    Y9_4
  Y9_5    Y9_6    Y9_7    Y9_8    Y9_9;


  USEVARIABLES =  P11 P21 P12 P22 P13 P23 P14 P24
  	       P15 P25 P16 P26 P17 P27 P18 P28 P19 P29
  	       P110 P210 ;
  	
  Categ =   P11 P21 P12 P22 P13 P23 P14 P24
  	       P15 P25 P16 P26 P17 P27 P18 P28 P19 P29
  	       P110 P210 ;
  	

  Missing = All(-99);	

  useobservations are (task EQ 1);

  ! "'attention'=1;'communication'=2;'reasoning'=3;'visible_food'=4;
  !'population'=5;'inhibit_searched'=6"

  DEFINE:
  P11 = Y1_1 + Y3_1 + Y5_1 + Y7_1 + Y9_1 + Y11_1;
  P21 =  Y2_1 + Y4_1 + Y6_1 + Y8_1 + Y10_1 + Y12_1;

  P12 =  Y1_2 + Y3_2 + Y5_2 + Y7_2 + Y9_2 + Y11_2;
  P22 =  Y2_2 + Y4_2 + Y6_2 + Y8_2 + Y10_2 + Y12_2;

  P13 =  Y1_3 + Y3_3 + Y5_3 + Y7_3 + Y9_3 + Y11_3;
  P23 =  Y2_3 + Y4_3 + Y6_3 + Y8_3 + Y10_3 + Y12_3;

  P14 =  Y1_4 + Y3_4 + Y5_4 + Y7_4 + Y9_4 + Y11_4;
  P24 =  Y2_4 + Y4_4 + Y6_4 + Y8_4 + Y10_4 + Y12_4;

  P15 =  Y1_5 + Y3_5 + Y5_5 + Y7_5 + Y9_5 + Y11_5;
  P25 =  Y2_5 + Y4_5 + Y6_5 + Y8_5 + Y10_5 + Y12_5;

  P16 =  Y1_6 + Y3_6 + Y5_6 + Y7_6 + Y9_6 + Y11_6;
  P26 =  Y2_6 + Y4_6 + Y6_6 + Y8_6 + Y10_6 + Y12_6;

  P17 =  Y1_7 + Y3_7 + Y5_7 + Y7_7 + Y9_7 + Y11_7;
  P27 =  Y2_7 + Y4_7 + Y6_7 + Y8_7 + Y10_7 + Y12_7;

  P18 =  Y1_8 + Y3_8 + Y5_8 + Y7_8 + Y9_8 + Y11_8;
  P28 =  Y2_8 + Y4_8 + Y6_8 + Y8_8 + Y10_8 + Y12_8;

  P19 =  Y1_9 + Y3_9 + Y5_9 + Y7_9 + Y9_9 + Y11_9;
  P29 =  Y2_9 + Y4_9 + Y6_9 + Y8_9 + Y10_9 + Y12_9;

  P110 =  Y1_10 + Y3_10 + Y5_10 + Y7_10 + Y9_10 + Y11_10;
  P210 =  Y2_10 + Y4_10 + Y6_10 + Y8_10 + Y10_10 + Y12_10;





  IF (P11==0) THEN P11=2;
  IF (P21==0) THEN P21=2;
  IF (P12==0) THEN P12=2;
  IF (P22==0) THEN P22=2;
  IF (P13==0) THEN P13=2;
  IF (P23==0) THEN P23=2;
  IF (P14==0) THEN P14=2;
  IF (P24==0) THEN P24=2;
  IF (P15==0) THEN P15=2;
  IF (P25==0) THEN P25=2;
  IF (P16==0) THEN P16=2;
  IF (P26==0) THEN P26=2;
  IF (P17==0) THEN P17=2;
  IF (P27==0) THEN P27=2;
  IF (P18==0) THEN P18=2;
  IF (P28==0) THEN P28=2;
  IF (P19==0) THEN P19=2;
  IF (P29==0) THEN P29=2;
  IF (P110==0) THEN P110=2;
  IF (P210==0) THEN P210=2;

  IF (P11==1) THEN P11=2;
  IF (P21==1) THEN P21=2;
  IF (P12==1) THEN P12=2;
  IF (P22==1) THEN P22=2;
  IF (P13==1) THEN P13=2;
  IF (P23==1) THEN P23=2;
  IF (P14==1) THEN P14=2;
  IF (P24==1) THEN P24=2;
  IF (P15==1) THEN P15=2;
  IF (P25==1) THEN P25=2;
  IF (P16==1) THEN P16=2;
  IF (P26==1) THEN P26=2;
  IF (P17==1) THEN P17=2;
  IF (P27==1) THEN P27=2;
  IF (P18==1) THEN P18=2;
  IF (P28==1) THEN P28=2;
  IF (P19==1) THEN P19=2;
  IF (P29==1) THEN P29=2;
  IF (P110==1) THEN P110=2;
  IF (P210==1) THEN P210=2;


  ANALYSIS:

  	ESTIMATOR = Bayes;
  	Biter=(20000);
  	Thin=10;
  	Bconvergence = .005;	

  MODEL:


  S1 by P11@1 P21@1;
  S2 by P12@1 P22@1;
  S3 by P13@1 P23@1;
  S4 by P14@1 P24@1;
  S5 by P15@1 P25@1;
  S6 by P16@1 P26@1;
  S7 by P17@1 P27@1;
  S8 by P18@1 P28@1;
  S9 by P19@1 P29@1;
  S10 by P110@1 P210@1;

  	
  [S1@0];
  [S2-S10];


  [P11$1*-1] (tau1);
  [P11$2*-0.5] (tau2);
  [P11$3*0.2] (tau3);
  [P11$4*1.5] (tau4);
  ![P11$5] (tau5);


  ![P21$1] (tau1);
  ![P21$2] (tau2);
  ![P21$3] (tau3);
  ![P21$4] (tau4);
  ![P21$5] (tau5);

  [P12$1] (tau1);
  [P12$2] (tau2);
  [P12$3] (tau3);
  [P12$4] (tau4);
  ![P12$5] (tau5);

  [P22$1] (tau1);
  [P22$2] (tau2);
  [P22$3] (tau3);
  [P22$4] (tau4);
  ![P22$5] (tau5);

  [P13$1] (tau1);
  [P13$2] (tau2);
  [P13$3] (tau3);
  [P13$4] (tau4);
  ![P13$5] (tau5);


  [P23$1] (tau1);
  [P23$2] (tau2);
  [P23$3] (tau3);
  [P23$4] (tau4);
  ![P23$5] (tau5);

  ![P14$1] (tau1);
  ![P14$2] (tau2);
  ![P14$3] (tau3);
  ![P14$4] (tau4);
  ![P14$5] (tau5);

  [P24$1] (tau1);
  [P24$2] (tau2);
  [P24$3] (tau3);
  [P24$4] (tau4);
  ![P24$5] (tau5);


  [P15$1] (tau1);
  [P15$2] (tau2);
  [P15$3] (tau3);
  [P15$4] (tau4);
  ![P15$5] (tau5);

  [P25$1] (tau1);
  [P25$2] (tau2);
  [P25$3] (tau3);
  [P25$4] (tau4);
  ![P25$5] (tau5);

  [P16$1] (tau1);
  [P16$2] (tau2);
  [P16$3] (tau3);
  [P16$4] (tau4);
  ![P16$5] (tau5);

  [P26$1] (tau1);
  [P26$2] (tau2);
  [P26$3] (tau3);
  [P26$4] (tau4);
  ![P26$5] (tau5);

  [P17$1] (tau1);
  [P17$2] (tau2);
  [P17$3] (tau3);
  [P17$4] (tau4);
  ![P17$5] (tau5);

  [P27$1] (tau1);
  [P27$2] (tau2);
  [P27$3] (tau3);
  [P27$4] (tau4);
  ![P27$5] (tau5);

  [P18$1] (tau1);
  [P18$2] (tau2);
  [P18$3] (tau3);
  [P18$4] (tau4);
  ![P18$5] (tau5);


  [P28$1] (tau1);
  [P28$2] (tau2);
  [P28$3] (tau3);
  [P28$4] (tau4);
  ![P28$5] (tau5);

  [P19$1] (tau1);
  [P19$2] (tau2);
  [P19$3] (tau3);
  [P19$4] (tau4);
  ![P19$5] (tau5);

  ![P29$1] (tau1);
  ![P29$2] (tau2);
  ![P29$3] (tau3);
  ![P29$4] (tau4);
  ![P29$5] (tau5);

  [P110$1] (tau1);
  [P110$2] (tau2);
  [P110$3] (tau3);
  [P110$4] (tau4);
  ![P110$5] (tau5);

  [P210$1] (tau1);
  [P210$2] (tau2);
  [P210$3] (tau3);
  [P210$4] (tau4);
  ![P210$5] (tau5);



  Output: stdyx tech8;
  PLOT:   TYPE = PLOT2;
  	



INPUT READING TERMINATED NORMALLY




SUMMARY OF ANALYSIS

Number of groups                                                 1
Number of observations                                          45

Number of dependent variables                                   20
Number of independent variables                                  0
Number of continuous latent variables                           10

Observed dependent variables

  Binary and ordered categorical (ordinal)
   P11         P21         P12         P22         P13         P23
   P14         P24         P15         P25         P16         P26
   P17         P27         P18         P28         P19         P29
   P110        P210

Continuous latent variables
   S1          S2          S3          S4          S5          S6
   S7          S8          S9          S10


Estimator                                                    BAYES
Specifications for Bayesian Estimation
  Point estimate                                            MEDIAN
  Number of Markov chain Monte Carlo (MCMC) chains               2
  Random seed for the first chain                                0
  Starting value information                           UNPERTURBED
  Algorithm used for Markov chain Monte Carlo           GIBBS(PX1)
  Convergence criterion                                  0.500D-02
  Maximum number of iterations                               50000
  K-th iteration used for thinning                              10
Link                                                        PROBIT

Input data file(s)
  laac2_wide.dat
Input data format  FREE


SUMMARY OF DATA



COVARIANCE COVERAGE OF DATA

Minimum covariance coverage value   0.100

     Number of missing data patterns            36


     PROPORTION OF DATA PRESENT


           Covariance Coverage
              P11           P21           P12           P22           P13
              ________      ________      ________      ________      ________
 P11            0.622
 P21            0.622         0.622
 P12            0.489         0.489         0.667
 P22            0.489         0.489         0.667         0.667
 P13            0.511         0.511         0.533         0.533         0.711
 P23            0.511         0.511         0.533         0.533         0.711
 P14            0.267         0.267         0.333         0.333         0.400
 P24            0.267         0.267         0.333         0.333         0.400
 P15            0.467         0.467         0.511         0.511         0.556
 P25            0.467         0.467         0.511         0.511         0.556
 P16            0.467         0.467         0.422         0.422         0.489
 P26            0.467         0.467         0.422         0.422         0.489
 P17            0.511         0.511         0.533         0.533         0.622
 P27            0.511         0.511         0.533         0.533         0.622
 P18            0.511         0.511         0.511         0.511         0.511
 P28            0.511         0.511         0.511         0.511         0.511
 P19            0.467         0.467         0.556         0.556         0.600
 P29            0.467         0.467         0.556         0.556         0.600
 P110           0.489         0.489         0.556         0.556         0.578
 P210           0.489         0.489         0.556         0.556         0.578


           Covariance Coverage
              P23           P14           P24           P15           P25
              ________      ________      ________      ________      ________
 P23            0.711
 P14            0.400         0.511
 P24            0.400         0.511         0.511
 P15            0.556         0.378         0.378         0.667
 P25            0.556         0.378         0.378         0.667         0.667
 P16            0.489         0.311         0.311         0.489         0.489
 P26            0.489         0.311         0.311         0.489         0.489
 P17            0.622         0.333         0.333         0.533         0.533
 P27            0.622         0.333         0.333         0.533         0.533
 P18            0.511         0.378         0.378         0.511         0.511
 P28            0.511         0.378         0.378         0.511         0.511
 P19            0.600         0.378         0.378         0.578         0.578
 P29            0.600         0.378         0.378         0.578         0.578
 P110           0.578         0.378         0.378         0.578         0.578
 P210           0.578         0.378         0.378         0.578         0.578


           Covariance Coverage
              P16           P26           P17           P27           P18
              ________      ________      ________      ________      ________
 P16            0.600
 P26            0.600         0.600
 P17            0.511         0.511         0.689
 P27            0.511         0.511         0.689         0.689
 P18            0.511         0.511         0.556         0.556         0.711
 P28            0.511         0.511         0.556         0.556         0.711
 P19            0.467         0.467         0.600         0.600         0.511
 P29            0.467         0.467         0.600         0.600         0.511
 P110           0.489         0.489         0.578         0.578         0.556
 P210           0.489         0.489         0.578         0.578         0.556


           Covariance Coverage
              P28           P19           P29           P110          P210
              ________      ________      ________      ________      ________
 P28            0.711
 P19            0.511         0.733
 P29            0.511         0.733         0.733
 P110           0.556         0.578         0.578         0.689
 P210           0.556         0.578         0.578         0.689         0.689


UNIVARIATE PROPORTIONS AND COUNTS FOR CATEGORICAL VARIABLES

    P11
      Category 1    0.250            7.000
      Category 2    0.250            7.000
      Category 3    0.286            8.000
      Category 4    0.179            5.000
      Category 5    0.036            1.000
    P21
      Category 1    0.286            8.000
      Category 2    0.357           10.000
      Category 3    0.250            7.000
      Category 4    0.107            3.000
    P12
      Category 1    0.300            9.000
      Category 2    0.100            3.000
      Category 3    0.233            7.000
      Category 4    0.267            8.000
      Category 5    0.100            3.000
    P22
      Category 1    0.267            8.000
      Category 2    0.333           10.000
      Category 3    0.167            5.000
      Category 4    0.200            6.000
      Category 5    0.033            1.000
    P13
      Category 1    0.188            6.000
      Category 2    0.188            6.000
      Category 3    0.406           13.000
      Category 4    0.156            5.000
      Category 5    0.062            2.000
    P23
      Category 1    0.219            7.000
      Category 2    0.375           12.000
      Category 3    0.188            6.000
      Category 4    0.156            5.000
      Category 5    0.062            2.000
    P14
      Category 1    0.174            4.000
      Category 2    0.261            6.000
      Category 3    0.217            5.000
      Category 4    0.348            8.000
    P24
      Category 1    0.217            5.000
      Category 2    0.435           10.000
      Category 3    0.217            5.000
      Category 4    0.043            1.000
      Category 5    0.087            2.000
    P15
      Category 1    0.100            3.000
      Category 2    0.367           11.000
      Category 3    0.167            5.000
      Category 4    0.200            6.000
      Category 5    0.167            5.000
    P25
      Category 1    0.067            2.000
      Category 2    0.433           13.000
      Category 3    0.267            8.000
      Category 4    0.200            6.000
      Category 5    0.033            1.000
    P16
      Category 1    0.111            3.000
      Category 2    0.185            5.000
      Category 3    0.519           14.000
      Category 4    0.111            3.000
      Category 5    0.074            2.000
    P26
      Category 1    0.185            5.000
      Category 2    0.370           10.000
      Category 3    0.148            4.000
      Category 4    0.185            5.000
      Category 5    0.111            3.000
    P17
      Category 1    0.065            2.000
      Category 2    0.226            7.000
      Category 3    0.355           11.000
      Category 4    0.194            6.000
      Category 5    0.161            5.000
    P27
      Category 1    0.065            2.000
      Category 2    0.323           10.000
      Category 3    0.161            5.000
      Category 4    0.226            7.000
      Category 5    0.226            7.000
    P18
      Category 1    0.094            3.000
      Category 2    0.281            9.000
      Category 3    0.250            8.000
      Category 4    0.156            5.000
      Category 5    0.219            7.000
    P28
      Category 1    0.094            3.000
      Category 2    0.219            7.000
      Category 3    0.250            8.000
      Category 4    0.219            7.000
      Category 5    0.219            7.000
    P19
      Category 1    0.061            2.000
      Category 2    0.212            7.000
      Category 3    0.152            5.000
      Category 4    0.212            7.000
      Category 5    0.364           12.000
    P29
      Category 1    0.364           12.000
      Category 2    0.212            7.000
      Category 3    0.242            8.000
      Category 4    0.182            6.000
    P110
      Category 1    0.032            1.000
      Category 2    0.226            7.000
      Category 3    0.290            9.000
      Category 4    0.258            8.000
      Category 5    0.194            6.000
    P210
      Category 1    0.161            5.000
      Category 2    0.129            4.000
      Category 3    0.194            6.000
      Category 4    0.161            5.000
      Category 5    0.355           11.000



THE MODEL ESTIMATION TERMINATED NORMALLY

     USE THE FBITERATIONS OPTION TO INCREASE THE NUMBER OF ITERATIONS BY A FACTOR
     OF AT LEAST TWO TO CHECK CONVERGENCE AND THAT THE PSR VALUE DOES NOT INCREASE.



MODEL FIT INFORMATION

Number of Free Parameters                              77

Bayesian Posterior Predictive Checking using Chi-Square

          95% Confidence Interval for the Difference Between
          the Observed and the Replicated Chi-Square Values

                                -41.926           106.468

          Posterior Predictive P-Value              0.211



MODEL RESULTS

                                Posterior  One-Tailed         95% C.I.
                    Estimate       S.D.      P-Value   Lower 2.5%  Upper 2.5%  Significance

 S1       BY
    P11                1.000       0.000      0.000       1.000       1.000
    P21                1.000       0.000      0.000       1.000       1.000

 S2       BY
    P12                1.000       0.000      0.000       1.000       1.000
    P22                1.000       0.000      0.000       1.000       1.000

 S3       BY
    P13                1.000       0.000      0.000       1.000       1.000
    P23                1.000       0.000      0.000       1.000       1.000

 S4       BY
    P14                1.000       0.000      0.000       1.000       1.000
    P24                1.000       0.000      0.000       1.000       1.000

 S5       BY
    P15                1.000       0.000      0.000       1.000       1.000
    P25                1.000       0.000      0.000       1.000       1.000

 S6       BY
    P16                1.000       0.000      0.000       1.000       1.000
    P26                1.000       0.000      0.000       1.000       1.000

 S7       BY
    P17                1.000       0.000      0.000       1.000       1.000
    P27                1.000       0.000      0.000       1.000       1.000

 S8       BY
    P18                1.000       0.000      0.000       1.000       1.000
    P28                1.000       0.000      0.000       1.000       1.000

 S9       BY
    P19                1.000       0.000      0.000       1.000       1.000
    P29                1.000       0.000      0.000       1.000       1.000

 S10      BY
    P110               1.000       0.000      0.000       1.000       1.000
    P210               1.000       0.000      0.000       1.000       1.000

 S2       WITH
    S1                 0.080       0.131      0.221      -0.136       0.389

 S3       WITH
    S1                 0.070       0.127      0.237      -0.150       0.364
    S2                 0.162       0.136      0.054      -0.036       0.494

 S4       WITH
    S1                 0.073       0.165      0.288      -0.231       0.453
    S2                 0.185       0.178      0.089      -0.086       0.616
    S3                 0.222       0.176      0.038      -0.022       0.669

 S5       WITH
    S1                 0.061       0.111      0.240      -0.122       0.324
    S2                 0.090       0.125      0.190      -0.123       0.384
    S3                 0.116       0.120      0.107      -0.067       0.407
    S4                 0.148       0.162      0.112      -0.089       0.551

 S6       WITH
    S1                 0.128       0.143      0.124      -0.091       0.476
    S2                 0.195       0.158      0.049      -0.038       0.588
    S3                 0.201       0.145      0.029      -0.006       0.566
    S4                 0.230       0.195      0.060      -0.058       0.708
    S5                 0.151       0.137      0.076      -0.055       0.484

 S7       WITH
    S1                 0.114       0.147      0.167      -0.125       0.460
    S2                 0.212       0.159      0.038      -0.023       0.600
    S3                 0.219       0.149      0.021       0.006       0.587      *
    S4                 0.265       0.203      0.042      -0.039       0.754
    S5                 0.154       0.141      0.083      -0.070       0.488
    S6                 0.307       0.173      0.003       0.074       0.746      *

 S8       WITH
    S1                 0.120       0.181      0.220      -0.201       0.523
    S2                 0.283       0.195      0.032      -0.017       0.759
    S3                 0.281       0.183      0.024       0.001       0.723      *
    S4                 0.357       0.257      0.035      -0.031       0.981
    S5                 0.225       0.182      0.064      -0.068       0.653
    S6                 0.393       0.212      0.004       0.093       0.928      *
    S7                 0.436       0.220      0.002       0.133       0.999      *

 S9       WITH
    S1                 0.167       0.245      0.213      -0.268       0.716
    S2                 0.416       0.269      0.020       0.017       1.070      *
    S3                 0.386       0.242      0.021       0.017       0.975      *
    S4                 0.496       0.356      0.036      -0.047       1.364
    S5                 0.312       0.244      0.053      -0.072       0.899
    S6                 0.551       0.287      0.002       0.157       1.263      *
    S7                 0.609       0.299      0.001       0.208       1.378      *
    S8                 0.867       0.374      0.000       0.360       1.813      *

 S10      WITH
    S1                 0.071       0.185      0.326      -0.292       0.459
    S2                 0.229       0.197      0.074      -0.094       0.688
    S3                 0.237       0.182      0.051      -0.054       0.671
    S4                 0.277       0.247      0.083      -0.122       0.853
    S5                 0.195       0.175      0.078      -0.079       0.611
    S6                 0.337       0.204      0.012       0.045       0.841      *
    S7                 0.393       0.217      0.005       0.090       0.935      *
    S8                 0.565       0.272      0.001       0.192       1.248      *
    S9                 0.792       0.370      0.000       0.296       1.728      *

 Means
    S1                 0.000       0.000      1.000       0.000       0.000
    S2                -0.346       0.179      0.027      -0.693       0.005
    S3                -0.288       0.170      0.045      -0.623       0.047
    S4                -0.460       0.266      0.042      -0.984       0.063
    S5                -0.084       0.166      0.304      -0.409       0.241
    S6                -0.130       0.187      0.245      -0.501       0.238
    S7                 0.248       0.182      0.086      -0.107       0.607
    S8                 0.321       0.207      0.055      -0.074       0.743
    S9                 0.665       0.289      0.010       0.117       1.243      *
    S10                0.409       0.208      0.022       0.012       0.829      *

 Thresholds
    P11$1             -1.109       0.000      0.000      -1.109      -1.109
    P11$2             -0.204       0.000      0.000      -0.204      -0.204      *
    P11$3              0.404       0.000      0.000       0.404       0.404      *
    P11$4              1.074       0.000      0.000       1.074       1.074
    P21$1             -0.767       0.281      0.002      -1.335      -0.236      *
    P21$2              0.305       0.265      0.122      -0.213       0.827
    P21$3              1.338       0.349      0.000       0.698       2.067      *
    P12$1             -1.109       0.000      0.000      -1.109      -1.109
    P12$2             -0.204       0.000      0.000      -0.204      -0.204      *
    P12$3              0.404       0.000      0.000       0.404       0.404      *
    P12$4              1.074       0.000      0.000       1.074       1.074
    P22$1             -1.109       0.000      0.000      -1.109      -1.109
    P22$2             -0.204       0.000      0.000      -0.204      -0.204      *
    P22$3              0.404       0.000      0.000       0.404       0.404      *
    P22$4              1.074       0.000      0.000       1.074       1.074
    P13$1             -1.109       0.000      0.000      -1.109      -1.109
    P13$2             -0.204       0.000      0.000      -0.204      -0.204      *
    P13$3              0.404       0.000      0.000       0.404       0.404      *
    P13$4              1.074       0.000      0.000       1.074       1.074
    P23$1             -1.109       0.000      0.000      -1.109      -1.109
    P23$2             -0.204       0.000      0.000      -0.204      -0.204      *
    P23$3              0.404       0.000      0.000       0.404       0.404      *
    P23$4              1.074       0.000      0.000       1.074       1.074
    P14$1             -1.702       0.410      0.000      -2.552      -0.937      *
    P14$2             -0.697       0.352      0.023      -1.391      -0.015      *
    P14$3              0.065       0.357      0.429      -0.636       0.761
    P24$1             -1.109       0.000      0.000      -1.109      -1.109
    P24$2             -0.204       0.000      0.000      -0.204      -0.204      *
    P24$3              0.404       0.000      0.000       0.404       0.404      *
    P24$4              1.074       0.000      0.000       1.074       1.074
    P15$1             -1.109       0.000      0.000      -1.109      -1.109
    P15$2             -0.204       0.000      0.000      -0.204      -0.204      *
    P15$3              0.404       0.000      0.000       0.404       0.404      *
    P15$4              1.074       0.000      0.000       1.074       1.074
    P25$1             -1.109       0.000      0.000      -1.109      -1.109
    P25$2             -0.204       0.000      0.000      -0.204      -0.204      *
    P25$3              0.404       0.000      0.000       0.404       0.404      *
    P25$4              1.074       0.000      0.000       1.074       1.074
    P16$1             -1.109       0.000      0.000      -1.109      -1.109
    P16$2             -0.204       0.000      0.000      -0.204      -0.204      *
    P16$3              0.404       0.000      0.000       0.404       0.404      *
    P16$4              1.074       0.000      0.000       1.074       1.074
    P26$1             -1.109       0.000      0.000      -1.109      -1.109
    P26$2             -0.204       0.000      0.000      -0.204      -0.204      *
    P26$3              0.404       0.000      0.000       0.404       0.404      *
    P26$4              1.074       0.000      0.000       1.074       1.074
    P17$1             -1.109       0.000      0.000      -1.109      -1.109
    P17$2             -0.204       0.000      0.000      -0.204      -0.204      *
    P17$3              0.404       0.000      0.000       0.404       0.404      *
    P17$4              1.074       0.000      0.000       1.074       1.074
    P27$1             -1.109       0.000      0.000      -1.109      -1.109
    P27$2             -0.204       0.000      0.000      -0.204      -0.204      *
    P27$3              0.404       0.000      0.000       0.404       0.404      *
    P27$4              1.074       0.000      0.000       1.074       1.074
    P18$1             -1.109       0.000      0.000      -1.109      -1.109
    P18$2             -0.204       0.000      0.000      -0.204      -0.204      *
    P18$3              0.404       0.000      0.000       0.404       0.404      *
    P18$4              1.074       0.000      0.000       1.074       1.074
    P28$1             -1.109       0.000      0.000      -1.109      -1.109
    P28$2             -0.204       0.000      0.000      -0.204      -0.204      *
    P28$3              0.404       0.000      0.000       0.404       0.404      *
    P28$4              1.074       0.000      0.000       1.074       1.074
    P19$1             -1.109       0.000      0.000      -1.109      -1.109
    P19$2             -0.204       0.000      0.000      -0.204      -0.204      *
    P19$3              0.404       0.000      0.000       0.404       0.404      *
    P19$4              1.074       0.000      0.000       1.074       1.074
    P29$1              0.082       0.329      0.404      -0.567       0.723
    P29$2              0.987       0.339      0.002       0.342       1.657      *
    P29$3              2.264       0.431      0.000       1.479       3.170      *
    P110$1            -1.109       0.000      0.000      -1.109      -1.109
    P110$2            -0.204       0.000      0.000      -0.204      -0.204      *
    P110$3             0.404       0.000      0.000       0.404       0.404      *
    P110$4             1.074       0.000      0.000       1.074       1.074
    P210$1            -1.109       0.000      0.000      -1.109      -1.109
    P210$2            -0.204       0.000      0.000      -0.204      -0.204      *
    P210$3             0.404       0.000      0.000       0.404       0.404      *
    P210$4             1.074       0.000      0.000       1.074       1.074

 Variances
    S1                 0.273       0.172      0.000       0.101       0.752      *
    S2                 0.366       0.206      0.000       0.137       0.918      *
    S3                 0.343       0.183      0.000       0.131       0.829      *
    S4                 0.508       0.343      0.000       0.163       1.487      *
    S5                 0.266       0.156      0.000       0.100       0.684      *
    S6                 0.435       0.228      0.000       0.170       1.041      *
    S7                 0.489       0.241      0.000       0.198       1.122      *
    S8                 0.789       0.353      0.000       0.337       1.703      *
    S9                 1.384       0.649      0.000       0.583       3.083      *
    S10                0.728       0.360      0.000       0.293       1.655      *


STANDARDIZED MODEL RESULTS


STDYX Standardization

                                Posterior  One-Tailed         95% C.I.
                    Estimate       S.D.      P-Value   Lower 2.5%  Upper 2.5%  Significance
 S1       BY
    P11                0.463       0.091      0.000       0.303       0.655      *
    P21                0.463       0.091      0.000       0.303       0.655      *

 S2       BY
    P12                0.518       0.089      0.000       0.348       0.692      *
    P22                0.518       0.089      0.000       0.348       0.692      *

 S3       BY
    P13                0.506       0.086      0.000       0.340       0.673      *
    P23                0.506       0.086      0.000       0.340       0.673      *

 S4       BY
    P14                0.581       0.103      0.000       0.374       0.773      *
    P24                0.581       0.103      0.000       0.374       0.773      *

 S5       BY
    P15                0.458       0.087      0.000       0.301       0.637      *
    P25                0.458       0.087      0.000       0.301       0.637      *

 S6       BY
    P16                0.550       0.087      0.000       0.381       0.714      *
    P26                0.550       0.087      0.000       0.381       0.714      *

 S7       BY
    P17                0.573       0.083      0.000       0.406       0.727      *
    P27                0.573       0.083      0.000       0.406       0.727      *

 S8       BY
    P18                0.664       0.075      0.000       0.502       0.794      *
    P28                0.664       0.075      0.000       0.502       0.794      *

 S9       BY
    P19                0.762       0.067      0.000       0.607       0.869      *
    P29                0.762       0.067      0.000       0.607       0.869      *

 S10      BY
    P110               0.649       0.081      0.000       0.476       0.790      *
    P210               0.649       0.081      0.000       0.476       0.790      *

 S2       WITH
    S1                 0.280       0.311      0.221      -0.419       0.746

 S3       WITH
    S1                 0.260       0.316      0.237      -0.447       0.740
    S2                 0.492       0.248      0.054      -0.122       0.818

 S4       WITH
    S1                 0.223       0.338      0.288      -0.521       0.743
    S2                 0.467       0.278      0.089      -0.235       0.821
    S3                 0.563       0.239      0.038      -0.072       0.852

 S5       WITH
    S1                 0.250       0.307      0.240      -0.432       0.729
    S2                 0.317       0.302      0.190      -0.390       0.757
    S3                 0.415       0.273      0.107      -0.254       0.787
    S4                 0.441       0.290      0.112      -0.288       0.814

 S6       WITH
    S1                 0.407       0.288      0.124      -0.291       0.800
    S2                 0.527       0.248      0.049      -0.118       0.837
    S3                 0.556       0.225      0.029      -0.022       0.836
    S4                 0.529       0.264      0.060      -0.154       0.848
    S5                 0.479       0.266      0.076      -0.188       0.818

 S7       WITH
    S1                 0.342       0.300      0.167      -0.356       0.777
    S2                 0.539       0.237      0.038      -0.069       0.839
    S3                 0.572       0.215      0.021       0.019       0.844      *
    S4                 0.569       0.250      0.042      -0.097       0.861
    S5                 0.462       0.271      0.083      -0.229       0.809
    S6                 0.694       0.167      0.003       0.245       0.886      *

 S8       WITH
    S1                 0.283       0.313      0.220      -0.414       0.762
    S2                 0.563       0.231      0.032      -0.039       0.849
    S3                 0.577       0.222      0.024       0.003       0.853      *
    S4                 0.605       0.249      0.035      -0.064       0.880
    S5                 0.523       0.267      0.064      -0.181       0.841
    S6                 0.699       0.173      0.004       0.227       0.895      *
    S7                 0.734       0.154      0.002       0.316       0.905      *

 S9       WITH
    S1                 0.296       0.318      0.213      -0.416       0.773
    S2                 0.619       0.220      0.020       0.031       0.875      *
    S3                 0.596       0.216      0.021       0.030       0.865      *
    S4                 0.633       0.255      0.036      -0.071       0.898
    S5                 0.551       0.262      0.053      -0.144       0.856
    S6                 0.740       0.160      0.002       0.300       0.913      *
    S7                 0.770       0.138      0.001       0.394       0.920      *
    S8                 0.849       0.094      0.000       0.588       0.946      *

 S10      WITH
    S1                 0.177       0.337      0.326      -0.534       0.723
    S2                 0.481       0.269      0.074      -0.193       0.827
    S3                 0.510       0.249      0.051      -0.118       0.833
    S4                 0.495       0.283      0.083      -0.217       0.845
    S5                 0.480       0.271      0.078      -0.210       0.825
    S6                 0.636       0.201      0.012       0.104       0.875      *
    S7                 0.690       0.178      0.005       0.210       0.895      *
    S8                 0.772       0.139      0.001       0.385       0.920      *
    S9                 0.815       0.120      0.000       0.482       0.937      *

 Means
    S1                 0.000       0.000      1.000       0.000       0.000
    S2                -0.570       0.333      0.027      -1.314       0.007
    S3                -0.491       0.321      0.045      -1.201       0.074
    S4                -0.639       0.435      0.042      -1.637       0.079
    S5                -0.160       0.329      0.304      -0.826       0.474
    S6                -0.197       0.296      0.245      -0.814       0.346
    S7                 0.355       0.273      0.086      -0.154       0.922
    S8                 0.362       0.235      0.055      -0.083       0.839
    S9                 0.567       0.265      0.010       0.094       1.135      *
    S10                0.481       0.264      0.022       0.012       1.047      *

 Thresholds
    P11$1             -0.983       0.057      0.000      -1.057      -0.838      *
    P11$2             -0.180       0.010      0.000      -0.194      -0.154      *
    P11$3              0.358       0.021      0.000       0.305       0.385      *
    P11$4              0.952       0.055      0.000       0.811       1.023      *
    P21$1             -0.673       0.240      0.002      -1.150      -0.209      *
    P21$2              0.268       0.234      0.122      -0.184       0.735
    P21$3              1.174       0.310      0.000       0.607       1.822      *
    P12$1             -0.949       0.062      0.000      -1.040      -0.801      *
    P12$2             -0.174       0.011      0.000      -0.191      -0.147      *
    P12$3              0.346       0.023      0.000       0.292       0.379      *
    P12$4              0.919       0.060      0.000       0.775       1.007      *
    P22$1             -0.949       0.062      0.000      -1.040      -0.801      *
    P22$2             -0.174       0.011      0.000      -0.191      -0.147      *
    P22$3              0.346       0.023      0.000       0.292       0.379      *
    P22$4              0.919       0.060      0.000       0.775       1.007      *
    P13$1             -0.957       0.058      0.000      -1.043      -0.820      *
    P13$2             -0.176       0.011      0.000      -0.191      -0.150      *
    P13$3              0.349       0.021      0.000       0.299       0.380      *
    P13$4              0.926       0.056      0.000       0.794       1.010      *
    P23$1             -0.957       0.058      0.000      -1.043      -0.820      *
    P23$2             -0.176       0.011      0.000      -0.191      -0.150      *
    P23$3              0.349       0.021      0.000       0.299       0.380      *
    P23$4              0.926       0.056      0.000       0.794       1.010      *
    P14$1             -1.365       0.327      0.000      -2.038      -0.754      *
    P14$2             -0.557       0.283      0.023      -1.125      -0.013      *
    P14$3              0.052       0.287      0.429      -0.513       0.608
    P24$1             -0.903       0.084      0.000      -1.029      -0.704      *
    P24$2             -0.166       0.015      0.000      -0.189      -0.129      *
    P24$3              0.329       0.031      0.000       0.256       0.375      *
    P24$4              0.874       0.081      0.000       0.681       0.996      *
    P15$1             -0.986       0.053      0.000      -1.058      -0.855      *
    P15$2             -0.181       0.010      0.000      -0.194      -0.157      *
    P15$3              0.359       0.019      0.000       0.311       0.385      *
    P15$4              0.955       0.052      0.000       0.827       1.024      *
    P25$1             -0.986       0.053      0.000      -1.058      -0.855      *
    P25$2             -0.181       0.010      0.000      -0.194      -0.157      *
    P25$3              0.359       0.019      0.000       0.311       0.385      *
    P25$4              0.955       0.052      0.000       0.827       1.024      *
    P16$1             -0.926       0.065      0.000      -1.026      -0.777      *
    P16$2             -0.170       0.012      0.000      -0.188      -0.142      *
    P16$3              0.337       0.024      0.000       0.283       0.374      *
    P16$4              0.896       0.063      0.000       0.752       0.993      *
    P26$1             -0.926       0.065      0.000      -1.026      -0.777      *
    P26$2             -0.170       0.012      0.000      -0.188      -0.142      *
    P26$3              0.337       0.024      0.000       0.283       0.374      *
    P26$4              0.896       0.063      0.000       0.752       0.993      *
    P17$1             -0.909       0.065      0.000      -1.014      -0.762      *
    P17$2             -0.167       0.012      0.000      -0.186      -0.140      *
    P17$3              0.331       0.024      0.000       0.277       0.369      *
    P17$4              0.880       0.063      0.000       0.737       0.981      *
    P27$1             -0.909       0.065      0.000      -1.014      -0.762      *
    P27$2             -0.167       0.012      0.000      -0.186      -0.140      *
    P27$3              0.331       0.024      0.000       0.277       0.369      *
    P27$4              0.880       0.063      0.000       0.737       0.981      *
    P18$1             -0.830       0.073      0.000      -0.960      -0.675      *
    P18$2             -0.152       0.013      0.000      -0.176      -0.124      *
    P18$3              0.302       0.027      0.000       0.246       0.350      *
    P18$4              0.803       0.071      0.000       0.653       0.929      *
    P28$1             -0.830       0.073      0.000      -0.960      -0.675      *
    P28$2             -0.152       0.013      0.000      -0.176      -0.124      *
    P28$3              0.302       0.027      0.000       0.246       0.350      *
    P28$4              0.803       0.071      0.000       0.653       0.929      *
    P19$1             -0.719       0.085      0.000      -0.882      -0.549      *
    P19$2             -0.132       0.016      0.000      -0.162      -0.101      *
    P19$3              0.262       0.031      0.000       0.200       0.321      *
    P19$4              0.695       0.083      0.000       0.531       0.853      *
    P29$1              0.053       0.213      0.404      -0.364       0.471
    P29$2              0.630       0.221      0.002       0.219       1.081      *
    P29$3              1.455       0.263      0.000       0.966       1.996      *
    P110$1            -0.844       0.076      0.000      -0.976      -0.681      *
    P110$2            -0.155       0.014      0.000      -0.179      -0.125      *
    P110$3             0.308       0.028      0.000       0.248       0.355      *
    P110$4             0.817       0.074      0.000       0.659       0.944      *
    P210$1            -0.844       0.076      0.000      -0.976      -0.681      *
    P210$2            -0.155       0.014      0.000      -0.179      -0.125      *
    P210$3             0.308       0.028      0.000       0.248       0.355      *
    P210$4             0.817       0.074      0.000       0.659       0.944      *

 Variances
    S1                 1.000       0.000      0.000       1.000       1.000
    S2                 1.000       0.000      0.000       1.000       1.000
    S3                 1.000       0.000      0.000       1.000       1.000
    S4                 1.000       0.000      0.000       1.000       1.000
    S5                 1.000       0.000      0.000       1.000       1.000
    S6                 1.000       0.000      0.000       1.000       1.000
    S7                 1.000       0.000      0.000       1.000       1.000
    S8                 1.000       0.000      0.000       1.000       1.000
    S9                 1.000       0.000      0.000       1.000       1.000
    S10                1.000       0.000      0.000       1.000       1.000


R-SQUARE

                                Posterior  One-Tailed         95% C.I.
    Variable        Estimate       S.D.      P-Value   Lower 2.5%  Upper 2.5%

    P11                0.214       0.088      0.000       0.092       0.429
    P21                0.214       0.088      0.000       0.092       0.429
    P12                0.268       0.093      0.000       0.121       0.479
    P22                0.268       0.093      0.000       0.121       0.479
    P13                0.256       0.088      0.000       0.116       0.453
    P23                0.256       0.088      0.000       0.116       0.453
    P14                0.337       0.119      0.000       0.140       0.598
    P24                0.337       0.119      0.000       0.140       0.598
    P15                0.210       0.083      0.000       0.091       0.406
    P25                0.210       0.083      0.000       0.091       0.406
    P16                0.303       0.095      0.000       0.145       0.510
    P26                0.303       0.095      0.000       0.145       0.510
    P17                0.328       0.094      0.000       0.165       0.529
    P27                0.328       0.094      0.000       0.165       0.529
    P18                0.441       0.097      0.000       0.252       0.630
    P28                0.441       0.097      0.000       0.252       0.630
    P19                0.581       0.100      0.000       0.368       0.755
    P29                0.581       0.100      0.000       0.368       0.755
    P110               0.421       0.103      0.000       0.227       0.623
    P210               0.421       0.103      0.000       0.227       0.623


TECHNICAL 1 OUTPUT


     PARAMETER SPECIFICATION


           TAU
              P11$1         P11$2         P11$3         P11$4         P21$1
              ________      ________      ________      ________      ________
                   65            66            67            68            69


           TAU
              P21$2         P21$3         P12$1         P12$2         P12$3
              ________      ________      ________      ________      ________
                   70            71            65            66            67


           TAU
              P12$4         P22$1         P22$2         P22$3         P22$4
              ________      ________      ________      ________      ________
                   68            65            66            67            68


           TAU
              P13$1         P13$2         P13$3         P13$4         P23$1
              ________      ________      ________      ________      ________
                   65            66            67            68            65


           TAU
              P23$2         P23$3         P23$4         P14$1         P14$2
              ________      ________      ________      ________      ________
                   66            67            68            72            73


           TAU
              P14$3         P24$1         P24$2         P24$3         P24$4
              ________      ________      ________      ________      ________
                   74            65            66            67            68


           TAU
              P15$1         P15$2         P15$3         P15$4         P25$1
              ________      ________      ________      ________      ________
                   65            66            67            68            65


           TAU
              P25$2         P25$3         P25$4         P16$1         P16$2
              ________      ________      ________      ________      ________
                   66            67            68            65            66


           TAU
              P16$3         P16$4         P26$1         P26$2         P26$3
              ________      ________      ________      ________      ________
                   67            68            65            66            67


           TAU
              P26$4         P17$1         P17$2         P17$3         P17$4
              ________      ________      ________      ________      ________
                   68            65            66            67            68


           TAU
              P27$1         P27$2         P27$3         P27$4         P18$1
              ________      ________      ________      ________      ________
                   65            66            67            68            65


           TAU
              P18$2         P18$3         P18$4         P28$1         P28$2
              ________      ________      ________      ________      ________
                   66            67            68            65            66


           TAU
              P28$3         P28$4         P19$1         P19$2         P19$3
              ________      ________      ________      ________      ________
                   67            68            65            66            67


           TAU
              P19$4         P29$1         P29$2         P29$3         P110$1
              ________      ________      ________      ________      ________
                   68            75            76            77            65


           TAU
              P110$2        P110$3        P110$4        P210$1        P210$2
              ________      ________      ________      ________      ________
                   66            67            68            65            66


           TAU
              P210$3        P210$4
              ________      ________
                   67            68


           NU
              P11           P21           P12           P22           P13
              ________      ________      ________      ________      ________
                    0             0             0             0             0


           NU
              P23           P14           P24           P15           P25
              ________      ________      ________      ________      ________
                    0             0             0             0             0


           NU
              P16           P26           P17           P27           P18
              ________      ________      ________      ________      ________
                    0             0             0             0             0


           NU
              P28           P19           P29           P110          P210
              ________      ________      ________      ________      ________
                    0             0             0             0             0


           LAMBDA
              S1            S2            S3            S4            S5
              ________      ________      ________      ________      ________
 P11                0             0             0             0             0
 P21                0             0             0             0             0
 P12                0             0             0             0             0
 P22                0             0             0             0             0
 P13                0             0             0             0             0
 P23                0             0             0             0             0
 P14                0             0             0             0             0
 P24                0             0             0             0             0
 P15                0             0             0             0             0
 P25                0             0             0             0             0
 P16                0             0             0             0             0
 P26                0             0             0             0             0
 P17                0             0             0             0             0
 P27                0             0             0             0             0
 P18                0             0             0             0             0
 P28                0             0             0             0             0
 P19                0             0             0             0             0
 P29                0             0             0             0             0
 P110               0             0             0             0             0
 P210               0             0             0             0             0


           LAMBDA
              S6            S7            S8            S9            S10
              ________      ________      ________      ________      ________
 P11                0             0             0             0             0
 P21                0             0             0             0             0
 P12                0             0             0             0             0
 P22                0             0             0             0             0
 P13                0             0             0             0             0
 P23                0             0             0             0             0
 P14                0             0             0             0             0
 P24                0             0             0             0             0
 P15                0             0             0             0             0
 P25                0             0             0             0             0
 P16                0             0             0             0             0
 P26                0             0             0             0             0
 P17                0             0             0             0             0
 P27                0             0             0             0             0
 P18                0             0             0             0             0
 P28                0             0             0             0             0
 P19                0             0             0             0             0
 P29                0             0             0             0             0
 P110               0             0             0             0             0
 P210               0             0             0             0             0


           THETA
              P11           P21           P12           P22           P13
              ________      ________      ________      ________      ________
 P11                0
 P21                0             0
 P12                0             0             0
 P22                0             0             0             0
 P13                0             0             0             0             0
 P23                0             0             0             0             0
 P14                0             0             0             0             0
 P24                0             0             0             0             0
 P15                0             0             0             0             0
 P25                0             0             0             0             0
 P16                0             0             0             0             0
 P26                0             0             0             0             0
 P17                0             0             0             0             0
 P27                0             0             0             0             0
 P18                0             0             0             0             0
 P28                0             0             0             0             0
 P19                0             0             0             0             0
 P29                0             0             0             0             0
 P110               0             0             0             0             0
 P210               0             0             0             0             0


           THETA
              P23           P14           P24           P15           P25
              ________      ________      ________      ________      ________
 P23                0
 P14                0             0
 P24                0             0             0
 P15                0             0             0             0
 P25                0             0             0             0             0
 P16                0             0             0             0             0
 P26                0             0             0             0             0
 P17                0             0             0             0             0
 P27                0             0             0             0             0
 P18                0             0             0             0             0
 P28                0             0             0             0             0
 P19                0             0             0             0             0
 P29                0             0             0             0             0
 P110               0             0             0             0             0
 P210               0             0             0             0             0


           THETA
              P16           P26           P17           P27           P18
              ________      ________      ________      ________      ________
 P16                0
 P26                0             0
 P17                0             0             0
 P27                0             0             0             0
 P18                0             0             0             0             0
 P28                0             0             0             0             0
 P19                0             0             0             0             0
 P29                0             0             0             0             0
 P110               0             0             0             0             0
 P210               0             0             0             0             0


           THETA
              P28           P19           P29           P110          P210
              ________      ________      ________      ________      ________
 P28                0
 P19                0             0
 P29                0             0             0
 P110               0             0             0             0
 P210               0             0             0             0             0


           ALPHA
              S1            S2            S3            S4            S5
              ________      ________      ________      ________      ________
                    0             1             2             3             4


           ALPHA
              S6            S7            S8            S9            S10
              ________      ________      ________      ________      ________
                    5             6             7             8             9


           BETA
              S1            S2            S3            S4            S5
              ________      ________      ________      ________      ________
 S1                 0             0             0             0             0
 S2                 0             0             0             0             0
 S3                 0             0             0             0             0
 S4                 0             0             0             0             0
 S5                 0             0             0             0             0
 S6                 0             0             0             0             0
 S7                 0             0             0             0             0
 S8                 0             0             0             0             0
 S9                 0             0             0             0             0
 S10                0             0             0             0             0


           BETA
              S6            S7            S8            S9            S10
              ________      ________      ________      ________      ________
 S1                 0             0             0             0             0
 S2                 0             0             0             0             0
 S3                 0             0             0             0             0
 S4                 0             0             0             0             0
 S5                 0             0             0             0             0
 S6                 0             0             0             0             0
 S7                 0             0             0             0             0
 S8                 0             0             0             0             0
 S9                 0             0             0             0             0
 S10                0             0             0             0             0


           PSI
              S1            S2            S3            S4            S5
              ________      ________      ________      ________      ________
 S1                10
 S2                11            12
 S3                13            14            15
 S4                16            17            18            19
 S5                20            21            22            23            24
 S6                25            26            27            28            29
 S7                31            32            33            34            35
 S8                38            39            40            41            42
 S9                46            47            48            49            50
 S10               55            56            57            58            59


           PSI
              S6            S7            S8            S9            S10
              ________      ________      ________      ________      ________
 S6                30
 S7                36            37
 S8                43            44            45
 S9                51            52            53            54
 S10               60            61            62            63            64


     STARTING VALUES


           TAU
              P11$1         P11$2         P11$3         P11$4         P21$1
              ________      ________      ________      ________      ________
               -1.000        -0.500         0.200         1.500        -0.509


           TAU
              P21$2         P21$3         P12$1         P12$2         P12$3
              ________      ________      ________      ________      ________
                0.327         1.178        -1.109        -0.204         0.404


           TAU
              P12$4         P22$1         P22$2         P22$3         P22$4
              ________      ________      ________      ________      ________
                1.074        -1.109        -0.204         0.404         1.074


           TAU
              P13$1         P13$2         P13$3         P13$4         P23$1
              ________      ________      ________      ________      ________
               -1.109        -0.204         0.404         1.074        -1.109


           TAU
              P23$2         P23$3         P23$4         P14$1         P14$2
              ________      ________      ________      ________      ________
               -0.204         0.404         1.074        -0.866        -0.146


           TAU
              P14$3         P24$1         P24$2         P24$3         P24$4
              ________      ________      ________      ________      ________
                0.349        -1.109        -0.204         0.404         1.074


           TAU
              P15$1         P15$2         P15$3         P15$4         P25$1
              ________      ________      ________      ________      ________
               -1.109        -0.204         0.404         1.074        -1.109


           TAU
              P25$2         P25$3         P25$4         P16$1         P16$2
              ________      ________      ________      ________      ________
               -0.204         0.404         1.074        -1.109        -0.204


           TAU
              P16$3         P16$4         P26$1         P26$2         P26$3
              ________      ________      ________      ________      ________
                0.404         1.074        -1.109        -0.204         0.404


           TAU
              P26$4         P17$1         P17$2         P17$3         P17$4
              ________      ________      ________      ________      ________
                1.074        -1.109        -0.204         0.404         1.074


           TAU
              P27$1         P27$2         P27$3         P27$4         P18$1
              ________      ________      ________      ________      ________
               -1.109        -0.204         0.404         1.074        -1.109


           TAU
              P18$2         P18$3         P18$4         P28$1         P28$2
              ________      ________      ________      ________      ________
               -0.204         0.404         1.074        -1.109        -0.204


           TAU
              P28$3         P28$4         P19$1         P19$2         P19$3
              ________      ________      ________      ________      ________
                0.404         1.074        -1.109        -0.204         0.404


           TAU
              P19$4         P29$1         P29$2         P29$3         P110$1
              ________      ________      ________      ________      ________
                1.074        -0.311         0.170         0.836        -1.109


           TAU
              P110$2        P110$3        P110$4        P210$1        P210$2
              ________      ________      ________      ________      ________
               -0.204         0.404         1.074        -1.109        -0.204


           TAU
              P210$3        P210$4
              ________      ________
                0.404         1.074


           NU
              P11           P21           P12           P22           P13
              ________      ________      ________      ________      ________
                0.000         0.000         0.000         0.000         0.000


           NU
              P23           P14           P24           P15           P25
              ________      ________      ________      ________      ________
                0.000         0.000         0.000         0.000         0.000


           NU
              P16           P26           P17           P27           P18
              ________      ________      ________      ________      ________
                0.000         0.000         0.000         0.000         0.000


           NU
              P28           P19           P29           P110          P210
              ________      ________      ________      ________      ________
                0.000         0.000         0.000         0.000         0.000


           LAMBDA
              S1            S2            S3            S4            S5
              ________      ________      ________      ________      ________
 P11            1.000         0.000         0.000         0.000         0.000
 P21            1.000         0.000         0.000         0.000         0.000
 P12            0.000         1.000         0.000         0.000         0.000
 P22            0.000         1.000         0.000         0.000         0.000
 P13            0.000         0.000         1.000         0.000         0.000
 P23            0.000         0.000         1.000         0.000         0.000
 P14            0.000         0.000         0.000         1.000         0.000
 P24            0.000         0.000         0.000         1.000         0.000
 P15            0.000         0.000         0.000         0.000         1.000
 P25            0.000         0.000         0.000         0.000         1.000
 P16            0.000         0.000         0.000         0.000         0.000
 P26            0.000         0.000         0.000         0.000         0.000
 P17            0.000         0.000         0.000         0.000         0.000
 P27            0.000         0.000         0.000         0.000         0.000
 P18            0.000         0.000         0.000         0.000         0.000
 P28            0.000         0.000         0.000         0.000         0.000
 P19            0.000         0.000         0.000         0.000         0.000
 P29            0.000         0.000         0.000         0.000         0.000
 P110           0.000         0.000         0.000         0.000         0.000
 P210           0.000         0.000         0.000         0.000         0.000


           LAMBDA
              S6            S7            S8            S9            S10
              ________      ________      ________      ________      ________
 P11            0.000         0.000         0.000         0.000         0.000
 P21            0.000         0.000         0.000         0.000         0.000
 P12            0.000         0.000         0.000         0.000         0.000
 P22            0.000         0.000         0.000         0.000         0.000
 P13            0.000         0.000         0.000         0.000         0.000
 P23            0.000         0.000         0.000         0.000         0.000
 P14            0.000         0.000         0.000         0.000         0.000
 P24            0.000         0.000         0.000         0.000         0.000
 P15            0.000         0.000         0.000         0.000         0.000
 P25            0.000         0.000         0.000         0.000         0.000
 P16            1.000         0.000         0.000         0.000         0.000
 P26            1.000         0.000         0.000         0.000         0.000
 P17            0.000         1.000         0.000         0.000         0.000
 P27            0.000         1.000         0.000         0.000         0.000
 P18            0.000         0.000         1.000         0.000         0.000
 P28            0.000         0.000         1.000         0.000         0.000
 P19            0.000         0.000         0.000         1.000         0.000
 P29            0.000         0.000         0.000         1.000         0.000
 P110           0.000         0.000         0.000         0.000         1.000
 P210           0.000         0.000         0.000         0.000         1.000


           THETA
              P11           P21           P12           P22           P13
              ________      ________      ________      ________      ________
 P11            1.000
 P21            0.000         1.000
 P12            0.000         0.000         1.000
 P22            0.000         0.000         0.000         1.000
 P13            0.000         0.000         0.000         0.000         1.000
 P23            0.000         0.000         0.000         0.000         0.000
 P14            0.000         0.000         0.000         0.000         0.000
 P24            0.000         0.000         0.000         0.000         0.000
 P15            0.000         0.000         0.000         0.000         0.000
 P25            0.000         0.000         0.000         0.000         0.000
 P16            0.000         0.000         0.000         0.000         0.000
 P26            0.000         0.000         0.000         0.000         0.000
 P17            0.000         0.000         0.000         0.000         0.000
 P27            0.000         0.000         0.000         0.000         0.000
 P18            0.000         0.000         0.000         0.000         0.000
 P28            0.000         0.000         0.000         0.000         0.000
 P19            0.000         0.000         0.000         0.000         0.000
 P29            0.000         0.000         0.000         0.000         0.000
 P110           0.000         0.000         0.000         0.000         0.000
 P210           0.000         0.000         0.000         0.000         0.000


           THETA
              P23           P14           P24           P15           P25
              ________      ________      ________      ________      ________
 P23            1.000
 P14            0.000         1.000
 P24            0.000         0.000         1.000
 P15            0.000         0.000         0.000         1.000
 P25            0.000         0.000         0.000         0.000         1.000
 P16            0.000         0.000         0.000         0.000         0.000
 P26            0.000         0.000         0.000         0.000         0.000
 P17            0.000         0.000         0.000         0.000         0.000
 P27            0.000         0.000         0.000         0.000         0.000
 P18            0.000         0.000         0.000         0.000         0.000
 P28            0.000         0.000         0.000         0.000         0.000
 P19            0.000         0.000         0.000         0.000         0.000
 P29            0.000         0.000         0.000         0.000         0.000
 P110           0.000         0.000         0.000         0.000         0.000
 P210           0.000         0.000         0.000         0.000         0.000


           THETA
              P16           P26           P17           P27           P18
              ________      ________      ________      ________      ________
 P16            1.000
 P26            0.000         1.000
 P17            0.000         0.000         1.000
 P27            0.000         0.000         0.000         1.000
 P18            0.000         0.000         0.000         0.000         1.000
 P28            0.000         0.000         0.000         0.000         0.000
 P19            0.000         0.000         0.000         0.000         0.000
 P29            0.000         0.000         0.000         0.000         0.000
 P110           0.000         0.000         0.000         0.000         0.000
 P210           0.000         0.000         0.000         0.000         0.000


           THETA
              P28           P19           P29           P110          P210
              ________      ________      ________      ________      ________
 P28            1.000
 P19            0.000         1.000
 P29            0.000         0.000         1.000
 P110           0.000         0.000         0.000         1.000
 P210           0.000         0.000         0.000         0.000         1.000


           ALPHA
              S1            S2            S3            S4            S5
              ________      ________      ________      ________      ________
                0.000         0.000         0.000         0.000         0.000


           ALPHA
              S6            S7            S8            S9            S10
              ________      ________      ________      ________      ________
                0.000         0.000         0.000         0.000         0.000


           BETA
              S1            S2            S3            S4            S5
              ________      ________      ________      ________      ________
 S1             0.000         0.000         0.000         0.000         0.000
 S2             0.000         0.000         0.000         0.000         0.000
 S3             0.000         0.000         0.000         0.000         0.000
 S4             0.000         0.000         0.000         0.000         0.000
 S5             0.000         0.000         0.000         0.000         0.000
 S6             0.000         0.000         0.000         0.000         0.000
 S7             0.000         0.000         0.000         0.000         0.000
 S8             0.000         0.000         0.000         0.000         0.000
 S9             0.000         0.000         0.000         0.000         0.000
 S10            0.000         0.000         0.000         0.000         0.000


           BETA
              S6            S7            S8            S9            S10
              ________      ________      ________      ________      ________
 S1             0.000         0.000         0.000         0.000         0.000
 S2             0.000         0.000         0.000         0.000         0.000
 S3             0.000         0.000         0.000         0.000         0.000
 S4             0.000         0.000         0.000         0.000         0.000
 S5             0.000         0.000         0.000         0.000         0.000
 S6             0.000         0.000         0.000         0.000         0.000
 S7             0.000         0.000         0.000         0.000         0.000
 S8             0.000         0.000         0.000         0.000         0.000
 S9             0.000         0.000         0.000         0.000         0.000
 S10            0.000         0.000         0.000         0.000         0.000


           PSI
              S1            S2            S3            S4            S5
              ________      ________      ________      ________      ________
 S1             1.000
 S2             0.000         1.000
 S3             0.000         0.000         1.000
 S4             0.000         0.000         0.000         1.000
 S5             0.000         0.000         0.000         0.000         1.000
 S6             0.000         0.000         0.000         0.000         0.000
 S7             0.000         0.000         0.000         0.000         0.000
 S8             0.000         0.000         0.000         0.000         0.000
 S9             0.000         0.000         0.000         0.000         0.000
 S10            0.000         0.000         0.000         0.000         0.000


           PSI
              S6            S7            S8            S9            S10
              ________      ________      ________      ________      ________
 S6             1.000
 S7             0.000         1.000
 S8             0.000         0.000         1.000
 S9             0.000         0.000         0.000         1.000
 S10            0.000         0.000         0.000         0.000         1.000



     PRIORS FOR ALL PARAMETERS            PRIOR MEAN      PRIOR VARIANCE     PRIOR STD. DEV.

     Parameter 1~N(0.000,infinity)           0.0000            infinity            infinity
     Parameter 2~N(0.000,infinity)           0.0000            infinity            infinity
     Parameter 3~N(0.000,infinity)           0.0000            infinity            infinity
     Parameter 4~N(0.000,infinity)           0.0000            infinity            infinity
     Parameter 5~N(0.000,infinity)           0.0000            infinity            infinity
     Parameter 6~N(0.000,infinity)           0.0000            infinity            infinity
     Parameter 7~N(0.000,infinity)           0.0000            infinity            infinity
     Parameter 8~N(0.000,infinity)           0.0000            infinity            infinity
     Parameter 9~N(0.000,infinity)           0.0000            infinity            infinity
     Parameter 10~IW(1.000,11)             infinity            infinity            infinity
     Parameter 11~IW(0.000,11)             infinity            infinity            infinity
     Parameter 12~IW(1.000,11)             infinity            infinity            infinity
     Parameter 13~IW(0.000,11)             infinity            infinity            infinity
     Parameter 14~IW(0.000,11)             infinity            infinity            infinity
     Parameter 15~IW(1.000,11)             infinity            infinity            infinity
     Parameter 16~IW(0.000,11)             infinity            infinity            infinity
     Parameter 17~IW(0.000,11)             infinity            infinity            infinity
     Parameter 18~IW(0.000,11)             infinity            infinity            infinity
     Parameter 19~IW(1.000,11)             infinity            infinity            infinity
     Parameter 20~IW(0.000,11)             infinity            infinity            infinity
     Parameter 21~IW(0.000,11)             infinity            infinity            infinity
     Parameter 22~IW(0.000,11)             infinity            infinity            infinity
     Parameter 23~IW(0.000,11)             infinity            infinity            infinity
     Parameter 24~IW(1.000,11)             infinity            infinity            infinity
     Parameter 25~IW(0.000,11)             infinity            infinity            infinity
     Parameter 26~IW(0.000,11)             infinity            infinity            infinity
     Parameter 27~IW(0.000,11)             infinity            infinity            infinity
     Parameter 28~IW(0.000,11)             infinity            infinity            infinity
     Parameter 29~IW(0.000,11)             infinity            infinity            infinity
     Parameter 30~IW(1.000,11)             infinity            infinity            infinity
     Parameter 31~IW(0.000,11)             infinity            infinity            infinity
     Parameter 32~IW(0.000,11)             infinity            infinity            infinity
     Parameter 33~IW(0.000,11)             infinity            infinity            infinity
     Parameter 34~IW(0.000,11)             infinity            infinity            infinity
     Parameter 35~IW(0.000,11)             infinity            infinity            infinity
     Parameter 36~IW(0.000,11)             infinity            infinity            infinity
     Parameter 37~IW(1.000,11)             infinity            infinity            infinity
     Parameter 38~IW(0.000,11)             infinity            infinity            infinity
     Parameter 39~IW(0.000,11)             infinity            infinity            infinity
     Parameter 40~IW(0.000,11)             infinity            infinity            infinity
     Parameter 41~IW(0.000,11)             infinity            infinity            infinity
     Parameter 42~IW(0.000,11)             infinity            infinity            infinity
     Parameter 43~IW(0.000,11)             infinity            infinity            infinity
     Parameter 44~IW(0.000,11)             infinity            infinity            infinity
     Parameter 45~IW(1.000,11)             infinity            infinity            infinity
     Parameter 46~IW(0.000,11)             infinity            infinity            infinity
     Parameter 47~IW(0.000,11)             infinity            infinity            infinity
     Parameter 48~IW(0.000,11)             infinity            infinity            infinity
     Parameter 49~IW(0.000,11)             infinity            infinity            infinity
     Parameter 50~IW(0.000,11)             infinity            infinity            infinity
     Parameter 51~IW(0.000,11)             infinity            infinity            infinity
     Parameter 52~IW(0.000,11)             infinity            infinity            infinity
     Parameter 53~IW(0.000,11)             infinity            infinity            infinity
     Parameter 54~IW(1.000,11)             infinity            infinity            infinity
     Parameter 55~IW(0.000,11)             infinity            infinity            infinity
     Parameter 56~IW(0.000,11)             infinity            infinity            infinity
     Parameter 57~IW(0.000,11)             infinity            infinity            infinity
     Parameter 58~IW(0.000,11)             infinity            infinity            infinity
     Parameter 59~IW(0.000,11)             infinity            infinity            infinity
     Parameter 60~IW(0.000,11)             infinity            infinity            infinity
     Parameter 61~IW(0.000,11)             infinity            infinity            infinity
     Parameter 62~IW(0.000,11)             infinity            infinity            infinity
     Parameter 63~IW(0.000,11)             infinity            infinity            infinity
     Parameter 64~IW(1.000,11)             infinity            infinity            infinity
     Parameter 65~N(0.000,5.000)             0.0000              5.0000              2.2361
     Parameter 66~N(0.000,5.000)             0.0000              5.0000              2.2361
     Parameter 67~N(0.000,5.000)             0.0000              5.0000              2.2361
     Parameter 68~N(0.000,5.000)             0.0000              5.0000              2.2361
     Parameter 69~N(0.000,5.000)             0.0000              5.0000              2.2361
     Parameter 70~N(0.000,5.000)             0.0000              5.0000              2.2361
     Parameter 71~N(0.000,5.000)             0.0000              5.0000              2.2361
     Parameter 72~N(0.000,5.000)             0.0000              5.0000              2.2361
     Parameter 73~N(0.000,5.000)             0.0000              5.0000              2.2361
     Parameter 74~N(0.000,5.000)             0.0000              5.0000              2.2361
     Parameter 75~N(0.000,5.000)             0.0000              5.0000              2.2361
     Parameter 76~N(0.000,5.000)             0.0000              5.0000              2.2361
     Parameter 77~N(0.000,5.000)             0.0000              5.0000              2.2361


TECHNICAL 8 OUTPUT


   TECHNICAL 8 OUTPUT FOR BAYES ESTIMATION

     CHAIN    BSEED
     1        0
     2        285380

                     POTENTIAL       PARAMETER WITH
     ITERATION    SCALE REDUCTION      HIGHEST PSR
     100              1.268               76
     200              1.072               77
     300              1.044               27
     400              1.048               27
     500              1.045               27
     600              1.020               27
     700              1.032               8
     800              1.025               8
     900              1.023               8
     1000             1.014               8
     1100             1.020               8
     1200             1.023               8
     1300             1.023               8
     1400             1.022               8
     1500             1.017               8
     1600             1.014               8
     1700             1.006               72
     1800             1.011               72
     1900             1.011               72
     2000             1.005               72
     2100             1.005               25
     2200             1.007               27
     2300             1.008               27
     2400             1.006               27
     2500             1.006               49
     2600             1.006               49
     2700             1.006               3
     2800             1.003               49
     2900             1.004               55
     3000             1.004               73
     3100             1.004               20
     3200             1.004               20
     3300             1.009               77
     3400             1.009               77
     3500             1.013               77
     3600             1.009               77
     3700             1.005               77
     3800             1.004               77
     3900             1.006               77
     4000             1.008               77
     4100             1.007               77
     4200             1.007               77
     4300             1.007               77
     4400             1.007               77
     4500             1.007               77
     4600             1.007               77
     4700             1.008               77
     4800             1.009               77
     4900             1.006               77
     5000             1.007               77
     5100             1.006               77
     5200             1.005               77
     5300             1.004               77
     5400             1.003               77
     5500             1.004               77
     5600             1.003               77
     5700             1.002               77
     5800             1.002               77
     5900             1.001               77
     6000             1.002               32
     6100             1.001               32
     6200             1.002               62
     6300             1.002               62
     6400             1.002               62
     6500             1.002               62
     6600             1.002               62
     6700             1.002               62
     6800             1.002               32
     6900             1.001               62
     7000             1.001               5
     7100             1.001               46
     7200             1.001               75
     7300             1.001               76
     7400             1.001               76
     7500             1.001               72
     7600             1.001               72
     7700             1.001               72
     7800             1.002               72
     7900             1.002               72
     8000             1.001               72
     8100             1.001               72
     8200             1.001               45
     8300             1.001               4
     8400             1.001               4
     8500             1.002               45
     8600             1.002               45
     8700             1.001               45
     8800             1.002               45
     8900             1.002               45
     9000             1.002               42
     9100             1.002               42
     9200             1.001               42
     9300             1.001               42
     9400             1.001               29
     9500             1.001               42
     9600             1.001               29
     9700             1.001               29
     9800             1.001               42
     9900             1.001               29
     10000            1.001               29
     10100            1.001               29
     10200            1.001               29
     10300            1.001               29
     10400            1.001               29
     10500            1.001               29
     10600            1.001               42
     10700            1.001               42
     10800            1.001               42
     10900            1.001               42
     11000            1.001               29
     11100            1.001               29
     11200            1.001               29
     11300            1.001               29
     11400            1.001               29
     11500            1.001               29
     11600            1.001               29
     11700            1.001               42
     11800            1.001               42
     11900            1.001               42
     12000            1.001               15
     12100            1.001               21
     12200            1.001               15
     12300            1.001               15
     12400            1.001               21
     12500            1.001               21
     12600            1.001               29
     12700            1.001               77
     12800            1.001               21
     12900            1.001               15
     13000            1.001               15
     13100            1.001               15
     13200            1.001               29
     13300            1.001               15
     13400            1.001               15
     13500            1.001               21
     13600            1.001               12
     13700            1.001               12
     13800            1.000               12
     13900            1.000               12
     14000            1.001               12
     14100            1.000               12
     14200            1.000               12
     14300            1.001               12
     14400            1.000               6
     14500            1.001               12
     14600            1.001               12
     14700            1.001               20
     14800            1.001               20
     14900            1.001               20
     15000            1.001               20
     15100            1.001               20
     15200            1.000               72
     15300            1.001               72
     15400            1.001               72
     15500            1.000               72
     15600            1.000               72
     15700            1.000               72
     15800            1.000               72
     15900            1.000               72
     16000            1.000               73
     16100            1.000               73
     16200            1.000               73
     16300            1.000               73
     16400            1.000               73
     16500            1.000               73
     16600            1.000               6
     16700            1.000               6
     16800            1.000               6
     16900            1.000               6
     17000            1.000               6
     17100            1.001               6
     17200            1.000               6
     17300            1.000               6
     17400            1.000               6
     17500            1.000               6
     17600            1.000               6
     17700            1.000               6
     17800            1.000               6
     17900            1.000               6
     18000            1.000               6
     18100            1.000               6
     18200            1.001               6
     18300            1.001               6
     18400            1.001               6
     18500            1.001               6
     18600            1.001               6
     18700            1.001               6
     18800            1.001               6
     18900            1.001               6
     19000            1.001               6
     19100            1.000               6
     19200            1.000               6
     19300            1.001               6
     19400            1.001               6
     19500            1.001               6
     19600            1.001               6
     19700            1.001               6
     19800            1.001               6
     19900            1.001               6
     20000            1.001               6


PLOT INFORMATION

The following plots are available:

  Sample proportions and estimated probabilities
  Bayesian posterior parameter distributions
  Bayesian posterior parameter trace plots
  Bayesian autocorrelation plots
  Bayesian prior parameter distributions
  Bayesian posterior predictive checking scatterplots
  Bayesian posterior predictive checking distribution plots

     Beginning Time:  15:39:37
        Ending Time:  15:41:10
       Elapsed Time:  00:01:33



MUTHEN & MUTHEN
3463 Stoner Ave.
Los Angeles, CA  90066

Tel: (310) 391-9971
Fax: (310) 391-8971
Web: www.StatModel.com
Support: Support@StatModel.com

Copyright (c) 1998-2023 Muthen & Muthen
