Mplus VERSION 8.11 (Mac)
MUTHEN & MUTHEN
05/05/2025   2:07 PM

INPUT INSTRUCTIONS

  DATA:

  File is laac2_wide.dat;

  VARIABLE:

  NAMES =   subject task
  Y1_1    Y1_10   Y1_2    Y1_3    Y1_4    Y1_5    Y1_6
  Y1_7    Y1_8    Y1_9    Y10_1   Y10_10  Y10_2   Y10_3   Y10_4   Y10_5
  Y10_6   Y10_7   Y10_8   Y10_9   Y11_1   Y11_10  Y11_2   Y11_3   Y11_4
  Y11_5   Y11_6   Y11_7   Y11_8   Y11_9   Y12_1   Y12_10  Y12_2   Y12_3
  Y12_4   Y12_5   Y12_6   Y12_7   Y12_8   Y12_9   Y2_1    Y2_10   Y2_2
  Y2_3    Y2_4    Y2_5    Y2_6    Y2_7    Y2_8    Y2_9    Y3_1    Y3_10
  Y3_2    Y3_3    Y3_4    Y3_5    Y3_6    Y3_7    Y3_8    Y3_9    Y4_1
  Y4_10   Y4_2    Y4_3    Y4_4    Y4_5    Y4_6    Y4_7    Y4_8    Y4_9
  Y5_1    Y5_10   Y5_2    Y5_3    Y5_4    Y5_5    Y5_6    Y5_7    Y5_8
  Y5_9    Y6_1    Y6_10   Y6_2    Y6_3    Y6_4    Y6_5    Y6_6    Y6_7
  Y6_8    Y6_9    Y7_1    Y7_10   Y7_2    Y7_3    Y7_4    Y7_5    Y7_6
  Y7_7    Y7_8    Y7_9    Y8_1    Y8_10   Y8_2    Y8_3    Y8_4    Y8_5
  Y8_6    Y8_7    Y8_8    Y8_9    Y9_1    Y9_10   Y9_2    Y9_3    Y9_4
  Y9_5    Y9_6    Y9_7    Y9_8    Y9_9;


  USEVARIABLES =  P11 P21 P12 P22 P13 P23 P14 P24
  	       P15 P25 P16 P26 P17 P27 P18 P28 P19 P29
  	       P110 P210 ;
  	
  Categ =   P11 P21 P12 P22 P13 P23 P14 P24
  	       P15 P25 P16 P26 P17 P27 P18 P28 P19 P29
  	       P110 P210 ;
  	

  Missing = All(-99);	

  useobservations are (task EQ 1);

  ! "'attention'=1;'communication'=2;'reasoning'=3;'visible_food'=4;
  !'population'=5;'inhibit_searched'=6"

  DEFINE:
  P11 = Y1_1 + Y3_1 + Y5_1 + Y7_1 + Y9_1 + Y11_1;
  P21 =  Y2_1 + Y4_1 + Y6_1 + Y8_1 + Y10_1 + Y12_1;

  P12 =  Y1_2 + Y3_2 + Y5_2 + Y7_2 + Y9_2 + Y11_2;
  P22 =  Y2_2 + Y4_2 + Y6_2 + Y8_2 + Y10_2 + Y12_2;

  P13 =  Y1_3 + Y3_3 + Y5_3 + Y7_3 + Y9_3 + Y11_3;
  P23 =  Y2_3 + Y4_3 + Y6_3 + Y8_3 + Y10_3 + Y12_3;

  P14 =  Y1_4 + Y3_4 + Y5_4 + Y7_4 + Y9_4 + Y11_4;
  P24 =  Y2_4 + Y4_4 + Y6_4 + Y8_4 + Y10_4 + Y12_4;

  P15 =  Y1_5 + Y3_5 + Y5_5 + Y7_5 + Y9_5 + Y11_5;
  P25 =  Y2_5 + Y4_5 + Y6_5 + Y8_5 + Y10_5 + Y12_5;

  P16 =  Y1_6 + Y3_6 + Y5_6 + Y7_6 + Y9_6 + Y11_6;
  P26 =  Y2_6 + Y4_6 + Y6_6 + Y8_6 + Y10_6 + Y12_6;

  P17 =  Y1_7 + Y3_7 + Y5_7 + Y7_7 + Y9_7 + Y11_7;
  P27 =  Y2_7 + Y4_7 + Y6_7 + Y8_7 + Y10_7 + Y12_7;

  P18 =  Y1_8 + Y3_8 + Y5_8 + Y7_8 + Y9_8 + Y11_8;
  P28 =  Y2_8 + Y4_8 + Y6_8 + Y8_8 + Y10_8 + Y12_8;

  P19 =  Y1_9 + Y3_9 + Y5_9 + Y7_9 + Y9_9 + Y11_9;
  P29 =  Y2_9 + Y4_9 + Y6_9 + Y8_9 + Y10_9 + Y12_9;

  P110 =  Y1_10 + Y3_10 + Y5_10 + Y7_10 + Y9_10 + Y11_10;
  P210 =  Y2_10 + Y4_10 + Y6_10 + Y8_10 + Y10_10 + Y12_10;





  IF (P11==0) THEN P11=2;
  IF (P21==0) THEN P21=2;
  IF (P12==0) THEN P12=2;
  IF (P22==0) THEN P22=2;
  IF (P13==0) THEN P13=2;
  IF (P23==0) THEN P23=2;
  IF (P14==0) THEN P14=2;
  IF (P24==0) THEN P24=2;
  IF (P15==0) THEN P15=2;
  IF (P25==0) THEN P25=2;
  IF (P16==0) THEN P16=2;
  IF (P26==0) THEN P26=2;
  IF (P17==0) THEN P17=2;
  IF (P27==0) THEN P27=2;
  IF (P18==0) THEN P18=2;
  IF (P28==0) THEN P28=2;
  IF (P19==0) THEN P19=2;
  IF (P29==0) THEN P29=2;
  IF (P110==0) THEN P110=2;
  IF (P210==0) THEN P210=2;

  IF (P11==1) THEN P11=2;
  IF (P21==1) THEN P21=2;
  IF (P12==1) THEN P12=2;
  IF (P22==1) THEN P22=2;
  IF (P13==1) THEN P13=2;
  IF (P23==1) THEN P23=2;
  IF (P14==1) THEN P14=2;
  IF (P24==1) THEN P24=2;
  IF (P15==1) THEN P15=2;
  IF (P25==1) THEN P25=2;
  IF (P16==1) THEN P16=2;
  IF (P26==1) THEN P26=2;
  IF (P17==1) THEN P17=2;
  IF (P27==1) THEN P27=2;
  IF (P18==1) THEN P18=2;
  IF (P28==1) THEN P28=2;
  IF (P19==1) THEN P19=2;
  IF (P29==1) THEN P29=2;
  IF (P110==1) THEN P110=2;
  IF (P210==1) THEN P210=2;


  ANALYSIS:

  	ESTIMATOR = Bayes;
  	!Biter=(20000);
  	Thin=10;
  	!Bconvergence = .005;	
  	fbiter = 10000;
  	
  MODEL:


  T1 by P11@1 P21@1
  	P12@1 P22@1
  	P13@1 P23@1
  	P14@1 P24@1
  	P15@1 P25@1 !;
  !T2 by	
  	P16@1 P26@1
  	P17@1 P27@1
  	P18@1 P28@1
  	P19@1 P29@1
  	P110@1 P210@1;

  S1 by P11@1 P21@1;
  S2 by P12@1 P22@1;
  S3 by P13@1 P23@1;
  S4 by P14@1 P24@1;
  S5 by P15@1 P25@1;
  S6 by P16@1 P26@1;
  S7 by P17@1 P27@1;
  S8 by P18@1 P28@1;
  S9 by P19@1 P29@1;
  S10 by P110@1 P210@1;

  	
  [S1-S10@0];
  [T1@0];
  ![T2];

  S1 - S10 (varS);
  T1 (varT);

  S1-S10 with S1-S10@0;
  !T1-T2 with S1-S10@0;
  T1 with S1-S10@0;

  [P11$1*-1] (tau1);
  [P11$2*-0.5] (tau2);
  [P11$3*0.2] (tau3);
  [P11$4*1.5] (tau4);
  ![P11$5] (tau5);


  ![P21$1] (tau1);
  ![P21$2] (tau2);
  ![P21$3] (tau3);
  ![P21$4] (tau4);
  ![P21$5] (tau5);

  [P12$1] (tau1);
  [P12$2] (tau2);
  [P12$3] (tau3);
  [P12$4] (tau4);
  ![P12$5] (tau5);

  [P22$1] (tau1);
  [P22$2] (tau2);
  [P22$3] (tau3);
  [P22$4] (tau4);
  ![P22$5] (tau5);

  [P13$1] (tau1);
  [P13$2] (tau2);
  [P13$3] (tau3);
  [P13$4] (tau4);
  ![P13$5] (tau5);


  [P23$1] (tau1);
  [P23$2] (tau2);
  [P23$3] (tau3);
  [P23$4] (tau4);
  ![P23$5] (tau5);

  ![P14$1] (tau1);
  ![P14$2] (tau2);
  ![P14$3] (tau3);
  ![P14$4] (tau4);
  ![P14$5] (tau5);

  [P24$1] (tau1);
  [P24$2] (tau2);
  [P24$3] (tau3);
  [P24$4] (tau4);
  ![P24$5] (tau5);


  [P15$1] (tau1);
  [P15$2] (tau2);
  [P15$3] (tau3);
  [P15$4] (tau4);
  ![P15$5] (tau5);

  [P25$1] (tau1);
  [P25$2] (tau2);
  [P25$3] (tau3);
  [P25$4] (tau4);
  ![P25$5] (tau5);

  [P16$1] (tau1);
  [P16$2] (tau2);
  [P16$3] (tau3);
  [P16$4] (tau4);
  ![P16$5] (tau5);

  [P26$1] (tau1);
  [P26$2] (tau2);
  [P26$3] (tau3);
  [P26$4] (tau4);
  ![P26$5] (tau5);

  [P17$1] (tau1);
  [P17$2] (tau2);
  [P17$3] (tau3);
  [P17$4] (tau4);
  ![P17$5] (tau5);

  [P27$1] (tau1);
  [P27$2] (tau2);
  [P27$3] (tau3);
  [P27$4] (tau4);
  ![P27$5] (tau5);

  [P18$1] (tau1);
  [P18$2] (tau2);
  [P18$3] (tau3);
  [P18$4] (tau4);
  ![P18$5] (tau5);


  [P28$1] (tau1);
  [P28$2] (tau2);
  [P28$3] (tau3);
  [P28$4] (tau4);
  ![P28$5] (tau5);

  [P19$1] (tau1);
  [P19$2] (tau2);
  [P19$3] (tau3);
  [P19$4] (tau4);
  ![P19$5] (tau5);

  ![P29$1] (tau1);
  ![P29$2] (tau2);
  ![P29$3] (tau3);
  ![P29$4] (tau4);
  ![P29$5] (tau5);

  [P110$1] (tau1);
  [P110$2] (tau2);
  [P110$3] (tau3);
  [P110$4] (tau4);
  ![P110$5] (tau5);

  [P210$1] (tau1);
  [P210$2] (tau2);
  [P210$3] (tau3);
  [P210$4] (tau4);
  ![P210$5] (tau5);

  Model constraint:

  NEW(con occ rel);
  con = varT / (varT + varS);
  occ = varS /(varT + varS);
  rel = (varS + varT ) / (varS + varT + 1);


  Output: stdyx tech8;
  PLOT:   TYPE = PLOT2;
  	



INPUT READING TERMINATED NORMALLY




SUMMARY OF ANALYSIS

Number of groups                                                 1
Number of observations                                          45

Number of dependent variables                                   20
Number of independent variables                                  0
Number of continuous latent variables                           11

Observed dependent variables

  Binary and ordered categorical (ordinal)
   P11         P21         P12         P22         P13         P23
   P14         P24         P15         P25         P16         P26
   P17         P27         P18         P28         P19         P29
   P110        P210

Continuous latent variables
   T1          S1          S2          S3          S4          S5
   S6          S7          S8          S9          S10


Estimator                                                    BAYES
Specifications for Bayesian Estimation
  Point estimate                                            MEDIAN
  Number of Markov chain Monte Carlo (MCMC) chains               2
  Random seed for the first chain                                0
  Starting value information                           UNPERTURBED
  Algorithm used for Markov chain Monte Carlo           GIBBS(PX1)
  Fixed number of iterations                                 10000
  K-th iteration used for thinning                              10
Link                                                        PROBIT

Input data file(s)
  laac2_wide.dat
Input data format  FREE


SUMMARY OF DATA



COVARIANCE COVERAGE OF DATA

Minimum covariance coverage value   0.100

     Number of missing data patterns            36


     PROPORTION OF DATA PRESENT


           Covariance Coverage
              P11           P21           P12           P22           P13
              ________      ________      ________      ________      ________
 P11            0.622
 P21            0.622         0.622
 P12            0.489         0.489         0.667
 P22            0.489         0.489         0.667         0.667
 P13            0.511         0.511         0.533         0.533         0.711
 P23            0.511         0.511         0.533         0.533         0.711
 P14            0.267         0.267         0.333         0.333         0.400
 P24            0.267         0.267         0.333         0.333         0.400
 P15            0.467         0.467         0.511         0.511         0.556
 P25            0.467         0.467         0.511         0.511         0.556
 P16            0.467         0.467         0.422         0.422         0.489
 P26            0.467         0.467         0.422         0.422         0.489
 P17            0.511         0.511         0.533         0.533         0.622
 P27            0.511         0.511         0.533         0.533         0.622
 P18            0.511         0.511         0.511         0.511         0.511
 P28            0.511         0.511         0.511         0.511         0.511
 P19            0.467         0.467         0.556         0.556         0.600
 P29            0.467         0.467         0.556         0.556         0.600
 P110           0.489         0.489         0.556         0.556         0.578
 P210           0.489         0.489         0.556         0.556         0.578


           Covariance Coverage
              P23           P14           P24           P15           P25
              ________      ________      ________      ________      ________
 P23            0.711
 P14            0.400         0.511
 P24            0.400         0.511         0.511
 P15            0.556         0.378         0.378         0.667
 P25            0.556         0.378         0.378         0.667         0.667
 P16            0.489         0.311         0.311         0.489         0.489
 P26            0.489         0.311         0.311         0.489         0.489
 P17            0.622         0.333         0.333         0.533         0.533
 P27            0.622         0.333         0.333         0.533         0.533
 P18            0.511         0.378         0.378         0.511         0.511
 P28            0.511         0.378         0.378         0.511         0.511
 P19            0.600         0.378         0.378         0.578         0.578
 P29            0.600         0.378         0.378         0.578         0.578
 P110           0.578         0.378         0.378         0.578         0.578
 P210           0.578         0.378         0.378         0.578         0.578


           Covariance Coverage
              P16           P26           P17           P27           P18
              ________      ________      ________      ________      ________
 P16            0.600
 P26            0.600         0.600
 P17            0.511         0.511         0.689
 P27            0.511         0.511         0.689         0.689
 P18            0.511         0.511         0.556         0.556         0.711
 P28            0.511         0.511         0.556         0.556         0.711
 P19            0.467         0.467         0.600         0.600         0.511
 P29            0.467         0.467         0.600         0.600         0.511
 P110           0.489         0.489         0.578         0.578         0.556
 P210           0.489         0.489         0.578         0.578         0.556


           Covariance Coverage
              P28           P19           P29           P110          P210
              ________      ________      ________      ________      ________
 P28            0.711
 P19            0.511         0.733
 P29            0.511         0.733         0.733
 P110           0.556         0.578         0.578         0.689
 P210           0.556         0.578         0.578         0.689         0.689


UNIVARIATE PROPORTIONS AND COUNTS FOR CATEGORICAL VARIABLES

    P11
      Category 1    0.250            7.000
      Category 2    0.250            7.000
      Category 3    0.286            8.000
      Category 4    0.179            5.000
      Category 5    0.036            1.000
    P21
      Category 1    0.286            8.000
      Category 2    0.357           10.000
      Category 3    0.250            7.000
      Category 4    0.107            3.000
    P12
      Category 1    0.300            9.000
      Category 2    0.100            3.000
      Category 3    0.233            7.000
      Category 4    0.267            8.000
      Category 5    0.100            3.000
    P22
      Category 1    0.267            8.000
      Category 2    0.333           10.000
      Category 3    0.167            5.000
      Category 4    0.200            6.000
      Category 5    0.033            1.000
    P13
      Category 1    0.188            6.000
      Category 2    0.188            6.000
      Category 3    0.406           13.000
      Category 4    0.156            5.000
      Category 5    0.062            2.000
    P23
      Category 1    0.219            7.000
      Category 2    0.375           12.000
      Category 3    0.188            6.000
      Category 4    0.156            5.000
      Category 5    0.062            2.000
    P14
      Category 1    0.174            4.000
      Category 2    0.261            6.000
      Category 3    0.217            5.000
      Category 4    0.348            8.000
    P24
      Category 1    0.217            5.000
      Category 2    0.435           10.000
      Category 3    0.217            5.000
      Category 4    0.043            1.000
      Category 5    0.087            2.000
    P15
      Category 1    0.100            3.000
      Category 2    0.367           11.000
      Category 3    0.167            5.000
      Category 4    0.200            6.000
      Category 5    0.167            5.000
    P25
      Category 1    0.067            2.000
      Category 2    0.433           13.000
      Category 3    0.267            8.000
      Category 4    0.200            6.000
      Category 5    0.033            1.000
    P16
      Category 1    0.111            3.000
      Category 2    0.185            5.000
      Category 3    0.519           14.000
      Category 4    0.111            3.000
      Category 5    0.074            2.000
    P26
      Category 1    0.185            5.000
      Category 2    0.370           10.000
      Category 3    0.148            4.000
      Category 4    0.185            5.000
      Category 5    0.111            3.000
    P17
      Category 1    0.065            2.000
      Category 2    0.226            7.000
      Category 3    0.355           11.000
      Category 4    0.194            6.000
      Category 5    0.161            5.000
    P27
      Category 1    0.065            2.000
      Category 2    0.323           10.000
      Category 3    0.161            5.000
      Category 4    0.226            7.000
      Category 5    0.226            7.000
    P18
      Category 1    0.094            3.000
      Category 2    0.281            9.000
      Category 3    0.250            8.000
      Category 4    0.156            5.000
      Category 5    0.219            7.000
    P28
      Category 1    0.094            3.000
      Category 2    0.219            7.000
      Category 3    0.250            8.000
      Category 4    0.219            7.000
      Category 5    0.219            7.000
    P19
      Category 1    0.061            2.000
      Category 2    0.212            7.000
      Category 3    0.152            5.000
      Category 4    0.212            7.000
      Category 5    0.364           12.000
    P29
      Category 1    0.364           12.000
      Category 2    0.212            7.000
      Category 3    0.242            8.000
      Category 4    0.182            6.000
    P110
      Category 1    0.032            1.000
      Category 2    0.226            7.000
      Category 3    0.290            9.000
      Category 4    0.258            8.000
      Category 5    0.194            6.000
    P210
      Category 1    0.161            5.000
      Category 2    0.129            4.000
      Category 3    0.194            6.000
      Category 4    0.161            5.000
      Category 5    0.355           11.000



THE MODEL ESTIMATION TERMINATED NORMALLY

     USE THE FBITERATIONS OPTION TO INCREASE THE NUMBER OF ITERATIONS BY A FACTOR
     OF AT LEAST TWO TO CHECK CONVERGENCE AND THAT THE PSR VALUE DOES NOT INCREASE.



MODEL FIT INFORMATION

Number of Free Parameters                              15

Bayesian Posterior Predictive Checking using Chi-Square

          95% Confidence Interval for the Difference Between
          the Observed and the Replicated Chi-Square Values

                                -22.109           128.343

          Posterior Predictive P-Value              0.083



MODEL RESULTS

                                Posterior  One-Tailed         95% C.I.
                    Estimate       S.D.      P-Value   Lower 2.5%  Upper 2.5%  Significance

 T1       BY
    P11                1.000       0.000      0.000       1.000       1.000
    P21                1.000       0.000      0.000       1.000       1.000
    P12                1.000       0.000      0.000       1.000       1.000
    P22                1.000       0.000      0.000       1.000       1.000
    P13                1.000       0.000      0.000       1.000       1.000
    P23                1.000       0.000      0.000       1.000       1.000
    P14                1.000       0.000      0.000       1.000       1.000
    P24                1.000       0.000      0.000       1.000       1.000
    P15                1.000       0.000      0.000       1.000       1.000
    P25                1.000       0.000      0.000       1.000       1.000
    P16                1.000       0.000      0.000       1.000       1.000
    P26                1.000       0.000      0.000       1.000       1.000
    P17                1.000       0.000      0.000       1.000       1.000
    P27                1.000       0.000      0.000       1.000       1.000
    P18                1.000       0.000      0.000       1.000       1.000
    P28                1.000       0.000      0.000       1.000       1.000
    P19                1.000       0.000      0.000       1.000       1.000
    P29                1.000       0.000      0.000       1.000       1.000
    P110               1.000       0.000      0.000       1.000       1.000
    P210               1.000       0.000      0.000       1.000       1.000

 S1       BY
    P11                1.000       0.000      0.000       1.000       1.000
    P21                1.000       0.000      0.000       1.000       1.000

 S2       BY
    P12                1.000       0.000      0.000       1.000       1.000
    P22                1.000       0.000      0.000       1.000       1.000

 S3       BY
    P13                1.000       0.000      0.000       1.000       1.000
    P23                1.000       0.000      0.000       1.000       1.000

 S4       BY
    P14                1.000       0.000      0.000       1.000       1.000
    P24                1.000       0.000      0.000       1.000       1.000

 S5       BY
    P15                1.000       0.000      0.000       1.000       1.000
    P25                1.000       0.000      0.000       1.000       1.000

 S6       BY
    P16                1.000       0.000      0.000       1.000       1.000
    P26                1.000       0.000      0.000       1.000       1.000

 S7       BY
    P17                1.000       0.000      0.000       1.000       1.000
    P27                1.000       0.000      0.000       1.000       1.000

 S8       BY
    P18                1.000       0.000      0.000       1.000       1.000
    P28                1.000       0.000      0.000       1.000       1.000

 S9       BY
    P19                1.000       0.000      0.000       1.000       1.000
    P29                1.000       0.000      0.000       1.000       1.000

 S10      BY
    P110               1.000       0.000      0.000       1.000       1.000
    P210               1.000       0.000      0.000       1.000       1.000

 S1       WITH
    S2                 0.000       0.000      1.000       0.000       0.000
    S3                 0.000       0.000      1.000       0.000       0.000
    S4                 0.000       0.000      1.000       0.000       0.000
    S5                 0.000       0.000      1.000       0.000       0.000
    S6                 0.000       0.000      1.000       0.000       0.000
    S7                 0.000       0.000      1.000       0.000       0.000
    S8                 0.000       0.000      1.000       0.000       0.000
    S9                 0.000       0.000      1.000       0.000       0.000
    S10                0.000       0.000      1.000       0.000       0.000
    T1                 0.000       0.000      1.000       0.000       0.000

 S2       WITH
    S3                 0.000       0.000      1.000       0.000       0.000
    S4                 0.000       0.000      1.000       0.000       0.000
    S5                 0.000       0.000      1.000       0.000       0.000
    S6                 0.000       0.000      1.000       0.000       0.000
    S7                 0.000       0.000      1.000       0.000       0.000
    S8                 0.000       0.000      1.000       0.000       0.000
    S9                 0.000       0.000      1.000       0.000       0.000
    S10                0.000       0.000      1.000       0.000       0.000
    T1                 0.000       0.000      1.000       0.000       0.000

 S3       WITH
    S4                 0.000       0.000      1.000       0.000       0.000
    S5                 0.000       0.000      1.000       0.000       0.000
    S6                 0.000       0.000      1.000       0.000       0.000
    S7                 0.000       0.000      1.000       0.000       0.000
    S8                 0.000       0.000      1.000       0.000       0.000
    S9                 0.000       0.000      1.000       0.000       0.000
    S10                0.000       0.000      1.000       0.000       0.000
    T1                 0.000       0.000      1.000       0.000       0.000

 S4       WITH
    S5                 0.000       0.000      1.000       0.000       0.000
    S6                 0.000       0.000      1.000       0.000       0.000
    S7                 0.000       0.000      1.000       0.000       0.000
    S8                 0.000       0.000      1.000       0.000       0.000
    S9                 0.000       0.000      1.000       0.000       0.000
    S10                0.000       0.000      1.000       0.000       0.000
    T1                 0.000       0.000      1.000       0.000       0.000

 S5       WITH
    S6                 0.000       0.000      1.000       0.000       0.000
    S7                 0.000       0.000      1.000       0.000       0.000
    S8                 0.000       0.000      1.000       0.000       0.000
    S9                 0.000       0.000      1.000       0.000       0.000
    S10                0.000       0.000      1.000       0.000       0.000
    T1                 0.000       0.000      1.000       0.000       0.000

 S6       WITH
    S7                 0.000       0.000      1.000       0.000       0.000
    S8                 0.000       0.000      1.000       0.000       0.000
    S9                 0.000       0.000      1.000       0.000       0.000
    S10                0.000       0.000      1.000       0.000       0.000
    T1                 0.000       0.000      1.000       0.000       0.000

 S7       WITH
    S8                 0.000       0.000      1.000       0.000       0.000
    S9                 0.000       0.000      1.000       0.000       0.000
    S10                0.000       0.000      1.000       0.000       0.000
    T1                 0.000       0.000      1.000       0.000       0.000

 S8       WITH
    S9                 0.000       0.000      1.000       0.000       0.000
    S10                0.000       0.000      1.000       0.000       0.000
    T1                 0.000       0.000      1.000       0.000       0.000

 S9       WITH
    S10                0.000       0.000      1.000       0.000       0.000
    T1                 0.000       0.000      1.000       0.000       0.000

 S10      WITH
    T1                 0.000       0.000      1.000       0.000       0.000

 Means
    T1                 0.000       0.000      1.000       0.000       0.000
    S1                 0.000       0.000      1.000       0.000       0.000
    S2                 0.000       0.000      1.000       0.000       0.000
    S3                 0.000       0.000      1.000       0.000       0.000
    S4                 0.000       0.000      1.000       0.000       0.000
    S5                 0.000       0.000      1.000       0.000       0.000
    S6                 0.000       0.000      1.000       0.000       0.000
    S7                 0.000       0.000      1.000       0.000       0.000
    S8                 0.000       0.000      1.000       0.000       0.000
    S9                 0.000       0.000      1.000       0.000       0.000
    S10                0.000       0.000      1.000       0.000       0.000

 Thresholds
    P11$1             -1.109       0.000      0.000      -1.109      -1.109
    P11$2             -0.204       0.000      0.000      -0.204      -0.204
    P11$3              0.404       0.000      0.000       0.404       0.404
    P11$4              1.074       0.000      0.000       1.074       1.074      *
    P21$1             -0.732       0.278      0.004      -1.278      -0.190      *
    P21$2              0.343       0.262      0.089      -0.168       0.866
    P21$3              1.407       0.357      0.000       0.748       2.151      *
    P12$1             -1.109       0.000      0.000      -1.109      -1.109
    P12$2             -0.204       0.000      0.000      -0.204      -0.204
    P12$3              0.404       0.000      0.000       0.404       0.404
    P12$4              1.074       0.000      0.000       1.074       1.074      *
    P22$1             -1.109       0.000      0.000      -1.109      -1.109
    P22$2             -0.204       0.000      0.000      -0.204      -0.204
    P22$3              0.404       0.000      0.000       0.404       0.404
    P22$4              1.074       0.000      0.000       1.074       1.074      *
    P13$1             -1.109       0.000      0.000      -1.109      -1.109
    P13$2             -0.204       0.000      0.000      -0.204      -0.204
    P13$3              0.404       0.000      0.000       0.404       0.404
    P13$4              1.074       0.000      0.000       1.074       1.074      *
    P23$1             -1.109       0.000      0.000      -1.109      -1.109
    P23$2             -0.204       0.000      0.000      -0.204      -0.204
    P23$3              0.404       0.000      0.000       0.404       0.404
    P23$4              1.074       0.000      0.000       1.074       1.074      *
    P14$1             -1.250       0.336      0.000      -1.926      -0.630      *
    P14$2             -0.298       0.292      0.153      -0.876       0.258
    P14$3              0.449       0.301      0.065      -0.145       1.048
    P24$1             -1.109       0.000      0.000      -1.109      -1.109
    P24$2             -0.204       0.000      0.000      -0.204      -0.204
    P24$3              0.404       0.000      0.000       0.404       0.404
    P24$4              1.074       0.000      0.000       1.074       1.074      *
    P15$1             -1.109       0.000      0.000      -1.109      -1.109
    P15$2             -0.204       0.000      0.000      -0.204      -0.204
    P15$3              0.404       0.000      0.000       0.404       0.404
    P15$4              1.074       0.000      0.000       1.074       1.074      *
    P25$1             -1.109       0.000      0.000      -1.109      -1.109
    P25$2             -0.204       0.000      0.000      -0.204      -0.204
    P25$3              0.404       0.000      0.000       0.404       0.404
    P25$4              1.074       0.000      0.000       1.074       1.074      *
    P16$1             -1.109       0.000      0.000      -1.109      -1.109
    P16$2             -0.204       0.000      0.000      -0.204      -0.204
    P16$3              0.404       0.000      0.000       0.404       0.404
    P16$4              1.074       0.000      0.000       1.074       1.074      *
    P26$1             -1.109       0.000      0.000      -1.109      -1.109
    P26$2             -0.204       0.000      0.000      -0.204      -0.204
    P26$3              0.404       0.000      0.000       0.404       0.404
    P26$4              1.074       0.000      0.000       1.074       1.074      *
    P17$1             -1.109       0.000      0.000      -1.109      -1.109
    P17$2             -0.204       0.000      0.000      -0.204      -0.204
    P17$3              0.404       0.000      0.000       0.404       0.404
    P17$4              1.074       0.000      0.000       1.074       1.074      *
    P27$1             -1.109       0.000      0.000      -1.109      -1.109
    P27$2             -0.204       0.000      0.000      -0.204      -0.204
    P27$3              0.404       0.000      0.000       0.404       0.404
    P27$4              1.074       0.000      0.000       1.074       1.074      *
    P18$1             -1.109       0.000      0.000      -1.109      -1.109
    P18$2             -0.204       0.000      0.000      -0.204      -0.204
    P18$3              0.404       0.000      0.000       0.404       0.404
    P18$4              1.074       0.000      0.000       1.074       1.074      *
    P28$1             -1.109       0.000      0.000      -1.109      -1.109
    P28$2             -0.204       0.000      0.000      -0.204      -0.204
    P28$3              0.404       0.000      0.000       0.404       0.404
    P28$4              1.074       0.000      0.000       1.074       1.074      *
    P19$1             -1.109       0.000      0.000      -1.109      -1.109
    P19$2             -0.204       0.000      0.000      -0.204      -0.204
    P19$3              0.404       0.000      0.000       0.404       0.404
    P19$4              1.074       0.000      0.000       1.074       1.074      *
    P29$1             -0.411       0.250      0.048      -0.914       0.072
    P29$2              0.325       0.252      0.101      -0.167       0.816
    P29$3              1.307       0.297      0.000       0.759       1.921      *
    P110$1            -1.109       0.000      0.000      -1.109      -1.109
    P110$2            -0.204       0.000      0.000      -0.204      -0.204
    P110$3             0.404       0.000      0.000       0.404       0.404
    P110$4             1.074       0.000      0.000       1.074       1.074      *
    P210$1            -1.109       0.000      0.000      -1.109      -1.109
    P210$2            -0.204       0.000      0.000      -0.204      -0.204
    P210$3             0.404       0.000      0.000       0.404       0.404
    P210$4             1.074       0.000      0.000       1.074       1.074      *

 Variances
    T1                 0.356       0.114      0.000       0.200       0.641      *
    S1                 0.088       0.062      0.000       0.002       0.236      *
    S2                 0.088       0.062      0.000       0.002       0.236      *
    S3                 0.088       0.062      0.000       0.002       0.236      *
    S4                 0.088       0.062      0.000       0.002       0.236      *
    S5                 0.088       0.062      0.000       0.002       0.236      *
    S6                 0.088       0.062      0.000       0.002       0.236      *
    S7                 0.088       0.062      0.000       0.002       0.236      *
    S8                 0.088       0.062      0.000       0.002       0.236      *
    S9                 0.088       0.062      0.000       0.002       0.236      *
    S10                0.088       0.062      0.000       0.002       0.236      *

New/Additional Parameters
    CON                0.807       0.114      0.000       0.558       0.996      *
    OCC                0.193       0.114      0.000       0.004       0.442      *
    REL                0.311       0.059      0.000       0.205       0.435      *


STANDARDIZED MODEL RESULTS


STDYX Standardization

                                Posterior  One-Tailed         95% C.I.
                    Estimate       S.D.      P-Value   Lower 2.5%  Upper 2.5%  Significance
 T1       BY
    P11                0.496       0.056      0.000       0.390       0.609      *
    P21                0.496       0.056      0.000       0.390       0.609      *
    P12                0.496       0.056      0.000       0.390       0.609      *
    P22                0.496       0.056      0.000       0.390       0.609      *
    P13                0.496       0.056      0.000       0.390       0.609      *
    P23                0.496       0.056      0.000       0.390       0.609      *
    P14                0.496       0.056      0.000       0.390       0.609      *
    P24                0.496       0.056      0.000       0.390       0.609      *
    P15                0.496       0.056      0.000       0.390       0.609      *
    P25                0.496       0.056      0.000       0.390       0.609      *
    P16                0.496       0.056      0.000       0.390       0.609      *
    P26                0.496       0.056      0.000       0.390       0.609      *
    P17                0.496       0.056      0.000       0.390       0.609      *
    P27                0.496       0.056      0.000       0.390       0.609      *
    P18                0.496       0.056      0.000       0.390       0.609      *
    P28                0.496       0.056      0.000       0.390       0.609      *
    P19                0.496       0.056      0.000       0.390       0.609      *
    P29                0.496       0.056      0.000       0.390       0.609      *
    P110               0.496       0.056      0.000       0.390       0.609      *
    P210               0.496       0.056      0.000       0.390       0.609      *

 S1       BY
    P11                0.245       0.086      0.000       0.033       0.387      *
    P21                0.245       0.086      0.000       0.033       0.387      *

 S2       BY
    P12                0.245       0.086      0.000       0.033       0.387      *
    P22                0.245       0.086      0.000       0.033       0.387      *

 S3       BY
    P13                0.245       0.086      0.000       0.033       0.387      *
    P23                0.245       0.086      0.000       0.033       0.387      *

 S4       BY
    P14                0.245       0.086      0.000       0.033       0.387      *
    P24                0.245       0.086      0.000       0.033       0.387      *

 S5       BY
    P15                0.245       0.086      0.000       0.033       0.387      *
    P25                0.245       0.086      0.000       0.033       0.387      *

 S6       BY
    P16                0.245       0.086      0.000       0.033       0.387      *
    P26                0.245       0.086      0.000       0.033       0.387      *

 S7       BY
    P17                0.245       0.086      0.000       0.033       0.387      *
    P27                0.245       0.086      0.000       0.033       0.387      *

 S8       BY
    P18                0.245       0.086      0.000       0.033       0.387      *
    P28                0.245       0.086      0.000       0.033       0.387      *

 S9       BY
    P19                0.245       0.086      0.000       0.033       0.387      *
    P29                0.245       0.086      0.000       0.033       0.387      *

 S10      BY
    P110               0.245       0.086      0.000       0.033       0.387      *
    P210               0.245       0.086      0.000       0.033       0.387      *

 S1       WITH
    S2                 0.000       0.000      1.000       0.000       0.000
    S3                 0.000       0.000      1.000       0.000       0.000
    S4                 0.000       0.000      1.000       0.000       0.000
    S5                 0.000       0.000      1.000       0.000       0.000
    S6                 0.000       0.000      1.000       0.000       0.000
    S7                 0.000       0.000      1.000       0.000       0.000
    S8                 0.000       0.000      1.000       0.000       0.000
    S9                 0.000       0.000      1.000       0.000       0.000
    S10                0.000       0.000      1.000       0.000       0.000
    T1                 0.000       0.000      1.000       0.000       0.000

 S2       WITH
    S3                 0.000       0.000      1.000       0.000       0.000
    S4                 0.000       0.000      1.000       0.000       0.000
    S5                 0.000       0.000      1.000       0.000       0.000
    S6                 0.000       0.000      1.000       0.000       0.000
    S7                 0.000       0.000      1.000       0.000       0.000
    S8                 0.000       0.000      1.000       0.000       0.000
    S9                 0.000       0.000      1.000       0.000       0.000
    S10                0.000       0.000      1.000       0.000       0.000
    T1                 0.000       0.000      1.000       0.000       0.000

 S3       WITH
    S4                 0.000       0.000      1.000       0.000       0.000
    S5                 0.000       0.000      1.000       0.000       0.000
    S6                 0.000       0.000      1.000       0.000       0.000
    S7                 0.000       0.000      1.000       0.000       0.000
    S8                 0.000       0.000      1.000       0.000       0.000
    S9                 0.000       0.000      1.000       0.000       0.000
    S10                0.000       0.000      1.000       0.000       0.000
    T1                 0.000       0.000      1.000       0.000       0.000

 S4       WITH
    S5                 0.000       0.000      1.000       0.000       0.000
    S6                 0.000       0.000      1.000       0.000       0.000
    S7                 0.000       0.000      1.000       0.000       0.000
    S8                 0.000       0.000      1.000       0.000       0.000
    S9                 0.000       0.000      1.000       0.000       0.000
    S10                0.000       0.000      1.000       0.000       0.000
    T1                 0.000       0.000      1.000       0.000       0.000

 S5       WITH
    S6                 0.000       0.000      1.000       0.000       0.000
    S7                 0.000       0.000      1.000       0.000       0.000
    S8                 0.000       0.000      1.000       0.000       0.000
    S9                 0.000       0.000      1.000       0.000       0.000
    S10                0.000       0.000      1.000       0.000       0.000
    T1                 0.000       0.000      1.000       0.000       0.000

 S6       WITH
    S7                 0.000       0.000      1.000       0.000       0.000
    S8                 0.000       0.000      1.000       0.000       0.000
    S9                 0.000       0.000      1.000       0.000       0.000
    S10                0.000       0.000      1.000       0.000       0.000
    T1                 0.000       0.000      1.000       0.000       0.000

 S7       WITH
    S8                 0.000       0.000      1.000       0.000       0.000
    S9                 0.000       0.000      1.000       0.000       0.000
    S10                0.000       0.000      1.000       0.000       0.000
    T1                 0.000       0.000      1.000       0.000       0.000

 S8       WITH
    S9                 0.000       0.000      1.000       0.000       0.000
    S10                0.000       0.000      1.000       0.000       0.000
    T1                 0.000       0.000      1.000       0.000       0.000

 S9       WITH
    S10                0.000       0.000      1.000       0.000       0.000
    T1                 0.000       0.000      1.000       0.000       0.000

 S10      WITH
    T1                 0.000       0.000      1.000       0.000       0.000

 Means
    T1                 0.000       0.000      1.000       0.000       0.000
    S1                 0.000       0.000      1.000       0.000       0.000
    S2                 0.000       0.000      1.000       0.000       0.000
    S3                 0.000       0.000      1.000       0.000       0.000
    S4                 0.000       0.000      1.000       0.000       0.000
    S5                 0.000       0.000      1.000       0.000       0.000
    S6                 0.000       0.000      1.000       0.000       0.000
    S7                 0.000       0.000      1.000       0.000       0.000
    S8                 0.000       0.000      1.000       0.000       0.000
    S9                 0.000       0.000      1.000       0.000       0.000
    S10                0.000       0.000      1.000       0.000       0.000

 Thresholds
    P11$1             -0.921       0.040      0.000      -0.989      -0.834      *
    P11$2             -0.169       0.007      0.000      -0.181      -0.153      *
    P11$3              0.335       0.014      0.000       0.304       0.360      *
    P11$4              0.891       0.038      0.000       0.807       0.957      *
    P21$1             -0.603       0.229      0.004      -1.056      -0.157      *
    P21$2              0.284       0.218      0.089      -0.140       0.720
    P21$3              1.165       0.298      0.000       0.613       1.785      *
    P12$1             -0.921       0.040      0.000      -0.989      -0.834      *
    P12$2             -0.169       0.007      0.000      -0.181      -0.153      *
    P12$3              0.335       0.014      0.000       0.304       0.360      *
    P12$4              0.891       0.038      0.000       0.807       0.957      *
    P22$1             -0.921       0.040      0.000      -0.989      -0.834      *
    P22$2             -0.169       0.007      0.000      -0.181      -0.153      *
    P22$3              0.335       0.014      0.000       0.304       0.360      *
    P22$4              0.891       0.038      0.000       0.807       0.957      *
    P13$1             -0.921       0.040      0.000      -0.989      -0.834      *
    P13$2             -0.169       0.007      0.000      -0.181      -0.153      *
    P13$3              0.335       0.014      0.000       0.304       0.360      *
    P13$4              0.891       0.038      0.000       0.807       0.957      *
    P23$1             -0.921       0.040      0.000      -0.989      -0.834      *
    P23$2             -0.169       0.007      0.000      -0.181      -0.153      *
    P23$3              0.335       0.014      0.000       0.304       0.360      *
    P23$4              0.891       0.038      0.000       0.807       0.957      *
    P14$1             -1.035       0.277      0.000      -1.591      -0.522      *
    P14$2             -0.248       0.241      0.153      -0.720       0.217
    P14$3              0.371       0.250      0.065      -0.119       0.872
    P24$1             -0.921       0.040      0.000      -0.989      -0.834      *
    P24$2             -0.169       0.007      0.000      -0.181      -0.153      *
    P24$3              0.335       0.014      0.000       0.304       0.360      *
    P24$4              0.891       0.038      0.000       0.807       0.957      *
    P15$1             -0.921       0.040      0.000      -0.989      -0.834      *
    P15$2             -0.169       0.007      0.000      -0.181      -0.153      *
    P15$3              0.335       0.014      0.000       0.304       0.360      *
    P15$4              0.891       0.038      0.000       0.807       0.957      *
    P25$1             -0.921       0.040      0.000      -0.989      -0.834      *
    P25$2             -0.169       0.007      0.000      -0.181      -0.153      *
    P25$3              0.335       0.014      0.000       0.304       0.360      *
    P25$4              0.891       0.038      0.000       0.807       0.957      *
    P16$1             -0.921       0.040      0.000      -0.989      -0.834      *
    P16$2             -0.169       0.007      0.000      -0.181      -0.153      *
    P16$3              0.335       0.014      0.000       0.304       0.360      *
    P16$4              0.891       0.038      0.000       0.807       0.957      *
    P26$1             -0.921       0.040      0.000      -0.989      -0.834      *
    P26$2             -0.169       0.007      0.000      -0.181      -0.153      *
    P26$3              0.335       0.014      0.000       0.304       0.360      *
    P26$4              0.891       0.038      0.000       0.807       0.957      *
    P17$1             -0.921       0.040      0.000      -0.989      -0.834      *
    P17$2             -0.169       0.007      0.000      -0.181      -0.153      *
    P17$3              0.335       0.014      0.000       0.304       0.360      *
    P17$4              0.891       0.038      0.000       0.807       0.957      *
    P27$1             -0.921       0.040      0.000      -0.989      -0.834      *
    P27$2             -0.169       0.007      0.000      -0.181      -0.153      *
    P27$3              0.335       0.014      0.000       0.304       0.360      *
    P27$4              0.891       0.038      0.000       0.807       0.957      *
    P18$1             -0.921       0.040      0.000      -0.989      -0.834      *
    P18$2             -0.169       0.007      0.000      -0.181      -0.153      *
    P18$3              0.335       0.014      0.000       0.304       0.360      *
    P18$4              0.891       0.038      0.000       0.807       0.957      *
    P28$1             -0.921       0.040      0.000      -0.989      -0.834      *
    P28$2             -0.169       0.007      0.000      -0.181      -0.153      *
    P28$3              0.335       0.014      0.000       0.304       0.360      *
    P28$4              0.891       0.038      0.000       0.807       0.957      *
    P19$1             -0.921       0.040      0.000      -0.989      -0.834      *
    P19$2             -0.169       0.007      0.000      -0.181      -0.153      *
    P19$3              0.335       0.014      0.000       0.304       0.360      *
    P19$4              0.891       0.038      0.000       0.807       0.957      *
    P29$1             -0.340       0.208      0.048      -0.756       0.059
    P29$2              0.270       0.208      0.101      -0.137       0.676
    P29$3              1.081       0.244      0.000       0.632       1.585      *
    P110$1            -0.921       0.040      0.000      -0.989      -0.834      *
    P110$2            -0.169       0.007      0.000      -0.181      -0.153      *
    P110$3             0.335       0.014      0.000       0.304       0.360      *
    P110$4             0.891       0.038      0.000       0.807       0.957      *
    P210$1            -0.921       0.040      0.000      -0.989      -0.834      *
    P210$2            -0.169       0.007      0.000      -0.181      -0.153      *
    P210$3             0.335       0.014      0.000       0.304       0.360      *
    P210$4             0.891       0.038      0.000       0.807       0.957      *

 Variances
    T1                 1.000       0.000      0.000       1.000       1.000
    S1                 1.000       0.000      0.000       1.000       1.000
    S2                 1.000       0.000      0.000       1.000       1.000
    S3                 1.000       0.000      0.000       1.000       1.000
    S4                 1.000       0.000      0.000       1.000       1.000
    S5                 1.000       0.000      0.000       1.000       1.000
    S6                 1.000       0.000      0.000       1.000       1.000
    S7                 1.000       0.000      0.000       1.000       1.000
    S8                 1.000       0.000      0.000       1.000       1.000
    S9                 1.000       0.000      0.000       1.000       1.000
    S10                1.000       0.000      0.000       1.000       1.000


R-SQUARE

                                Posterior  One-Tailed         95% C.I.
    Variable        Estimate       S.D.      P-Value   Lower 2.5%  Upper 2.5%

    P11                0.311       0.059      0.000       0.205       0.435
    P21                0.311       0.059      0.000       0.205       0.435
    P12                0.311       0.059      0.000       0.205       0.435
    P22                0.311       0.059      0.000       0.205       0.435
    P13                0.311       0.059      0.000       0.205       0.435
    P23                0.311       0.059      0.000       0.205       0.435
    P14                0.311       0.059      0.000       0.205       0.435
    P24                0.311       0.059      0.000       0.205       0.435
    P15                0.311       0.059      0.000       0.205       0.435
    P25                0.311       0.059      0.000       0.205       0.435
    P16                0.311       0.059      0.000       0.205       0.435
    P26                0.311       0.059      0.000       0.205       0.435
    P17                0.311       0.059      0.000       0.205       0.435
    P27                0.311       0.059      0.000       0.205       0.435
    P18                0.311       0.059      0.000       0.205       0.435
    P28                0.311       0.059      0.000       0.205       0.435
    P19                0.311       0.059      0.000       0.205       0.435
    P29                0.311       0.059      0.000       0.205       0.435
    P110               0.311       0.059      0.000       0.205       0.435
    P210               0.311       0.059      0.000       0.205       0.435


TECHNICAL 1 OUTPUT


     PARAMETER SPECIFICATION


           TAU
              P11$1         P11$2         P11$3         P11$4         P21$1
              ________      ________      ________      ________      ________
                    3             4             5             6             7


           TAU
              P21$2         P21$3         P12$1         P12$2         P12$3
              ________      ________      ________      ________      ________
                    8             9             3             4             5


           TAU
              P12$4         P22$1         P22$2         P22$3         P22$4
              ________      ________      ________      ________      ________
                    6             3             4             5             6


           TAU
              P13$1         P13$2         P13$3         P13$4         P23$1
              ________      ________      ________      ________      ________
                    3             4             5             6             3


           TAU
              P23$2         P23$3         P23$4         P14$1         P14$2
              ________      ________      ________      ________      ________
                    4             5             6            10            11


           TAU
              P14$3         P24$1         P24$2         P24$3         P24$4
              ________      ________      ________      ________      ________
                   12             3             4             5             6


           TAU
              P15$1         P15$2         P15$3         P15$4         P25$1
              ________      ________      ________      ________      ________
                    3             4             5             6             3


           TAU
              P25$2         P25$3         P25$4         P16$1         P16$2
              ________      ________      ________      ________      ________
                    4             5             6             3             4


           TAU
              P16$3         P16$4         P26$1         P26$2         P26$3
              ________      ________      ________      ________      ________
                    5             6             3             4             5


           TAU
              P26$4         P17$1         P17$2         P17$3         P17$4
              ________      ________      ________      ________      ________
                    6             3             4             5             6


           TAU
              P27$1         P27$2         P27$3         P27$4         P18$1
              ________      ________      ________      ________      ________
                    3             4             5             6             3


           TAU
              P18$2         P18$3         P18$4         P28$1         P28$2
              ________      ________      ________      ________      ________
                    4             5             6             3             4


           TAU
              P28$3         P28$4         P19$1         P19$2         P19$3
              ________      ________      ________      ________      ________
                    5             6             3             4             5


           TAU
              P19$4         P29$1         P29$2         P29$3         P110$1
              ________      ________      ________      ________      ________
                    6            13            14            15             3


           TAU
              P110$2        P110$3        P110$4        P210$1        P210$2
              ________      ________      ________      ________      ________
                    4             5             6             3             4


           TAU
              P210$3        P210$4
              ________      ________
                    5             6


           NU
              P11           P21           P12           P22           P13
              ________      ________      ________      ________      ________
                    0             0             0             0             0


           NU
              P23           P14           P24           P15           P25
              ________      ________      ________      ________      ________
                    0             0             0             0             0


           NU
              P16           P26           P17           P27           P18
              ________      ________      ________      ________      ________
                    0             0             0             0             0


           NU
              P28           P19           P29           P110          P210
              ________      ________      ________      ________      ________
                    0             0             0             0             0


           LAMBDA
              T1            S1            S2            S3            S4
              ________      ________      ________      ________      ________
 P11                0             0             0             0             0
 P21                0             0             0             0             0
 P12                0             0             0             0             0
 P22                0             0             0             0             0
 P13                0             0             0             0             0
 P23                0             0             0             0             0
 P14                0             0             0             0             0
 P24                0             0             0             0             0
 P15                0             0             0             0             0
 P25                0             0             0             0             0
 P16                0             0             0             0             0
 P26                0             0             0             0             0
 P17                0             0             0             0             0
 P27                0             0             0             0             0
 P18                0             0             0             0             0
 P28                0             0             0             0             0
 P19                0             0             0             0             0
 P29                0             0             0             0             0
 P110               0             0             0             0             0
 P210               0             0             0             0             0


           LAMBDA
              S5            S6            S7            S8            S9
              ________      ________      ________      ________      ________
 P11                0             0             0             0             0
 P21                0             0             0             0             0
 P12                0             0             0             0             0
 P22                0             0             0             0             0
 P13                0             0             0             0             0
 P23                0             0             0             0             0
 P14                0             0             0             0             0
 P24                0             0             0             0             0
 P15                0             0             0             0             0
 P25                0             0             0             0             0
 P16                0             0             0             0             0
 P26                0             0             0             0             0
 P17                0             0             0             0             0
 P27                0             0             0             0             0
 P18                0             0             0             0             0
 P28                0             0             0             0             0
 P19                0             0             0             0             0
 P29                0             0             0             0             0
 P110               0             0             0             0             0
 P210               0             0             0             0             0


           LAMBDA
              S10
              ________
 P11                0
 P21                0
 P12                0
 P22                0
 P13                0
 P23                0
 P14                0
 P24                0
 P15                0
 P25                0
 P16                0
 P26                0
 P17                0
 P27                0
 P18                0
 P28                0
 P19                0
 P29                0
 P110               0
 P210               0


           THETA
              P11           P21           P12           P22           P13
              ________      ________      ________      ________      ________
 P11                0
 P21                0             0
 P12                0             0             0
 P22                0             0             0             0
 P13                0             0             0             0             0
 P23                0             0             0             0             0
 P14                0             0             0             0             0
 P24                0             0             0             0             0
 P15                0             0             0             0             0
 P25                0             0             0             0             0
 P16                0             0             0             0             0
 P26                0             0             0             0             0
 P17                0             0             0             0             0
 P27                0             0             0             0             0
 P18                0             0             0             0             0
 P28                0             0             0             0             0
 P19                0             0             0             0             0
 P29                0             0             0             0             0
 P110               0             0             0             0             0
 P210               0             0             0             0             0


           THETA
              P23           P14           P24           P15           P25
              ________      ________      ________      ________      ________
 P23                0
 P14                0             0
 P24                0             0             0
 P15                0             0             0             0
 P25                0             0             0             0             0
 P16                0             0             0             0             0
 P26                0             0             0             0             0
 P17                0             0             0             0             0
 P27                0             0             0             0             0
 P18                0             0             0             0             0
 P28                0             0             0             0             0
 P19                0             0             0             0             0
 P29                0             0             0             0             0
 P110               0             0             0             0             0
 P210               0             0             0             0             0


           THETA
              P16           P26           P17           P27           P18
              ________      ________      ________      ________      ________
 P16                0
 P26                0             0
 P17                0             0             0
 P27                0             0             0             0
 P18                0             0             0             0             0
 P28                0             0             0             0             0
 P19                0             0             0             0             0
 P29                0             0             0             0             0
 P110               0             0             0             0             0
 P210               0             0             0             0             0


           THETA
              P28           P19           P29           P110          P210
              ________      ________      ________      ________      ________
 P28                0
 P19                0             0
 P29                0             0             0
 P110               0             0             0             0
 P210               0             0             0             0             0


           ALPHA
              T1            S1            S2            S3            S4
              ________      ________      ________      ________      ________
                    0             0             0             0             0


           ALPHA
              S5            S6            S7            S8            S9
              ________      ________      ________      ________      ________
                    0             0             0             0             0


           ALPHA
              S10
              ________
                    0


           BETA
              T1            S1            S2            S3            S4
              ________      ________      ________      ________      ________
 T1                 0             0             0             0             0
 S1                 0             0             0             0             0
 S2                 0             0             0             0             0
 S3                 0             0             0             0             0
 S4                 0             0             0             0             0
 S5                 0             0             0             0             0
 S6                 0             0             0             0             0
 S7                 0             0             0             0             0
 S8                 0             0             0             0             0
 S9                 0             0             0             0             0
 S10                0             0             0             0             0


           BETA
              S5            S6            S7            S8            S9
              ________      ________      ________      ________      ________
 T1                 0             0             0             0             0
 S1                 0             0             0             0             0
 S2                 0             0             0             0             0
 S3                 0             0             0             0             0
 S4                 0             0             0             0             0
 S5                 0             0             0             0             0
 S6                 0             0             0             0             0
 S7                 0             0             0             0             0
 S8                 0             0             0             0             0
 S9                 0             0             0             0             0
 S10                0             0             0             0             0


           BETA
              S10
              ________
 T1                 0
 S1                 0
 S2                 0
 S3                 0
 S4                 0
 S5                 0
 S6                 0
 S7                 0
 S8                 0
 S9                 0
 S10                0


           PSI
              T1            S1            S2            S3            S4
              ________      ________      ________      ________      ________
 T1                 1
 S1                 0             2
 S2                 0             0             2
 S3                 0             0             0             2
 S4                 0             0             0             0             2
 S5                 0             0             0             0             0
 S6                 0             0             0             0             0
 S7                 0             0             0             0             0
 S8                 0             0             0             0             0
 S9                 0             0             0             0             0
 S10                0             0             0             0             0


           PSI
              S5            S6            S7            S8            S9
              ________      ________      ________      ________      ________
 S5                 2
 S6                 0             2
 S7                 0             0             2
 S8                 0             0             0             2
 S9                 0             0             0             0             2
 S10                0             0             0             0             0


           PSI
              S10
              ________
 S10                2


     PARAMETER SPECIFICATION FOR THE ADDITIONAL PARAMETERS


           NEW/ADDITIONAL PARAMETERS
              CON           OCC           REL
              ________      ________      ________
                   16            17            18


     STARTING VALUES


           TAU
              P11$1         P11$2         P11$3         P11$4         P21$1
              ________      ________      ________      ________      ________
               -1.000        -0.500         0.200         1.500        -0.509


           TAU
              P21$2         P21$3         P12$1         P12$2         P12$3
              ________      ________      ________      ________      ________
                0.327         1.178        -1.109        -0.204         0.404


           TAU
              P12$4         P22$1         P22$2         P22$3         P22$4
              ________      ________      ________      ________      ________
                1.074        -1.109        -0.204         0.404         1.074


           TAU
              P13$1         P13$2         P13$3         P13$4         P23$1
              ________      ________      ________      ________      ________
               -1.109        -0.204         0.404         1.074        -1.109


           TAU
              P23$2         P23$3         P23$4         P14$1         P14$2
              ________      ________      ________      ________      ________
               -0.204         0.404         1.074        -0.866        -0.146


           TAU
              P14$3         P24$1         P24$2         P24$3         P24$4
              ________      ________      ________      ________      ________
                0.349        -1.109        -0.204         0.404         1.074


           TAU
              P15$1         P15$2         P15$3         P15$4         P25$1
              ________      ________      ________      ________      ________
               -1.109        -0.204         0.404         1.074        -1.109


           TAU
              P25$2         P25$3         P25$4         P16$1         P16$2
              ________      ________      ________      ________      ________
               -0.204         0.404         1.074        -1.109        -0.204


           TAU
              P16$3         P16$4         P26$1         P26$2         P26$3
              ________      ________      ________      ________      ________
                0.404         1.074        -1.109        -0.204         0.404


           TAU
              P26$4         P17$1         P17$2         P17$3         P17$4
              ________      ________      ________      ________      ________
                1.074        -1.109        -0.204         0.404         1.074


           TAU
              P27$1         P27$2         P27$3         P27$4         P18$1
              ________      ________      ________      ________      ________
               -1.109        -0.204         0.404         1.074        -1.109


           TAU
              P18$2         P18$3         P18$4         P28$1         P28$2
              ________      ________      ________      ________      ________
               -0.204         0.404         1.074        -1.109        -0.204


           TAU
              P28$3         P28$4         P19$1         P19$2         P19$3
              ________      ________      ________      ________      ________
                0.404         1.074        -1.109        -0.204         0.404


           TAU
              P19$4         P29$1         P29$2         P29$3         P110$1
              ________      ________      ________      ________      ________
                1.074        -0.311         0.170         0.836        -1.109


           TAU
              P110$2        P110$3        P110$4        P210$1        P210$2
              ________      ________      ________      ________      ________
               -0.204         0.404         1.074        -1.109        -0.204


           TAU
              P210$3        P210$4
              ________      ________
                0.404         1.074


           NU
              P11           P21           P12           P22           P13
              ________      ________      ________      ________      ________
                0.000         0.000         0.000         0.000         0.000


           NU
              P23           P14           P24           P15           P25
              ________      ________      ________      ________      ________
                0.000         0.000         0.000         0.000         0.000


           NU
              P16           P26           P17           P27           P18
              ________      ________      ________      ________      ________
                0.000         0.000         0.000         0.000         0.000


           NU
              P28           P19           P29           P110          P210
              ________      ________      ________      ________      ________
                0.000         0.000         0.000         0.000         0.000


           LAMBDA
              T1            S1            S2            S3            S4
              ________      ________      ________      ________      ________
 P11            1.000         1.000         0.000         0.000         0.000
 P21            1.000         1.000         0.000         0.000         0.000
 P12            1.000         0.000         1.000         0.000         0.000
 P22            1.000         0.000         1.000         0.000         0.000
 P13            1.000         0.000         0.000         1.000         0.000
 P23            1.000         0.000         0.000         1.000         0.000
 P14            1.000         0.000         0.000         0.000         1.000
 P24            1.000         0.000         0.000         0.000         1.000
 P15            1.000         0.000         0.000         0.000         0.000
 P25            1.000         0.000         0.000         0.000         0.000
 P16            1.000         0.000         0.000         0.000         0.000
 P26            1.000         0.000         0.000         0.000         0.000
 P17            1.000         0.000         0.000         0.000         0.000
 P27            1.000         0.000         0.000         0.000         0.000
 P18            1.000         0.000         0.000         0.000         0.000
 P28            1.000         0.000         0.000         0.000         0.000
 P19            1.000         0.000         0.000         0.000         0.000
 P29            1.000         0.000         0.000         0.000         0.000
 P110           1.000         0.000         0.000         0.000         0.000
 P210           1.000         0.000         0.000         0.000         0.000


           LAMBDA
              S5            S6            S7            S8            S9
              ________      ________      ________      ________      ________
 P11            0.000         0.000         0.000         0.000         0.000
 P21            0.000         0.000         0.000         0.000         0.000
 P12            0.000         0.000         0.000         0.000         0.000
 P22            0.000         0.000         0.000         0.000         0.000
 P13            0.000         0.000         0.000         0.000         0.000
 P23            0.000         0.000         0.000         0.000         0.000
 P14            0.000         0.000         0.000         0.000         0.000
 P24            0.000         0.000         0.000         0.000         0.000
 P15            1.000         0.000         0.000         0.000         0.000
 P25            1.000         0.000         0.000         0.000         0.000
 P16            0.000         1.000         0.000         0.000         0.000
 P26            0.000         1.000         0.000         0.000         0.000
 P17            0.000         0.000         1.000         0.000         0.000
 P27            0.000         0.000         1.000         0.000         0.000
 P18            0.000         0.000         0.000         1.000         0.000
 P28            0.000         0.000         0.000         1.000         0.000
 P19            0.000         0.000         0.000         0.000         1.000
 P29            0.000         0.000         0.000         0.000         1.000
 P110           0.000         0.000         0.000         0.000         0.000
 P210           0.000         0.000         0.000         0.000         0.000


           LAMBDA
              S10
              ________
 P11            0.000
 P21            0.000
 P12            0.000
 P22            0.000
 P13            0.000
 P23            0.000
 P14            0.000
 P24            0.000
 P15            0.000
 P25            0.000
 P16            0.000
 P26            0.000
 P17            0.000
 P27            0.000
 P18            0.000
 P28            0.000
 P19            0.000
 P29            0.000
 P110           1.000
 P210           1.000


           THETA
              P11           P21           P12           P22           P13
              ________      ________      ________      ________      ________
 P11            1.000
 P21            0.000         1.000
 P12            0.000         0.000         1.000
 P22            0.000         0.000         0.000         1.000
 P13            0.000         0.000         0.000         0.000         1.000
 P23            0.000         0.000         0.000         0.000         0.000
 P14            0.000         0.000         0.000         0.000         0.000
 P24            0.000         0.000         0.000         0.000         0.000
 P15            0.000         0.000         0.000         0.000         0.000
 P25            0.000         0.000         0.000         0.000         0.000
 P16            0.000         0.000         0.000         0.000         0.000
 P26            0.000         0.000         0.000         0.000         0.000
 P17            0.000         0.000         0.000         0.000         0.000
 P27            0.000         0.000         0.000         0.000         0.000
 P18            0.000         0.000         0.000         0.000         0.000
 P28            0.000         0.000         0.000         0.000         0.000
 P19            0.000         0.000         0.000         0.000         0.000
 P29            0.000         0.000         0.000         0.000         0.000
 P110           0.000         0.000         0.000         0.000         0.000
 P210           0.000         0.000         0.000         0.000         0.000


           THETA
              P23           P14           P24           P15           P25
              ________      ________      ________      ________      ________
 P23            1.000
 P14            0.000         1.000
 P24            0.000         0.000         1.000
 P15            0.000         0.000         0.000         1.000
 P25            0.000         0.000         0.000         0.000         1.000
 P16            0.000         0.000         0.000         0.000         0.000
 P26            0.000         0.000         0.000         0.000         0.000
 P17            0.000         0.000         0.000         0.000         0.000
 P27            0.000         0.000         0.000         0.000         0.000
 P18            0.000         0.000         0.000         0.000         0.000
 P28            0.000         0.000         0.000         0.000         0.000
 P19            0.000         0.000         0.000         0.000         0.000
 P29            0.000         0.000         0.000         0.000         0.000
 P110           0.000         0.000         0.000         0.000         0.000
 P210           0.000         0.000         0.000         0.000         0.000


           THETA
              P16           P26           P17           P27           P18
              ________      ________      ________      ________      ________
 P16            1.000
 P26            0.000         1.000
 P17            0.000         0.000         1.000
 P27            0.000         0.000         0.000         1.000
 P18            0.000         0.000         0.000         0.000         1.000
 P28            0.000         0.000         0.000         0.000         0.000
 P19            0.000         0.000         0.000         0.000         0.000
 P29            0.000         0.000         0.000         0.000         0.000
 P110           0.000         0.000         0.000         0.000         0.000
 P210           0.000         0.000         0.000         0.000         0.000


           THETA
              P28           P19           P29           P110          P210
              ________      ________      ________      ________      ________
 P28            1.000
 P19            0.000         1.000
 P29            0.000         0.000         1.000
 P110           0.000         0.000         0.000         1.000
 P210           0.000         0.000         0.000         0.000         1.000


           ALPHA
              T1            S1            S2            S3            S4
              ________      ________      ________      ________      ________
                0.000         0.000         0.000         0.000         0.000


           ALPHA
              S5            S6            S7            S8            S9
              ________      ________      ________      ________      ________
                0.000         0.000         0.000         0.000         0.000


           ALPHA
              S10
              ________
                0.000


           BETA
              T1            S1            S2            S3            S4
              ________      ________      ________      ________      ________
 T1             0.000         0.000         0.000         0.000         0.000
 S1             0.000         0.000         0.000         0.000         0.000
 S2             0.000         0.000         0.000         0.000         0.000
 S3             0.000         0.000         0.000         0.000         0.000
 S4             0.000         0.000         0.000         0.000         0.000
 S5             0.000         0.000         0.000         0.000         0.000
 S6             0.000         0.000         0.000         0.000         0.000
 S7             0.000         0.000         0.000         0.000         0.000
 S8             0.000         0.000         0.000         0.000         0.000
 S9             0.000         0.000         0.000         0.000         0.000
 S10            0.000         0.000         0.000         0.000         0.000


           BETA
              S5            S6            S7            S8            S9
              ________      ________      ________      ________      ________
 T1             0.000         0.000         0.000         0.000         0.000
 S1             0.000         0.000         0.000         0.000         0.000
 S2             0.000         0.000         0.000         0.000         0.000
 S3             0.000         0.000         0.000         0.000         0.000
 S4             0.000         0.000         0.000         0.000         0.000
 S5             0.000         0.000         0.000         0.000         0.000
 S6             0.000         0.000         0.000         0.000         0.000
 S7             0.000         0.000         0.000         0.000         0.000
 S8             0.000         0.000         0.000         0.000         0.000
 S9             0.000         0.000         0.000         0.000         0.000
 S10            0.000         0.000         0.000         0.000         0.000


           BETA
              S10
              ________
 T1             0.000
 S1             0.000
 S2             0.000
 S3             0.000
 S4             0.000
 S5             0.000
 S6             0.000
 S7             0.000
 S8             0.000
 S9             0.000
 S10            0.000


           PSI
              T1            S1            S2            S3            S4
              ________      ________      ________      ________      ________
 T1             1.000
 S1             0.000         1.000
 S2             0.000         0.000         1.000
 S3             0.000         0.000         0.000         1.000
 S4             0.000         0.000         0.000         0.000         1.000
 S5             0.000         0.000         0.000         0.000         0.000
 S6             0.000         0.000         0.000         0.000         0.000
 S7             0.000         0.000         0.000         0.000         0.000
 S8             0.000         0.000         0.000         0.000         0.000
 S9             0.000         0.000         0.000         0.000         0.000
 S10            0.000         0.000         0.000         0.000         0.000


           PSI
              S5            S6            S7            S8            S9
              ________      ________      ________      ________      ________
 S5             1.000
 S6             0.000         1.000
 S7             0.000         0.000         1.000
 S8             0.000         0.000         0.000         1.000
 S9             0.000         0.000         0.000         0.000         1.000
 S10            0.000         0.000         0.000         0.000         0.000


           PSI
              S10
              ________
 S10            1.000


     STARTING VALUES FOR THE ADDITIONAL PARAMETERS


           NEW/ADDITIONAL PARAMETERS
              CON           OCC           REL
              ________      ________      ________
                0.500         0.500         0.500



     PRIORS FOR ALL PARAMETERS            PRIOR MEAN      PRIOR VARIANCE     PRIOR STD. DEV.

     Parameter 1~IG(-1.000,0.000)          infinity            infinity            infinity
     Parameter 2~IG(-1.000,0.000)          infinity            infinity            infinity
     Parameter 3~N(0.000,5.000)              0.0000              5.0000              2.2361
     Parameter 4~N(0.000,5.000)              0.0000              5.0000              2.2361
     Parameter 5~N(0.000,5.000)              0.0000              5.0000              2.2361
     Parameter 6~N(0.000,5.000)              0.0000              5.0000              2.2361
     Parameter 7~N(0.000,5.000)              0.0000              5.0000              2.2361
     Parameter 8~N(0.000,5.000)              0.0000              5.0000              2.2361
     Parameter 9~N(0.000,5.000)              0.0000              5.0000              2.2361
     Parameter 10~N(0.000,5.000)             0.0000              5.0000              2.2361
     Parameter 11~N(0.000,5.000)             0.0000              5.0000              2.2361
     Parameter 12~N(0.000,5.000)             0.0000              5.0000              2.2361
     Parameter 13~N(0.000,5.000)             0.0000              5.0000              2.2361
     Parameter 14~N(0.000,5.000)             0.0000              5.0000              2.2361
     Parameter 15~N(0.000,5.000)             0.0000              5.0000              2.2361


TECHNICAL 8 OUTPUT


   TECHNICAL 8 OUTPUT FOR BAYES ESTIMATION

     CHAIN    BSEED
     1        0
     2        285380

                     POTENTIAL       PARAMETER WITH
     ITERATION    SCALE REDUCTION      HIGHEST PSR
     100              1.131               10
     200              1.617               2
     300              1.373               2
     400              1.121               2
     500              1.083               2
     600              1.176               2
     700              1.085               2
     800              1.051               2
     900              1.005               8
     1000             1.010               8
     1100             1.002               8
     1200             1.002               14
     1300             1.004               14
     1400             1.005               12
     1500             1.007               14
     1600             1.005               14
     1700             1.010               2
     1800             1.013               2
     1900             1.006               14
     2000             1.004               14
     2100             1.006               2
     2200             1.028               2
     2300             1.043               2
     2400             1.051               2
     2500             1.055               2
     2600             1.042               2
     2700             1.023               2
     2800             1.016               2
     2900             1.011               2
     3000             1.020               2
     3100             1.018               2
     3200             1.026               2
     3300             1.019               2
     3400             1.014               2
     3500             1.004               2
     3600             1.001               15
     3700             1.002               15
     3800             1.001               11
     3900             1.001               11
     4000             1.002               11
     4100             1.002               11
     4200             1.001               11
     4300             1.001               15
     4400             1.001               11
     4500             1.001               11
     4600             1.002               11
     4700             1.002               11
     4800             1.003               11
     4900             1.003               11
     5000             1.001               11
     5100             1.003               2
     5200             1.004               2
     5300             1.004               2
     5400             1.004               2
     5500             1.003               2
     5600             1.002               2
     5700             1.001               2
     5800             1.002               2
     5900             1.003               2
     6000             1.004               2
     6100             1.004               2
     6200             1.003               2
     6300             1.004               2
     6400             1.006               2
     6500             1.006               2
     6600             1.006               2
     6700             1.006               2
     6800             1.005               2
     6900             1.005               2
     7000             1.003               2
     7100             1.001               2
     7200             1.002               2
     7300             1.003               2
     7400             1.005               2
     7500             1.006               2
     7600             1.006               2
     7700             1.006               2
     7800             1.006               2
     7900             1.008               2
     8000             1.006               2
     8100             1.003               2
     8200             1.001               2
     8300             1.001               2
     8400             1.001               2
     8500             1.001               2
     8600             1.003               2
     8700             1.003               2
     8800             1.003               2
     8900             1.005               2
     9000             1.004               2
     9100             1.006               2
     9200             1.008               2
     9300             1.010               2
     9400             1.009               2
     9500             1.010               2
     9600             1.010               2
     9700             1.011               2
     9800             1.009               2
     9900             1.007               2
     10000            1.004               2


PLOT INFORMATION

The following plots are available:

  Sample proportions and estimated probabilities
  Bayesian posterior parameter distributions
  Bayesian posterior parameter trace plots
  Bayesian autocorrelation plots
  Bayesian prior parameter distributions
  Bayesian posterior predictive checking scatterplots
  Bayesian posterior predictive checking distribution plots

     Beginning Time:  14:07:32
        Ending Time:  14:08:29
       Elapsed Time:  00:00:57



MUTHEN & MUTHEN
3463 Stoner Ave.
Los Angeles, CA  90066

Tel: (310) 391-9971
Fax: (310) 391-8971
Web: www.StatModel.com
Support: Support@StatModel.com

Copyright (c) 1998-2024 Muthen & Muthen
