Mplus VERSION 8.11 (Mac)
MUTHEN & MUTHEN
05/05/2025  12:38 PM

INPUT INSTRUCTIONS

  DATA:

  File is laac2_wide.dat;

  VARIABLE:

  NAMES =   subject task
  Y1_1    Y1_10   Y1_2    Y1_3    Y1_4    Y1_5    Y1_6
  Y1_7    Y1_8    Y1_9    Y10_1   Y10_10  Y10_2   Y10_3   Y10_4   Y10_5
  Y10_6   Y10_7   Y10_8   Y10_9   Y11_1   Y11_10  Y11_2   Y11_3   Y11_4
  Y11_5   Y11_6   Y11_7   Y11_8   Y11_9   Y12_1   Y12_10  Y12_2   Y12_3
  Y12_4   Y12_5   Y12_6   Y12_7   Y12_8   Y12_9   Y2_1    Y2_10   Y2_2
  Y2_3    Y2_4    Y2_5    Y2_6    Y2_7    Y2_8    Y2_9    Y3_1    Y3_10
  Y3_2    Y3_3    Y3_4    Y3_5    Y3_6    Y3_7    Y3_8    Y3_9    Y4_1
  Y4_10   Y4_2    Y4_3    Y4_4    Y4_5    Y4_6    Y4_7    Y4_8    Y4_9
  Y5_1    Y5_10   Y5_2    Y5_3    Y5_4    Y5_5    Y5_6    Y5_7    Y5_8
  Y5_9    Y6_1    Y6_10   Y6_2    Y6_3    Y6_4    Y6_5    Y6_6    Y6_7
  Y6_8    Y6_9    Y7_1    Y7_10   Y7_2    Y7_3    Y7_4    Y7_5    Y7_6
  Y7_7    Y7_8    Y7_9    Y8_1    Y8_10   Y8_2    Y8_3    Y8_4    Y8_5
  Y8_6    Y8_7    Y8_8    Y8_9    Y9_1    Y9_10   Y9_2    Y9_3    Y9_4
  Y9_5    Y9_6    Y9_7    Y9_8    Y9_9;


  USEVARIABLES =  P11 P21 P12 P22 P13 P23 P14 P24
  	       P15 P25 P16 P26 P17 P27 P18 P28 P19 P29
  	       P110 P210 ;
  	
  Categ =   P11 P21 P12 P22 P13 P23 P14 P24
  	       P15 P25 P16 P26 P17 P27 P18 P28 P19 P29
  	       P110 P210 ;
  	

  Missing = All(-99);	

  useobservations are (task EQ 1);

  ! "'attention'=1;'communication'=2;'reasoning'=3;'visible_food'=4;
  !'population'=5;'inhibit_searched'=6"

  DEFINE:
  P11 = Y1_1 + Y3_1 + Y5_1 + Y7_1 + Y9_1 + Y11_1;
  P21 =  Y2_1 + Y4_1 + Y6_1 + Y8_1 + Y10_1 + Y12_1;

  P12 =  Y1_2 + Y3_2 + Y5_2 + Y7_2 + Y9_2 + Y11_2;
  P22 =  Y2_2 + Y4_2 + Y6_2 + Y8_2 + Y10_2 + Y12_2;

  P13 =  Y1_3 + Y3_3 + Y5_3 + Y7_3 + Y9_3 + Y11_3;
  P23 =  Y2_3 + Y4_3 + Y6_3 + Y8_3 + Y10_3 + Y12_3;

  P14 =  Y1_4 + Y3_4 + Y5_4 + Y7_4 + Y9_4 + Y11_4;
  P24 =  Y2_4 + Y4_4 + Y6_4 + Y8_4 + Y10_4 + Y12_4;

  P15 =  Y1_5 + Y3_5 + Y5_5 + Y7_5 + Y9_5 + Y11_5;
  P25 =  Y2_5 + Y4_5 + Y6_5 + Y8_5 + Y10_5 + Y12_5;

  P16 =  Y1_6 + Y3_6 + Y5_6 + Y7_6 + Y9_6 + Y11_6;
  P26 =  Y2_6 + Y4_6 + Y6_6 + Y8_6 + Y10_6 + Y12_6;

  P17 =  Y1_7 + Y3_7 + Y5_7 + Y7_7 + Y9_7 + Y11_7;
  P27 =  Y2_7 + Y4_7 + Y6_7 + Y8_7 + Y10_7 + Y12_7;

  P18 =  Y1_8 + Y3_8 + Y5_8 + Y7_8 + Y9_8 + Y11_8;
  P28 =  Y2_8 + Y4_8 + Y6_8 + Y8_8 + Y10_8 + Y12_8;

  P19 =  Y1_9 + Y3_9 + Y5_9 + Y7_9 + Y9_9 + Y11_9;
  P29 =  Y2_9 + Y4_9 + Y6_9 + Y8_9 + Y10_9 + Y12_9;

  P110 =  Y1_10 + Y3_10 + Y5_10 + Y7_10 + Y9_10 + Y11_10;
  P210 =  Y2_10 + Y4_10 + Y6_10 + Y8_10 + Y10_10 + Y12_10;





  IF (P11==0) THEN P11=2;
  IF (P21==0) THEN P21=2;
  IF (P12==0) THEN P12=2;
  IF (P22==0) THEN P22=2;
  IF (P13==0) THEN P13=2;
  IF (P23==0) THEN P23=2;
  IF (P14==0) THEN P14=2;
  IF (P24==0) THEN P24=2;
  IF (P15==0) THEN P15=2;
  IF (P25==0) THEN P25=2;
  IF (P16==0) THEN P16=2;
  IF (P26==0) THEN P26=2;
  IF (P17==0) THEN P17=2;
  IF (P27==0) THEN P27=2;
  IF (P18==0) THEN P18=2;
  IF (P28==0) THEN P28=2;
  IF (P19==0) THEN P19=2;
  IF (P29==0) THEN P29=2;
  IF (P110==0) THEN P110=2;
  IF (P210==0) THEN P210=2;

  IF (P11==1) THEN P11=2;
  IF (P21==1) THEN P21=2;
  IF (P12==1) THEN P12=2;
  IF (P22==1) THEN P22=2;
  IF (P13==1) THEN P13=2;
  IF (P23==1) THEN P23=2;
  IF (P14==1) THEN P14=2;
  IF (P24==1) THEN P24=2;
  IF (P15==1) THEN P15=2;
  IF (P25==1) THEN P25=2;
  IF (P16==1) THEN P16=2;
  IF (P26==1) THEN P26=2;
  IF (P17==1) THEN P17=2;
  IF (P27==1) THEN P27=2;
  IF (P18==1) THEN P18=2;
  IF (P28==1) THEN P28=2;
  IF (P19==1) THEN P19=2;
  IF (P29==1) THEN P29=2;
  IF (P110==1) THEN P110=2;
  IF (P210==1) THEN P210=2;


  ANALYSIS:

  	ESTIMATOR = Bayes;
  	Biter=(20000);
  	Thin=10;
  	Bconvergence = .005;	
  	!fbiter = 10000;
  	
  MODEL:


  T1 by P11@1 P21@1
  	P12@1 P22@1
  	P13@1 P23@1
  	P14@1 P24@1
  	P15@1 P25@1 !;
  !T2 by	
  	P16@1 P26@1
  	P17@1 P27@1
  	P18@1 P28@1
  	P19@1 P29@1
  	P110@1 P210@1;

  S1 by P11@1 P21@1;
  S2 by P12@1 P22@1;
  S3 by P13@1 P23@1;
  S4 by P14@1 P24@1;
  S5 by P15@1 P25@1;
  S6 by P16@1 P26@1;
  S7 by P17@1 P27@1;
  S8 by P18@1 P28@1;
  S9 by P19@1 P29@1;
  S10 by P110@1 P210@1;

  	
  [S1@0];
  [T1@0];
  ![T2];

  [S2-S10];

  S1 - S10 (varS);
  T1 (varT);

  S1-S10 with S1-S10@0;
  !T1-T2 with S1-S10@0;
  T1 with S1-S10@0;

  [P11$1*-1] (tau1);
  [P11$2*-0.5] (tau2);
  [P11$3*0.2] (tau3);
  [P11$4*1.5] (tau4);
  ![P11$5] (tau5);


  ![P21$1] (tau1);
  ![P21$2] (tau2);
  ![P21$3] (tau3);
  ![P21$4] (tau4);
  ![P21$5] (tau5);

  [P12$1] (tau1);
  [P12$2] (tau2);
  [P12$3] (tau3);
  [P12$4] (tau4);
  ![P12$5] (tau5);

  [P22$1] (tau1);
  [P22$2] (tau2);
  [P22$3] (tau3);
  [P22$4] (tau4);
  ![P22$5] (tau5);

  [P13$1] (tau1);
  [P13$2] (tau2);
  [P13$3] (tau3);
  [P13$4] (tau4);
  ![P13$5] (tau5);


  [P23$1] (tau1);
  [P23$2] (tau2);
  [P23$3] (tau3);
  [P23$4] (tau4);
  ![P23$5] (tau5);

  ![P14$1] (tau1);
  ![P14$2] (tau2);
  ![P14$3] (tau3);
  ![P14$4] (tau4);
  ![P14$5] (tau5);

  [P24$1] (tau1);
  [P24$2] (tau2);
  [P24$3] (tau3);
  [P24$4] (tau4);
  ![P24$5] (tau5);


  [P15$1] (tau1);
  [P15$2] (tau2);
  [P15$3] (tau3);
  [P15$4] (tau4);
  ![P15$5] (tau5);

  [P25$1] (tau1);
  [P25$2] (tau2);
  [P25$3] (tau3);
  [P25$4] (tau4);
  ![P25$5] (tau5);

  [P16$1] (tau1);
  [P16$2] (tau2);
  [P16$3] (tau3);
  [P16$4] (tau4);
  ![P16$5] (tau5);

  [P26$1] (tau1);
  [P26$2] (tau2);
  [P26$3] (tau3);
  [P26$4] (tau4);
  ![P26$5] (tau5);

  [P17$1] (tau1);
  [P17$2] (tau2);
  [P17$3] (tau3);
  [P17$4] (tau4);
  ![P17$5] (tau5);

  [P27$1] (tau1);
  [P27$2] (tau2);
  [P27$3] (tau3);
  [P27$4] (tau4);
  ![P27$5] (tau5);

  [P18$1] (tau1);
  [P18$2] (tau2);
  [P18$3] (tau3);
  [P18$4] (tau4);
  ![P18$5] (tau5);


  [P28$1] (tau1);
  [P28$2] (tau2);
  [P28$3] (tau3);
  [P28$4] (tau4);
  ![P28$5] (tau5);

  [P19$1] (tau1);
  [P19$2] (tau2);
  [P19$3] (tau3);
  [P19$4] (tau4);
  ![P19$5] (tau5);

  ![P29$1] (tau1);
  ![P29$2] (tau2);
  ![P29$3] (tau3);
  ![P29$4] (tau4);
  ![P29$5] (tau5);

  [P110$1] (tau1);
  [P110$2] (tau2);
  [P110$3] (tau3);
  [P110$4] (tau4);
  ![P110$5] (tau5);

  [P210$1] (tau1);
  [P210$2] (tau2);
  [P210$3] (tau3);
  [P210$4] (tau4);
  ![P210$5] (tau5);

  Model constraint:

  NEW(con occ rel);
  con = varT / (varT + varS);
  occ = varS /(varT + varS);
  rel = (varS + varT ) / (varS + varT + 1);

  Output: stdyx tech8;
  PLOT:   TYPE = PLOT2;
  	



INPUT READING TERMINATED NORMALLY




SUMMARY OF ANALYSIS

Number of groups                                                 1
Number of observations                                          45

Number of dependent variables                                   20
Number of independent variables                                  0
Number of continuous latent variables                           11

Observed dependent variables

  Binary and ordered categorical (ordinal)
   P11         P21         P12         P22         P13         P23
   P14         P24         P15         P25         P16         P26
   P17         P27         P18         P28         P19         P29
   P110        P210

Continuous latent variables
   T1          S1          S2          S3          S4          S5
   S6          S7          S8          S9          S10


Estimator                                                    BAYES
Specifications for Bayesian Estimation
  Point estimate                                            MEDIAN
  Number of Markov chain Monte Carlo (MCMC) chains               2
  Random seed for the first chain                                0
  Starting value information                           UNPERTURBED
  Algorithm used for Markov chain Monte Carlo           GIBBS(PX1)
  Convergence criterion                                  0.500D-02
  Maximum number of iterations                               50000
  K-th iteration used for thinning                              10
Link                                                        PROBIT

Input data file(s)
  laac2_wide.dat
Input data format  FREE


SUMMARY OF DATA



COVARIANCE COVERAGE OF DATA

Minimum covariance coverage value   0.100

     Number of missing data patterns            36


     PROPORTION OF DATA PRESENT


           Covariance Coverage
              P11           P21           P12           P22           P13
              ________      ________      ________      ________      ________
 P11            0.622
 P21            0.622         0.622
 P12            0.489         0.489         0.667
 P22            0.489         0.489         0.667         0.667
 P13            0.511         0.511         0.533         0.533         0.711
 P23            0.511         0.511         0.533         0.533         0.711
 P14            0.267         0.267         0.333         0.333         0.400
 P24            0.267         0.267         0.333         0.333         0.400
 P15            0.467         0.467         0.511         0.511         0.556
 P25            0.467         0.467         0.511         0.511         0.556
 P16            0.467         0.467         0.422         0.422         0.489
 P26            0.467         0.467         0.422         0.422         0.489
 P17            0.511         0.511         0.533         0.533         0.622
 P27            0.511         0.511         0.533         0.533         0.622
 P18            0.511         0.511         0.511         0.511         0.511
 P28            0.511         0.511         0.511         0.511         0.511
 P19            0.467         0.467         0.556         0.556         0.600
 P29            0.467         0.467         0.556         0.556         0.600
 P110           0.489         0.489         0.556         0.556         0.578
 P210           0.489         0.489         0.556         0.556         0.578


           Covariance Coverage
              P23           P14           P24           P15           P25
              ________      ________      ________      ________      ________
 P23            0.711
 P14            0.400         0.511
 P24            0.400         0.511         0.511
 P15            0.556         0.378         0.378         0.667
 P25            0.556         0.378         0.378         0.667         0.667
 P16            0.489         0.311         0.311         0.489         0.489
 P26            0.489         0.311         0.311         0.489         0.489
 P17            0.622         0.333         0.333         0.533         0.533
 P27            0.622         0.333         0.333         0.533         0.533
 P18            0.511         0.378         0.378         0.511         0.511
 P28            0.511         0.378         0.378         0.511         0.511
 P19            0.600         0.378         0.378         0.578         0.578
 P29            0.600         0.378         0.378         0.578         0.578
 P110           0.578         0.378         0.378         0.578         0.578
 P210           0.578         0.378         0.378         0.578         0.578


           Covariance Coverage
              P16           P26           P17           P27           P18
              ________      ________      ________      ________      ________
 P16            0.600
 P26            0.600         0.600
 P17            0.511         0.511         0.689
 P27            0.511         0.511         0.689         0.689
 P18            0.511         0.511         0.556         0.556         0.711
 P28            0.511         0.511         0.556         0.556         0.711
 P19            0.467         0.467         0.600         0.600         0.511
 P29            0.467         0.467         0.600         0.600         0.511
 P110           0.489         0.489         0.578         0.578         0.556
 P210           0.489         0.489         0.578         0.578         0.556


           Covariance Coverage
              P28           P19           P29           P110          P210
              ________      ________      ________      ________      ________
 P28            0.711
 P19            0.511         0.733
 P29            0.511         0.733         0.733
 P110           0.556         0.578         0.578         0.689
 P210           0.556         0.578         0.578         0.689         0.689


UNIVARIATE PROPORTIONS AND COUNTS FOR CATEGORICAL VARIABLES

    P11
      Category 1    0.250            7.000
      Category 2    0.250            7.000
      Category 3    0.286            8.000
      Category 4    0.179            5.000
      Category 5    0.036            1.000
    P21
      Category 1    0.286            8.000
      Category 2    0.357           10.000
      Category 3    0.250            7.000
      Category 4    0.107            3.000
    P12
      Category 1    0.300            9.000
      Category 2    0.100            3.000
      Category 3    0.233            7.000
      Category 4    0.267            8.000
      Category 5    0.100            3.000
    P22
      Category 1    0.267            8.000
      Category 2    0.333           10.000
      Category 3    0.167            5.000
      Category 4    0.200            6.000
      Category 5    0.033            1.000
    P13
      Category 1    0.188            6.000
      Category 2    0.188            6.000
      Category 3    0.406           13.000
      Category 4    0.156            5.000
      Category 5    0.062            2.000
    P23
      Category 1    0.219            7.000
      Category 2    0.375           12.000
      Category 3    0.188            6.000
      Category 4    0.156            5.000
      Category 5    0.062            2.000
    P14
      Category 1    0.174            4.000
      Category 2    0.261            6.000
      Category 3    0.217            5.000
      Category 4    0.348            8.000
    P24
      Category 1    0.217            5.000
      Category 2    0.435           10.000
      Category 3    0.217            5.000
      Category 4    0.043            1.000
      Category 5    0.087            2.000
    P15
      Category 1    0.100            3.000
      Category 2    0.367           11.000
      Category 3    0.167            5.000
      Category 4    0.200            6.000
      Category 5    0.167            5.000
    P25
      Category 1    0.067            2.000
      Category 2    0.433           13.000
      Category 3    0.267            8.000
      Category 4    0.200            6.000
      Category 5    0.033            1.000
    P16
      Category 1    0.111            3.000
      Category 2    0.185            5.000
      Category 3    0.519           14.000
      Category 4    0.111            3.000
      Category 5    0.074            2.000
    P26
      Category 1    0.185            5.000
      Category 2    0.370           10.000
      Category 3    0.148            4.000
      Category 4    0.185            5.000
      Category 5    0.111            3.000
    P17
      Category 1    0.065            2.000
      Category 2    0.226            7.000
      Category 3    0.355           11.000
      Category 4    0.194            6.000
      Category 5    0.161            5.000
    P27
      Category 1    0.065            2.000
      Category 2    0.323           10.000
      Category 3    0.161            5.000
      Category 4    0.226            7.000
      Category 5    0.226            7.000
    P18
      Category 1    0.094            3.000
      Category 2    0.281            9.000
      Category 3    0.250            8.000
      Category 4    0.156            5.000
      Category 5    0.219            7.000
    P28
      Category 1    0.094            3.000
      Category 2    0.219            7.000
      Category 3    0.250            8.000
      Category 4    0.219            7.000
      Category 5    0.219            7.000
    P19
      Category 1    0.061            2.000
      Category 2    0.212            7.000
      Category 3    0.152            5.000
      Category 4    0.212            7.000
      Category 5    0.364           12.000
    P29
      Category 1    0.364           12.000
      Category 2    0.212            7.000
      Category 3    0.242            8.000
      Category 4    0.182            6.000
    P110
      Category 1    0.032            1.000
      Category 2    0.226            7.000
      Category 3    0.290            9.000
      Category 4    0.258            8.000
      Category 5    0.194            6.000
    P210
      Category 1    0.161            5.000
      Category 2    0.129            4.000
      Category 3    0.194            6.000
      Category 4    0.161            5.000
      Category 5    0.355           11.000



THE MODEL ESTIMATION TERMINATED NORMALLY

     USE THE FBITERATIONS OPTION TO INCREASE THE NUMBER OF ITERATIONS BY A FACTOR
     OF AT LEAST TWO TO CHECK CONVERGENCE AND THAT THE PSR VALUE DOES NOT INCREASE.



MODEL FIT INFORMATION

Number of Free Parameters                              24

Bayesian Posterior Predictive Checking using Chi-Square

          95% Confidence Interval for the Difference Between
          the Observed and the Replicated Chi-Square Values

                                -37.998           100.348

          Posterior Predictive P-Value              0.202



MODEL RESULTS

                                Posterior  One-Tailed         95% C.I.
                    Estimate       S.D.      P-Value   Lower 2.5%  Upper 2.5%  Significance

 T1       BY
    P11                1.000       0.000      0.000       1.000       1.000
    P21                1.000       0.000      0.000       1.000       1.000
    P12                1.000       0.000      0.000       1.000       1.000
    P22                1.000       0.000      0.000       1.000       1.000
    P13                1.000       0.000      0.000       1.000       1.000
    P23                1.000       0.000      0.000       1.000       1.000
    P14                1.000       0.000      0.000       1.000       1.000
    P24                1.000       0.000      0.000       1.000       1.000
    P15                1.000       0.000      0.000       1.000       1.000
    P25                1.000       0.000      0.000       1.000       1.000
    P16                1.000       0.000      0.000       1.000       1.000
    P26                1.000       0.000      0.000       1.000       1.000
    P17                1.000       0.000      0.000       1.000       1.000
    P27                1.000       0.000      0.000       1.000       1.000
    P18                1.000       0.000      0.000       1.000       1.000
    P28                1.000       0.000      0.000       1.000       1.000
    P19                1.000       0.000      0.000       1.000       1.000
    P29                1.000       0.000      0.000       1.000       1.000
    P110               1.000       0.000      0.000       1.000       1.000
    P210               1.000       0.000      0.000       1.000       1.000

 S1       BY
    P11                1.000       0.000      0.000       1.000       1.000
    P21                1.000       0.000      0.000       1.000       1.000

 S2       BY
    P12                1.000       0.000      0.000       1.000       1.000
    P22                1.000       0.000      0.000       1.000       1.000

 S3       BY
    P13                1.000       0.000      0.000       1.000       1.000
    P23                1.000       0.000      0.000       1.000       1.000

 S4       BY
    P14                1.000       0.000      0.000       1.000       1.000
    P24                1.000       0.000      0.000       1.000       1.000

 S5       BY
    P15                1.000       0.000      0.000       1.000       1.000
    P25                1.000       0.000      0.000       1.000       1.000

 S6       BY
    P16                1.000       0.000      0.000       1.000       1.000
    P26                1.000       0.000      0.000       1.000       1.000

 S7       BY
    P17                1.000       0.000      0.000       1.000       1.000
    P27                1.000       0.000      0.000       1.000       1.000

 S8       BY
    P18                1.000       0.000      0.000       1.000       1.000
    P28                1.000       0.000      0.000       1.000       1.000

 S9       BY
    P19                1.000       0.000      0.000       1.000       1.000
    P29                1.000       0.000      0.000       1.000       1.000

 S10      BY
    P110               1.000       0.000      0.000       1.000       1.000
    P210               1.000       0.000      0.000       1.000       1.000

 S1       WITH
    S2                 0.000       0.000      1.000       0.000       0.000
    S3                 0.000       0.000      1.000       0.000       0.000
    S4                 0.000       0.000      1.000       0.000       0.000
    S5                 0.000       0.000      1.000       0.000       0.000
    S6                 0.000       0.000      1.000       0.000       0.000
    S7                 0.000       0.000      1.000       0.000       0.000
    S8                 0.000       0.000      1.000       0.000       0.000
    S9                 0.000       0.000      1.000       0.000       0.000
    S10                0.000       0.000      1.000       0.000       0.000
    T1                 0.000       0.000      1.000       0.000       0.000

 S2       WITH
    S3                 0.000       0.000      1.000       0.000       0.000
    S4                 0.000       0.000      1.000       0.000       0.000
    S5                 0.000       0.000      1.000       0.000       0.000
    S6                 0.000       0.000      1.000       0.000       0.000
    S7                 0.000       0.000      1.000       0.000       0.000
    S8                 0.000       0.000      1.000       0.000       0.000
    S9                 0.000       0.000      1.000       0.000       0.000
    S10                0.000       0.000      1.000       0.000       0.000
    T1                 0.000       0.000      1.000       0.000       0.000

 S3       WITH
    S4                 0.000       0.000      1.000       0.000       0.000
    S5                 0.000       0.000      1.000       0.000       0.000
    S6                 0.000       0.000      1.000       0.000       0.000
    S7                 0.000       0.000      1.000       0.000       0.000
    S8                 0.000       0.000      1.000       0.000       0.000
    S9                 0.000       0.000      1.000       0.000       0.000
    S10                0.000       0.000      1.000       0.000       0.000
    T1                 0.000       0.000      1.000       0.000       0.000

 S4       WITH
    S5                 0.000       0.000      1.000       0.000       0.000
    S6                 0.000       0.000      1.000       0.000       0.000
    S7                 0.000       0.000      1.000       0.000       0.000
    S8                 0.000       0.000      1.000       0.000       0.000
    S9                 0.000       0.000      1.000       0.000       0.000
    S10                0.000       0.000      1.000       0.000       0.000
    T1                 0.000       0.000      1.000       0.000       0.000

 S5       WITH
    S6                 0.000       0.000      1.000       0.000       0.000
    S7                 0.000       0.000      1.000       0.000       0.000
    S8                 0.000       0.000      1.000       0.000       0.000
    S9                 0.000       0.000      1.000       0.000       0.000
    S10                0.000       0.000      1.000       0.000       0.000
    T1                 0.000       0.000      1.000       0.000       0.000

 S6       WITH
    S7                 0.000       0.000      1.000       0.000       0.000
    S8                 0.000       0.000      1.000       0.000       0.000
    S9                 0.000       0.000      1.000       0.000       0.000
    S10                0.000       0.000      1.000       0.000       0.000
    T1                 0.000       0.000      1.000       0.000       0.000

 S7       WITH
    S8                 0.000       0.000      1.000       0.000       0.000
    S9                 0.000       0.000      1.000       0.000       0.000
    S10                0.000       0.000      1.000       0.000       0.000
    T1                 0.000       0.000      1.000       0.000       0.000

 S8       WITH
    S9                 0.000       0.000      1.000       0.000       0.000
    S10                0.000       0.000      1.000       0.000       0.000
    T1                 0.000       0.000      1.000       0.000       0.000

 S9       WITH
    S10                0.000       0.000      1.000       0.000       0.000
    T1                 0.000       0.000      1.000       0.000       0.000

 S10      WITH
    T1                 0.000       0.000      1.000       0.000       0.000

 Means
    T1                 0.000       0.000      1.000       0.000       0.000
    S1                 0.000       0.000      1.000       0.000       0.000
    S2                -0.295       0.173      0.041      -0.636       0.042
    S3                -0.221       0.166      0.091      -0.554       0.102
    S4                -0.414       0.244      0.053      -0.879       0.091
    S5                -0.024       0.174      0.447      -0.372       0.314
    S6                -0.091       0.175      0.299      -0.429       0.253
    S7                 0.310       0.168      0.034      -0.027       0.634
    S8                 0.338       0.171      0.020       0.016       0.687      *
    S9                 0.658       0.214      0.001       0.247       1.079      *
    S10                0.449       0.171      0.005       0.129       0.798      *

 Thresholds
    P11$1             -1.109       0.000      0.000      -1.109      -1.109
    P11$2             -0.204       0.000      0.000      -0.204      -0.204      *
    P11$3              0.404       0.000      0.000       0.404       0.404      *
    P11$4              1.074       0.000      0.000       1.074       1.074
    P21$1             -0.762       0.282      0.003      -1.324      -0.222      *
    P21$2              0.294       0.269      0.135      -0.230       0.824
    P21$3              1.341       0.358      0.000       0.690       2.082      *
    P12$1             -1.109       0.000      0.000      -1.109      -1.109
    P12$2             -0.204       0.000      0.000      -0.204      -0.204      *
    P12$3              0.404       0.000      0.000       0.404       0.404      *
    P12$4              1.074       0.000      0.000       1.074       1.074
    P22$1             -1.109       0.000      0.000      -1.109      -1.109
    P22$2             -0.204       0.000      0.000      -0.204      -0.204      *
    P22$3              0.404       0.000      0.000       0.404       0.404      *
    P22$4              1.074       0.000      0.000       1.074       1.074
    P13$1             -1.109       0.000      0.000      -1.109      -1.109
    P13$2             -0.204       0.000      0.000      -0.204      -0.204      *
    P13$3              0.404       0.000      0.000       0.404       0.404      *
    P13$4              1.074       0.000      0.000       1.074       1.074
    P23$1             -1.109       0.000      0.000      -1.109      -1.109
    P23$2             -0.204       0.000      0.000      -0.204      -0.204      *
    P23$3              0.404       0.000      0.000       0.404       0.404      *
    P23$4              1.074       0.000      0.000       1.074       1.074
    P14$1             -1.650       0.387      0.000      -2.422      -0.902      *
    P14$2             -0.699       0.350      0.023      -1.391      -0.012      *
    P14$3              0.028       0.358      0.468      -0.658       0.748
    P24$1             -1.109       0.000      0.000      -1.109      -1.109
    P24$2             -0.204       0.000      0.000      -0.204      -0.204      *
    P24$3              0.404       0.000      0.000       0.404       0.404      *
    P24$4              1.074       0.000      0.000       1.074       1.074
    P15$1             -1.109       0.000      0.000      -1.109      -1.109
    P15$2             -0.204       0.000      0.000      -0.204      -0.204      *
    P15$3              0.404       0.000      0.000       0.404       0.404      *
    P15$4              1.074       0.000      0.000       1.074       1.074
    P25$1             -1.109       0.000      0.000      -1.109      -1.109
    P25$2             -0.204       0.000      0.000      -0.204      -0.204      *
    P25$3              0.404       0.000      0.000       0.404       0.404      *
    P25$4              1.074       0.000      0.000       1.074       1.074
    P16$1             -1.109       0.000      0.000      -1.109      -1.109
    P16$2             -0.204       0.000      0.000      -0.204      -0.204      *
    P16$3              0.404       0.000      0.000       0.404       0.404      *
    P16$4              1.074       0.000      0.000       1.074       1.074
    P26$1             -1.109       0.000      0.000      -1.109      -1.109
    P26$2             -0.204       0.000      0.000      -0.204      -0.204      *
    P26$3              0.404       0.000      0.000       0.404       0.404      *
    P26$4              1.074       0.000      0.000       1.074       1.074
    P17$1             -1.109       0.000      0.000      -1.109      -1.109
    P17$2             -0.204       0.000      0.000      -0.204      -0.204      *
    P17$3              0.404       0.000      0.000       0.404       0.404      *
    P17$4              1.074       0.000      0.000       1.074       1.074
    P27$1             -1.109       0.000      0.000      -1.109      -1.109
    P27$2             -0.204       0.000      0.000      -0.204      -0.204      *
    P27$3              0.404       0.000      0.000       0.404       0.404      *
    P27$4              1.074       0.000      0.000       1.074       1.074
    P18$1             -1.109       0.000      0.000      -1.109      -1.109
    P18$2             -0.204       0.000      0.000      -0.204      -0.204      *
    P18$3              0.404       0.000      0.000       0.404       0.404      *
    P18$4              1.074       0.000      0.000       1.074       1.074
    P28$1             -1.109       0.000      0.000      -1.109      -1.109
    P28$2             -0.204       0.000      0.000      -0.204      -0.204      *
    P28$3              0.404       0.000      0.000       0.404       0.404      *
    P28$4              1.074       0.000      0.000       1.074       1.074
    P19$1             -1.109       0.000      0.000      -1.109      -1.109
    P19$2             -0.204       0.000      0.000      -0.204      -0.204      *
    P19$3              0.404       0.000      0.000       0.404       0.404      *
    P19$4              1.074       0.000      0.000       1.074       1.074
    P29$1              0.122       0.306      0.344      -0.485       0.718
    P29$2              0.857       0.303      0.002       0.270       1.462      *
    P29$3              1.829       0.337      0.000       1.190       2.516      *
    P110$1            -1.109       0.000      0.000      -1.109      -1.109
    P110$2            -0.204       0.000      0.000      -0.204      -0.204      *
    P110$3             0.404       0.000      0.000       0.404       0.404      *
    P110$4             1.074       0.000      0.000       1.074       1.074
    P210$1            -1.109       0.000      0.000      -1.109      -1.109
    P210$2            -0.204       0.000      0.000      -0.204      -0.204      *
    P210$3             0.404       0.000      0.000       0.404       0.404      *
    P210$4             1.074       0.000      0.000       1.074       1.074

 Variances
    T1                 0.390       0.127      0.000       0.217       0.708      *
    S1                 0.051       0.047      0.000       0.002       0.173      *
    S2                 0.051       0.047      0.000       0.002       0.173      *
    S3                 0.051       0.047      0.000       0.002       0.173      *
    S4                 0.051       0.047      0.000       0.002       0.173      *
    S5                 0.051       0.047      0.000       0.002       0.173      *
    S6                 0.051       0.047      0.000       0.002       0.173      *
    S7                 0.051       0.047      0.000       0.002       0.173      *
    S8                 0.051       0.047      0.000       0.002       0.173      *
    S9                 0.051       0.047      0.000       0.002       0.173      *
    S10                0.051       0.047      0.000       0.002       0.173      *

New/Additional Parameters
    CON                0.888       0.093      0.000       0.654       0.996      *
    OCC                0.112       0.093      0.000       0.004       0.345      *
    REL                0.312       0.060      0.000       0.206       0.440      *


STANDARDIZED MODEL RESULTS


STDYX Standardization

                                Posterior  One-Tailed         95% C.I.
                    Estimate       S.D.      P-Value   Lower 2.5%  Upper 2.5%  Significance
 T1       BY
    P11                0.519       0.057      0.000       0.411       0.633      *
    P21                0.519       0.057      0.000       0.411       0.633      *
    P12                0.519       0.057      0.000       0.411       0.633      *
    P22                0.519       0.057      0.000       0.411       0.633      *
    P13                0.519       0.057      0.000       0.411       0.633      *
    P23                0.519       0.057      0.000       0.411       0.633      *
    P14                0.519       0.057      0.000       0.411       0.633      *
    P24                0.519       0.057      0.000       0.411       0.633      *
    P15                0.519       0.057      0.000       0.411       0.633      *
    P25                0.519       0.057      0.000       0.411       0.633      *
    P16                0.519       0.057      0.000       0.411       0.633      *
    P26                0.519       0.057      0.000       0.411       0.633      *
    P17                0.519       0.057      0.000       0.411       0.633      *
    P27                0.519       0.057      0.000       0.411       0.633      *
    P18                0.519       0.057      0.000       0.411       0.633      *
    P28                0.519       0.057      0.000       0.411       0.633      *
    P19                0.519       0.057      0.000       0.411       0.633      *
    P29                0.519       0.057      0.000       0.411       0.633      *
    P110               0.519       0.057      0.000       0.411       0.633      *
    P210               0.519       0.057      0.000       0.411       0.633      *

 S1       BY
    P11                0.187       0.078      0.000       0.033       0.335      *
    P21                0.187       0.078      0.000       0.033       0.335      *

 S2       BY
    P12                0.187       0.078      0.000       0.033       0.335      *
    P22                0.187       0.078      0.000       0.033       0.335      *

 S3       BY
    P13                0.187       0.078      0.000       0.033       0.335      *
    P23                0.187       0.078      0.000       0.033       0.335      *

 S4       BY
    P14                0.187       0.078      0.000       0.033       0.335      *
    P24                0.187       0.078      0.000       0.033       0.335      *

 S5       BY
    P15                0.187       0.078      0.000       0.033       0.335      *
    P25                0.187       0.078      0.000       0.033       0.335      *

 S6       BY
    P16                0.187       0.078      0.000       0.033       0.335      *
    P26                0.187       0.078      0.000       0.033       0.335      *

 S7       BY
    P17                0.187       0.078      0.000       0.033       0.335      *
    P27                0.187       0.078      0.000       0.033       0.335      *

 S8       BY
    P18                0.187       0.078      0.000       0.033       0.335      *
    P28                0.187       0.078      0.000       0.033       0.335      *

 S9       BY
    P19                0.187       0.078      0.000       0.033       0.335      *
    P29                0.187       0.078      0.000       0.033       0.335      *

 S10      BY
    P110               0.187       0.078      0.000       0.033       0.335      *
    P210               0.187       0.078      0.000       0.033       0.335      *

 S1       WITH
    S2                 0.000       0.000      1.000       0.000       0.000
    S3                 0.000       0.000      1.000       0.000       0.000
    S4                 0.000       0.000      1.000       0.000       0.000
    S5                 0.000       0.000      1.000       0.000       0.000
    S6                 0.000       0.000      1.000       0.000       0.000
    S7                 0.000       0.000      1.000       0.000       0.000
    S8                 0.000       0.000      1.000       0.000       0.000
    S9                 0.000       0.000      1.000       0.000       0.000
    S10                0.000       0.000      1.000       0.000       0.000
    T1                 0.000       0.000      1.000       0.000       0.000

 S2       WITH
    S3                 0.000       0.000      1.000       0.000       0.000
    S4                 0.000       0.000      1.000       0.000       0.000
    S5                 0.000       0.000      1.000       0.000       0.000
    S6                 0.000       0.000      1.000       0.000       0.000
    S7                 0.000       0.000      1.000       0.000       0.000
    S8                 0.000       0.000      1.000       0.000       0.000
    S9                 0.000       0.000      1.000       0.000       0.000
    S10                0.000       0.000      1.000       0.000       0.000
    T1                 0.000       0.000      1.000       0.000       0.000

 S3       WITH
    S4                 0.000       0.000      1.000       0.000       0.000
    S5                 0.000       0.000      1.000       0.000       0.000
    S6                 0.000       0.000      1.000       0.000       0.000
    S7                 0.000       0.000      1.000       0.000       0.000
    S8                 0.000       0.000      1.000       0.000       0.000
    S9                 0.000       0.000      1.000       0.000       0.000
    S10                0.000       0.000      1.000       0.000       0.000
    T1                 0.000       0.000      1.000       0.000       0.000

 S4       WITH
    S5                 0.000       0.000      1.000       0.000       0.000
    S6                 0.000       0.000      1.000       0.000       0.000
    S7                 0.000       0.000      1.000       0.000       0.000
    S8                 0.000       0.000      1.000       0.000       0.000
    S9                 0.000       0.000      1.000       0.000       0.000
    S10                0.000       0.000      1.000       0.000       0.000
    T1                 0.000       0.000      1.000       0.000       0.000

 S5       WITH
    S6                 0.000       0.000      1.000       0.000       0.000
    S7                 0.000       0.000      1.000       0.000       0.000
    S8                 0.000       0.000      1.000       0.000       0.000
    S9                 0.000       0.000      1.000       0.000       0.000
    S10                0.000       0.000      1.000       0.000       0.000
    T1                 0.000       0.000      1.000       0.000       0.000

 S6       WITH
    S7                 0.000       0.000      1.000       0.000       0.000
    S8                 0.000       0.000      1.000       0.000       0.000
    S9                 0.000       0.000      1.000       0.000       0.000
    S10                0.000       0.000      1.000       0.000       0.000
    T1                 0.000       0.000      1.000       0.000       0.000

 S7       WITH
    S8                 0.000       0.000      1.000       0.000       0.000
    S9                 0.000       0.000      1.000       0.000       0.000
    S10                0.000       0.000      1.000       0.000       0.000
    T1                 0.000       0.000      1.000       0.000       0.000

 S8       WITH
    S9                 0.000       0.000      1.000       0.000       0.000
    S10                0.000       0.000      1.000       0.000       0.000
    T1                 0.000       0.000      1.000       0.000       0.000

 S9       WITH
    S10                0.000       0.000      1.000       0.000       0.000
    T1                 0.000       0.000      1.000       0.000       0.000

 S10      WITH
    T1                 0.000       0.000      1.000       0.000       0.000

 Means
    T1                 0.000       0.000      1.000       0.000       0.000
    S1                 0.000       0.000      1.000       0.000       0.000
    S2                -1.337       2.511      0.041      -6.571       0.188
    S3                -0.989       2.573      0.091      -7.020       0.484
    S4                -1.814       5.019      0.053     -10.433       0.428
    S5                -0.106       2.155      0.447      -2.813       2.754
    S6                -0.410       1.845      0.299      -4.360       1.416
    S7                 1.378       2.905      0.034      -0.113       7.631
    S8                 1.510       3.227      0.020       0.067       8.296      *
    S9                 2.913       8.157      0.001       0.876      15.878      *
    S10                2.036       3.567      0.005       0.474      10.572      *

 Thresholds
    P11$1             -0.920       0.041      0.000      -0.988      -0.830      *
    P11$2             -0.169       0.007      0.000      -0.181      -0.152      *
    P11$3              0.335       0.015      0.000       0.303       0.360      *
    P11$4              0.891       0.039      0.000       0.804       0.957      *
    P21$1             -0.630       0.232      0.003      -1.092      -0.183      *
    P21$2              0.243       0.223      0.135      -0.187       0.686
    P21$3              1.108       0.300      0.000       0.568       1.741      *
    P12$1             -0.920       0.041      0.000      -0.988      -0.830      *
    P12$2             -0.169       0.007      0.000      -0.181      -0.152      *
    P12$3              0.335       0.015      0.000       0.303       0.360      *
    P12$4              0.891       0.039      0.000       0.804       0.957      *
    P22$1             -0.920       0.041      0.000      -0.988      -0.830      *
    P22$2             -0.169       0.007      0.000      -0.181      -0.152      *
    P22$3              0.335       0.015      0.000       0.303       0.360      *
    P22$4              0.891       0.039      0.000       0.804       0.957      *
    P13$1             -0.920       0.041      0.000      -0.988      -0.830      *
    P13$2             -0.169       0.007      0.000      -0.181      -0.152      *
    P13$3              0.335       0.015      0.000       0.303       0.360      *
    P13$4              0.891       0.039      0.000       0.804       0.957      *
    P23$1             -0.920       0.041      0.000      -0.988      -0.830      *
    P23$2             -0.169       0.007      0.000      -0.181      -0.152      *
    P23$3              0.335       0.015      0.000       0.303       0.360      *
    P23$4              0.891       0.039      0.000       0.804       0.957      *
    P14$1             -1.360       0.322      0.000      -2.005      -0.745      *
    P14$2             -0.579       0.290      0.023      -1.148      -0.011      *
    P14$3              0.024       0.297      0.468      -0.548       0.620
    P24$1             -0.920       0.041      0.000      -0.988      -0.830      *
    P24$2             -0.169       0.007      0.000      -0.181      -0.152      *
    P24$3              0.335       0.015      0.000       0.303       0.360      *
    P24$4              0.891       0.039      0.000       0.804       0.957      *
    P15$1             -0.920       0.041      0.000      -0.988      -0.830      *
    P15$2             -0.169       0.007      0.000      -0.181      -0.152      *
    P15$3              0.335       0.015      0.000       0.303       0.360      *
    P15$4              0.891       0.039      0.000       0.804       0.957      *
    P25$1             -0.920       0.041      0.000      -0.988      -0.830      *
    P25$2             -0.169       0.007      0.000      -0.181      -0.152      *
    P25$3              0.335       0.015      0.000       0.303       0.360      *
    P25$4              0.891       0.039      0.000       0.804       0.957      *
    P16$1             -0.920       0.041      0.000      -0.988      -0.830      *
    P16$2             -0.169       0.007      0.000      -0.181      -0.152      *
    P16$3              0.335       0.015      0.000       0.303       0.360      *
    P16$4              0.891       0.039      0.000       0.804       0.957      *
    P26$1             -0.920       0.041      0.000      -0.988      -0.830      *
    P26$2             -0.169       0.007      0.000      -0.181      -0.152      *
    P26$3              0.335       0.015      0.000       0.303       0.360      *
    P26$4              0.891       0.039      0.000       0.804       0.957      *
    P17$1             -0.920       0.041      0.000      -0.988      -0.830      *
    P17$2             -0.169       0.007      0.000      -0.181      -0.152      *
    P17$3              0.335       0.015      0.000       0.303       0.360      *
    P17$4              0.891       0.039      0.000       0.804       0.957      *
    P27$1             -0.920       0.041      0.000      -0.988      -0.830      *
    P27$2             -0.169       0.007      0.000      -0.181      -0.152      *
    P27$3              0.335       0.015      0.000       0.303       0.360      *
    P27$4              0.891       0.039      0.000       0.804       0.957      *
    P18$1             -0.920       0.041      0.000      -0.988      -0.830      *
    P18$2             -0.169       0.007      0.000      -0.181      -0.152      *
    P18$3              0.335       0.015      0.000       0.303       0.360      *
    P18$4              0.891       0.039      0.000       0.804       0.957      *
    P28$1             -0.920       0.041      0.000      -0.988      -0.830      *
    P28$2             -0.169       0.007      0.000      -0.181      -0.152      *
    P28$3              0.335       0.015      0.000       0.303       0.360      *
    P28$4              0.891       0.039      0.000       0.804       0.957      *
    P19$1             -0.920       0.041      0.000      -0.988      -0.830      *
    P19$2             -0.169       0.007      0.000      -0.181      -0.152      *
    P19$3              0.335       0.015      0.000       0.303       0.360      *
    P19$4              0.891       0.039      0.000       0.804       0.957      *
    P29$1              0.101       0.254      0.344      -0.398       0.595
    P29$2              0.708       0.252      0.002       0.221       1.212      *
    P29$3              1.511       0.282      0.000       0.979       2.083      *
    P110$1            -0.920       0.041      0.000      -0.988      -0.830      *
    P110$2            -0.169       0.007      0.000      -0.181      -0.152      *
    P110$3             0.335       0.015      0.000       0.303       0.360      *
    P110$4             0.891       0.039      0.000       0.804       0.957      *
    P210$1            -0.920       0.041      0.000      -0.988      -0.830      *
    P210$2            -0.169       0.007      0.000      -0.181      -0.152      *
    P210$3             0.335       0.015      0.000       0.303       0.360      *
    P210$4             0.891       0.039      0.000       0.804       0.957      *

 Variances
    T1                 1.000       0.000      0.000       1.000       1.000
    S1                 1.000       0.000      0.000       1.000       1.000
    S2                 1.000       0.000      0.000       1.000       1.000
    S3                 1.000       0.000      0.000       1.000       1.000
    S4                 1.000       0.000      0.000       1.000       1.000
    S5                 1.000       0.000      0.000       1.000       1.000
    S6                 1.000       0.000      0.000       1.000       1.000
    S7                 1.000       0.000      0.000       1.000       1.000
    S8                 1.000       0.000      0.000       1.000       1.000
    S9                 1.000       0.000      0.000       1.000       1.000
    S10                1.000       0.000      0.000       1.000       1.000


R-SQUARE

                                Posterior  One-Tailed         95% C.I.
    Variable        Estimate       S.D.      P-Value   Lower 2.5%  Upper 2.5%

    P11                0.312       0.060      0.000       0.206       0.440
    P21                0.312       0.060      0.000       0.206       0.440
    P12                0.312       0.060      0.000       0.206       0.440
    P22                0.312       0.060      0.000       0.206       0.440
    P13                0.312       0.060      0.000       0.206       0.440
    P23                0.312       0.060      0.000       0.206       0.440
    P14                0.312       0.060      0.000       0.206       0.440
    P24                0.312       0.060      0.000       0.206       0.440
    P15                0.312       0.060      0.000       0.206       0.440
    P25                0.312       0.060      0.000       0.206       0.440
    P16                0.312       0.060      0.000       0.206       0.440
    P26                0.312       0.060      0.000       0.206       0.440
    P17                0.312       0.060      0.000       0.206       0.440
    P27                0.312       0.060      0.000       0.206       0.440
    P18                0.312       0.060      0.000       0.206       0.440
    P28                0.312       0.060      0.000       0.206       0.440
    P19                0.312       0.060      0.000       0.206       0.440
    P29                0.312       0.060      0.000       0.206       0.440
    P110               0.312       0.060      0.000       0.206       0.440
    P210               0.312       0.060      0.000       0.206       0.440


TECHNICAL 1 OUTPUT


     PARAMETER SPECIFICATION


           TAU
              P11$1         P11$2         P11$3         P11$4         P21$1
              ________      ________      ________      ________      ________
                   12            13            14            15            16


           TAU
              P21$2         P21$3         P12$1         P12$2         P12$3
              ________      ________      ________      ________      ________
                   17            18            12            13            14


           TAU
              P12$4         P22$1         P22$2         P22$3         P22$4
              ________      ________      ________      ________      ________
                   15            12            13            14            15


           TAU
              P13$1         P13$2         P13$3         P13$4         P23$1
              ________      ________      ________      ________      ________
                   12            13            14            15            12


           TAU
              P23$2         P23$3         P23$4         P14$1         P14$2
              ________      ________      ________      ________      ________
                   13            14            15            19            20


           TAU
              P14$3         P24$1         P24$2         P24$3         P24$4
              ________      ________      ________      ________      ________
                   21            12            13            14            15


           TAU
              P15$1         P15$2         P15$3         P15$4         P25$1
              ________      ________      ________      ________      ________
                   12            13            14            15            12


           TAU
              P25$2         P25$3         P25$4         P16$1         P16$2
              ________      ________      ________      ________      ________
                   13            14            15            12            13


           TAU
              P16$3         P16$4         P26$1         P26$2         P26$3
              ________      ________      ________      ________      ________
                   14            15            12            13            14


           TAU
              P26$4         P17$1         P17$2         P17$3         P17$4
              ________      ________      ________      ________      ________
                   15            12            13            14            15


           TAU
              P27$1         P27$2         P27$3         P27$4         P18$1
              ________      ________      ________      ________      ________
                   12            13            14            15            12


           TAU
              P18$2         P18$3         P18$4         P28$1         P28$2
              ________      ________      ________      ________      ________
                   13            14            15            12            13


           TAU
              P28$3         P28$4         P19$1         P19$2         P19$3
              ________      ________      ________      ________      ________
                   14            15            12            13            14


           TAU
              P19$4         P29$1         P29$2         P29$3         P110$1
              ________      ________      ________      ________      ________
                   15            22            23            24            12


           TAU
              P110$2        P110$3        P110$4        P210$1        P210$2
              ________      ________      ________      ________      ________
                   13            14            15            12            13


           TAU
              P210$3        P210$4
              ________      ________
                   14            15


           NU
              P11           P21           P12           P22           P13
              ________      ________      ________      ________      ________
                    0             0             0             0             0


           NU
              P23           P14           P24           P15           P25
              ________      ________      ________      ________      ________
                    0             0             0             0             0


           NU
              P16           P26           P17           P27           P18
              ________      ________      ________      ________      ________
                    0             0             0             0             0


           NU
              P28           P19           P29           P110          P210
              ________      ________      ________      ________      ________
                    0             0             0             0             0


           LAMBDA
              T1            S1            S2            S3            S4
              ________      ________      ________      ________      ________
 P11                0             0             0             0             0
 P21                0             0             0             0             0
 P12                0             0             0             0             0
 P22                0             0             0             0             0
 P13                0             0             0             0             0
 P23                0             0             0             0             0
 P14                0             0             0             0             0
 P24                0             0             0             0             0
 P15                0             0             0             0             0
 P25                0             0             0             0             0
 P16                0             0             0             0             0
 P26                0             0             0             0             0
 P17                0             0             0             0             0
 P27                0             0             0             0             0
 P18                0             0             0             0             0
 P28                0             0             0             0             0
 P19                0             0             0             0             0
 P29                0             0             0             0             0
 P110               0             0             0             0             0
 P210               0             0             0             0             0


           LAMBDA
              S5            S6            S7            S8            S9
              ________      ________      ________      ________      ________
 P11                0             0             0             0             0
 P21                0             0             0             0             0
 P12                0             0             0             0             0
 P22                0             0             0             0             0
 P13                0             0             0             0             0
 P23                0             0             0             0             0
 P14                0             0             0             0             0
 P24                0             0             0             0             0
 P15                0             0             0             0             0
 P25                0             0             0             0             0
 P16                0             0             0             0             0
 P26                0             0             0             0             0
 P17                0             0             0             0             0
 P27                0             0             0             0             0
 P18                0             0             0             0             0
 P28                0             0             0             0             0
 P19                0             0             0             0             0
 P29                0             0             0             0             0
 P110               0             0             0             0             0
 P210               0             0             0             0             0


           LAMBDA
              S10
              ________
 P11                0
 P21                0
 P12                0
 P22                0
 P13                0
 P23                0
 P14                0
 P24                0
 P15                0
 P25                0
 P16                0
 P26                0
 P17                0
 P27                0
 P18                0
 P28                0
 P19                0
 P29                0
 P110               0
 P210               0


           THETA
              P11           P21           P12           P22           P13
              ________      ________      ________      ________      ________
 P11                0
 P21                0             0
 P12                0             0             0
 P22                0             0             0             0
 P13                0             0             0             0             0
 P23                0             0             0             0             0
 P14                0             0             0             0             0
 P24                0             0             0             0             0
 P15                0             0             0             0             0
 P25                0             0             0             0             0
 P16                0             0             0             0             0
 P26                0             0             0             0             0
 P17                0             0             0             0             0
 P27                0             0             0             0             0
 P18                0             0             0             0             0
 P28                0             0             0             0             0
 P19                0             0             0             0             0
 P29                0             0             0             0             0
 P110               0             0             0             0             0
 P210               0             0             0             0             0


           THETA
              P23           P14           P24           P15           P25
              ________      ________      ________      ________      ________
 P23                0
 P14                0             0
 P24                0             0             0
 P15                0             0             0             0
 P25                0             0             0             0             0
 P16                0             0             0             0             0
 P26                0             0             0             0             0
 P17                0             0             0             0             0
 P27                0             0             0             0             0
 P18                0             0             0             0             0
 P28                0             0             0             0             0
 P19                0             0             0             0             0
 P29                0             0             0             0             0
 P110               0             0             0             0             0
 P210               0             0             0             0             0


           THETA
              P16           P26           P17           P27           P18
              ________      ________      ________      ________      ________
 P16                0
 P26                0             0
 P17                0             0             0
 P27                0             0             0             0
 P18                0             0             0             0             0
 P28                0             0             0             0             0
 P19                0             0             0             0             0
 P29                0             0             0             0             0
 P110               0             0             0             0             0
 P210               0             0             0             0             0


           THETA
              P28           P19           P29           P110          P210
              ________      ________      ________      ________      ________
 P28                0
 P19                0             0
 P29                0             0             0
 P110               0             0             0             0
 P210               0             0             0             0             0


           ALPHA
              T1            S1            S2            S3            S4
              ________      ________      ________      ________      ________
                    0             0             1             2             3


           ALPHA
              S5            S6            S7            S8            S9
              ________      ________      ________      ________      ________
                    4             5             6             7             8


           ALPHA
              S10
              ________
                    9


           BETA
              T1            S1            S2            S3            S4
              ________      ________      ________      ________      ________
 T1                 0             0             0             0             0
 S1                 0             0             0             0             0
 S2                 0             0             0             0             0
 S3                 0             0             0             0             0
 S4                 0             0             0             0             0
 S5                 0             0             0             0             0
 S6                 0             0             0             0             0
 S7                 0             0             0             0             0
 S8                 0             0             0             0             0
 S9                 0             0             0             0             0
 S10                0             0             0             0             0


           BETA
              S5            S6            S7            S8            S9
              ________      ________      ________      ________      ________
 T1                 0             0             0             0             0
 S1                 0             0             0             0             0
 S2                 0             0             0             0             0
 S3                 0             0             0             0             0
 S4                 0             0             0             0             0
 S5                 0             0             0             0             0
 S6                 0             0             0             0             0
 S7                 0             0             0             0             0
 S8                 0             0             0             0             0
 S9                 0             0             0             0             0
 S10                0             0             0             0             0


           BETA
              S10
              ________
 T1                 0
 S1                 0
 S2                 0
 S3                 0
 S4                 0
 S5                 0
 S6                 0
 S7                 0
 S8                 0
 S9                 0
 S10                0


           PSI
              T1            S1            S2            S3            S4
              ________      ________      ________      ________      ________
 T1                10
 S1                 0            11
 S2                 0             0            11
 S3                 0             0             0            11
 S4                 0             0             0             0            11
 S5                 0             0             0             0             0
 S6                 0             0             0             0             0
 S7                 0             0             0             0             0
 S8                 0             0             0             0             0
 S9                 0             0             0             0             0
 S10                0             0             0             0             0


           PSI
              S5            S6            S7            S8            S9
              ________      ________      ________      ________      ________
 S5                11
 S6                 0            11
 S7                 0             0            11
 S8                 0             0             0            11
 S9                 0             0             0             0            11
 S10                0             0             0             0             0


           PSI
              S10
              ________
 S10               11


     PARAMETER SPECIFICATION FOR THE ADDITIONAL PARAMETERS


           NEW/ADDITIONAL PARAMETERS
              CON           OCC           REL
              ________      ________      ________
                   25            26            27


     STARTING VALUES


           TAU
              P11$1         P11$2         P11$3         P11$4         P21$1
              ________      ________      ________      ________      ________
               -1.000        -0.500         0.200         1.500        -0.509


           TAU
              P21$2         P21$3         P12$1         P12$2         P12$3
              ________      ________      ________      ________      ________
                0.327         1.178        -1.109        -0.204         0.404


           TAU
              P12$4         P22$1         P22$2         P22$3         P22$4
              ________      ________      ________      ________      ________
                1.074        -1.109        -0.204         0.404         1.074


           TAU
              P13$1         P13$2         P13$3         P13$4         P23$1
              ________      ________      ________      ________      ________
               -1.109        -0.204         0.404         1.074        -1.109


           TAU
              P23$2         P23$3         P23$4         P14$1         P14$2
              ________      ________      ________      ________      ________
               -0.204         0.404         1.074        -0.866        -0.146


           TAU
              P14$3         P24$1         P24$2         P24$3         P24$4
              ________      ________      ________      ________      ________
                0.349        -1.109        -0.204         0.404         1.074


           TAU
              P15$1         P15$2         P15$3         P15$4         P25$1
              ________      ________      ________      ________      ________
               -1.109        -0.204         0.404         1.074        -1.109


           TAU
              P25$2         P25$3         P25$4         P16$1         P16$2
              ________      ________      ________      ________      ________
               -0.204         0.404         1.074        -1.109        -0.204


           TAU
              P16$3         P16$4         P26$1         P26$2         P26$3
              ________      ________      ________      ________      ________
                0.404         1.074        -1.109        -0.204         0.404


           TAU
              P26$4         P17$1         P17$2         P17$3         P17$4
              ________      ________      ________      ________      ________
                1.074        -1.109        -0.204         0.404         1.074


           TAU
              P27$1         P27$2         P27$3         P27$4         P18$1
              ________      ________      ________      ________      ________
               -1.109        -0.204         0.404         1.074        -1.109


           TAU
              P18$2         P18$3         P18$4         P28$1         P28$2
              ________      ________      ________      ________      ________
               -0.204         0.404         1.074        -1.109        -0.204


           TAU
              P28$3         P28$4         P19$1         P19$2         P19$3
              ________      ________      ________      ________      ________
                0.404         1.074        -1.109        -0.204         0.404


           TAU
              P19$4         P29$1         P29$2         P29$3         P110$1
              ________      ________      ________      ________      ________
                1.074        -0.311         0.170         0.836        -1.109


           TAU
              P110$2        P110$3        P110$4        P210$1        P210$2
              ________      ________      ________      ________      ________
               -0.204         0.404         1.074        -1.109        -0.204


           TAU
              P210$3        P210$4
              ________      ________
                0.404         1.074


           NU
              P11           P21           P12           P22           P13
              ________      ________      ________      ________      ________
                0.000         0.000         0.000         0.000         0.000


           NU
              P23           P14           P24           P15           P25
              ________      ________      ________      ________      ________
                0.000         0.000         0.000         0.000         0.000


           NU
              P16           P26           P17           P27           P18
              ________      ________      ________      ________      ________
                0.000         0.000         0.000         0.000         0.000


           NU
              P28           P19           P29           P110          P210
              ________      ________      ________      ________      ________
                0.000         0.000         0.000         0.000         0.000


           LAMBDA
              T1            S1            S2            S3            S4
              ________      ________      ________      ________      ________
 P11            1.000         1.000         0.000         0.000         0.000
 P21            1.000         1.000         0.000         0.000         0.000
 P12            1.000         0.000         1.000         0.000         0.000
 P22            1.000         0.000         1.000         0.000         0.000
 P13            1.000         0.000         0.000         1.000         0.000
 P23            1.000         0.000         0.000         1.000         0.000
 P14            1.000         0.000         0.000         0.000         1.000
 P24            1.000         0.000         0.000         0.000         1.000
 P15            1.000         0.000         0.000         0.000         0.000
 P25            1.000         0.000         0.000         0.000         0.000
 P16            1.000         0.000         0.000         0.000         0.000
 P26            1.000         0.000         0.000         0.000         0.000
 P17            1.000         0.000         0.000         0.000         0.000
 P27            1.000         0.000         0.000         0.000         0.000
 P18            1.000         0.000         0.000         0.000         0.000
 P28            1.000         0.000         0.000         0.000         0.000
 P19            1.000         0.000         0.000         0.000         0.000
 P29            1.000         0.000         0.000         0.000         0.000
 P110           1.000         0.000         0.000         0.000         0.000
 P210           1.000         0.000         0.000         0.000         0.000


           LAMBDA
              S5            S6            S7            S8            S9
              ________      ________      ________      ________      ________
 P11            0.000         0.000         0.000         0.000         0.000
 P21            0.000         0.000         0.000         0.000         0.000
 P12            0.000         0.000         0.000         0.000         0.000
 P22            0.000         0.000         0.000         0.000         0.000
 P13            0.000         0.000         0.000         0.000         0.000
 P23            0.000         0.000         0.000         0.000         0.000
 P14            0.000         0.000         0.000         0.000         0.000
 P24            0.000         0.000         0.000         0.000         0.000
 P15            1.000         0.000         0.000         0.000         0.000
 P25            1.000         0.000         0.000         0.000         0.000
 P16            0.000         1.000         0.000         0.000         0.000
 P26            0.000         1.000         0.000         0.000         0.000
 P17            0.000         0.000         1.000         0.000         0.000
 P27            0.000         0.000         1.000         0.000         0.000
 P18            0.000         0.000         0.000         1.000         0.000
 P28            0.000         0.000         0.000         1.000         0.000
 P19            0.000         0.000         0.000         0.000         1.000
 P29            0.000         0.000         0.000         0.000         1.000
 P110           0.000         0.000         0.000         0.000         0.000
 P210           0.000         0.000         0.000         0.000         0.000


           LAMBDA
              S10
              ________
 P11            0.000
 P21            0.000
 P12            0.000
 P22            0.000
 P13            0.000
 P23            0.000
 P14            0.000
 P24            0.000
 P15            0.000
 P25            0.000
 P16            0.000
 P26            0.000
 P17            0.000
 P27            0.000
 P18            0.000
 P28            0.000
 P19            0.000
 P29            0.000
 P110           1.000
 P210           1.000


           THETA
              P11           P21           P12           P22           P13
              ________      ________      ________      ________      ________
 P11            1.000
 P21            0.000         1.000
 P12            0.000         0.000         1.000
 P22            0.000         0.000         0.000         1.000
 P13            0.000         0.000         0.000         0.000         1.000
 P23            0.000         0.000         0.000         0.000         0.000
 P14            0.000         0.000         0.000         0.000         0.000
 P24            0.000         0.000         0.000         0.000         0.000
 P15            0.000         0.000         0.000         0.000         0.000
 P25            0.000         0.000         0.000         0.000         0.000
 P16            0.000         0.000         0.000         0.000         0.000
 P26            0.000         0.000         0.000         0.000         0.000
 P17            0.000         0.000         0.000         0.000         0.000
 P27            0.000         0.000         0.000         0.000         0.000
 P18            0.000         0.000         0.000         0.000         0.000
 P28            0.000         0.000         0.000         0.000         0.000
 P19            0.000         0.000         0.000         0.000         0.000
 P29            0.000         0.000         0.000         0.000         0.000
 P110           0.000         0.000         0.000         0.000         0.000
 P210           0.000         0.000         0.000         0.000         0.000


           THETA
              P23           P14           P24           P15           P25
              ________      ________      ________      ________      ________
 P23            1.000
 P14            0.000         1.000
 P24            0.000         0.000         1.000
 P15            0.000         0.000         0.000         1.000
 P25            0.000         0.000         0.000         0.000         1.000
 P16            0.000         0.000         0.000         0.000         0.000
 P26            0.000         0.000         0.000         0.000         0.000
 P17            0.000         0.000         0.000         0.000         0.000
 P27            0.000         0.000         0.000         0.000         0.000
 P18            0.000         0.000         0.000         0.000         0.000
 P28            0.000         0.000         0.000         0.000         0.000
 P19            0.000         0.000         0.000         0.000         0.000
 P29            0.000         0.000         0.000         0.000         0.000
 P110           0.000         0.000         0.000         0.000         0.000
 P210           0.000         0.000         0.000         0.000         0.000


           THETA
              P16           P26           P17           P27           P18
              ________      ________      ________      ________      ________
 P16            1.000
 P26            0.000         1.000
 P17            0.000         0.000         1.000
 P27            0.000         0.000         0.000         1.000
 P18            0.000         0.000         0.000         0.000         1.000
 P28            0.000         0.000         0.000         0.000         0.000
 P19            0.000         0.000         0.000         0.000         0.000
 P29            0.000         0.000         0.000         0.000         0.000
 P110           0.000         0.000         0.000         0.000         0.000
 P210           0.000         0.000         0.000         0.000         0.000


           THETA
              P28           P19           P29           P110          P210
              ________      ________      ________      ________      ________
 P28            1.000
 P19            0.000         1.000
 P29            0.000         0.000         1.000
 P110           0.000         0.000         0.000         1.000
 P210           0.000         0.000         0.000         0.000         1.000


           ALPHA
              T1            S1            S2            S3            S4
              ________      ________      ________      ________      ________
                0.000         0.000         0.000         0.000         0.000


           ALPHA
              S5            S6            S7            S8            S9
              ________      ________      ________      ________      ________
                0.000         0.000         0.000         0.000         0.000


           ALPHA
              S10
              ________
                0.000


           BETA
              T1            S1            S2            S3            S4
              ________      ________      ________      ________      ________
 T1             0.000         0.000         0.000         0.000         0.000
 S1             0.000         0.000         0.000         0.000         0.000
 S2             0.000         0.000         0.000         0.000         0.000
 S3             0.000         0.000         0.000         0.000         0.000
 S4             0.000         0.000         0.000         0.000         0.000
 S5             0.000         0.000         0.000         0.000         0.000
 S6             0.000         0.000         0.000         0.000         0.000
 S7             0.000         0.000         0.000         0.000         0.000
 S8             0.000         0.000         0.000         0.000         0.000
 S9             0.000         0.000         0.000         0.000         0.000
 S10            0.000         0.000         0.000         0.000         0.000


           BETA
              S5            S6            S7            S8            S9
              ________      ________      ________      ________      ________
 T1             0.000         0.000         0.000         0.000         0.000
 S1             0.000         0.000         0.000         0.000         0.000
 S2             0.000         0.000         0.000         0.000         0.000
 S3             0.000         0.000         0.000         0.000         0.000
 S4             0.000         0.000         0.000         0.000         0.000
 S5             0.000         0.000         0.000         0.000         0.000
 S6             0.000         0.000         0.000         0.000         0.000
 S7             0.000         0.000         0.000         0.000         0.000
 S8             0.000         0.000         0.000         0.000         0.000
 S9             0.000         0.000         0.000         0.000         0.000
 S10            0.000         0.000         0.000         0.000         0.000


           BETA
              S10
              ________
 T1             0.000
 S1             0.000
 S2             0.000
 S3             0.000
 S4             0.000
 S5             0.000
 S6             0.000
 S7             0.000
 S8             0.000
 S9             0.000
 S10            0.000


           PSI
              T1            S1            S2            S3            S4
              ________      ________      ________      ________      ________
 T1             1.000
 S1             0.000         1.000
 S2             0.000         0.000         1.000
 S3             0.000         0.000         0.000         1.000
 S4             0.000         0.000         0.000         0.000         1.000
 S5             0.000         0.000         0.000         0.000         0.000
 S6             0.000         0.000         0.000         0.000         0.000
 S7             0.000         0.000         0.000         0.000         0.000
 S8             0.000         0.000         0.000         0.000         0.000
 S9             0.000         0.000         0.000         0.000         0.000
 S10            0.000         0.000         0.000         0.000         0.000


           PSI
              S5            S6            S7            S8            S9
              ________      ________      ________      ________      ________
 S5             1.000
 S6             0.000         1.000
 S7             0.000         0.000         1.000
 S8             0.000         0.000         0.000         1.000
 S9             0.000         0.000         0.000         0.000         1.000
 S10            0.000         0.000         0.000         0.000         0.000


           PSI
              S10
              ________
 S10            1.000


     STARTING VALUES FOR THE ADDITIONAL PARAMETERS


           NEW/ADDITIONAL PARAMETERS
              CON           OCC           REL
              ________      ________      ________
                0.500         0.500         0.500



     PRIORS FOR ALL PARAMETERS            PRIOR MEAN      PRIOR VARIANCE     PRIOR STD. DEV.

     Parameter 1~N(0.000,infinity)           0.0000            infinity            infinity
     Parameter 2~N(0.000,infinity)           0.0000            infinity            infinity
     Parameter 3~N(0.000,infinity)           0.0000            infinity            infinity
     Parameter 4~N(0.000,infinity)           0.0000            infinity            infinity
     Parameter 5~N(0.000,infinity)           0.0000            infinity            infinity
     Parameter 6~N(0.000,infinity)           0.0000            infinity            infinity
     Parameter 7~N(0.000,infinity)           0.0000            infinity            infinity
     Parameter 8~N(0.000,infinity)           0.0000            infinity            infinity
     Parameter 9~N(0.000,infinity)           0.0000            infinity            infinity
     Parameter 10~IG(-1.000,0.000)         infinity            infinity            infinity
     Parameter 11~IG(-1.000,0.000)         infinity            infinity            infinity
     Parameter 12~N(0.000,5.000)             0.0000              5.0000              2.2361
     Parameter 13~N(0.000,5.000)             0.0000              5.0000              2.2361
     Parameter 14~N(0.000,5.000)             0.0000              5.0000              2.2361
     Parameter 15~N(0.000,5.000)             0.0000              5.0000              2.2361
     Parameter 16~N(0.000,5.000)             0.0000              5.0000              2.2361
     Parameter 17~N(0.000,5.000)             0.0000              5.0000              2.2361
     Parameter 18~N(0.000,5.000)             0.0000              5.0000              2.2361
     Parameter 19~N(0.000,5.000)             0.0000              5.0000              2.2361
     Parameter 20~N(0.000,5.000)             0.0000              5.0000              2.2361
     Parameter 21~N(0.000,5.000)             0.0000              5.0000              2.2361
     Parameter 22~N(0.000,5.000)             0.0000              5.0000              2.2361
     Parameter 23~N(0.000,5.000)             0.0000              5.0000              2.2361
     Parameter 24~N(0.000,5.000)             0.0000              5.0000              2.2361


TECHNICAL 8 OUTPUT


   TECHNICAL 8 OUTPUT FOR BAYES ESTIMATION

     CHAIN    BSEED
     1        0
     2        285380

                     POTENTIAL       PARAMETER WITH
     ITERATION    SCALE REDUCTION      HIGHEST PSR
     100              1.761               11
     200              1.651               3
     300              1.873               3
     400              1.584               3
     500              1.186               11
     600              1.156               11
     700              1.089               11
     800              1.030               6
     900              1.041               9
     1000             1.081               11
     1100             1.090               8
     1200             1.033               4
     1300             1.047               8
     1400             1.044               8
     1500             1.045               2
     1600             1.038               2
     1700             1.030               9
     1800             1.021               7
     1900             1.016               7
     2000             1.025               11
     2100             1.031               11
     2200             1.040               11
     2300             1.023               11
     2400             1.019               11
     2500             1.019               11
     2600             1.025               11
     2700             1.025               11
     2800             1.020               11
     2900             1.025               11
     3000             1.047               11
     3100             1.053               11
     3200             1.053               11
     3300             1.027               5
     3400             1.038               5
     3500             1.041               5
     3600             1.042               5
     3700             1.042               5
     3800             1.038               5
     3900             1.033               5
     4000             1.032               8
     4100             1.040               8
     4200             1.038               8
     4300             1.041               8
     4400             1.031               8
     4500             1.029               8
     4600             1.026               8
     4700             1.024               8
     4800             1.022               8
     4900             1.023               8
     5000             1.020               8
     5100             1.019               8
     5200             1.016               8
     5300             1.013               8
     5400             1.012               8
     5500             1.012               8
     5600             1.013               8
     5700             1.012               8
     5800             1.013               3
     5900             1.012               3
     6000             1.009               3
     6100             1.006               3
     6200             1.006               3
     6300             1.005               3
     6400             1.006               3
     6500             1.006               3
     6600             1.007               3
     6700             1.008               3
     6800             1.008               3
     6900             1.009               3
     7000             1.009               3
     7100             1.008               3
     7200             1.008               3
     7300             1.006               3
     7400             1.009               3
     7500             1.009               3
     7600             1.007               3
     7700             1.008               11
     7800             1.007               11
     7900             1.006               11
     8000             1.005               11
     8100             1.008               11
     8200             1.007               11
     8300             1.005               3
     8400             1.004               3
     8500             1.003               6
     8600             1.003               6
     8700             1.003               6
     8800             1.002               6
     8900             1.003               6
     9000             1.003               6
     9100             1.003               6
     9200             1.003               11
     9300             1.003               11
     9400             1.002               3
     9500             1.003               11
     9600             1.004               11
     9700             1.003               11
     9800             1.002               11
     9900             1.003               11
     10000            1.002               11
     10100            1.003               11
     10200            1.004               11
     10300            1.004               11
     10400            1.005               11
     10500            1.005               11
     10600            1.005               11
     10700            1.005               11
     10800            1.006               11
     10900            1.005               11
     11000            1.006               11
     11100            1.005               11
     11200            1.004               11
     11300            1.003               11
     11400            1.003               11
     11500            1.003               11
     11600            1.002               11
     11700            1.002               11
     11800            1.002               8
     11900            1.002               8
     12000            1.002               11
     12100            1.002               11
     12200            1.001               11
     12300            1.001               11
     12400            1.001               8
     12500            1.001               8
     12600            1.001               11
     12700            1.001               11
     12800            1.001               4
     12900            1.002               4
     13000            1.002               4
     13100            1.002               4
     13200            1.002               4
     13300            1.001               4
     13400            1.001               5
     13500            1.001               5
     13600            1.001               5
     13700            1.002               5
     13800            1.002               5
     13900            1.002               5
     14000            1.002               5
     14100            1.002               5
     14200            1.002               5
     14300            1.002               5
     14400            1.002               5
     14500            1.003               5
     14600            1.003               1
     14700            1.003               1
     14800            1.004               1
     14900            1.003               1
     15000            1.003               5
     15100            1.003               5
     15200            1.003               5
     15300            1.003               1
     15400            1.002               5
     15500            1.002               5
     15600            1.002               5
     15700            1.002               5
     15800            1.003               5
     15900            1.003               5
     16000            1.003               5
     16100            1.003               5
     16200            1.003               5
     16300            1.003               5
     16400            1.002               5
     16500            1.002               5
     16600            1.002               5
     16700            1.002               23
     16800            1.001               23
     16900            1.002               8
     17000            1.002               8
     17100            1.002               8
     17200            1.002               8
     17300            1.002               8
     17400            1.003               8
     17500            1.003               8
     17600            1.003               8
     17700            1.003               8
     17800            1.003               8
     17900            1.003               8
     18000            1.004               8
     18100            1.004               8
     18200            1.005               8
     18300            1.005               8
     18400            1.004               8
     18500            1.004               8
     18600            1.004               8
     18700            1.004               8
     18800            1.004               8
     18900            1.004               8
     19000            1.003               8
     19100            1.004               8
     19200            1.004               8
     19300            1.004               8
     19400            1.004               8
     19500            1.004               8
     19600            1.004               8
     19700            1.004               8
     19800            1.004               8
     19900            1.004               8
     20000            1.004               8


PLOT INFORMATION

The following plots are available:

  Sample proportions and estimated probabilities
  Bayesian posterior parameter distributions
  Bayesian posterior parameter trace plots
  Bayesian autocorrelation plots
  Bayesian prior parameter distributions
  Bayesian posterior predictive checking scatterplots
  Bayesian posterior predictive checking distribution plots

     Beginning Time:  12:38:36
        Ending Time:  12:40:40
       Elapsed Time:  00:02:04



MUTHEN & MUTHEN
3463 Stoner Ave.
Los Angeles, CA  90066

Tel: (310) 391-9971
Fax: (310) 391-8971
Web: www.StatModel.com
Support: Support@StatModel.com

Copyright (c) 1998-2024 Muthen & Muthen
