Mplus VERSION 8.11 (Mac)
MUTHEN & MUTHEN
05/05/2025   2:10 PM

INPUT INSTRUCTIONS

  DATA:

  File is laac2_wide.dat;

  VARIABLE:

  NAMES =   subject task
  Y1_1    Y1_10   Y1_2    Y1_3    Y1_4    Y1_5    Y1_6
  Y1_7    Y1_8    Y1_9    Y10_1   Y10_10  Y10_2   Y10_3   Y10_4   Y10_5
  Y10_6   Y10_7   Y10_8   Y10_9   Y11_1   Y11_10  Y11_2   Y11_3   Y11_4
  Y11_5   Y11_6   Y11_7   Y11_8   Y11_9   Y12_1   Y12_10  Y12_2   Y12_3
  Y12_4   Y12_5   Y12_6   Y12_7   Y12_8   Y12_9   Y2_1    Y2_10   Y2_2
  Y2_3    Y2_4    Y2_5    Y2_6    Y2_7    Y2_8    Y2_9    Y3_1    Y3_10
  Y3_2    Y3_3    Y3_4    Y3_5    Y3_6    Y3_7    Y3_8    Y3_9    Y4_1
  Y4_10   Y4_2    Y4_3    Y4_4    Y4_5    Y4_6    Y4_7    Y4_8    Y4_9
  Y5_1    Y5_10   Y5_2    Y5_3    Y5_4    Y5_5    Y5_6    Y5_7    Y5_8
  Y5_9    Y6_1    Y6_10   Y6_2    Y6_3    Y6_4    Y6_5    Y6_6    Y6_7
  Y6_8    Y6_9    Y7_1    Y7_10   Y7_2    Y7_3    Y7_4    Y7_5    Y7_6
  Y7_7    Y7_8    Y7_9    Y8_1    Y8_10   Y8_2    Y8_3    Y8_4    Y8_5
  Y8_6    Y8_7    Y8_8    Y8_9    Y9_1    Y9_10   Y9_2    Y9_3    Y9_4
  Y9_5    Y9_6    Y9_7    Y9_8    Y9_9;


  USEVARIABLES =   !P11 P21 P12 P22 P13 P23 P14 P24
  	       !P15 P25 P16 P26
  	       P17 P27 P18 P28 P19 P29
  	       P110 P210 ;
  	
  Categ =   !P11 P21 P12 P22 P13 P23 P14 P24
  	      ! P15 P25 P16 P26
  	P17 P27 P18 P28 P19 P29
  	       P110 P210 ;
  	

  Missing = All(-99);	

  useobservations are (task EQ 1);

  ! "'attention'=1;'communication'=2;'reasoning'=3;'visible_food'=4;
  !'population'=5;'inhibit_searched'=6"

  DEFINE:

  P17 =  Y1_7 + Y3_7 + Y5_7 + Y7_7 + Y9_7 + Y11_7;
  P27 =  Y2_7 + Y4_7 + Y6_7 + Y8_7 + Y10_7 + Y12_7;

  P18 =  Y1_8 + Y3_8 + Y5_8 + Y7_8 + Y9_8 + Y11_8;
  P28 =  Y2_8 + Y4_8 + Y6_8 + Y8_8 + Y10_8 + Y12_8;

  P19 =  Y1_9 + Y3_9 + Y5_9 + Y7_9 + Y9_9 + Y11_9;
  P29 =  Y2_9 + Y4_9 + Y6_9 + Y8_9 + Y10_9 + Y12_9;

  P110 =  Y1_10 + Y3_10 + Y5_10 + Y7_10 + Y9_10 + Y11_10;
  P210 =  Y2_10 + Y4_10 + Y6_10 + Y8_10 + Y10_10 + Y12_10;



  IF (P17==0) THEN P17=2;
  IF (P27==0) THEN P27=2;
  IF (P18==0) THEN P18=2;
  IF (P28==0) THEN P28=2;
  IF (P19==0) THEN P19=2;
  IF (P29==0) THEN P29=2;
  IF (P110==0) THEN P110=2;
  IF (P210==0) THEN P210=2;


  IF (P17==1) THEN P17=2;
  IF (P27==1) THEN P27=2;
  IF (P18==1) THEN P18=2;
  IF (P28==1) THEN P28=2;
  IF (P19==1) THEN P19=2;
  IF (P29==1) THEN P29=2;
  IF (P110==1) THEN P110=2;
  IF (P210==1) THEN P210=2;


  ANALYSIS:

  	ESTIMATOR = Bayes;
  	Biter=(20000);
  	Thin=10;
  	Bconvergence = .005;	
  	!fbiter = 10000;

  	
  MODEL:


  T by !P11@1 P21@1
  	!P12@1 P22@1
  	!P13@1 P23@1
  	!P14@1 P24@1
  	!P15@1 P25@1 !;
  !T2 by	
  	!P16@1 P26@1
  	P17@1 P27@1
  	P18@1 P28@1
  	P19@1 P29@1
  	P110@1 P210@1;

  !S1 by P11@1 P21@1;
  !S2 by P12@1 P22@1;
  !S3 by P13@1 P23@1;
  !S4 by P14@1 P24@1;
  !S5 by P15@1 P25@1;
  !S6 by P16@1 P26@1;
  S7 by P17@1 P27@1;
  S8 by P18@1 P28@1;
  S9 by P19@1 P29@1;
  S10 by P110@1 P210@1;

  	
  [S7@0];
  [T@0];
  ![T2];

  [S8-S10];

  S7 - S10 (varS);
  T (varT);

  S7-S10 with S7-S10@0;
  !T1-T2 with S1-S10@0;
  T with S7-S10@0;



  [P17$1] (tau1);
  [P17$2] (tau2);
  [P17$3] (tau3);
  [P17$4] (tau4);
  ![P17$5] (tau5);

  [P27$1] (tau1);
  [P27$2] (tau2);
  [P27$3] (tau3);
  [P27$4] (tau4);
  ![P27$5] (tau5);

  [P18$1] (tau1);
  [P18$2] (tau2);
  [P18$3] (tau3);
  [P18$4] (tau4);
  ![P18$5] (tau5);


  [P28$1] (tau1);
  [P28$2] (tau2);
  [P28$3] (tau3);
  [P28$4] (tau4);
  ![P28$5] (tau5);

  [P19$1] (tau1);
  [P19$2] (tau2);
  [P19$3] (tau3);
  [P19$4] (tau4);
  ![P19$5] (tau5);

  ![P29$1] (tau1);
  ![P29$2] (tau2);
  ![P29$3] (tau3);
  ![P29$4] (tau4);
  ![P29$5] (tau5);

  [P110$1] (tau1);
  [P110$2] (tau2);
  [P110$3] (tau3);
  [P110$4] (tau4);
  ![P110$5] (tau5);

  [P210$1] (tau1);
  [P210$2] (tau2);
  [P210$3] (tau3);
  [P210$4] (tau4);
  ![P210$5] (tau5);

  Model constraint:

  NEW(con occ rel);
  con = varT / (varT + varS);
  occ = varS /(varT + varS);
  rel = (varS + varT ) / (varS + varT + 1);


  Output: stdyx tech8;
  !PLOT:   TYPE = PLOT2;
  	



*** WARNING
  Data set contains cases with missing on all variables.
  These cases were not included in the analysis.
  Number of cases with missing on all variables:  2
   1 WARNING(S) FOUND IN THE INPUT INSTRUCTIONS




SUMMARY OF ANALYSIS

Number of groups                                                 1
Number of observations                                          43

Number of dependent variables                                    8
Number of independent variables                                  0
Number of continuous latent variables                            5

Observed dependent variables

  Binary and ordered categorical (ordinal)
   P17         P27         P18         P28         P19         P29
   P110        P210

Continuous latent variables
   T           S7          S8          S9          S10


Estimator                                                    BAYES
Specifications for Bayesian Estimation
  Point estimate                                            MEDIAN
  Number of Markov chain Monte Carlo (MCMC) chains               2
  Random seed for the first chain                                0
  Starting value information                           UNPERTURBED
  Algorithm used for Markov chain Monte Carlo           GIBBS(PX1)
  Convergence criterion                                  0.500D-02
  Maximum number of iterations                               50000
  K-th iteration used for thinning                              10
Link                                                        PROBIT

Input data file(s)
  laac2_wide.dat
Input data format  FREE


SUMMARY OF DATA



COVARIANCE COVERAGE OF DATA

Minimum covariance coverage value   0.100

     Number of missing data patterns            12


     PROPORTION OF DATA PRESENT


           Covariance Coverage
              P17           P27           P18           P28           P19
              ________      ________      ________      ________      ________
 P17            0.721
 P27            0.721         0.721
 P18            0.581         0.581         0.744
 P28            0.581         0.581         0.744         0.744
 P19            0.628         0.628         0.535         0.535         0.767
 P29            0.628         0.628         0.535         0.535         0.767
 P110           0.605         0.605         0.581         0.581         0.605
 P210           0.605         0.605         0.581         0.581         0.605


           Covariance Coverage
              P29           P110          P210
              ________      ________      ________
 P29            0.767
 P110           0.605         0.721
 P210           0.605         0.721         0.721


UNIVARIATE PROPORTIONS AND COUNTS FOR CATEGORICAL VARIABLES

    P17
      Category 1    0.065            2.000
      Category 2    0.226            7.000
      Category 3    0.355           11.000
      Category 4    0.194            6.000
      Category 5    0.161            5.000
    P27
      Category 1    0.065            2.000
      Category 2    0.323           10.000
      Category 3    0.161            5.000
      Category 4    0.226            7.000
      Category 5    0.226            7.000
    P18
      Category 1    0.094            3.000
      Category 2    0.281            9.000
      Category 3    0.250            8.000
      Category 4    0.156            5.000
      Category 5    0.219            7.000
    P28
      Category 1    0.094            3.000
      Category 2    0.219            7.000
      Category 3    0.250            8.000
      Category 4    0.219            7.000
      Category 5    0.219            7.000
    P19
      Category 1    0.061            2.000
      Category 2    0.212            7.000
      Category 3    0.152            5.000
      Category 4    0.212            7.000
      Category 5    0.364           12.000
    P29
      Category 1    0.364           12.000
      Category 2    0.212            7.000
      Category 3    0.242            8.000
      Category 4    0.182            6.000
    P110
      Category 1    0.032            1.000
      Category 2    0.226            7.000
      Category 3    0.290            9.000
      Category 4    0.258            8.000
      Category 5    0.194            6.000
    P210
      Category 1    0.161            5.000
      Category 2    0.129            4.000
      Category 3    0.194            6.000
      Category 4    0.161            5.000
      Category 5    0.355           11.000



THE MODEL ESTIMATION TERMINATED NORMALLY

     USE THE FBITERATIONS OPTION TO INCREASE THE NUMBER OF ITERATIONS BY A FACTOR
     OF AT LEAST TWO TO CHECK CONVERGENCE AND THAT THE PSR VALUE DOES NOT INCREASE.



MODEL FIT INFORMATION

Number of Free Parameters                              12

Bayesian Posterior Predictive Checking using Chi-Square

          95% Confidence Interval for the Difference Between
          the Observed and the Replicated Chi-Square Values

                                -32.072            24.271

          Posterior Predictive P-Value              0.606



MODEL RESULTS

                                Posterior  One-Tailed         95% C.I.
                    Estimate       S.D.      P-Value   Lower 2.5%  Upper 2.5%  Significance

 T        BY
    P17                1.000       0.000      0.000       1.000       1.000
    P27                1.000       0.000      0.000       1.000       1.000
    P18                1.000       0.000      0.000       1.000       1.000
    P28                1.000       0.000      0.000       1.000       1.000
    P19                1.000       0.000      0.000       1.000       1.000
    P29                1.000       0.000      0.000       1.000       1.000
    P110               1.000       0.000      0.000       1.000       1.000
    P210               1.000       0.000      0.000       1.000       1.000

 S7       BY
    P17                1.000       0.000      0.000       1.000       1.000
    P27                1.000       0.000      0.000       1.000       1.000

 S8       BY
    P18                1.000       0.000      0.000       1.000       1.000
    P28                1.000       0.000      0.000       1.000       1.000

 S9       BY
    P19                1.000       0.000      0.000       1.000       1.000
    P29                1.000       0.000      0.000       1.000       1.000

 S10      BY
    P110               1.000       0.000      0.000       1.000       1.000
    P210               1.000       0.000      0.000       1.000       1.000

 S7       WITH
    S8                 0.000       0.000      1.000       0.000       0.000
    S9                 0.000       0.000      1.000       0.000       0.000
    S10                0.000       0.000      1.000       0.000       0.000
    T                  0.000       0.000      1.000       0.000       0.000

 S8       WITH
    S9                 0.000       0.000      1.000       0.000       0.000
    S10                0.000       0.000      1.000       0.000       0.000
    T                  0.000       0.000      1.000       0.000       0.000

 S9       WITH
    S10                0.000       0.000      1.000       0.000       0.000
    T                  0.000       0.000      1.000       0.000       0.000

 S10      WITH
    T                  0.000       0.000      1.000       0.000       0.000

 Means
    T                  0.000       0.000      1.000       0.000       0.000
    S7                 0.000       0.000      1.000       0.000       0.000
    S8                 0.232       0.246      0.170      -0.255       0.715
    S9                 0.477       0.285      0.044      -0.070       1.039
    S10                0.271       0.246      0.130      -0.205       0.760

 Thresholds
    P17$1             -1.929       0.320      0.000      -2.622      -1.359      *
    P17$2             -0.599       0.283      0.013      -1.197      -0.077      *
    P17$3              0.422       0.278      0.063      -0.149       0.952
    P17$4              1.415       0.293      0.000       0.846       2.000      *
    P27$1             -1.929       0.320      0.000      -2.622      -1.359      *
    P27$2             -0.599       0.283      0.013      -1.197      -0.077      *
    P27$3              0.422       0.278      0.063      -0.149       0.952
    P27$4              1.415       0.293      0.000       0.846       2.000      *
    P18$1             -1.929       0.320      0.000      -2.622      -1.359      *
    P18$2             -0.599       0.283      0.013      -1.197      -0.077      *
    P18$3              0.422       0.278      0.063      -0.149       0.952
    P18$4              1.415       0.293      0.000       0.846       2.000      *
    P28$1             -1.929       0.320      0.000      -2.622      -1.359      *
    P28$2             -0.599       0.283      0.013      -1.197      -0.077      *
    P28$3              0.422       0.278      0.063      -0.149       0.952
    P28$4              1.415       0.293      0.000       0.846       2.000      *
    P19$1             -1.929       0.320      0.000      -2.622      -1.359      *
    P19$2             -0.599       0.283      0.013      -1.197      -0.077      *
    P19$3              0.422       0.278      0.063      -0.149       0.952
    P19$4              1.415       0.293      0.000       0.846       2.000      *
    P29$1             -0.034       0.422      0.469      -0.885       0.777
    P29$2              0.937       0.426      0.015       0.102       1.783      *
    P29$3              2.278       0.482      0.000       1.352       3.255      *
    P110$1            -1.929       0.320      0.000      -2.622      -1.359      *
    P110$2            -0.599       0.283      0.013      -1.197      -0.077      *
    P110$3             0.422       0.278      0.063      -0.149       0.952
    P110$4             1.415       0.293      0.000       0.846       2.000      *
    P210$1            -1.929       0.320      0.000      -2.622      -1.359      *
    P210$2            -0.599       0.283      0.013      -1.197      -0.077      *
    P210$3             0.422       0.278      0.063      -0.149       0.952
    P210$4             1.415       0.293      0.000       0.846       2.000      *

 Variances
    T                  1.723       0.617      0.000       0.916       3.313      *
    S7                 0.228       0.172      0.000       0.023       0.663      *
    S8                 0.228       0.172      0.000       0.023       0.663      *
    S9                 0.228       0.172      0.000       0.023       0.663      *
    S10                0.228       0.172      0.000       0.023       0.663      *

New/Additional Parameters
    CON                0.887       0.076      0.000       0.700       0.987      *
    OCC                0.113       0.076      0.000       0.013       0.300      *
    REL                0.664       0.068      0.000       0.521       0.786      *


STANDARDIZED MODEL RESULTS


STDYX Standardization

                                Posterior  One-Tailed         95% C.I.
                    Estimate       S.D.      P-Value   Lower 2.5%  Upper 2.5%  Significance
 T        BY
    P17                0.762       0.052      0.000       0.648       0.852      *
    P27                0.762       0.052      0.000       0.648       0.852      *
    P18                0.762       0.052      0.000       0.648       0.852      *
    P28                0.762       0.052      0.000       0.648       0.852      *
    P19                0.762       0.052      0.000       0.648       0.852      *
    P29                0.762       0.052      0.000       0.648       0.852      *
    P110               0.762       0.052      0.000       0.648       0.852      *
    P210               0.762       0.052      0.000       0.648       0.852      *

 S7       BY
    P17                0.274       0.091      0.000       0.092       0.446      *
    P27                0.274       0.091      0.000       0.092       0.446      *

 S8       BY
    P18                0.274       0.091      0.000       0.092       0.446      *
    P28                0.274       0.091      0.000       0.092       0.446      *

 S9       BY
    P19                0.274       0.091      0.000       0.092       0.446      *
    P29                0.274       0.091      0.000       0.092       0.446      *

 S10      BY
    P110               0.274       0.091      0.000       0.092       0.446      *
    P210               0.274       0.091      0.000       0.092       0.446      *

 S7       WITH
    S8                 0.000       0.000      1.000       0.000       0.000
    S9                 0.000       0.000      1.000       0.000       0.000
    S10                0.000       0.000      1.000       0.000       0.000
    T                  0.000       0.000      1.000       0.000       0.000

 S8       WITH
    S9                 0.000       0.000      1.000       0.000       0.000
    S10                0.000       0.000      1.000       0.000       0.000
    T                  0.000       0.000      1.000       0.000       0.000

 S9       WITH
    S10                0.000       0.000      1.000       0.000       0.000
    T                  0.000       0.000      1.000       0.000       0.000

 S10      WITH
    T                  0.000       0.000      1.000       0.000       0.000

 Means
    T                  0.000       0.000      1.000       0.000       0.000
    S7                 0.000       0.000      1.000       0.000       0.000
    S8                 0.505       0.746      0.170      -0.542       2.242
    S9                 1.030       0.982      0.044      -0.148       3.580
    S10                0.595       0.780      0.130      -0.447       2.353

 Thresholds
    P17$1             -1.120       0.190      0.000      -1.508      -0.760      *
    P17$2             -0.348       0.160      0.013      -0.677      -0.043      *
    P17$3              0.245       0.159      0.063      -0.083       0.548
    P17$4              0.823       0.173      0.000       0.467       1.151      *
    P27$1             -1.120       0.190      0.000      -1.508      -0.760      *
    P27$2             -0.348       0.160      0.013      -0.677      -0.043      *
    P27$3              0.245       0.159      0.063      -0.083       0.548
    P27$4              0.823       0.173      0.000       0.467       1.151      *
    P18$1             -1.120       0.190      0.000      -1.508      -0.760      *
    P18$2             -0.348       0.160      0.013      -0.677      -0.043      *
    P18$3              0.245       0.159      0.063      -0.083       0.548
    P18$4              0.823       0.173      0.000       0.467       1.151      *
    P28$1             -1.120       0.190      0.000      -1.508      -0.760      *
    P28$2             -0.348       0.160      0.013      -0.677      -0.043      *
    P28$3              0.245       0.159      0.063      -0.083       0.548
    P28$4              0.823       0.173      0.000       0.467       1.151      *
    P19$1             -1.120       0.190      0.000      -1.508      -0.760      *
    P19$2             -0.348       0.160      0.013      -0.677      -0.043      *
    P19$3              0.245       0.159      0.063      -0.083       0.548
    P19$4              0.823       0.173      0.000       0.467       1.151      *
    P29$1             -0.020       0.242      0.469      -0.507       0.448
    P29$2              0.541       0.247      0.015       0.057       1.037      *
    P29$3              1.313       0.283      0.000       0.773       1.885      *
    P110$1            -1.120       0.190      0.000      -1.508      -0.760      *
    P110$2            -0.348       0.160      0.013      -0.677      -0.043      *
    P110$3             0.245       0.159      0.063      -0.083       0.548
    P110$4             0.823       0.173      0.000       0.467       1.151      *
    P210$1            -1.120       0.190      0.000      -1.508      -0.760      *
    P210$2            -0.348       0.160      0.013      -0.677      -0.043      *
    P210$3             0.245       0.159      0.063      -0.083       0.548
    P210$4             0.823       0.173      0.000       0.467       1.151      *

 Variances
    T                  1.000       0.000      0.000       1.000       1.000
    S7                 1.000       0.000      0.000       1.000       1.000
    S8                 1.000       0.000      0.000       1.000       1.000
    S9                 1.000       0.000      0.000       1.000       1.000
    S10                1.000       0.000      0.000       1.000       1.000


R-SQUARE

                                Posterior  One-Tailed         95% C.I.
    Variable        Estimate       S.D.      P-Value   Lower 2.5%  Upper 2.5%

    P17                0.664       0.068      0.000       0.521       0.786
    P27                0.664       0.068      0.000       0.521       0.786
    P18                0.664       0.068      0.000       0.521       0.786
    P28                0.664       0.068      0.000       0.521       0.786
    P19                0.664       0.068      0.000       0.521       0.786
    P29                0.664       0.068      0.000       0.521       0.786
    P110               0.664       0.068      0.000       0.521       0.786
    P210               0.664       0.068      0.000       0.521       0.786


TECHNICAL 1 OUTPUT


     PARAMETER SPECIFICATION


           TAU
              P17$1         P17$2         P17$3         P17$4         P27$1
              ________      ________      ________      ________      ________
                    6             7             8             9             6


           TAU
              P27$2         P27$3         P27$4         P18$1         P18$2
              ________      ________      ________      ________      ________
                    7             8             9             6             7


           TAU
              P18$3         P18$4         P28$1         P28$2         P28$3
              ________      ________      ________      ________      ________
                    8             9             6             7             8


           TAU
              P28$4         P19$1         P19$2         P19$3         P19$4
              ________      ________      ________      ________      ________
                    9             6             7             8             9


           TAU
              P29$1         P29$2         P29$3         P110$1        P110$2
              ________      ________      ________      ________      ________
                   10            11            12             6             7


           TAU
              P110$3        P110$4        P210$1        P210$2        P210$3
              ________      ________      ________      ________      ________
                    8             9             6             7             8


           TAU
              P210$4
              ________
                    9


           NU
              P17           P27           P18           P28           P19
              ________      ________      ________      ________      ________
                    0             0             0             0             0


           NU
              P29           P110          P210
              ________      ________      ________
                    0             0             0


           LAMBDA
              T             S7            S8            S9            S10
              ________      ________      ________      ________      ________
 P17                0             0             0             0             0
 P27                0             0             0             0             0
 P18                0             0             0             0             0
 P28                0             0             0             0             0
 P19                0             0             0             0             0
 P29                0             0             0             0             0
 P110               0             0             0             0             0
 P210               0             0             0             0             0


           THETA
              P17           P27           P18           P28           P19
              ________      ________      ________      ________      ________
 P17                0
 P27                0             0
 P18                0             0             0
 P28                0             0             0             0
 P19                0             0             0             0             0
 P29                0             0             0             0             0
 P110               0             0             0             0             0
 P210               0             0             0             0             0


           THETA
              P29           P110          P210
              ________      ________      ________
 P29                0
 P110               0             0
 P210               0             0             0


           ALPHA
              T             S7            S8            S9            S10
              ________      ________      ________      ________      ________
                    0             0             1             2             3


           BETA
              T             S7            S8            S9            S10
              ________      ________      ________      ________      ________
 T                  0             0             0             0             0
 S7                 0             0             0             0             0
 S8                 0             0             0             0             0
 S9                 0             0             0             0             0
 S10                0             0             0             0             0


           PSI
              T             S7            S8            S9            S10
              ________      ________      ________      ________      ________
 T                  4
 S7                 0             5
 S8                 0             0             5
 S9                 0             0             0             5
 S10                0             0             0             0             5


     PARAMETER SPECIFICATION FOR THE ADDITIONAL PARAMETERS


           NEW/ADDITIONAL PARAMETERS
              CON           OCC           REL
              ________      ________      ________
                   13            14            15


     STARTING VALUES


           TAU
              P17$1         P17$2         P17$3         P17$4         P27$1
              ________      ________      ________      ________      ________
               -1.403        -0.443         0.109         0.636        -1.403


           TAU
              P27$2         P27$3         P27$4         P18$1         P18$2
              ________      ________      ________      ________      ________
               -0.443         0.109         0.636        -1.403        -0.443


           TAU
              P18$3         P18$4         P28$1         P28$2         P28$3
              ________      ________      ________      ________      ________
                0.109         0.636        -1.403        -0.443         0.109


           TAU
              P28$4         P19$1         P19$2         P19$3         P19$4
              ________      ________      ________      ________      ________
                0.636        -1.403        -0.443         0.109         0.636


           TAU
              P29$1         P29$2         P29$3         P110$1        P110$2
              ________      ________      ________      ________      ________
               -0.311         0.170         0.836        -1.403        -0.443


           TAU
              P110$3        P110$4        P210$1        P210$2        P210$3
              ________      ________      ________      ________      ________
                0.109         0.636        -1.403        -0.443         0.109


           TAU
              P210$4
              ________
                0.636


           NU
              P17           P27           P18           P28           P19
              ________      ________      ________      ________      ________
                0.000         0.000         0.000         0.000         0.000


           NU
              P29           P110          P210
              ________      ________      ________
                0.000         0.000         0.000


           LAMBDA
              T             S7            S8            S9            S10
              ________      ________      ________      ________      ________
 P17            1.000         1.000         0.000         0.000         0.000
 P27            1.000         1.000         0.000         0.000         0.000
 P18            1.000         0.000         1.000         0.000         0.000
 P28            1.000         0.000         1.000         0.000         0.000
 P19            1.000         0.000         0.000         1.000         0.000
 P29            1.000         0.000         0.000         1.000         0.000
 P110           1.000         0.000         0.000         0.000         1.000
 P210           1.000         0.000         0.000         0.000         1.000


           THETA
              P17           P27           P18           P28           P19
              ________      ________      ________      ________      ________
 P17            1.000
 P27            0.000         1.000
 P18            0.000         0.000         1.000
 P28            0.000         0.000         0.000         1.000
 P19            0.000         0.000         0.000         0.000         1.000
 P29            0.000         0.000         0.000         0.000         0.000
 P110           0.000         0.000         0.000         0.000         0.000
 P210           0.000         0.000         0.000         0.000         0.000


           THETA
              P29           P110          P210
              ________      ________      ________
 P29            1.000
 P110           0.000         1.000
 P210           0.000         0.000         1.000


           ALPHA
              T             S7            S8            S9            S10
              ________      ________      ________      ________      ________
                0.000         0.000         0.000         0.000         0.000


           BETA
              T             S7            S8            S9            S10
              ________      ________      ________      ________      ________
 T              0.000         0.000         0.000         0.000         0.000
 S7             0.000         0.000         0.000         0.000         0.000
 S8             0.000         0.000         0.000         0.000         0.000
 S9             0.000         0.000         0.000         0.000         0.000
 S10            0.000         0.000         0.000         0.000         0.000


           PSI
              T             S7            S8            S9            S10
              ________      ________      ________      ________      ________
 T              1.000
 S7             0.000         1.000
 S8             0.000         0.000         1.000
 S9             0.000         0.000         0.000         1.000
 S10            0.000         0.000         0.000         0.000         1.000


     STARTING VALUES FOR THE ADDITIONAL PARAMETERS


           NEW/ADDITIONAL PARAMETERS
              CON           OCC           REL
              ________      ________      ________
                0.500         0.500         0.500



     PRIORS FOR ALL PARAMETERS            PRIOR MEAN      PRIOR VARIANCE     PRIOR STD. DEV.

     Parameter 1~N(0.000,infinity)           0.0000            infinity            infinity
     Parameter 2~N(0.000,infinity)           0.0000            infinity            infinity
     Parameter 3~N(0.000,infinity)           0.0000            infinity            infinity
     Parameter 4~IG(-1.000,0.000)          infinity            infinity            infinity
     Parameter 5~IG(-1.000,0.000)          infinity            infinity            infinity
     Parameter 6~N(0.000,5.000)              0.0000              5.0000              2.2361
     Parameter 7~N(0.000,5.000)              0.0000              5.0000              2.2361
     Parameter 8~N(0.000,5.000)              0.0000              5.0000              2.2361
     Parameter 9~N(0.000,5.000)              0.0000              5.0000              2.2361
     Parameter 10~N(0.000,5.000)             0.0000              5.0000              2.2361
     Parameter 11~N(0.000,5.000)             0.0000              5.0000              2.2361
     Parameter 12~N(0.000,5.000)             0.0000              5.0000              2.2361


TECHNICAL 8 OUTPUT


   TECHNICAL 8 OUTPUT FOR BAYES ESTIMATION

     CHAIN    BSEED
     1        0
     2        285380

                     POTENTIAL       PARAMETER WITH
     ITERATION    SCALE REDUCTION      HIGHEST PSR
     100              1.401               7
     200              1.137               2
     300              1.038               7
     400              1.012               7
     500              1.054               5
     600              1.033               5
     700              1.077               7
     800              1.050               8
     900              1.066               9
     1000             1.076               9
     1100             1.125               9
     1200             1.195               9
     1300             1.193               8
     1400             1.078               8
     1500             1.101               8
     1600             1.081               7
     1700             1.049               7
     1800             1.033               5
     1900             1.036               7
     2000             1.025               7
     2100             1.025               8
     2200             1.042               8
     2300             1.023               8
     2400             1.019               7
     2500             1.021               7
     2600             1.023               8
     2700             1.032               8
     2800             1.048               8
     2900             1.028               8
     3000             1.025               8
     3100             1.041               8
     3200             1.039               8
     3300             1.042               8
     3400             1.045               8
     3500             1.039               8
     3600             1.027               8
     3700             1.019               8
     3800             1.012               8
     3900             1.012               8
     4000             1.006               8
     4100             1.012               6
     4200             1.009               6
     4300             1.009               5
     4400             1.012               5
     4500             1.010               5
     4600             1.010               5
     4700             1.007               5
     4800             1.003               12
     4900             1.005               12
     5000             1.007               11
     5100             1.007               11
     5200             1.004               9
     5300             1.007               9
     5400             1.008               9
     5500             1.013               8
     5600             1.014               8
     5700             1.015               8
     5800             1.024               8
     5900             1.022               8
     6000             1.025               8
     6100             1.027               8
     6200             1.028               8
     6300             1.029               8
     6400             1.032               8
     6500             1.029               8
     6600             1.026               8
     6700             1.021               8
     6800             1.017               8
     6900             1.013               8
     7000             1.014               8
     7100             1.013               8
     7200             1.016               8
     7300             1.013               8
     7400             1.009               8
     7500             1.006               8
     7600             1.005               8
     7700             1.004               8
     7800             1.006               8
     7900             1.006               8
     8000             1.005               8
     8100             1.005               8
     8200             1.005               8
     8300             1.006               8
     8400             1.006               8
     8500             1.006               8
     8600             1.006               8
     8700             1.005               7
     8800             1.005               7
     8900             1.007               8
     9000             1.008               8
     9100             1.006               7
     9200             1.005               10
     9300             1.006               10
     9400             1.005               10
     9500             1.006               10
     9600             1.005               10
     9700             1.004               10
     9800             1.004               10
     9900             1.006               8
     10000            1.006               8
     10100            1.007               8
     10200            1.008               8
     10300            1.009               8
     10400            1.010               8
     10500            1.010               8
     10600            1.011               8
     10700            1.011               8
     10800            1.010               8
     10900            1.009               7
     11000            1.009               8
     11100            1.008               8
     11200            1.008               8
     11300            1.007               8
     11400            1.006               8
     11500            1.005               8
     11600            1.005               8
     11700            1.004               8
     11800            1.002               8
     11900            1.002               10
     12000            1.002               7
     12100            1.003               7
     12200            1.004               8
     12300            1.004               8
     12400            1.002               8
     12500            1.001               9
     12600            1.001               9
     12700            1.001               9
     12800            1.001               9
     12900            1.001               9
     13000            1.001               9
     13100            1.002               9
     13200            1.002               9
     13300            1.003               9
     13400            1.001               9
     13500            1.001               9
     13600            1.002               9
     13700            1.001               9
     13800            1.002               8
     13900            1.002               8
     14000            1.001               8
     14100            1.002               8
     14200            1.001               8
     14300            1.001               9
     14400            1.001               8
     14500            1.001               9
     14600            1.001               8
     14700            1.001               8
     14800            1.001               8
     14900            1.002               8
     15000            1.003               8
     15100            1.002               8
     15200            1.002               8
     15300            1.002               8
     15400            1.002               8
     15500            1.002               8
     15600            1.002               8
     15700            1.002               9
     15800            1.003               8
     15900            1.002               8
     16000            1.002               8
     16100            1.001               9
     16200            1.001               9
     16300            1.001               9
     16400            1.001               9
     16500            1.000               5
     16600            1.000               5
     16700            1.000               5
     16800            1.001               5
     16900            1.000               5
     17000            1.001               5
     17100            1.001               5
     17200            1.001               5
     17300            1.001               5
     17400            1.001               5
     17500            1.001               5
     17600            1.001               5
     17700            1.001               5
     17800            1.001               5
     17900            1.001               5
     18000            1.001               5
     18100            1.001               5
     18200            1.001               5
     18300            1.001               5
     18400            1.001               5
     18500            1.001               5
     18600            1.001               5
     18700            1.001               5
     18800            1.002               5
     18900            1.002               5
     19000            1.002               5
     19100            1.003               5
     19200            1.003               5
     19300            1.002               5
     19400            1.002               5
     19500            1.002               5
     19600            1.002               7
     19700            1.003               7
     19800            1.003               7
     19900            1.003               7
     20000            1.003               7


     Beginning Time:  14:10:46
        Ending Time:  14:11:30
       Elapsed Time:  00:00:44



MUTHEN & MUTHEN
3463 Stoner Ave.
Los Angeles, CA  90066

Tel: (310) 391-9971
Fax: (310) 391-8971
Web: www.StatModel.com
Support: Support@StatModel.com

Copyright (c) 1998-2024 Muthen & Muthen
