Mplus VERSION 8.10 (Mac)
MUTHEN & MUTHEN
02/29/2024   1:21 PM

INPUT INSTRUCTIONS

  DATA:

  File is laac2_wide.dat;

  VARIABLE:

  NAMES =   subject task
  Y1_1    Y1_10   Y1_2    Y1_3    Y1_4    Y1_5    Y1_6
  Y1_7    Y1_8    Y1_9    Y10_1   Y10_10  Y10_2   Y10_3   Y10_4   Y10_5
  Y10_6   Y10_7   Y10_8   Y10_9   Y11_1   Y11_10  Y11_2   Y11_3   Y11_4
  Y11_5   Y11_6   Y11_7   Y11_8   Y11_9   Y12_1   Y12_10  Y12_2   Y12_3
  Y12_4   Y12_5   Y12_6   Y12_7   Y12_8   Y12_9   Y2_1    Y2_10   Y2_2
  Y2_3    Y2_4    Y2_5    Y2_6    Y2_7    Y2_8    Y2_9    Y3_1    Y3_10
  Y3_2    Y3_3    Y3_4    Y3_5    Y3_6    Y3_7    Y3_8    Y3_9    Y4_1
  Y4_10   Y4_2    Y4_3    Y4_4    Y4_5    Y4_6    Y4_7    Y4_8    Y4_9
  Y5_1    Y5_10   Y5_2    Y5_3    Y5_4    Y5_5    Y5_6    Y5_7    Y5_8
  Y5_9    Y6_1    Y6_10   Y6_2    Y6_3    Y6_4    Y6_5    Y6_6    Y6_7
  Y6_8    Y6_9    Y7_1    Y7_10   Y7_2    Y7_3    Y7_4    Y7_5    Y7_6
  Y7_7    Y7_8    Y7_9    Y8_1    Y8_10   Y8_2    Y8_3    Y8_4    Y8_5
  Y8_6    Y8_7    Y8_8    Y8_9    Y9_1    Y9_10   Y9_2    Y9_3    Y9_4
  Y9_5    Y9_6    Y9_7    Y9_8    Y9_9;


  USEVARIABLES =  P11 P21 P12 P22 P13 P23 P14 P24
  	       P15 P25 P16 P26 P17 P27 P18 P28 P19 P29
  	       P110 P210 ;
  	
  Categ =   P11 P21 P12 P22 P13 P23 P14 P24
  	       P15 P25 P16 P26 P17 P27 P18 P28 P19 P29
  	       P110 P210 ;
  	

  Missing = All(-99);	

  useobservations are (task EQ 4);

  ! "'attention'=1;'communication'=2;'reasoning'=3;'visible_food'=4;
  !'population'=5;'inhibit_searched'=6"

  DEFINE:
  P11 = Y1_1 + Y3_1 + Y5_1 + Y7_1 + Y9_1 + Y11_1;
  P21 =  Y2_1 + Y4_1 + Y6_1 + Y8_1 + Y10_1 + Y12_1;

  P12 =  Y1_2 + Y3_2 + Y5_2 + Y7_2 + Y9_2 + Y11_2;
  P22 =  Y2_2 + Y4_2 + Y6_2 + Y8_2 + Y10_2 + Y12_2;

  P13 =  Y1_3 + Y3_3 + Y5_3 + Y7_3 + Y9_3 + Y11_3;
  P23 =  Y2_3 + Y4_3 + Y6_3 + Y8_3 + Y10_3 + Y12_3;

  P14 =  Y1_4 + Y3_4 + Y5_4 + Y7_4 + Y9_4 + Y11_4;
  P24 =  Y2_4 + Y4_4 + Y6_4 + Y8_4 + Y10_4 + Y12_4;

  P15 =  Y1_5 + Y3_5 + Y5_5 + Y7_5 + Y9_5 + Y11_5;
  P25 =  Y2_5 + Y4_5 + Y6_5 + Y8_5 + Y10_5 + Y12_5;

  P16 =  Y1_6 + Y3_6 + Y5_6 + Y7_6 + Y9_6 + Y11_6;
  P26 =  Y2_6 + Y4_6 + Y6_6 + Y8_6 + Y10_6 + Y12_6;

  P17 =  Y1_7 + Y3_7 + Y5_7 + Y7_7 + Y9_7 + Y11_7;
  P27 =  Y2_7 + Y4_7 + Y6_7 + Y8_7 + Y10_7 + Y12_7;

  P18 =  Y1_8 + Y3_8 + Y5_8 + Y7_8 + Y9_8 + Y11_8;
  P28 =  Y2_8 + Y4_8 + Y6_8 + Y8_8 + Y10_8 + Y12_8;

  P19 =  Y1_9 + Y3_9 + Y5_9 + Y7_9 + Y9_9 + Y11_9;
  P29 =  Y2_9 + Y4_9 + Y6_9 + Y8_9 + Y10_9 + Y12_9;

  P110 =  Y1_10 + Y3_10 + Y5_10 + Y7_10 + Y9_10 + Y11_10;
  P210 =  Y2_10 + Y4_10 + Y6_10 + Y8_10 + Y10_10 + Y12_10;


    IF (P11==0) THEN P11=1;
    IF (P21==0) THEN P21=1;
    IF (P12==0) THEN P12=1;
    IF (P22==0) THEN P22=1;
    IF (P13==0) THEN P13=1;
    IF (P23==0) THEN P23=1;
    IF (P14==0) THEN P14=1;
    IF (P24==0) THEN P24=1;
    IF (P15==0) THEN P15=1;
    IF (P25==0) THEN P25=1;
    IF (P16==0) THEN P16=1;
    IF (P26==0) THEN P26=1;
    IF (P17==0) THEN P17=1;
    IF (P27==0) THEN P27=1;
    IF (P18==0) THEN P18=1;
    IF (P28==0) THEN P28=1;
    IF (P19==0) THEN P19=1;
    IF (P29==0) THEN P29=1;
    IF (P110==0) THEN P110=1;
    IF (P210==0) THEN P210=1;


  ANALYSIS:

  	ESTIMATOR = Bayes;
  	Biter=(20000);
  	Thin=10;
  	Bconvergence = .005;	

  MODEL:


  S1 by P11@1 P21@1;
  S2 by P12@1 P22@1;
  S3 by P13@1 P23@1;
  S4 by P14@1 P24@1;
  S5 by P15@1 P25@1;
  S6 by P16@1 P26@1;
  S7 by P17@1 P27@1;
  S8 by P18@1 P28@1;
  S9 by P19@1 P29@1;
  S10 by P110@1 P210@1;

  	
  [S1@0];
  [S2-S10];


  [P11$1] (tau1);
  [P11$2] (tau2);
  [P11$3] (tau3);
  [P11$4] (tau4);
  [P11$5] (tau5);

  [P21$1] (tau1);
  [P21$2] (tau2);
  [P21$3] (tau3);
  [P21$4] (tau4);
  [P21$5] (tau5);

  [P12$1] (tau1);
  [P12$2] (tau2);
  [P12$3] (tau3);
  [P12$4] (tau4);
  [P12$5] (tau5);

  [P22$1] (tau1_2);
  [P22$2] (tau2_2);
  [P22$3] (tau3_2);
  [P22$4] (tau4_2);
  ![P22$5] (tau5);

  [P13$1] (tau1);
  [P13$2] (tau2);
  [P13$3] (tau3);
  [P13$4] (tau4);
  [P13$5] (tau5);


  [P23$1] (tau1);
  [P23$2] (tau2);
  [P23$3] (tau3);
  [P23$4] (tau4);
  [P23$5] (tau5);

  [P14$1] (tau1_2);
  [P14$2] (tau2_2);
  [P14$3] (tau3_2);
  [P14$4] (tau4_2);
  ![P14$5] (tau5);




  [P24$1] (tau1_3);
  [P24$2] (tau2_3);
  [P24$3] (tau3_3);
  ![P24$4] (tau4);
  ![P24$5] (tau5);


  [P15$1] (tau1_3);
  [P15$2] (tau2_3);
  [P15$3] (tau3_3);
  ![P15$4] (tau4);
  ![P15$5] (tau5);



  [P25$1] (tau1_2);
  [P25$2] (tau2_2);
  [P25$3] (tau3_2);
  [P25$4] (tau4_2);
  ![P25$5] (tau5);



  [P16$1] (tau1_3);
  [P16$2] (tau2_3);
  [P16$3] (tau3_3);
  ![P16$4] (tau4);
  ![P16$5] (tau5);

  [P26$1] (tau1_3);
  [P26$2] (tau2_3);
  [P26$3] (tau3_3);
  ![P26$4] (tau4);
  ![P26$5] (tau5);

  ![P17$1] (tau12);
  ![P17$2] (tau22);
  ![P17$3] (tau32);
  ![P17$4] (tau4);
  ![P17$5] (tau5);

  [P27$1] (tau1_3);
  [P27$2] (tau2_3);
  [P27$3] (tau3_3);
  ![P27$4] (tau4);
  ![P27$5] (tau5);

  [P18$1] (tau12_3);
  [P18$2] (tau22_3);
  [P18$3] (tau32_3);
  ![P18$4] (tau4);
  ![P18$5] (tau5);


  ![P28$1] (tau1);
  ![P28$2] (tau2);
  ![P28$3] (tau3);
  ![P28$4] (tau4);
  ![P28$5] (tau5);

  [P19$1] (tau12_3);
  [P19$2] (tau22_3);
  [P19$3] (tau32_3);
  ![P19$4] (tau4);
  ![P19$5] (tau5);

  [P29$1] (tau1_3);
  [P29$2] (tau2_3);
  [P29$3] (tau3_3);
  ![P29$4] (tau4);
  ![P29$5] (tau5);

  [P110$1] (tau1_3);
  [P110$2] (tau2_3);
  [P110$3] (tau3_3);
  ![P110$4] (tau4);
  ![P110$5] (tau5);

  ![P210$1] (tau1);
  ![P210$2] (tau2);
  ![P210$3] (tau3);
  ![P210$4] (tau4);
  ![P210$5] (tau5);



  Output: stdyx tech8;
  PLOT:   TYPE = PLOT2;
  	



INPUT READING TERMINATED NORMALLY




SUMMARY OF ANALYSIS

Number of groups                                                 1
Number of observations                                          46

Number of dependent variables                                   20
Number of independent variables                                  0
Number of continuous latent variables                           10

Observed dependent variables

  Binary and ordered categorical (ordinal)
   P11         P21         P12         P22         P13         P23
   P14         P24         P15         P25         P16         P26
   P17         P27         P18         P28         P19         P29
   P110        P210

Continuous latent variables
   S1          S2          S3          S4          S5          S6
   S7          S8          S9          S10


Estimator                                                    BAYES
Specifications for Bayesian Estimation
  Point estimate                                            MEDIAN
  Number of Markov chain Monte Carlo (MCMC) chains               2
  Random seed for the first chain                                0
  Starting value information                           UNPERTURBED
  Algorithm used for Markov chain Monte Carlo           GIBBS(PX1)
  Convergence criterion                                  0.500D-02
  Maximum number of iterations                               50000
  K-th iteration used for thinning                              10
Link                                                        PROBIT

Input data file(s)
  laac2_wide.dat
Input data format  FREE


SUMMARY OF DATA



COVARIANCE COVERAGE OF DATA

Minimum covariance coverage value   0.100

     Number of missing data patterns            32


     PROPORTION OF DATA PRESENT


           Covariance Coverage
              P11           P21           P12           P22           P13
              ________      ________      ________      ________      ________
 P11            0.696
 P21            0.696         0.696
 P12            0.587         0.587         0.674
 P22            0.587         0.587         0.674         0.674
 P13            0.565         0.565         0.543         0.543         0.783
 P23            0.565         0.565         0.543         0.543         0.783
 P14            0.326         0.326         0.348         0.348         0.391
 P24            0.326         0.326         0.348         0.348         0.391
 P15            0.522         0.522         0.500         0.500         0.543
 P25            0.522         0.522         0.500         0.500         0.543
 P16            0.630         0.630         0.543         0.543         0.587
 P26            0.630         0.630         0.543         0.543         0.587
 P17            0.609         0.609         0.543         0.543         0.630
 P27            0.609         0.609         0.543         0.543         0.630
 P18            0.587         0.587         0.565         0.565         0.674
 P28            0.587         0.587         0.565         0.565         0.674
 P19            0.565         0.565         0.565         0.565         0.630
 P29            0.565         0.565         0.565         0.565         0.630
 P110           0.522         0.522         0.522         0.522         0.543
 P210           0.522         0.522         0.522         0.522         0.543


           Covariance Coverage
              P23           P14           P24           P15           P25
              ________      ________      ________      ________      ________
 P23            0.783
 P14            0.391         0.500
 P24            0.391         0.500         0.500
 P15            0.543         0.391         0.391         0.674
 P25            0.543         0.391         0.391         0.674         0.674
 P16            0.587         0.326         0.326         0.565         0.565
 P26            0.587         0.326         0.326         0.565         0.565
 P17            0.630         0.370         0.370         0.587         0.587
 P27            0.630         0.370         0.370         0.587         0.587
 P18            0.674         0.457         0.457         0.565         0.565
 P28            0.674         0.457         0.457         0.565         0.565
 P19            0.630         0.348         0.348         0.565         0.565
 P29            0.630         0.348         0.348         0.565         0.565
 P110           0.543         0.413         0.413         0.565         0.565
 P210           0.543         0.413         0.413         0.565         0.565


           Covariance Coverage
              P16           P26           P17           P27           P18
              ________      ________      ________      ________      ________
 P16            0.717
 P26            0.717         0.717
 P17            0.674         0.674         0.783
 P27            0.674         0.674         0.783         0.783
 P18            0.630         0.630         0.696         0.696         0.848
 P28            0.630         0.630         0.696         0.696         0.848
 P19            0.587         0.587         0.674         0.674         0.652
 P29            0.587         0.587         0.674         0.674         0.652
 P110           0.565         0.565         0.652         0.652         0.630
 P210           0.565         0.565         0.652         0.652         0.630


           Covariance Coverage
              P28           P19           P29           P110          P210
              ________      ________      ________      ________      ________
 P28            0.848
 P19            0.652         0.761
 P29            0.652         0.761         0.761
 P110           0.630         0.609         0.609         0.717
 P210           0.630         0.609         0.609         0.717         0.717


UNIVARIATE PROPORTIONS AND COUNTS FOR CATEGORICAL VARIABLES

    P11
      Category 1    0.094            3.000
      Category 2    0.094            3.000
      Category 3    0.062            2.000
      Category 4    0.156            5.000
      Category 5    0.375           12.000
      Category 6    0.219            7.000
    P21
      Category 1    0.219            7.000
      Category 2    0.094            3.000
      Category 3    0.219            7.000
      Category 4    0.094            3.000
      Category 5    0.219            7.000
      Category 6    0.156            5.000
    P12
      Category 1    0.129            4.000
      Category 2    0.032            1.000
      Category 3    0.097            3.000
      Category 4    0.161            5.000
      Category 5    0.194            6.000
      Category 6    0.387           12.000
    P22
      Category 1    0.032            1.000
      Category 2    0.097            3.000
      Category 3    0.226            7.000
      Category 4    0.290            9.000
      Category 5    0.355           11.000
    P13
      Category 1    0.028            1.000
      Category 2    0.083            3.000
      Category 3    0.056            2.000
      Category 4    0.250            9.000
      Category 5    0.250            9.000
      Category 6    0.333           12.000
    P23
      Category 1    0.083            3.000
      Category 2    0.056            2.000
      Category 3    0.083            3.000
      Category 4    0.111            4.000
      Category 5    0.139            5.000
      Category 6    0.528           19.000
    P14
      Category 1    0.043            1.000
      Category 2    0.043            1.000
      Category 3    0.043            1.000
      Category 4    0.304            7.000
      Category 5    0.565           13.000
    P24
      Category 1    0.087            2.000
      Category 2    0.130            3.000
      Category 3    0.130            3.000
      Category 4    0.652           15.000
    P15
      Category 1    0.032            1.000
      Category 2    0.032            1.000
      Category 3    0.323           10.000
      Category 4    0.613           19.000
    P25
      Category 1    0.032            1.000
      Category 2    0.097            3.000
      Category 3    0.129            4.000
      Category 4    0.129            4.000
      Category 5    0.613           19.000
    P16
      Category 1    0.061            2.000
      Category 2    0.030            1.000
      Category 3    0.303           10.000
      Category 4    0.606           20.000
    P26
      Category 1    0.061            2.000
      Category 2    0.091            3.000
      Category 3    0.182            6.000
      Category 4    0.667           22.000
    P17
      Category 1    0.111            4.000
      Category 2    0.306           11.000
      Category 3    0.583           21.000
    P27
      Category 1    0.028            1.000
      Category 2    0.028            1.000
      Category 3    0.194            7.000
      Category 4    0.750           27.000
    P18
      Category 1    0.026            1.000
      Category 2    0.051            2.000
      Category 3    0.256           10.000
      Category 4    0.667           26.000
    P28
      Category 1    0.077            3.000
      Category 2    0.103            4.000
      Category 3    0.821           32.000
    P19
      Category 1    0.086            3.000
      Category 2    0.029            1.000
      Category 3    0.314           11.000
      Category 4    0.571           20.000
    P29
      Category 1    0.029            1.000
      Category 2    0.057            2.000
      Category 3    0.114            4.000
      Category 4    0.800           28.000
    P110
      Category 1    0.091            3.000
      Category 2    0.061            2.000
      Category 3    0.212            7.000
      Category 4    0.636           21.000
    P210
      Category 1    0.152            5.000
      Category 2    0.182            6.000
      Category 3    0.667           22.000



THE MODEL ESTIMATION TERMINATED NORMALLY

     USE THE FBITERATIONS OPTION TO INCREASE THE NUMBER OF ITERATIONS BY A FACTOR
     OF AT LEAST TWO TO CHECK CONVERGENCE AND THAT THE PSR VALUE DOES NOT INCREASE.



MODEL FIT INFORMATION

Number of Free Parameters                              85

Bayesian Posterior Predictive Checking using Chi-Square

          95% Confidence Interval for the Difference Between
          the Observed and the Replicated Chi-Square Values

                                -71.687            72.832

          Posterior Predictive P-Value              0.498



MODEL RESULTS

                                Posterior  One-Tailed         95% C.I.
                    Estimate       S.D.      P-Value   Lower 2.5%  Upper 2.5%  Significance

 S1       BY
    P11                1.000       0.000      0.000       1.000       1.000
    P21                1.000       0.000      0.000       1.000       1.000

 S2       BY
    P12                1.000       0.000      0.000       1.000       1.000
    P22                1.000       0.000      0.000       1.000       1.000

 S3       BY
    P13                1.000       0.000      0.000       1.000       1.000
    P23                1.000       0.000      0.000       1.000       1.000

 S4       BY
    P14                1.000       0.000      0.000       1.000       1.000
    P24                1.000       0.000      0.000       1.000       1.000

 S5       BY
    P15                1.000       0.000      0.000       1.000       1.000
    P25                1.000       0.000      0.000       1.000       1.000

 S6       BY
    P16                1.000       0.000      0.000       1.000       1.000
    P26                1.000       0.000      0.000       1.000       1.000

 S7       BY
    P17                1.000       0.000      0.000       1.000       1.000
    P27                1.000       0.000      0.000       1.000       1.000

 S8       BY
    P18                1.000       0.000      0.000       1.000       1.000
    P28                1.000       0.000      0.000       1.000       1.000

 S9       BY
    P19                1.000       0.000      0.000       1.000       1.000
    P29                1.000       0.000      0.000       1.000       1.000

 S10      BY
    P110               1.000       0.000      0.000       1.000       1.000
    P210               1.000       0.000      0.000       1.000       1.000

 S2       WITH
    S1                 0.366       0.326      0.072      -0.123       1.165

 S3       WITH
    S1                 0.187       0.349      0.256      -0.415       0.982
    S2                 0.893       0.431      0.000       0.316       1.979      *

 S4       WITH
    S1                 0.051       0.416      0.442      -0.771       0.911
    S2                 0.927       0.520      0.003       0.234       2.239      *
    S3                 1.206       0.602      0.000       0.434       2.722      *

 S5       WITH
    S1                 0.019       0.281      0.468      -0.543       0.608
    S2                 0.616       0.360      0.007       0.118       1.515      *
    S3                 0.825       0.402      0.000       0.278       1.814      *
    S4                 0.986       0.539      0.000       0.321       2.382      *

 S6       WITH
    S1                -0.016       0.331      0.477      -0.696       0.651
    S2                 0.781       0.436      0.002       0.197       1.892      *
    S3                 1.008       0.500      0.000       0.369       2.291      *
    S4                 1.272       0.638      0.000       0.482       2.946      *
    S5                 0.865       0.449      0.000       0.295       2.035      *

 S7       WITH
    S1                 0.083       0.257      0.346      -0.380       0.650
    S2                 0.579       0.336      0.006       0.121       1.423      *
    S3                 0.729       0.383      0.001       0.225       1.691      *
    S4                 0.842       0.473      0.001       0.249       2.070      *
    S5                 0.592       0.336      0.001       0.162       1.454      *
    S6                 0.742       0.420      0.001       0.214       1.846      *

 S8       WITH
    S1                 0.174       0.467      0.324      -0.697       1.186
    S2                 0.932       0.530      0.003       0.232       2.297      *
    S3                 1.082       0.571      0.001       0.363       2.582      *
    S4                 1.268       0.742      0.002       0.381       3.240      *
    S5                 0.822       0.495      0.005       0.184       2.102      *
    S6                 1.089       0.606      0.001       0.343       2.682      *
    S7                 0.674       0.436      0.012       0.095       1.781      *

 S9       WITH
    S1                 0.028       0.262      0.451      -0.492       0.566
    S2                 0.555       0.340      0.010       0.086       1.408      *
    S3                 0.685       0.381      0.004       0.161       1.638      *
    S4                 0.882       0.502      0.002       0.256       2.193      *
    S5                 0.586       0.341      0.003       0.141       1.453      *
    S6                 0.806       0.444      0.001       0.251       1.965      *
    S7                 0.516       0.318      0.005       0.105       1.336      *
    S8                 0.766       0.513      0.008       0.131       2.113      *

 S10      WITH
    S1                 0.065       0.270      0.387      -0.435       0.651
    S2                 0.364       0.302      0.059      -0.094       1.090
    S3                 0.401       0.341      0.069      -0.137       1.213
    S4                 0.538       0.406      0.033      -0.039       1.545
    S5                 0.332       0.293      0.066      -0.116       1.050
    S6                 0.498       0.384      0.030      -0.021       1.481
    S7                 0.279       0.274      0.088      -0.138       0.946
    S8                 0.523       0.444      0.039      -0.063       1.694
    S9                 0.364       0.299      0.039      -0.040       1.125

 Means
    S1                 0.000       0.000      1.000       0.000       0.000
    S2                 0.402       0.299      0.096      -0.206       0.964
    S3                 0.855       0.309      0.004       0.245       1.460      *
    S4                 1.121       0.474      0.008       0.214       2.063      *
    S5                 1.104       0.420      0.005       0.274       1.912      *
    S6                 0.999       0.483      0.019       0.050       1.921      *
    S7                 1.474       0.481      0.001       0.547       2.415      *
    S8                 2.070       0.590      0.000       0.922       3.247      *
    S9                 1.535       0.483      0.001       0.575       2.466      *
    S10                0.960       0.469      0.021       0.040       1.849      *

 Thresholds
    P11$1             -1.306       0.253      0.000      -1.829      -0.835      *
    P11$2             -0.830       0.235      0.000      -1.310      -0.386      *
    P11$3             -0.341       0.226      0.059      -0.799       0.090
    P11$4              0.250       0.224      0.133      -0.195       0.687
    P11$5              1.117       0.240      0.000       0.664       1.606      *
    P21$1             -1.306       0.253      0.000      -1.829      -0.835      *
    P21$2             -0.830       0.235      0.000      -1.310      -0.386      *
    P21$3             -0.341       0.226      0.059      -0.799       0.090
    P21$4              0.250       0.224      0.133      -0.195       0.687
    P21$5              1.117       0.240      0.000       0.664       1.606      *
    P12$1             -1.306       0.253      0.000      -1.829      -0.835      *
    P12$2             -0.830       0.235      0.000      -1.310      -0.386      *
    P12$3             -0.341       0.226      0.059      -0.799       0.090
    P12$4              0.250       0.224      0.133      -0.195       0.687
    P12$5              1.117       0.240      0.000       0.664       1.606      *
    P22$1             -1.717       0.432      0.000      -2.614      -0.933      *
    P22$2             -0.815       0.359      0.007      -1.546      -0.145      *
    P22$3             -0.027       0.338      0.470      -0.717       0.603
    P22$4              0.920       0.345      0.005       0.216       1.558      *
    P13$1             -1.306       0.253      0.000      -1.829      -0.835      *
    P13$2             -0.830       0.235      0.000      -1.310      -0.386      *
    P13$3             -0.341       0.226      0.059      -0.799       0.090
    P13$4              0.250       0.224      0.133      -0.195       0.687
    P13$5              1.117       0.240      0.000       0.664       1.606      *
    P23$1             -1.306       0.253      0.000      -1.829      -0.835      *
    P23$2             -0.830       0.235      0.000      -1.310      -0.386      *
    P23$3             -0.341       0.226      0.059      -0.799       0.090
    P23$4              0.250       0.224      0.133      -0.195       0.687
    P23$5              1.117       0.240      0.000       0.664       1.606      *
    P14$1             -1.717       0.432      0.000      -2.614      -0.933      *
    P14$2             -0.815       0.359      0.007      -1.546      -0.145      *
    P14$3             -0.027       0.338      0.470      -0.717       0.603
    P14$4              0.920       0.345      0.005       0.216       1.558      *
    P24$1             -1.052       0.416      0.004      -1.874      -0.273      *
    P24$2             -0.482       0.398      0.106      -1.268       0.266
    P24$3              0.581       0.392      0.078      -0.195       1.309
    P15$1             -1.052       0.416      0.004      -1.874      -0.273      *
    P15$2             -0.482       0.398      0.106      -1.268       0.266
    P15$3              0.581       0.392      0.078      -0.195       1.309
    P25$1             -1.717       0.432      0.000      -2.614      -0.933      *
    P25$2             -0.815       0.359      0.007      -1.546      -0.145      *
    P25$3             -0.027       0.338      0.470      -0.717       0.603
    P25$4              0.920       0.345      0.005       0.216       1.558      *
    P16$1             -1.052       0.416      0.004      -1.874      -0.273      *
    P16$2             -0.482       0.398      0.106      -1.268       0.266
    P16$3              0.581       0.392      0.078      -0.195       1.309
    P26$1             -1.052       0.416      0.004      -1.874      -0.273      *
    P26$2             -0.482       0.398      0.106      -1.268       0.266
    P26$3              0.581       0.392      0.078      -0.195       1.309
    P17$1             -0.095       0.537      0.431      -1.162       0.941
    P17$2              1.187       0.501      0.008       0.201       2.172      *
    P27$1             -1.052       0.416      0.004      -1.874      -0.273      *
    P27$2             -0.482       0.398      0.106      -1.268       0.266
    P27$3              0.581       0.392      0.078      -0.195       1.309
    P18$1             -0.611       0.538      0.124      -1.683       0.420
    P18$2             -0.113       0.515      0.412      -1.138       0.875
    P18$3              1.371       0.492      0.003       0.383       2.297      *
    P28$1             -0.330       0.649      0.304      -1.656       0.891
    P28$2              0.619       0.599      0.154      -0.589       1.768
    P19$1             -0.611       0.538      0.124      -1.683       0.420
    P19$2             -0.113       0.515      0.412      -1.138       0.875
    P19$3              1.371       0.492      0.003       0.383       2.297      *
    P29$1             -1.052       0.416      0.004      -1.874      -0.273      *
    P29$2             -0.482       0.398      0.106      -1.268       0.266
    P29$3              0.581       0.392      0.078      -0.195       1.309
    P110$1            -1.052       0.416      0.004      -1.874      -0.273      *
    P110$2            -0.482       0.398      0.106      -1.268       0.266
    P110$3             0.581       0.392      0.078      -0.195       1.309
    P210$1            -0.404       0.525      0.222      -1.454       0.602
    P210$2             0.393       0.500      0.220      -0.599       1.343

 Variances
    S1                 0.673       0.409      0.000       0.219       1.792      *
    S2                 1.023       0.508      0.000       0.412       2.350      *
    S3                 1.266       0.621      0.000       0.520       2.865      *
    S4                 1.699       1.040      0.000       0.612       4.467      *
    S5                 0.917       0.519      0.000       0.325       2.320      *
    S6                 1.352       0.791      0.000       0.495       3.474      *
    S7                 0.741       0.449      0.000       0.247       1.959      *
    S8                 1.585       1.081      0.000       0.536       4.626      *
    S9                 0.816       0.504      0.000       0.275       2.195      *
    S10                0.580       0.413      0.000       0.183       1.730      *


STANDARDIZED MODEL RESULTS


STDYX Standardization

                                Posterior  One-Tailed         95% C.I.
                    Estimate       S.D.      P-Value   Lower 2.5%  Upper 2.5%  Significance
 S1       BY
    P11                0.634       0.097      0.000       0.424       0.801      *
    P21                0.634       0.097      0.000       0.424       0.801      *

 S2       BY
    P12                0.711       0.077      0.000       0.540       0.838      *
    P22                0.711       0.077      0.000       0.540       0.838      *

 S3       BY
    P13                0.747       0.071      0.000       0.585       0.861      *
    P23                0.747       0.071      0.000       0.585       0.861      *

 S4       BY
    P14                0.793       0.075      0.000       0.616       0.904      *
    P24                0.793       0.075      0.000       0.616       0.904      *

 S5       BY
    P15                0.692       0.088      0.000       0.495       0.836      *
    P25                0.692       0.088      0.000       0.495       0.836      *

 S6       BY
    P16                0.758       0.078      0.000       0.575       0.881      *
    P26                0.758       0.078      0.000       0.575       0.881      *

 S7       BY
    P17                0.652       0.095      0.000       0.445       0.814      *
    P27                0.652       0.095      0.000       0.445       0.814      *

 S8       BY
    P18                0.783       0.082      0.000       0.591       0.907      *
    P28                0.783       0.082      0.000       0.591       0.907      *

 S9       BY
    P19                0.670       0.094      0.000       0.464       0.829      *
    P29                0.670       0.094      0.000       0.464       0.829      *

 S10      BY
    P110               0.606       0.105      0.000       0.393       0.796      *
    P210               0.606       0.105      0.000       0.393       0.796      *

 S2       WITH
    S1                 0.476       0.267      0.072      -0.177       0.836

 S3       WITH
    S1                 0.225       0.305      0.256      -0.440       0.723
    S2                 0.811       0.128      0.000       0.452       0.939      *

 S4       WITH
    S1                 0.053       0.329      0.442      -0.597       0.646
    S2                 0.736       0.175      0.003       0.261       0.926      *
    S3                 0.844       0.118      0.000       0.508       0.952      *

 S5       WITH
    S1                 0.027       0.308      0.468      -0.571       0.603
    S2                 0.670       0.189      0.007       0.173       0.896      *
    S3                 0.793       0.133      0.000       0.425       0.932      *
    S4                 0.820       0.128      0.000       0.459       0.945      *

 S6       WITH
    S1                -0.019       0.300      0.477      -0.583       0.555
    S2                 0.695       0.171      0.002       0.240       0.901      *
    S3                 0.803       0.131      0.000       0.433       0.938      *
    S4                 0.862       0.101      0.000       0.582       0.957      *
    S5                 0.804       0.129      0.000       0.445       0.938      *

 S7       WITH
    S1                 0.131       0.305      0.346      -0.487       0.666
    S2                 0.699       0.185      0.006       0.208       0.906      *
    S3                 0.782       0.146      0.001       0.378       0.930      *
    S4                 0.781       0.148      0.001       0.369       0.933      *
    S5                 0.752       0.153      0.001       0.340       0.918      *
    S6                 0.776       0.148      0.001       0.369       0.930      *

 S8       WITH
    S1                 0.189       0.361      0.324      -0.584       0.761
    S2                 0.766       0.176      0.003       0.271       0.935      *
    S3                 0.798       0.144      0.001       0.395       0.941      *
    S4                 0.807       0.150      0.002       0.379       0.948      *
    S5                 0.720       0.183      0.005       0.221       0.917      *
    S6                 0.779       0.154      0.001       0.351       0.936      *
    S7                 0.663       0.207      0.012       0.114       0.901      *

 S9       WITH
    S1                 0.041       0.305      0.451      -0.565       0.604
    S2                 0.646       0.200      0.010       0.127       0.887      *
    S3                 0.711       0.178      0.004       0.230       0.911      *
    S4                 0.785       0.151      0.002       0.359       0.936      *
    S5                 0.717       0.172      0.003       0.253       0.909      *
    S6                 0.796       0.137      0.001       0.414       0.936      *
    S7                 0.703       0.181      0.005       0.211       0.905      *
    S8                 0.720       0.198      0.008       0.170       0.922      *

 S10      WITH
    S1                 0.117       0.354      0.387      -0.594       0.729
    S2                 0.510       0.263      0.059      -0.146       0.852
    S3                 0.511       0.273      0.069      -0.174       0.858
    S4                 0.584       0.243      0.033      -0.048       0.880
    S5                 0.502       0.268      0.066      -0.169       0.847
    S6                 0.604       0.239      0.030      -0.030       0.884
    S7                 0.473       0.281      0.088      -0.220       0.842
    S8                 0.596       0.257      0.039      -0.081       0.893
    S9                 0.572       0.248      0.039      -0.074       0.870

 Means
    S1                 0.000       0.000      1.000       0.000       0.000
    S2                 0.392       0.319      0.096      -0.202       1.054
    S3                 0.759       0.300      0.004       0.214       1.401      *
    S4                 0.846       0.398      0.008       0.158       1.734      *
    S5                 1.136       0.502      0.005       0.283       2.259      *
    S6                 0.847       0.460      0.019       0.042       1.857      *
    S7                 1.688       0.700      0.001       0.605       3.354      *
    S8                 1.604       0.586      0.000       0.703       3.008      *
    S9                 1.665       0.670      0.001       0.627       3.264      *
    S10                1.231       0.706      0.021       0.054       2.837      *

 Thresholds
    P11$1             -1.007       0.205      0.000      -1.406      -0.603      *
    P11$2             -0.639       0.186      0.000      -1.007      -0.279      *
    P11$3             -0.263       0.173      0.059      -0.610       0.065
    P11$4              0.192       0.167      0.133      -0.145       0.509
    P11$5              0.860       0.181      0.000       0.496       1.202      *
    P21$1             -1.007       0.205      0.000      -1.406      -0.603      *
    P21$2             -0.639       0.186      0.000      -1.007      -0.279      *
    P21$3             -0.263       0.173      0.059      -0.610       0.065
    P21$4              0.192       0.167      0.133      -0.145       0.509
    P21$5              0.860       0.181      0.000       0.496       1.202      *
    P12$1             -0.909       0.200      0.000      -1.340      -0.557      *
    P12$2             -0.575       0.177      0.000      -0.962      -0.260      *
    P12$3             -0.238       0.162      0.059      -0.578       0.063
    P12$4              0.173       0.157      0.133      -0.136       0.482
    P12$5              0.779       0.178      0.000       0.452       1.149      *
    P22$1             -1.191       0.324      0.000      -1.896      -0.633      *
    P22$2             -0.566       0.259      0.007      -1.104      -0.100      *
    P22$3             -0.018       0.238      0.470      -0.508       0.424
    P22$4              0.639       0.247      0.005       0.147       1.119      *
    P13$1             -0.860       0.186      0.000      -1.255      -0.527      *
    P13$2             -0.545       0.165      0.000      -0.897      -0.250      *
    P13$3             -0.225       0.152      0.059      -0.541       0.059
    P13$4              0.163       0.150      0.133      -0.128       0.463
    P13$5              0.736       0.170      0.000       0.425       1.089      *
    P23$1             -0.860       0.186      0.000      -1.255      -0.527      *
    P23$2             -0.545       0.165      0.000      -0.897      -0.250      *
    P23$3             -0.225       0.152      0.059      -0.541       0.059
    P23$4              0.163       0.150      0.133      -0.128       0.463
    P23$5              0.736       0.170      0.000       0.425       1.089      *
    P14$1             -1.028       0.301      0.000      -1.697      -0.528      *
    P14$2             -0.485       0.232      0.007      -0.992      -0.087      *
    P14$3             -0.016       0.209      0.470      -0.452       0.381
    P14$4              0.545       0.225      0.005       0.129       1.017      *
    P24$1             -0.626       0.271      0.004      -1.214      -0.159      *
    P24$2             -0.287       0.248      0.106      -0.808       0.160
    P24$3              0.343       0.247      0.078      -0.119       0.843
    P15$1             -0.748       0.313      0.004      -1.411      -0.191      *
    P15$2             -0.342       0.291      0.106      -0.942       0.189
    P15$3              0.412       0.286      0.078      -0.142       0.966
    P25$1             -1.221       0.334      0.000      -1.948      -0.655      *
    P25$2             -0.578       0.265      0.007      -1.140      -0.106      *
    P25$3             -0.019       0.245      0.470      -0.524       0.441
    P25$4              0.652       0.255      0.005       0.156       1.156      *
    P16$1             -0.672       0.281      0.004      -1.265      -0.174      *
    P16$2             -0.306       0.263      0.106      -0.851       0.174
    P16$3              0.369       0.260      0.078      -0.130       0.882
    P26$1             -0.672       0.281      0.004      -1.265      -0.174      *
    P26$2             -0.306       0.263      0.106      -0.851       0.174
    P26$3              0.369       0.260      0.078      -0.130       0.882
    P17$1             -0.070       0.405      0.431      -0.880       0.714
    P17$2              0.884       0.383      0.008       0.150       1.656      *
    P27$1             -0.787       0.322      0.004      -1.454      -0.201      *
    P27$2             -0.360       0.302      0.106      -0.972       0.200
    P27$3              0.432       0.300      0.078      -0.146       1.013
    P18$1             -0.367       0.337      0.124      -1.059       0.268
    P18$2             -0.068       0.322      0.412      -0.707       0.567
    P18$3              0.823       0.330      0.003       0.228       1.525      *
    P28$1             -0.199       0.400      0.304      -0.999       0.583
    P28$2              0.377       0.380      0.154      -0.360       1.153
    P19$1             -0.446       0.403      0.124      -1.274       0.310
    P19$2             -0.083       0.382      0.412      -0.862       0.649
    P19$3              0.997       0.368      0.003       0.286       1.727      *
    P29$1             -0.768       0.319      0.004      -1.442      -0.200      *
    P29$2             -0.350       0.299      0.106      -0.975       0.194
    P29$3              0.421       0.295      0.078      -0.144       1.000
    P110$1            -0.823       0.335      0.004      -1.519      -0.214      *
    P110$2            -0.376       0.316      0.106      -1.023       0.208
    P110$3             0.451       0.313      0.078      -0.155       1.047
    P210$1            -0.314       0.413      0.222      -1.149       0.473
    P210$2             0.305       0.395      0.220      -0.476       1.078

 Variances
    S1                 1.000       0.000      0.000       1.000       1.000
    S2                 1.000       0.000      0.000       1.000       1.000
    S3                 1.000       0.000      0.000       1.000       1.000
    S4                 1.000       0.000      0.000       1.000       1.000
    S5                 1.000       0.000      0.000       1.000       1.000
    S6                 1.000       0.000      0.000       1.000       1.000
    S7                 1.000       0.000      0.000       1.000       1.000
    S8                 1.000       0.000      0.000       1.000       1.000
    S9                 1.000       0.000      0.000       1.000       1.000
    S10                1.000       0.000      0.000       1.000       1.000


R-SQUARE

                                Posterior  One-Tailed         95% C.I.
    Variable        Estimate       S.D.      P-Value   Lower 2.5%  Upper 2.5%

    P11                0.402       0.120      0.000       0.180       0.642
    P21                0.402       0.120      0.000       0.180       0.642
    P12                0.506       0.106      0.000       0.292       0.702
    P22                0.506       0.106      0.000       0.292       0.702
    P13                0.559       0.103      0.000       0.342       0.741
    P23                0.559       0.103      0.000       0.342       0.741
    P14                0.629       0.114      0.000       0.380       0.817
    P24                0.629       0.114      0.000       0.380       0.817
    P15                0.478       0.117      0.000       0.245       0.699
    P25                0.478       0.117      0.000       0.245       0.699
    P16                0.575       0.115      0.000       0.331       0.776
    P26                0.575       0.115      0.000       0.331       0.776
    P17                0.426       0.120      0.000       0.198       0.662
    P27                0.426       0.120      0.000       0.198       0.662
    P18                0.613       0.123      0.000       0.349       0.822
    P28                0.613       0.123      0.000       0.349       0.822
    P19                0.449       0.122      0.000       0.215       0.687
    P29                0.449       0.122      0.000       0.215       0.687
    P110               0.367       0.125      0.000       0.155       0.634
    P210               0.367       0.125      0.000       0.155       0.634


TECHNICAL 1 OUTPUT


     PARAMETER SPECIFICATION


           TAU
              P11$1         P11$2         P11$3         P11$4         P11$5
              ________      ________      ________      ________      ________
                   65            66            67            68            69


           TAU
              P21$1         P21$2         P21$3         P21$4         P21$5
              ________      ________      ________      ________      ________
                   65            66            67            68            69


           TAU
              P12$1         P12$2         P12$3         P12$4         P12$5
              ________      ________      ________      ________      ________
                   65            66            67            68            69


           TAU
              P22$1         P22$2         P22$3         P22$4         P13$1
              ________      ________      ________      ________      ________
                   70            71            72            73            65


           TAU
              P13$2         P13$3         P13$4         P13$5         P23$1
              ________      ________      ________      ________      ________
                   66            67            68            69            65


           TAU
              P23$2         P23$3         P23$4         P23$5         P14$1
              ________      ________      ________      ________      ________
                   66            67            68            69            70


           TAU
              P14$2         P14$3         P14$4         P24$1         P24$2
              ________      ________      ________      ________      ________
                   71            72            73            74            75


           TAU
              P24$3         P15$1         P15$2         P15$3         P25$1
              ________      ________      ________      ________      ________
                   76            74            75            76            70


           TAU
              P25$2         P25$3         P25$4         P16$1         P16$2
              ________      ________      ________      ________      ________
                   71            72            73            74            75


           TAU
              P16$3         P26$1         P26$2         P26$3         P17$1
              ________      ________      ________      ________      ________
                   76            74            75            76            77


           TAU
              P17$2         P27$1         P27$2         P27$3         P18$1
              ________      ________      ________      ________      ________
                   78            74            75            76            79


           TAU
              P18$2         P18$3         P28$1         P28$2         P19$1
              ________      ________      ________      ________      ________
                   80            81            82            83            79


           TAU
              P19$2         P19$3         P29$1         P29$2         P29$3
              ________      ________      ________      ________      ________
                   80            81            74            75            76


           TAU
              P110$1        P110$2        P110$3        P210$1        P210$2
              ________      ________      ________      ________      ________
                   74            75            76            84            85


           NU
              P11           P21           P12           P22           P13
              ________      ________      ________      ________      ________
                    0             0             0             0             0


           NU
              P23           P14           P24           P15           P25
              ________      ________      ________      ________      ________
                    0             0             0             0             0


           NU
              P16           P26           P17           P27           P18
              ________      ________      ________      ________      ________
                    0             0             0             0             0


           NU
              P28           P19           P29           P110          P210
              ________      ________      ________      ________      ________
                    0             0             0             0             0


           LAMBDA
              S1            S2            S3            S4            S5
              ________      ________      ________      ________      ________
 P11                0             0             0             0             0
 P21                0             0             0             0             0
 P12                0             0             0             0             0
 P22                0             0             0             0             0
 P13                0             0             0             0             0
 P23                0             0             0             0             0
 P14                0             0             0             0             0
 P24                0             0             0             0             0
 P15                0             0             0             0             0
 P25                0             0             0             0             0
 P16                0             0             0             0             0
 P26                0             0             0             0             0
 P17                0             0             0             0             0
 P27                0             0             0             0             0
 P18                0             0             0             0             0
 P28                0             0             0             0             0
 P19                0             0             0             0             0
 P29                0             0             0             0             0
 P110               0             0             0             0             0
 P210               0             0             0             0             0


           LAMBDA
              S6            S7            S8            S9            S10
              ________      ________      ________      ________      ________
 P11                0             0             0             0             0
 P21                0             0             0             0             0
 P12                0             0             0             0             0
 P22                0             0             0             0             0
 P13                0             0             0             0             0
 P23                0             0             0             0             0
 P14                0             0             0             0             0
 P24                0             0             0             0             0
 P15                0             0             0             0             0
 P25                0             0             0             0             0
 P16                0             0             0             0             0
 P26                0             0             0             0             0
 P17                0             0             0             0             0
 P27                0             0             0             0             0
 P18                0             0             0             0             0
 P28                0             0             0             0             0
 P19                0             0             0             0             0
 P29                0             0             0             0             0
 P110               0             0             0             0             0
 P210               0             0             0             0             0


           THETA
              P11           P21           P12           P22           P13
              ________      ________      ________      ________      ________
 P11                0
 P21                0             0
 P12                0             0             0
 P22                0             0             0             0
 P13                0             0             0             0             0
 P23                0             0             0             0             0
 P14                0             0             0             0             0
 P24                0             0             0             0             0
 P15                0             0             0             0             0
 P25                0             0             0             0             0
 P16                0             0             0             0             0
 P26                0             0             0             0             0
 P17                0             0             0             0             0
 P27                0             0             0             0             0
 P18                0             0             0             0             0
 P28                0             0             0             0             0
 P19                0             0             0             0             0
 P29                0             0             0             0             0
 P110               0             0             0             0             0
 P210               0             0             0             0             0


           THETA
              P23           P14           P24           P15           P25
              ________      ________      ________      ________      ________
 P23                0
 P14                0             0
 P24                0             0             0
 P15                0             0             0             0
 P25                0             0             0             0             0
 P16                0             0             0             0             0
 P26                0             0             0             0             0
 P17                0             0             0             0             0
 P27                0             0             0             0             0
 P18                0             0             0             0             0
 P28                0             0             0             0             0
 P19                0             0             0             0             0
 P29                0             0             0             0             0
 P110               0             0             0             0             0
 P210               0             0             0             0             0


           THETA
              P16           P26           P17           P27           P18
              ________      ________      ________      ________      ________
 P16                0
 P26                0             0
 P17                0             0             0
 P27                0             0             0             0
 P18                0             0             0             0             0
 P28                0             0             0             0             0
 P19                0             0             0             0             0
 P29                0             0             0             0             0
 P110               0             0             0             0             0
 P210               0             0             0             0             0


           THETA
              P28           P19           P29           P110          P210
              ________      ________      ________      ________      ________
 P28                0
 P19                0             0
 P29                0             0             0
 P110               0             0             0             0
 P210               0             0             0             0             0


           ALPHA
              S1            S2            S3            S4            S5
              ________      ________      ________      ________      ________
                    0             1             2             3             4


           ALPHA
              S6            S7            S8            S9            S10
              ________      ________      ________      ________      ________
                    5             6             7             8             9


           BETA
              S1            S2            S3            S4            S5
              ________      ________      ________      ________      ________
 S1                 0             0             0             0             0
 S2                 0             0             0             0             0
 S3                 0             0             0             0             0
 S4                 0             0             0             0             0
 S5                 0             0             0             0             0
 S6                 0             0             0             0             0
 S7                 0             0             0             0             0
 S8                 0             0             0             0             0
 S9                 0             0             0             0             0
 S10                0             0             0             0             0


           BETA
              S6            S7            S8            S9            S10
              ________      ________      ________      ________      ________
 S1                 0             0             0             0             0
 S2                 0             0             0             0             0
 S3                 0             0             0             0             0
 S4                 0             0             0             0             0
 S5                 0             0             0             0             0
 S6                 0             0             0             0             0
 S7                 0             0             0             0             0
 S8                 0             0             0             0             0
 S9                 0             0             0             0             0
 S10                0             0             0             0             0


           PSI
              S1            S2            S3            S4            S5
              ________      ________      ________      ________      ________
 S1                10
 S2                11            12
 S3                13            14            15
 S4                16            17            18            19
 S5                20            21            22            23            24
 S6                25            26            27            28            29
 S7                31            32            33            34            35
 S8                38            39            40            41            42
 S9                46            47            48            49            50
 S10               55            56            57            58            59


           PSI
              S6            S7            S8            S9            S10
              ________      ________      ________      ________      ________
 S6                30
 S7                36            37
 S8                43            44            45
 S9                51            52            53            54
 S10               60            61            62            63            64


     STARTING VALUES


           TAU
              P11$1         P11$2         P11$3         P11$4         P11$5
              ________      ________      ________      ________      ________
               -1.267        -0.867        -0.544        -0.136         0.445


           TAU
              P21$1         P21$2         P21$3         P21$4         P21$5
              ________      ________      ________      ________      ________
               -1.267        -0.867        -0.544        -0.136         0.445


           TAU
              P12$1         P12$2         P12$3         P12$4         P12$5
              ________      ________      ________      ________      ________
               -1.267        -0.867        -0.544        -0.136         0.445


           TAU
              P22$1         P22$2         P22$3         P22$4         P13$1
              ________      ________      ________      ________      ________
               -1.832        -1.143        -0.658        -0.023        -1.267


           TAU
              P13$2         P13$3         P13$4         P13$5         P23$1
              ________      ________      ________      ________      ________
               -0.867        -0.544        -0.136         0.445        -1.267


           TAU
              P23$2         P23$3         P23$4         P23$5         P14$1
              ________      ________      ________      ________      ________
               -0.867        -0.544        -0.136         0.445        -1.832


           TAU
              P14$2         P14$3         P14$4         P24$1         P24$2
              ________      ________      ________      ________      ________
               -1.143        -0.658        -0.023        -1.636        -1.183


           TAU
              P24$3         P15$1         P15$2         P15$3         P25$1
              ________      ________      ________      ________      ________
               -0.417        -1.636        -1.183        -0.417        -1.832


           TAU
              P25$2         P25$3         P25$4         P16$1         P16$2
              ________      ________      ________      ________      ________
               -1.143        -0.658        -0.023        -1.636        -1.183


           TAU
              P16$3         P26$1         P26$2         P26$3         P17$1
              ________      ________      ________      ________      ________
               -0.417        -1.636        -1.183        -0.417        -1.155


           TAU
              P17$2         P27$1         P27$2         P27$3         P18$1
              ________      ________      ________      ________      ________
               -0.187        -1.636        -1.183        -0.417        -1.668


           TAU
              P18$2         P18$3         P28$1         P28$2         P19$1
              ________      ________      ________      ________      ________
               -1.259        -0.272        -1.381        -0.844        -1.668


           TAU
              P19$2         P19$3         P29$1         P29$2         P29$3
              ________      ________      ________      ________      ________
               -1.259        -0.272        -1.636        -1.183        -0.417


           TAU
              P110$1        P110$2        P110$3        P210$1        P210$2
              ________      ________      ________      ________      ________
               -1.636        -1.183        -0.417        -0.957        -0.385


           NU
              P11           P21           P12           P22           P13
              ________      ________      ________      ________      ________
                0.000         0.000         0.000         0.000         0.000


           NU
              P23           P14           P24           P15           P25
              ________      ________      ________      ________      ________
                0.000         0.000         0.000         0.000         0.000


           NU
              P16           P26           P17           P27           P18
              ________      ________      ________      ________      ________
                0.000         0.000         0.000         0.000         0.000


           NU
              P28           P19           P29           P110          P210
              ________      ________      ________      ________      ________
                0.000         0.000         0.000         0.000         0.000


           LAMBDA
              S1            S2            S3            S4            S5
              ________      ________      ________      ________      ________
 P11            1.000         0.000         0.000         0.000         0.000
 P21            1.000         0.000         0.000         0.000         0.000
 P12            0.000         1.000         0.000         0.000         0.000
 P22            0.000         1.000         0.000         0.000         0.000
 P13            0.000         0.000         1.000         0.000         0.000
 P23            0.000         0.000         1.000         0.000         0.000
 P14            0.000         0.000         0.000         1.000         0.000
 P24            0.000         0.000         0.000         1.000         0.000
 P15            0.000         0.000         0.000         0.000         1.000
 P25            0.000         0.000         0.000         0.000         1.000
 P16            0.000         0.000         0.000         0.000         0.000
 P26            0.000         0.000         0.000         0.000         0.000
 P17            0.000         0.000         0.000         0.000         0.000
 P27            0.000         0.000         0.000         0.000         0.000
 P18            0.000         0.000         0.000         0.000         0.000
 P28            0.000         0.000         0.000         0.000         0.000
 P19            0.000         0.000         0.000         0.000         0.000
 P29            0.000         0.000         0.000         0.000         0.000
 P110           0.000         0.000         0.000         0.000         0.000
 P210           0.000         0.000         0.000         0.000         0.000


           LAMBDA
              S6            S7            S8            S9            S10
              ________      ________      ________      ________      ________
 P11            0.000         0.000         0.000         0.000         0.000
 P21            0.000         0.000         0.000         0.000         0.000
 P12            0.000         0.000         0.000         0.000         0.000
 P22            0.000         0.000         0.000         0.000         0.000
 P13            0.000         0.000         0.000         0.000         0.000
 P23            0.000         0.000         0.000         0.000         0.000
 P14            0.000         0.000         0.000         0.000         0.000
 P24            0.000         0.000         0.000         0.000         0.000
 P15            0.000         0.000         0.000         0.000         0.000
 P25            0.000         0.000         0.000         0.000         0.000
 P16            1.000         0.000         0.000         0.000         0.000
 P26            1.000         0.000         0.000         0.000         0.000
 P17            0.000         1.000         0.000         0.000         0.000
 P27            0.000         1.000         0.000         0.000         0.000
 P18            0.000         0.000         1.000         0.000         0.000
 P28            0.000         0.000         1.000         0.000         0.000
 P19            0.000         0.000         0.000         1.000         0.000
 P29            0.000         0.000         0.000         1.000         0.000
 P110           0.000         0.000         0.000         0.000         1.000
 P210           0.000         0.000         0.000         0.000         1.000


           THETA
              P11           P21           P12           P22           P13
              ________      ________      ________      ________      ________
 P11            1.000
 P21            0.000         1.000
 P12            0.000         0.000         1.000
 P22            0.000         0.000         0.000         1.000
 P13            0.000         0.000         0.000         0.000         1.000
 P23            0.000         0.000         0.000         0.000         0.000
 P14            0.000         0.000         0.000         0.000         0.000
 P24            0.000         0.000         0.000         0.000         0.000
 P15            0.000         0.000         0.000         0.000         0.000
 P25            0.000         0.000         0.000         0.000         0.000
 P16            0.000         0.000         0.000         0.000         0.000
 P26            0.000         0.000         0.000         0.000         0.000
 P17            0.000         0.000         0.000         0.000         0.000
 P27            0.000         0.000         0.000         0.000         0.000
 P18            0.000         0.000         0.000         0.000         0.000
 P28            0.000         0.000         0.000         0.000         0.000
 P19            0.000         0.000         0.000         0.000         0.000
 P29            0.000         0.000         0.000         0.000         0.000
 P110           0.000         0.000         0.000         0.000         0.000
 P210           0.000         0.000         0.000         0.000         0.000


           THETA
              P23           P14           P24           P15           P25
              ________      ________      ________      ________      ________
 P23            1.000
 P14            0.000         1.000
 P24            0.000         0.000         1.000
 P15            0.000         0.000         0.000         1.000
 P25            0.000         0.000         0.000         0.000         1.000
 P16            0.000         0.000         0.000         0.000         0.000
 P26            0.000         0.000         0.000         0.000         0.000
 P17            0.000         0.000         0.000         0.000         0.000
 P27            0.000         0.000         0.000         0.000         0.000
 P18            0.000         0.000         0.000         0.000         0.000
 P28            0.000         0.000         0.000         0.000         0.000
 P19            0.000         0.000         0.000         0.000         0.000
 P29            0.000         0.000         0.000         0.000         0.000
 P110           0.000         0.000         0.000         0.000         0.000
 P210           0.000         0.000         0.000         0.000         0.000


           THETA
              P16           P26           P17           P27           P18
              ________      ________      ________      ________      ________
 P16            1.000
 P26            0.000         1.000
 P17            0.000         0.000         1.000
 P27            0.000         0.000         0.000         1.000
 P18            0.000         0.000         0.000         0.000         1.000
 P28            0.000         0.000         0.000         0.000         0.000
 P19            0.000         0.000         0.000         0.000         0.000
 P29            0.000         0.000         0.000         0.000         0.000
 P110           0.000         0.000         0.000         0.000         0.000
 P210           0.000         0.000         0.000         0.000         0.000


           THETA
              P28           P19           P29           P110          P210
              ________      ________      ________      ________      ________
 P28            1.000
 P19            0.000         1.000
 P29            0.000         0.000         1.000
 P110           0.000         0.000         0.000         1.000
 P210           0.000         0.000         0.000         0.000         1.000


           ALPHA
              S1            S2            S3            S4            S5
              ________      ________      ________      ________      ________
                0.000         0.000         0.000         0.000         0.000


           ALPHA
              S6            S7            S8            S9            S10
              ________      ________      ________      ________      ________
                0.000         0.000         0.000         0.000         0.000


           BETA
              S1            S2            S3            S4            S5
              ________      ________      ________      ________      ________
 S1             0.000         0.000         0.000         0.000         0.000
 S2             0.000         0.000         0.000         0.000         0.000
 S3             0.000         0.000         0.000         0.000         0.000
 S4             0.000         0.000         0.000         0.000         0.000
 S5             0.000         0.000         0.000         0.000         0.000
 S6             0.000         0.000         0.000         0.000         0.000
 S7             0.000         0.000         0.000         0.000         0.000
 S8             0.000         0.000         0.000         0.000         0.000
 S9             0.000         0.000         0.000         0.000         0.000
 S10            0.000         0.000         0.000         0.000         0.000


           BETA
              S6            S7            S8            S9            S10
              ________      ________      ________      ________      ________
 S1             0.000         0.000         0.000         0.000         0.000
 S2             0.000         0.000         0.000         0.000         0.000
 S3             0.000         0.000         0.000         0.000         0.000
 S4             0.000         0.000         0.000         0.000         0.000
 S5             0.000         0.000         0.000         0.000         0.000
 S6             0.000         0.000         0.000         0.000         0.000
 S7             0.000         0.000         0.000         0.000         0.000
 S8             0.000         0.000         0.000         0.000         0.000
 S9             0.000         0.000         0.000         0.000         0.000
 S10            0.000         0.000         0.000         0.000         0.000


           PSI
              S1            S2            S3            S4            S5
              ________      ________      ________      ________      ________
 S1             1.000
 S2             0.000         1.000
 S3             0.000         0.000         1.000
 S4             0.000         0.000         0.000         1.000
 S5             0.000         0.000         0.000         0.000         1.000
 S6             0.000         0.000         0.000         0.000         0.000
 S7             0.000         0.000         0.000         0.000         0.000
 S8             0.000         0.000         0.000         0.000         0.000
 S9             0.000         0.000         0.000         0.000         0.000
 S10            0.000         0.000         0.000         0.000         0.000


           PSI
              S6            S7            S8            S9            S10
              ________      ________      ________      ________      ________
 S6             1.000
 S7             0.000         1.000
 S8             0.000         0.000         1.000
 S9             0.000         0.000         0.000         1.000
 S10            0.000         0.000         0.000         0.000         1.000



     PRIORS FOR ALL PARAMETERS            PRIOR MEAN      PRIOR VARIANCE     PRIOR STD. DEV.

     Parameter 1~N(0.000,infinity)           0.0000            infinity            infinity
     Parameter 2~N(0.000,infinity)           0.0000            infinity            infinity
     Parameter 3~N(0.000,infinity)           0.0000            infinity            infinity
     Parameter 4~N(0.000,infinity)           0.0000            infinity            infinity
     Parameter 5~N(0.000,infinity)           0.0000            infinity            infinity
     Parameter 6~N(0.000,infinity)           0.0000            infinity            infinity
     Parameter 7~N(0.000,infinity)           0.0000            infinity            infinity
     Parameter 8~N(0.000,infinity)           0.0000            infinity            infinity
     Parameter 9~N(0.000,infinity)           0.0000            infinity            infinity
     Parameter 10~IW(1.000,11)             infinity            infinity            infinity
     Parameter 11~IW(0.000,11)             infinity            infinity            infinity
     Parameter 12~IW(1.000,11)             infinity            infinity            infinity
     Parameter 13~IW(0.000,11)             infinity            infinity            infinity
     Parameter 14~IW(0.000,11)             infinity            infinity            infinity
     Parameter 15~IW(1.000,11)             infinity            infinity            infinity
     Parameter 16~IW(0.000,11)             infinity            infinity            infinity
     Parameter 17~IW(0.000,11)             infinity            infinity            infinity
     Parameter 18~IW(0.000,11)             infinity            infinity            infinity
     Parameter 19~IW(1.000,11)             infinity            infinity            infinity
     Parameter 20~IW(0.000,11)             infinity            infinity            infinity
     Parameter 21~IW(0.000,11)             infinity            infinity            infinity
     Parameter 22~IW(0.000,11)             infinity            infinity            infinity
     Parameter 23~IW(0.000,11)             infinity            infinity            infinity
     Parameter 24~IW(1.000,11)             infinity            infinity            infinity
     Parameter 25~IW(0.000,11)             infinity            infinity            infinity
     Parameter 26~IW(0.000,11)             infinity            infinity            infinity
     Parameter 27~IW(0.000,11)             infinity            infinity            infinity
     Parameter 28~IW(0.000,11)             infinity            infinity            infinity
     Parameter 29~IW(0.000,11)             infinity            infinity            infinity
     Parameter 30~IW(1.000,11)             infinity            infinity            infinity
     Parameter 31~IW(0.000,11)             infinity            infinity            infinity
     Parameter 32~IW(0.000,11)             infinity            infinity            infinity
     Parameter 33~IW(0.000,11)             infinity            infinity            infinity
     Parameter 34~IW(0.000,11)             infinity            infinity            infinity
     Parameter 35~IW(0.000,11)             infinity            infinity            infinity
     Parameter 36~IW(0.000,11)             infinity            infinity            infinity
     Parameter 37~IW(1.000,11)             infinity            infinity            infinity
     Parameter 38~IW(0.000,11)             infinity            infinity            infinity
     Parameter 39~IW(0.000,11)             infinity            infinity            infinity
     Parameter 40~IW(0.000,11)             infinity            infinity            infinity
     Parameter 41~IW(0.000,11)             infinity            infinity            infinity
     Parameter 42~IW(0.000,11)             infinity            infinity            infinity
     Parameter 43~IW(0.000,11)             infinity            infinity            infinity
     Parameter 44~IW(0.000,11)             infinity            infinity            infinity
     Parameter 45~IW(1.000,11)             infinity            infinity            infinity
     Parameter 46~IW(0.000,11)             infinity            infinity            infinity
     Parameter 47~IW(0.000,11)             infinity            infinity            infinity
     Parameter 48~IW(0.000,11)             infinity            infinity            infinity
     Parameter 49~IW(0.000,11)             infinity            infinity            infinity
     Parameter 50~IW(0.000,11)             infinity            infinity            infinity
     Parameter 51~IW(0.000,11)             infinity            infinity            infinity
     Parameter 52~IW(0.000,11)             infinity            infinity            infinity
     Parameter 53~IW(0.000,11)             infinity            infinity            infinity
     Parameter 54~IW(1.000,11)             infinity            infinity            infinity
     Parameter 55~IW(0.000,11)             infinity            infinity            infinity
     Parameter 56~IW(0.000,11)             infinity            infinity            infinity
     Parameter 57~IW(0.000,11)             infinity            infinity            infinity
     Parameter 58~IW(0.000,11)             infinity            infinity            infinity
     Parameter 59~IW(0.000,11)             infinity            infinity            infinity
     Parameter 60~IW(0.000,11)             infinity            infinity            infinity
     Parameter 61~IW(0.000,11)             infinity            infinity            infinity
     Parameter 62~IW(0.000,11)             infinity            infinity            infinity
     Parameter 63~IW(0.000,11)             infinity            infinity            infinity
     Parameter 64~IW(1.000,11)             infinity            infinity            infinity
     Parameter 65~N(0.000,5.000)             0.0000              5.0000              2.2361
     Parameter 66~N(0.000,5.000)             0.0000              5.0000              2.2361
     Parameter 67~N(0.000,5.000)             0.0000              5.0000              2.2361
     Parameter 68~N(0.000,5.000)             0.0000              5.0000              2.2361
     Parameter 69~N(0.000,5.000)             0.0000              5.0000              2.2361
     Parameter 70~N(0.000,5.000)             0.0000              5.0000              2.2361
     Parameter 71~N(0.000,5.000)             0.0000              5.0000              2.2361
     Parameter 72~N(0.000,5.000)             0.0000              5.0000              2.2361
     Parameter 73~N(0.000,5.000)             0.0000              5.0000              2.2361
     Parameter 74~N(0.000,5.000)             0.0000              5.0000              2.2361
     Parameter 75~N(0.000,5.000)             0.0000              5.0000              2.2361
     Parameter 76~N(0.000,5.000)             0.0000              5.0000              2.2361
     Parameter 77~N(0.000,5.000)             0.0000              5.0000              2.2361
     Parameter 78~N(0.000,5.000)             0.0000              5.0000              2.2361
     Parameter 79~N(0.000,5.000)             0.0000              5.0000              2.2361
     Parameter 80~N(0.000,5.000)             0.0000              5.0000              2.2361
     Parameter 81~N(0.000,5.000)             0.0000              5.0000              2.2361
     Parameter 82~N(0.000,5.000)             0.0000              5.0000              2.2361
     Parameter 83~N(0.000,5.000)             0.0000              5.0000              2.2361
     Parameter 84~N(0.000,5.000)             0.0000              5.0000              2.2361
     Parameter 85~N(0.000,5.000)             0.0000              5.0000              2.2361


TECHNICAL 8 OUTPUT


   TECHNICAL 8 OUTPUT FOR BAYES ESTIMATION

     CHAIN    BSEED
     1        0
     2        285380

                     POTENTIAL       PARAMETER WITH
     ITERATION    SCALE REDUCTION      HIGHEST PSR
     100              1.424               85
     200              1.124               69
     300              1.045               10
     400              1.058               83
     500              1.096               7
     600              1.138               71
     700              1.094               7
     800              1.108               7
     900              1.116               69
     1000             1.085               8
     1100             1.085               8
     1200             1.062               81
     1300             1.050               7
     1400             1.074               80
     1500             1.110               7
     1600             1.145               7
     1700             1.155               80
     1800             1.168               7
     1900             1.106               79
     2000             1.061               79
     2100             1.083               79
     2200             1.124               79
     2300             1.079               79
     2400             1.079               79
     2500             1.084               79
     2600             1.111               81
     2700             1.124               81
     2800             1.134               81
     2900             1.103               81
     3000             1.063               81
     3100             1.044               81
     3200             1.037               69
     3300             1.035               69
     3400             1.039               69
     3500             1.043               69
     3600             1.048               69
     3700             1.077               69
     3800             1.053               69
     3900             1.040               81
     4000             1.031               75
     4100             1.021               75
     4200             1.009               75
     4300             1.006               30
     4400             1.005               28
     4500             1.008               65
     4600             1.012               65
     4700             1.015               65
     4800             1.017               65
     4900             1.026               65
     5000             1.029               65
     5100             1.020               65
     5200             1.020               65
     5300             1.030               65
     5400             1.035               65
     5500             1.027               65
     5600             1.036               65
     5700             1.039               65
     5800             1.031               65
     5900             1.027               65
     6000             1.021               65
     6100             1.021               65
     6200             1.024               65
     6300             1.025               65
     6400             1.026               65
     6500             1.033               65
     6600             1.044               65
     6700             1.053               65
     6800             1.048               65
     6900             1.041               66
     7000             1.036               65
     7100             1.036               65
     7200             1.035               65
     7300             1.036               73
     7400             1.033               73
     7500             1.032               65
     7600             1.028               65
     7700             1.026               65
     7800             1.019               5
     7900             1.021               5
     8000             1.022               73
     8100             1.022               73
     8200             1.029               65
     8300             1.029               73
     8400             1.026               65
     8500             1.024               65
     8600             1.017               65
     8700             1.017               73
     8800             1.015               65
     8900             1.012               65
     9000             1.009               65
     9100             1.007               65
     9200             1.007               65
     9300             1.009               65
     9400             1.008               65
     9500             1.009               65
     9600             1.008               65
     9700             1.007               65
     9800             1.006               65
     9900             1.005               65
     10000            1.006               72
     10100            1.006               72
     10200            1.006               72
     10300            1.005               72
     10400            1.003               71
     10500            1.003               71
     10600            1.003               85
     10700            1.004               7
     10800            1.005               7
     10900            1.005               7
     11000            1.005               7
     11100            1.006               7
     11200            1.008               7
     11300            1.011               7
     11400            1.010               7
     11500            1.008               7
     11600            1.007               7
     11700            1.007               7
     11800            1.009               7
     11900            1.010               7
     12000            1.012               80
     12100            1.012               7
     12200            1.012               7
     12300            1.012               7
     12400            1.013               80
     12500            1.015               80
     12600            1.017               80
     12700            1.015               80
     12800            1.016               80
     12900            1.019               80
     13000            1.022               80
     13100            1.023               80
     13200            1.027               80
     13300            1.030               80
     13400            1.033               8
     13500            1.033               76
     13600            1.034               76
     13700            1.038               76
     13800            1.039               76
     13900            1.037               76
     14000            1.033               76
     14100            1.033               76
     14200            1.030               76
     14300            1.031               76
     14400            1.034               76
     14500            1.035               76
     14600            1.036               76
     14700            1.035               76
     14800            1.033               76
     14900            1.032               76
     15000            1.031               76
     15100            1.032               76
     15200            1.033               76
     15300            1.035               76
     15400            1.037               76
     15500            1.041               76
     15600            1.044               76
     15700            1.046               76
     15800            1.042               76
     15900            1.040               76
     16000            1.038               76
     16100            1.041               76
     16200            1.045               76
     16300            1.050               76
     16400            1.059               76
     16500            1.062               76
     16600            1.056               76
     16700            1.051               76
     16800            1.045               76
     16900            1.041               76
     17000            1.045               76
     17100            1.041               76
     17200            1.040               76
     17300            1.041               76
     17400            1.035               76
     17500            1.033               67
     17600            1.034               67
     17700            1.037               67
     17800            1.035               67
     17900            1.039               67
     18000            1.037               67
     18100            1.038               68
     18200            1.036               68
     18300            1.035               68
     18400            1.037               67
     18500            1.038               67
     18600            1.036               67
     18700            1.037               68
     18800            1.034               68
     18900            1.031               68
     19000            1.030               69
     19100            1.029               68
     19200            1.030               76
     19300            1.031               69
     19400            1.031               69
     19500            1.030               69
     19600            1.031               69
     19700            1.030               69
     19800            1.032               69
     19900            1.030               72
     20000            1.029               69
     20100            1.029               69
     20200            1.026               69
     20300            1.022               69
     20400            1.020               69
     20500            1.020               69
     20600            1.020               69
     20700            1.022               72
     20800            1.023               72
     20900            1.020               72
     21000            1.020               69
     21100            1.023               69
     21200            1.023               69
     21300            1.026               69
     21400            1.024               69
     21500            1.021               69
     21600            1.021               69
     21700            1.022               69
     21800            1.020               69
     21900            1.020               69
     22000            1.019               69
     22100            1.020               69
     22200            1.020               69
     22300            1.020               69
     22400            1.020               69
     22500            1.019               69
     22600            1.020               69
     22700            1.021               69
     22800            1.020               69
     22900            1.021               68
     23000            1.021               68
     23100            1.018               68
     23200            1.018               68
     23300            1.017               68
     23400            1.018               68
     23500            1.017               68
     23600            1.016               68
     23700            1.016               68
     23800            1.014               68
     23900            1.015               68
     24000            1.016               68
     24100            1.015               68
     24200            1.014               68
     24300            1.013               68
     24400            1.012               69
     24500            1.011               68
     24600            1.010               69


PLOT INFORMATION

The following plots are available:

  Sample proportions and estimated probabilities
  Bayesian posterior parameter distributions
  Bayesian posterior parameter trace plots
  Bayesian autocorrelation plots
  Bayesian prior parameter distributions
  Bayesian posterior predictive checking scatterplots
  Bayesian posterior predictive checking distribution plots

     Beginning Time:  13:21:05
        Ending Time:  13:23:00
       Elapsed Time:  00:01:55



MUTHEN & MUTHEN
3463 Stoner Ave.
Los Angeles, CA  90066

Tel: (310) 391-9971
Fax: (310) 391-8971
Web: www.StatModel.com
Support: Support@StatModel.com

Copyright (c) 1998-2023 Muthen & Muthen
