Mplus VERSION 8.11 (Mac)
MUTHEN & MUTHEN
05/05/2025   3:25 PM

INPUT INSTRUCTIONS

  DATA:

  File is laac2_wide.dat;

  VARIABLE:

  NAMES =   subject task
  Y1_1    Y1_10   Y1_2    Y1_3    Y1_4    Y1_5    Y1_6
  Y1_7    Y1_8    Y1_9    Y10_1   Y10_10  Y10_2   Y10_3   Y10_4   Y10_5
  Y10_6   Y10_7   Y10_8   Y10_9   Y11_1   Y11_10  Y11_2   Y11_3   Y11_4
  Y11_5   Y11_6   Y11_7   Y11_8   Y11_9   Y12_1   Y12_10  Y12_2   Y12_3
  Y12_4   Y12_5   Y12_6   Y12_7   Y12_8   Y12_9   Y2_1    Y2_10   Y2_2
  Y2_3    Y2_4    Y2_5    Y2_6    Y2_7    Y2_8    Y2_9    Y3_1    Y3_10
  Y3_2    Y3_3    Y3_4    Y3_5    Y3_6    Y3_7    Y3_8    Y3_9    Y4_1
  Y4_10   Y4_2    Y4_3    Y4_4    Y4_5    Y4_6    Y4_7    Y4_8    Y4_9
  Y5_1    Y5_10   Y5_2    Y5_3    Y5_4    Y5_5    Y5_6    Y5_7    Y5_8
  Y5_9    Y6_1    Y6_10   Y6_2    Y6_3    Y6_4    Y6_5    Y6_6    Y6_7
  Y6_8    Y6_9    Y7_1    Y7_10   Y7_2    Y7_3    Y7_4    Y7_5    Y7_6
  Y7_7    Y7_8    Y7_9    Y8_1    Y8_10   Y8_2    Y8_3    Y8_4    Y8_5
  Y8_6    Y8_7    Y8_8    Y8_9    Y9_1    Y9_10   Y9_2    Y9_3    Y9_4
  Y9_5    Y9_6    Y9_7    Y9_8    Y9_9;


  USEVARIABLES =  P11 P21 P12 P22 P13 P23 P14 P24
  	       P15 P25 P16 P26 P17 P27 P18 P28 P19 P29
  	       P110 P210 ;
  	
  Categ =   P11 P21 P12 P22 P13 P23 P14 P24
  	       P15 P25 P16 P26 P17 P27 P18 P28 P19 P29
  	       P110 P210 ;
  	

  Missing = All(-99);	

  useobservations are (task EQ 3);

  ! "'attention'=1;'communication'=2;'reasoning'=3;'visible_food'=4;
  !'population'=5;'inhibit_searched'=6"

  DEFINE:
  P11 = Y1_1 + Y3_1 + Y5_1 + Y7_1 + Y9_1 + Y11_1;
  P21 =  Y2_1 + Y4_1 + Y6_1 + Y8_1 + Y10_1 + Y12_1;

  P12 =  Y1_2 + Y3_2 + Y5_2 + Y7_2 + Y9_2 + Y11_2;
  P22 =  Y2_2 + Y4_2 + Y6_2 + Y8_2 + Y10_2 + Y12_2;

  P13 =  Y1_3 + Y3_3 + Y5_3 + Y7_3 + Y9_3 + Y11_3;
  P23 =  Y2_3 + Y4_3 + Y6_3 + Y8_3 + Y10_3 + Y12_3;

  P14 =  Y1_4 + Y3_4 + Y5_4 + Y7_4 + Y9_4 + Y11_4;
  P24 =  Y2_4 + Y4_4 + Y6_4 + Y8_4 + Y10_4 + Y12_4;

  P15 =  Y1_5 + Y3_5 + Y5_5 + Y7_5 + Y9_5 + Y11_5;
  P25 =  Y2_5 + Y4_5 + Y6_5 + Y8_5 + Y10_5 + Y12_5;

  P16 =  Y1_6 + Y3_6 + Y5_6 + Y7_6 + Y9_6 + Y11_6;
  P26 =  Y2_6 + Y4_6 + Y6_6 + Y8_6 + Y10_6 + Y12_6;

  P17 =  Y1_7 + Y3_7 + Y5_7 + Y7_7 + Y9_7 + Y11_7;
  P27 =  Y2_7 + Y4_7 + Y6_7 + Y8_7 + Y10_7 + Y12_7;

  P18 =  Y1_8 + Y3_8 + Y5_8 + Y7_8 + Y9_8 + Y11_8;
  P28 =  Y2_8 + Y4_8 + Y6_8 + Y8_8 + Y10_8 + Y12_8;

  P19 =  Y1_9 + Y3_9 + Y5_9 + Y7_9 + Y9_9 + Y11_9;
  P29 =  Y2_9 + Y4_9 + Y6_9 + Y8_9 + Y10_9 + Y12_9;

  P110 =  Y1_10 + Y3_10 + Y5_10 + Y7_10 + Y9_10 + Y11_10;
  P210 =  Y2_10 + Y4_10 + Y6_10 + Y8_10 + Y10_10 + Y12_10;


    IF (P11==0) THEN P11=1;
    IF (P21==0) THEN P21=1;
    IF (P12==0) THEN P12=1;
    IF (P22==0) THEN P22=1;
    IF (P13==0) THEN P13=1;
    IF (P23==0) THEN P23=1;
    IF (P14==0) THEN P14=1;
    IF (P24==0) THEN P24=1;
    IF (P15==0) THEN P15=1;
    IF (P25==0) THEN P25=1;
    IF (P16==0) THEN P16=1;
    IF (P26==0) THEN P26=1;
    IF (P17==0) THEN P17=1;
    IF (P27==0) THEN P27=1;
    IF (P18==0) THEN P18=1;
    IF (P28==0) THEN P28=1;
    IF (P19==0) THEN P19=1;
    IF (P29==0) THEN P29=1;
    IF (P110==0) THEN P110=1;
    IF (P210==0) THEN P210=1;

    IF (P11==6) THEN P11=5;
    IF (P21==6) THEN P21=5;
    IF (P12==6) THEN P12=5;
    IF (P22==6) THEN P22=5;
    IF (P13==6) THEN P13=5;
    IF (P23==6) THEN P23=5;
    IF (P14==6) THEN P14=5;
    IF (P24==6) THEN P24=5;
    IF (P15==6) THEN P15=5;
    IF (P25==6) THEN P25=5;
    IF (P16==6) THEN P16=5;
    IF (P26==6) THEN P26=5;
    IF (P17==6) THEN P17=5;
    IF (P27==6) THEN P27=5;
    IF (P18==6) THEN P18=5;
    IF (P28==6) THEN P28=5;
    IF (P19==6) THEN P19=5;
    IF (P29==6) THEN P29=5;
    IF (P110==6) THEN P110=5;
    IF (P210==6) THEN P210=5;


  ANALYSIS:

  	ESTIMATOR = Bayes;
  	Biter=(20000);
  	Thin=10;
  	Bconvergence = .005;	

  MODEL:



  T by P11@1 P21@1
  	P12@1 P22@1
  	P13@1 P23@1
  	P14@1 P24@1
  	P15@1 P25@1
  	P16@1 P26@1
  	P17@1 P27@1
  	P18@1 P28@1
  	P19@1 P29@1
  	P110@1 P210@1;


  S1 by P11@1 P21@1;
  S2 by P12@1 P22@1;
  S3 by P13@1 P23@1;
  S4 by P14@1 P24@1;
  S5 by P15@1 P25@1;
  S6 by P16@1 P26@1;
  S7 by P17@1 P27@1;
  S8 by P18@1 P28@1;
  S9 by P19@1 P29@1;
  S10 by P110@1 P210@1;

  	
  [S1-S10@0];
  [T@0];

  S1-S10 (varS);
  T (varT);

  S1-S10 with S1-S10@0;
  T with S1-S10@0;


  [P11$1*-1] (tau1);
  [P11$2*-0.5] (tau2);
  [P11$3*0.2] (tau3);
  [P11$4*1.5] (tau4);
  ![P11$5] (tau5);


  [P21$1] (tau1);
  [P21$2] (tau2);
  [P21$3] (tau3);
  [P21$4] (tau4);
  ![P21$5] (tau5);

  [P12$1] (tau1);
  [P12$2] (tau2);
  [P12$3] (tau3);
  [P12$4] (tau4);
  ![P12$5] (tau5);

  [P22$1] (tau1);
  [P22$2] (tau2);
  [P22$3] (tau3);
  [P22$4] (tau4);
  ![P22$5] (tau5);

  [P13$1] (tau1);
  [P13$2] (tau2);
  [P13$3] (tau3);
  [P13$4] (tau4);
  ![P13$5] (tau5);


  [P23$1] (tau1);
  [P23$2] (tau2);
  [P23$3] (tau3);
  [P23$4] (tau4);
  ![P23$5] (tau5);

  [P14$1] (tau1);
  [P14$2] (tau2);
  [P14$3] (tau3);
  [P14$4] (tau4);
  ![P14$5] (tau5);

  [P24$1] (tau1);
  [P24$2] (tau2);
  [P24$3] (tau3);
  [P24$4] (tau4);
  ![P24$5] (tau5);


  [P15$1] (tau1);
  [P15$2] (tau2);
  [P15$3] (tau3);
  [P15$4] (tau4);
  ![P15$5] (tau5);

  [P25$1] (tau1);
  [P25$2] (tau2);
  [P25$3] (tau3);
  [P25$4] (tau4);
  ![P25$5] (tau5);

  [P16$1] (tau1);
  [P16$2] (tau2);
  [P16$3] (tau3);
  [P16$4] (tau4);
  ![P16$5] (tau5);

  [P26$1] (tau1);
  [P26$2] (tau2);
  [P26$3] (tau3);
  [P26$4] (tau4);
  ![P26$5] (tau5);

  [P17$1] (tau12);
  [P17$2] (tau22);
  [P17$3] (tau32);
  ![P17$4] (tau4);
  ![P17$5] (tau5);

  [P27$1] (tau1);
  [P27$2] (tau2);
  [P27$3] (tau3);
  [P27$4] (tau4);
  ![P27$5] (tau5);

  [P18$1] (tau12);
  [P18$2] (tau22);
  [P18$3] (tau32);
  ![P18$4] (tau4);
  ![P18$5] (tau5);


  [P28$1] (tau1);
  [P28$2] (tau2);
  [P28$3] (tau3);
  [P28$4] (tau4);
  ![P28$5] (tau5);

  [P19$1] (tau12);
  [P19$2] (tau22);
  [P19$3] (tau32);
  ![P19$4] (tau4);
  ![P19$5] (tau5);

  [P29$1] (tau1);
  [P29$2] (tau2);
  [P29$3] (tau3);
  [P29$4] (tau4);
  ![P29$5] (tau5);

  [P110$1] (tau1);
  [P110$2] (tau2);
  [P110$3] (tau3);
  [P110$4] (tau4);
  ![P110$5] (tau5);

  [P210$1] (tau1);
  [P210$2] (tau2);
  [P210$3] (tau3);
  [P210$4] (tau4);
  ![P210$5] (tau5);

  Model constraint:

  NEW(con occ rel);
  con = varT / (varT + varS);
  occ = varS /(varT + varS);
  rel = (varS + varT ) / (varS + varT + 1);


  Output: stdyx tech8;
  PLOT:   TYPE = PLOT2;
  	



INPUT READING TERMINATED NORMALLY




SUMMARY OF ANALYSIS

Number of groups                                                 1
Number of observations                                          46

Number of dependent variables                                   20
Number of independent variables                                  0
Number of continuous latent variables                           11

Observed dependent variables

  Binary and ordered categorical (ordinal)
   P11         P21         P12         P22         P13         P23
   P14         P24         P15         P25         P16         P26
   P17         P27         P18         P28         P19         P29
   P110        P210

Continuous latent variables
   T           S1          S2          S3          S4          S5
   S6          S7          S8          S9          S10


Estimator                                                    BAYES
Specifications for Bayesian Estimation
  Point estimate                                            MEDIAN
  Number of Markov chain Monte Carlo (MCMC) chains               2
  Random seed for the first chain                                0
  Starting value information                           UNPERTURBED
  Algorithm used for Markov chain Monte Carlo           GIBBS(PX1)
  Convergence criterion                                  0.500D-02
  Maximum number of iterations                               50000
  K-th iteration used for thinning                              10
Link                                                        PROBIT

Input data file(s)
  laac2_wide.dat
Input data format  FREE


SUMMARY OF DATA



COVARIANCE COVERAGE OF DATA

Minimum covariance coverage value   0.100

     Number of missing data patterns            35


     PROPORTION OF DATA PRESENT


           Covariance Coverage
              P11           P21           P12           P22           P13
              ________      ________      ________      ________      ________
 P11            0.783
 P21            0.783         0.783
 P12            0.652         0.652         0.696
 P22            0.652         0.652         0.696         0.696
 P13            0.696         0.696         0.630         0.630         0.804
 P23            0.696         0.696         0.630         0.630         0.804
 P14            0.457         0.457         0.413         0.413         0.522
 P24            0.457         0.457         0.413         0.413         0.522
 P15            0.543         0.543         0.500         0.500         0.609
 P25            0.522         0.522         0.500         0.500         0.587
 P16            0.500         0.500         0.478         0.478         0.587
 P26            0.500         0.500         0.478         0.478         0.587
 P17            0.348         0.348         0.304         0.304         0.391
 P27            0.348         0.348         0.304         0.304         0.391
 P18            0.478         0.478         0.435         0.435         0.522
 P28            0.478         0.478         0.435         0.435         0.522
 P19            0.630         0.630         0.587         0.587         0.674
 P29            0.630         0.630         0.587         0.587         0.674
 P110           0.565         0.565         0.500         0.500         0.543
 P210           0.565         0.565         0.500         0.500         0.543


           Covariance Coverage
              P23           P14           P24           P15           P25
              ________      ________      ________      ________      ________
 P23            0.804
 P14            0.522         0.565
 P24            0.522         0.565         0.565
 P15            0.609         0.500         0.500         0.652
 P25            0.587         0.478         0.478         0.630         0.630
 P16            0.587         0.478         0.478         0.500         0.478
 P26            0.587         0.478         0.478         0.500         0.478
 P17            0.391         0.348         0.348         0.370         0.348
 P27            0.391         0.348         0.348         0.370         0.348
 P18            0.522         0.435         0.435         0.435         0.413
 P28            0.522         0.435         0.435         0.435         0.413
 P19            0.674         0.543         0.543         0.565         0.543
 P29            0.674         0.543         0.543         0.565         0.543
 P110           0.543         0.391         0.391         0.457         0.435
 P210           0.543         0.391         0.391         0.457         0.435


           Covariance Coverage
              P16           P26           P17           P27           P18
              ________      ________      ________      ________      ________
 P16            0.609
 P26            0.609         0.609
 P17            0.370         0.370         0.391
 P27            0.370         0.370         0.391         0.391
 P18            0.457         0.457         0.326         0.326         0.587
 P28            0.457         0.457         0.326         0.326         0.587
 P19            0.587         0.587         0.391         0.391         0.500
 P29            0.587         0.587         0.391         0.391         0.500
 P110           0.413         0.413         0.326         0.326         0.413
 P210           0.413         0.413         0.326         0.326         0.413


           Covariance Coverage
              P28           P19           P29           P110          P210
              ________      ________      ________      ________      ________
 P28            0.587
 P19            0.500         0.783
 P29            0.500         0.783         0.783
 P110           0.413         0.543         0.543         0.630
 P210           0.413         0.543         0.543         0.630         0.630


UNIVARIATE PROPORTIONS AND COUNTS FOR CATEGORICAL VARIABLES

    P11
      Category 1    0.194            7.000
      Category 2    0.194            7.000
      Category 3    0.389           14.000
      Category 4    0.167            6.000
      Category 5    0.056            2.000
    P21
      Category 1    0.222            8.000
      Category 2    0.194            7.000
      Category 3    0.361           13.000
      Category 4    0.111            4.000
      Category 5    0.111            4.000
    P12
      Category 1    0.031            1.000
      Category 2    0.219            7.000
      Category 3    0.406           13.000
      Category 4    0.188            6.000
      Category 5    0.156            5.000
    P22
      Category 1    0.156            5.000
      Category 2    0.281            9.000
      Category 3    0.344           11.000
      Category 4    0.188            6.000
      Category 5    0.031            1.000
    P13
      Category 1    0.081            3.000
      Category 2    0.297           11.000
      Category 3    0.378           14.000
      Category 4    0.108            4.000
      Category 5    0.135            5.000
    P23
      Category 1    0.081            3.000
      Category 2    0.162            6.000
      Category 3    0.514           19.000
      Category 4    0.162            6.000
      Category 5    0.081            3.000
    P14
      Category 1    0.231            6.000
      Category 2    0.154            4.000
      Category 3    0.308            8.000
      Category 4    0.192            5.000
      Category 5    0.115            3.000
    P24
      Category 1    0.346            9.000
      Category 2    0.115            3.000
      Category 3    0.308            8.000
      Category 4    0.077            2.000
      Category 5    0.154            4.000
    P15
      Category 1    0.133            4.000
      Category 2    0.367           11.000
      Category 3    0.300            9.000
      Category 4    0.133            4.000
      Category 5    0.067            2.000
    P25
      Category 1    0.172            5.000
      Category 2    0.345           10.000
      Category 3    0.310            9.000
      Category 4    0.103            3.000
      Category 5    0.069            2.000
    P16
      Category 1    0.250            7.000
      Category 2    0.250            7.000
      Category 3    0.286            8.000
      Category 4    0.107            3.000
      Category 5    0.107            3.000
    P26
      Category 1    0.250            7.000
      Category 2    0.107            3.000
      Category 3    0.464           13.000
      Category 4    0.107            3.000
      Category 5    0.071            2.000
    P17
      Category 1    0.167            3.000
      Category 2    0.167            3.000
      Category 3    0.500            9.000
      Category 4    0.167            3.000
    P27
      Category 1    0.167            3.000
      Category 2    0.056            1.000
      Category 3    0.333            6.000
      Category 4    0.389            7.000
      Category 5    0.056            1.000
    P18
      Category 1    0.111            3.000
      Category 2    0.296            8.000
      Category 3    0.259            7.000
      Category 4    0.333            9.000
    P28
      Category 1    0.148            4.000
      Category 2    0.222            6.000
      Category 3    0.148            4.000
      Category 4    0.370           10.000
      Category 5    0.111            3.000
    P19
      Category 1    0.167            6.000
      Category 2    0.250            9.000
      Category 3    0.472           17.000
      Category 4    0.111            4.000
    P29
      Category 1    0.222            8.000
      Category 2    0.222            8.000
      Category 3    0.389           14.000
      Category 4    0.111            4.000
      Category 5    0.056            2.000
    P110
      Category 1    0.069            2.000
      Category 2    0.276            8.000
      Category 3    0.379           11.000
      Category 4    0.172            5.000
      Category 5    0.103            3.000
    P210
      Category 1    0.103            3.000
      Category 2    0.310            9.000
      Category 3    0.379           11.000
      Category 4    0.172            5.000
      Category 5    0.034            1.000



THE MODEL ESTIMATION TERMINATED NORMALLY

     USE THE FBITERATIONS OPTION TO INCREASE THE NUMBER OF ITERATIONS BY A FACTOR
     OF AT LEAST TWO TO CHECK CONVERGENCE AND THAT THE PSR VALUE DOES NOT INCREASE.



MODEL FIT INFORMATION

Number of Free Parameters                               9

Bayesian Posterior Predictive Checking using Chi-Square

          95% Confidence Interval for the Difference Between
          the Observed and the Replicated Chi-Square Values

                                -56.055            80.565

          Posterior Predictive P-Value              0.372



MODEL RESULTS

                                Posterior  One-Tailed         95% C.I.
                    Estimate       S.D.      P-Value   Lower 2.5%  Upper 2.5%  Significance

 T        BY
    P11                1.000       0.000      0.000       1.000       1.000
    P21                1.000       0.000      0.000       1.000       1.000
    P12                1.000       0.000      0.000       1.000       1.000
    P22                1.000       0.000      0.000       1.000       1.000
    P13                1.000       0.000      0.000       1.000       1.000
    P23                1.000       0.000      0.000       1.000       1.000
    P14                1.000       0.000      0.000       1.000       1.000
    P24                1.000       0.000      0.000       1.000       1.000
    P15                1.000       0.000      0.000       1.000       1.000
    P25                1.000       0.000      0.000       1.000       1.000
    P16                1.000       0.000      0.000       1.000       1.000
    P26                1.000       0.000      0.000       1.000       1.000
    P17                1.000       0.000      0.000       1.000       1.000
    P27                1.000       0.000      0.000       1.000       1.000
    P18                1.000       0.000      0.000       1.000       1.000
    P28                1.000       0.000      0.000       1.000       1.000
    P19                1.000       0.000      0.000       1.000       1.000
    P29                1.000       0.000      0.000       1.000       1.000
    P110               1.000       0.000      0.000       1.000       1.000
    P210               1.000       0.000      0.000       1.000       1.000

 S1       BY
    P11                1.000       0.000      0.000       1.000       1.000
    P21                1.000       0.000      0.000       1.000       1.000

 S2       BY
    P12                1.000       0.000      0.000       1.000       1.000
    P22                1.000       0.000      0.000       1.000       1.000

 S3       BY
    P13                1.000       0.000      0.000       1.000       1.000
    P23                1.000       0.000      0.000       1.000       1.000

 S4       BY
    P14                1.000       0.000      0.000       1.000       1.000
    P24                1.000       0.000      0.000       1.000       1.000

 S5       BY
    P15                1.000       0.000      0.000       1.000       1.000
    P25                1.000       0.000      0.000       1.000       1.000

 S6       BY
    P16                1.000       0.000      0.000       1.000       1.000
    P26                1.000       0.000      0.000       1.000       1.000

 S7       BY
    P17                1.000       0.000      0.000       1.000       1.000
    P27                1.000       0.000      0.000       1.000       1.000

 S8       BY
    P18                1.000       0.000      0.000       1.000       1.000
    P28                1.000       0.000      0.000       1.000       1.000

 S9       BY
    P19                1.000       0.000      0.000       1.000       1.000
    P29                1.000       0.000      0.000       1.000       1.000

 S10      BY
    P110               1.000       0.000      0.000       1.000       1.000
    P210               1.000       0.000      0.000       1.000       1.000

 S1       WITH
    S2                 0.000       0.000      1.000       0.000       0.000
    S3                 0.000       0.000      1.000       0.000       0.000
    S4                 0.000       0.000      1.000       0.000       0.000
    S5                 0.000       0.000      1.000       0.000       0.000
    S6                 0.000       0.000      1.000       0.000       0.000
    S7                 0.000       0.000      1.000       0.000       0.000
    S8                 0.000       0.000      1.000       0.000       0.000
    S9                 0.000       0.000      1.000       0.000       0.000
    S10                0.000       0.000      1.000       0.000       0.000
    T                  0.000       0.000      1.000       0.000       0.000

 S2       WITH
    S3                 0.000       0.000      1.000       0.000       0.000
    S4                 0.000       0.000      1.000       0.000       0.000
    S5                 0.000       0.000      1.000       0.000       0.000
    S6                 0.000       0.000      1.000       0.000       0.000
    S7                 0.000       0.000      1.000       0.000       0.000
    S8                 0.000       0.000      1.000       0.000       0.000
    S9                 0.000       0.000      1.000       0.000       0.000
    S10                0.000       0.000      1.000       0.000       0.000
    T                  0.000       0.000      1.000       0.000       0.000

 S3       WITH
    S4                 0.000       0.000      1.000       0.000       0.000
    S5                 0.000       0.000      1.000       0.000       0.000
    S6                 0.000       0.000      1.000       0.000       0.000
    S7                 0.000       0.000      1.000       0.000       0.000
    S8                 0.000       0.000      1.000       0.000       0.000
    S9                 0.000       0.000      1.000       0.000       0.000
    S10                0.000       0.000      1.000       0.000       0.000
    T                  0.000       0.000      1.000       0.000       0.000

 S4       WITH
    S5                 0.000       0.000      1.000       0.000       0.000
    S6                 0.000       0.000      1.000       0.000       0.000
    S7                 0.000       0.000      1.000       0.000       0.000
    S8                 0.000       0.000      1.000       0.000       0.000
    S9                 0.000       0.000      1.000       0.000       0.000
    S10                0.000       0.000      1.000       0.000       0.000
    T                  0.000       0.000      1.000       0.000       0.000

 S5       WITH
    S6                 0.000       0.000      1.000       0.000       0.000
    S7                 0.000       0.000      1.000       0.000       0.000
    S8                 0.000       0.000      1.000       0.000       0.000
    S9                 0.000       0.000      1.000       0.000       0.000
    S10                0.000       0.000      1.000       0.000       0.000
    T                  0.000       0.000      1.000       0.000       0.000

 S6       WITH
    S7                 0.000       0.000      1.000       0.000       0.000
    S8                 0.000       0.000      1.000       0.000       0.000
    S9                 0.000       0.000      1.000       0.000       0.000
    S10                0.000       0.000      1.000       0.000       0.000
    T                  0.000       0.000      1.000       0.000       0.000

 S7       WITH
    S8                 0.000       0.000      1.000       0.000       0.000
    S9                 0.000       0.000      1.000       0.000       0.000
    S10                0.000       0.000      1.000       0.000       0.000
    T                  0.000       0.000      1.000       0.000       0.000

 S8       WITH
    S9                 0.000       0.000      1.000       0.000       0.000
    S10                0.000       0.000      1.000       0.000       0.000
    T                  0.000       0.000      1.000       0.000       0.000

 S9       WITH
    S10                0.000       0.000      1.000       0.000       0.000
    T                  0.000       0.000      1.000       0.000       0.000

 S10      WITH
    T                  0.000       0.000      1.000       0.000       0.000

 Means
    T                  0.000       0.000      1.000       0.000       0.000
    S1                 0.000       0.000      1.000       0.000       0.000
    S2                 0.000       0.000      1.000       0.000       0.000
    S3                 0.000       0.000      1.000       0.000       0.000
    S4                 0.000       0.000      1.000       0.000       0.000
    S5                 0.000       0.000      1.000       0.000       0.000
    S6                 0.000       0.000      1.000       0.000       0.000
    S7                 0.000       0.000      1.000       0.000       0.000
    S8                 0.000       0.000      1.000       0.000       0.000
    S9                 0.000       0.000      1.000       0.000       0.000
    S10                0.000       0.000      1.000       0.000       0.000

 Thresholds
    P11$1             -0.975       0.000      0.000      -0.975      -0.975      *
    P11$2             -0.259       0.000      0.000      -0.259      -0.259
    P11$3              0.606       0.000      0.000       0.606       0.606
    P11$4              1.333       0.000      0.000       1.333       1.333      *
    P21$1             -0.975       0.000      0.000      -0.975      -0.975      *
    P21$2             -0.259       0.000      0.000      -0.259      -0.259
    P21$3              0.606       0.000      0.000       0.606       0.606
    P21$4              1.333       0.000      0.000       1.333       1.333      *
    P12$1             -0.975       0.000      0.000      -0.975      -0.975      *
    P12$2             -0.259       0.000      0.000      -0.259      -0.259
    P12$3              0.606       0.000      0.000       0.606       0.606
    P12$4              1.333       0.000      0.000       1.333       1.333      *
    P22$1             -0.975       0.000      0.000      -0.975      -0.975      *
    P22$2             -0.259       0.000      0.000      -0.259      -0.259
    P22$3              0.606       0.000      0.000       0.606       0.606
    P22$4              1.333       0.000      0.000       1.333       1.333      *
    P13$1             -0.975       0.000      0.000      -0.975      -0.975      *
    P13$2             -0.259       0.000      0.000      -0.259      -0.259
    P13$3              0.606       0.000      0.000       0.606       0.606
    P13$4              1.333       0.000      0.000       1.333       1.333      *
    P23$1             -0.975       0.000      0.000      -0.975      -0.975      *
    P23$2             -0.259       0.000      0.000      -0.259      -0.259
    P23$3              0.606       0.000      0.000       0.606       0.606
    P23$4              1.333       0.000      0.000       1.333       1.333      *
    P14$1             -0.975       0.000      0.000      -0.975      -0.975      *
    P14$2             -0.259       0.000      0.000      -0.259      -0.259
    P14$3              0.606       0.000      0.000       0.606       0.606
    P14$4              1.333       0.000      0.000       1.333       1.333      *
    P24$1             -0.975       0.000      0.000      -0.975      -0.975      *
    P24$2             -0.259       0.000      0.000      -0.259      -0.259
    P24$3              0.606       0.000      0.000       0.606       0.606
    P24$4              1.333       0.000      0.000       1.333       1.333      *
    P15$1             -0.975       0.000      0.000      -0.975      -0.975      *
    P15$2             -0.259       0.000      0.000      -0.259      -0.259
    P15$3              0.606       0.000      0.000       0.606       0.606
    P15$4              1.333       0.000      0.000       1.333       1.333      *
    P25$1             -0.975       0.000      0.000      -0.975      -0.975      *
    P25$2             -0.259       0.000      0.000      -0.259      -0.259
    P25$3              0.606       0.000      0.000       0.606       0.606
    P25$4              1.333       0.000      0.000       1.333       1.333      *
    P16$1             -0.975       0.000      0.000      -0.975      -0.975      *
    P16$2             -0.259       0.000      0.000      -0.259      -0.259
    P16$3              0.606       0.000      0.000       0.606       0.606
    P16$4              1.333       0.000      0.000       1.333       1.333      *
    P26$1             -0.975       0.000      0.000      -0.975      -0.975      *
    P26$2             -0.259       0.000      0.000      -0.259      -0.259
    P26$3              0.606       0.000      0.000       0.606       0.606
    P26$4              1.333       0.000      0.000       1.333       1.333      *
    P17$1             -1.170       0.186      0.000      -1.547      -0.824      *
    P17$2             -0.286       0.154      0.029      -0.599       0.010
    P17$3              0.972       0.176      0.000       0.632       1.325      *
    P27$1             -0.975       0.000      0.000      -0.975      -0.975      *
    P27$2             -0.259       0.000      0.000      -0.259      -0.259
    P27$3              0.606       0.000      0.000       0.606       0.606
    P27$4              1.333       0.000      0.000       1.333       1.333      *
    P18$1             -1.170       0.186      0.000      -1.547      -0.824      *
    P18$2             -0.286       0.154      0.029      -0.599       0.010
    P18$3              0.972       0.176      0.000       0.632       1.325      *
    P28$1             -0.975       0.000      0.000      -0.975      -0.975      *
    P28$2             -0.259       0.000      0.000      -0.259      -0.259
    P28$3              0.606       0.000      0.000       0.606       0.606
    P28$4              1.333       0.000      0.000       1.333       1.333      *
    P19$1             -1.170       0.186      0.000      -1.547      -0.824      *
    P19$2             -0.286       0.154      0.029      -0.599       0.010
    P19$3              0.972       0.176      0.000       0.632       1.325      *
    P29$1             -0.975       0.000      0.000      -0.975      -0.975      *
    P29$2             -0.259       0.000      0.000      -0.259      -0.259
    P29$3              0.606       0.000      0.000       0.606       0.606
    P29$4              1.333       0.000      0.000       1.333       1.333      *
    P110$1            -0.975       0.000      0.000      -0.975      -0.975      *
    P110$2            -0.259       0.000      0.000      -0.259      -0.259
    P110$3             0.606       0.000      0.000       0.606       0.606
    P110$4             1.333       0.000      0.000       1.333       1.333      *
    P210$1            -0.975       0.000      0.000      -0.975      -0.975      *
    P210$2            -0.259       0.000      0.000      -0.259      -0.259
    P210$3             0.606       0.000      0.000       0.606       0.606
    P210$4             1.333       0.000      0.000       1.333       1.333      *

 Variances
    T                  0.177       0.065      0.000       0.086       0.342      *
    S1                 0.041       0.041      0.000       0.002       0.151      *
    S2                 0.041       0.041      0.000       0.002       0.151      *
    S3                 0.041       0.041      0.000       0.002       0.151      *
    S4                 0.041       0.041      0.000       0.002       0.151      *
    S5                 0.041       0.041      0.000       0.002       0.151      *
    S6                 0.041       0.041      0.000       0.002       0.151      *
    S7                 0.041       0.041      0.000       0.002       0.151      *
    S8                 0.041       0.041      0.000       0.002       0.151      *
    S9                 0.041       0.041      0.000       0.002       0.151      *
    S10                0.041       0.041      0.000       0.002       0.151      *

New/Additional Parameters
    CON                0.816       0.141      0.000       0.478       0.990      *
    OCC                0.184       0.141      0.000       0.010       0.522      *
    REL                0.186       0.048      0.000       0.104       0.293      *


STANDARDIZED MODEL RESULTS


STDYX Standardization

                                Posterior  One-Tailed         95% C.I.
                    Estimate       S.D.      P-Value   Lower 2.5%  Upper 2.5%  Significance
 T        BY
    P11                0.381       0.056      0.000       0.275       0.496      *
    P21                0.381       0.056      0.000       0.275       0.496      *
    P12                0.381       0.056      0.000       0.275       0.496      *
    P22                0.381       0.056      0.000       0.275       0.496      *
    P13                0.381       0.056      0.000       0.275       0.496      *
    P23                0.381       0.056      0.000       0.275       0.496      *
    P14                0.381       0.056      0.000       0.275       0.496      *
    P24                0.381       0.056      0.000       0.275       0.496      *
    P15                0.381       0.056      0.000       0.275       0.496      *
    P25                0.381       0.056      0.000       0.275       0.496      *
    P16                0.381       0.056      0.000       0.275       0.496      *
    P26                0.381       0.056      0.000       0.275       0.496      *
    P17                0.381       0.056      0.000       0.275       0.496      *
    P27                0.381       0.056      0.000       0.275       0.496      *
    P18                0.381       0.056      0.000       0.275       0.496      *
    P28                0.381       0.056      0.000       0.275       0.496      *
    P19                0.381       0.056      0.000       0.275       0.496      *
    P29                0.381       0.056      0.000       0.275       0.496      *
    P110               0.381       0.056      0.000       0.275       0.496      *
    P210               0.381       0.056      0.000       0.275       0.496      *

 S1       BY
    P11                0.183       0.079      0.000       0.040       0.338      *
    P21                0.183       0.079      0.000       0.040       0.338      *

 S2       BY
    P12                0.183       0.079      0.000       0.040       0.338      *
    P22                0.183       0.079      0.000       0.040       0.338      *

 S3       BY
    P13                0.183       0.079      0.000       0.040       0.338      *
    P23                0.183       0.079      0.000       0.040       0.338      *

 S4       BY
    P14                0.183       0.079      0.000       0.040       0.338      *
    P24                0.183       0.079      0.000       0.040       0.338      *

 S5       BY
    P15                0.183       0.079      0.000       0.040       0.338      *
    P25                0.183       0.079      0.000       0.040       0.338      *

 S6       BY
    P16                0.183       0.079      0.000       0.040       0.338      *
    P26                0.183       0.079      0.000       0.040       0.338      *

 S7       BY
    P17                0.183       0.079      0.000       0.040       0.338      *
    P27                0.183       0.079      0.000       0.040       0.338      *

 S8       BY
    P18                0.183       0.079      0.000       0.040       0.338      *
    P28                0.183       0.079      0.000       0.040       0.338      *

 S9       BY
    P19                0.183       0.079      0.000       0.040       0.338      *
    P29                0.183       0.079      0.000       0.040       0.338      *

 S10      BY
    P110               0.183       0.079      0.000       0.040       0.338      *
    P210               0.183       0.079      0.000       0.040       0.338      *

 S1       WITH
    S2                 0.000       0.000      1.000       0.000       0.000
    S3                 0.000       0.000      1.000       0.000       0.000
    S4                 0.000       0.000      1.000       0.000       0.000
    S5                 0.000       0.000      1.000       0.000       0.000
    S6                 0.000       0.000      1.000       0.000       0.000
    S7                 0.000       0.000      1.000       0.000       0.000
    S8                 0.000       0.000      1.000       0.000       0.000
    S9                 0.000       0.000      1.000       0.000       0.000
    S10                0.000       0.000      1.000       0.000       0.000
    T                  0.000       0.000      1.000       0.000       0.000

 S2       WITH
    S3                 0.000       0.000      1.000       0.000       0.000
    S4                 0.000       0.000      1.000       0.000       0.000
    S5                 0.000       0.000      1.000       0.000       0.000
    S6                 0.000       0.000      1.000       0.000       0.000
    S7                 0.000       0.000      1.000       0.000       0.000
    S8                 0.000       0.000      1.000       0.000       0.000
    S9                 0.000       0.000      1.000       0.000       0.000
    S10                0.000       0.000      1.000       0.000       0.000
    T                  0.000       0.000      1.000       0.000       0.000

 S3       WITH
    S4                 0.000       0.000      1.000       0.000       0.000
    S5                 0.000       0.000      1.000       0.000       0.000
    S6                 0.000       0.000      1.000       0.000       0.000
    S7                 0.000       0.000      1.000       0.000       0.000
    S8                 0.000       0.000      1.000       0.000       0.000
    S9                 0.000       0.000      1.000       0.000       0.000
    S10                0.000       0.000      1.000       0.000       0.000
    T                  0.000       0.000      1.000       0.000       0.000

 S4       WITH
    S5                 0.000       0.000      1.000       0.000       0.000
    S6                 0.000       0.000      1.000       0.000       0.000
    S7                 0.000       0.000      1.000       0.000       0.000
    S8                 0.000       0.000      1.000       0.000       0.000
    S9                 0.000       0.000      1.000       0.000       0.000
    S10                0.000       0.000      1.000       0.000       0.000
    T                  0.000       0.000      1.000       0.000       0.000

 S5       WITH
    S6                 0.000       0.000      1.000       0.000       0.000
    S7                 0.000       0.000      1.000       0.000       0.000
    S8                 0.000       0.000      1.000       0.000       0.000
    S9                 0.000       0.000      1.000       0.000       0.000
    S10                0.000       0.000      1.000       0.000       0.000
    T                  0.000       0.000      1.000       0.000       0.000

 S6       WITH
    S7                 0.000       0.000      1.000       0.000       0.000
    S8                 0.000       0.000      1.000       0.000       0.000
    S9                 0.000       0.000      1.000       0.000       0.000
    S10                0.000       0.000      1.000       0.000       0.000
    T                  0.000       0.000      1.000       0.000       0.000

 S7       WITH
    S8                 0.000       0.000      1.000       0.000       0.000
    S9                 0.000       0.000      1.000       0.000       0.000
    S10                0.000       0.000      1.000       0.000       0.000
    T                  0.000       0.000      1.000       0.000       0.000

 S8       WITH
    S9                 0.000       0.000      1.000       0.000       0.000
    S10                0.000       0.000      1.000       0.000       0.000
    T                  0.000       0.000      1.000       0.000       0.000

 S9       WITH
    S10                0.000       0.000      1.000       0.000       0.000
    T                  0.000       0.000      1.000       0.000       0.000

 S10      WITH
    T                  0.000       0.000      1.000       0.000       0.000

 Means
    T                  0.000       0.000      1.000       0.000       0.000
    S1                 0.000       0.000      1.000       0.000       0.000
    S2                 0.000       0.000      1.000       0.000       0.000
    S3                 0.000       0.000      1.000       0.000       0.000
    S4                 0.000       0.000      1.000       0.000       0.000
    S5                 0.000       0.000      1.000       0.000       0.000
    S6                 0.000       0.000      1.000       0.000       0.000
    S7                 0.000       0.000      1.000       0.000       0.000
    S8                 0.000       0.000      1.000       0.000       0.000
    S9                 0.000       0.000      1.000       0.000       0.000
    S10                0.000       0.000      1.000       0.000       0.000

 Thresholds
    P11$1             -0.880       0.026      0.000      -0.923      -0.820      *
    P11$2             -0.234       0.007      0.000      -0.245      -0.218      *
    P11$3              0.547       0.016      0.000       0.510       0.574      *
    P11$4              1.203       0.036      0.000       1.121       1.262      *
    P21$1             -0.880       0.026      0.000      -0.923      -0.820      *
    P21$2             -0.234       0.007      0.000      -0.245      -0.218      *
    P21$3              0.547       0.016      0.000       0.510       0.574      *
    P21$4              1.203       0.036      0.000       1.121       1.262      *
    P12$1             -0.880       0.026      0.000      -0.923      -0.820      *
    P12$2             -0.234       0.007      0.000      -0.245      -0.218      *
    P12$3              0.547       0.016      0.000       0.510       0.574      *
    P12$4              1.203       0.036      0.000       1.121       1.262      *
    P22$1             -0.880       0.026      0.000      -0.923      -0.820      *
    P22$2             -0.234       0.007      0.000      -0.245      -0.218      *
    P22$3              0.547       0.016      0.000       0.510       0.574      *
    P22$4              1.203       0.036      0.000       1.121       1.262      *
    P13$1             -0.880       0.026      0.000      -0.923      -0.820      *
    P13$2             -0.234       0.007      0.000      -0.245      -0.218      *
    P13$3              0.547       0.016      0.000       0.510       0.574      *
    P13$4              1.203       0.036      0.000       1.121       1.262      *
    P23$1             -0.880       0.026      0.000      -0.923      -0.820      *
    P23$2             -0.234       0.007      0.000      -0.245      -0.218      *
    P23$3              0.547       0.016      0.000       0.510       0.574      *
    P23$4              1.203       0.036      0.000       1.121       1.262      *
    P14$1             -0.880       0.026      0.000      -0.923      -0.820      *
    P14$2             -0.234       0.007      0.000      -0.245      -0.218      *
    P14$3              0.547       0.016      0.000       0.510       0.574      *
    P14$4              1.203       0.036      0.000       1.121       1.262      *
    P24$1             -0.880       0.026      0.000      -0.923      -0.820      *
    P24$2             -0.234       0.007      0.000      -0.245      -0.218      *
    P24$3              0.547       0.016      0.000       0.510       0.574      *
    P24$4              1.203       0.036      0.000       1.121       1.262      *
    P15$1             -0.880       0.026      0.000      -0.923      -0.820      *
    P15$2             -0.234       0.007      0.000      -0.245      -0.218      *
    P15$3              0.547       0.016      0.000       0.510       0.574      *
    P15$4              1.203       0.036      0.000       1.121       1.262      *
    P25$1             -0.880       0.026      0.000      -0.923      -0.820      *
    P25$2             -0.234       0.007      0.000      -0.245      -0.218      *
    P25$3              0.547       0.016      0.000       0.510       0.574      *
    P25$4              1.203       0.036      0.000       1.121       1.262      *
    P16$1             -0.880       0.026      0.000      -0.923      -0.820      *
    P16$2             -0.234       0.007      0.000      -0.245      -0.218      *
    P16$3              0.547       0.016      0.000       0.510       0.574      *
    P16$4              1.203       0.036      0.000       1.121       1.262      *
    P26$1             -0.880       0.026      0.000      -0.923      -0.820      *
    P26$2             -0.234       0.007      0.000      -0.245      -0.218      *
    P26$3              0.547       0.016      0.000       0.510       0.574      *
    P26$4              1.203       0.036      0.000       1.121       1.262      *
    P17$1             -1.054       0.167      0.000      -1.394      -0.741      *
    P17$2             -0.257       0.139      0.029      -0.536       0.009
    P17$3              0.875       0.159      0.000       0.568       1.192      *
    P27$1             -0.880       0.026      0.000      -0.923      -0.820      *
    P27$2             -0.234       0.007      0.000      -0.245      -0.218      *
    P27$3              0.547       0.016      0.000       0.510       0.574      *
    P27$4              1.203       0.036      0.000       1.121       1.262      *
    P18$1             -1.054       0.167      0.000      -1.394      -0.741      *
    P18$2             -0.257       0.139      0.029      -0.536       0.009
    P18$3              0.875       0.159      0.000       0.568       1.192      *
    P28$1             -0.880       0.026      0.000      -0.923      -0.820      *
    P28$2             -0.234       0.007      0.000      -0.245      -0.218      *
    P28$3              0.547       0.016      0.000       0.510       0.574      *
    P28$4              1.203       0.036      0.000       1.121       1.262      *
    P19$1             -1.054       0.167      0.000      -1.394      -0.741      *
    P19$2             -0.257       0.139      0.029      -0.536       0.009
    P19$3              0.875       0.159      0.000       0.568       1.192      *
    P29$1             -0.880       0.026      0.000      -0.923      -0.820      *
    P29$2             -0.234       0.007      0.000      -0.245      -0.218      *
    P29$3              0.547       0.016      0.000       0.510       0.574      *
    P29$4              1.203       0.036      0.000       1.121       1.262      *
    P110$1            -0.880       0.026      0.000      -0.923      -0.820      *
    P110$2            -0.234       0.007      0.000      -0.245      -0.218      *
    P110$3             0.547       0.016      0.000       0.510       0.574      *
    P110$4             1.203       0.036      0.000       1.121       1.262      *
    P210$1            -0.880       0.026      0.000      -0.923      -0.820      *
    P210$2            -0.234       0.007      0.000      -0.245      -0.218      *
    P210$3             0.547       0.016      0.000       0.510       0.574      *
    P210$4             1.203       0.036      0.000       1.121       1.262      *

 Variances
    T                  1.000       0.000      0.000       1.000       1.000
    S1                 1.000       0.000      0.000       1.000       1.000
    S2                 1.000       0.000      0.000       1.000       1.000
    S3                 1.000       0.000      0.000       1.000       1.000
    S4                 1.000       0.000      0.000       1.000       1.000
    S5                 1.000       0.000      0.000       1.000       1.000
    S6                 1.000       0.000      0.000       1.000       1.000
    S7                 1.000       0.000      0.000       1.000       1.000
    S8                 1.000       0.000      0.000       1.000       1.000
    S9                 1.000       0.000      0.000       1.000       1.000
    S10                1.000       0.000      0.000       1.000       1.000


R-SQUARE

                                Posterior  One-Tailed         95% C.I.
    Variable        Estimate       S.D.      P-Value   Lower 2.5%  Upper 2.5%

    P11                0.186       0.048      0.000       0.104       0.293
    P21                0.186       0.048      0.000       0.104       0.293
    P12                0.186       0.048      0.000       0.104       0.293
    P22                0.186       0.048      0.000       0.104       0.293
    P13                0.186       0.048      0.000       0.104       0.293
    P23                0.186       0.048      0.000       0.104       0.293
    P14                0.186       0.048      0.000       0.104       0.293
    P24                0.186       0.048      0.000       0.104       0.293
    P15                0.186       0.048      0.000       0.104       0.293
    P25                0.186       0.048      0.000       0.104       0.293
    P16                0.186       0.048      0.000       0.104       0.293
    P26                0.186       0.048      0.000       0.104       0.293
    P17                0.186       0.048      0.000       0.104       0.293
    P27                0.186       0.048      0.000       0.104       0.293
    P18                0.186       0.048      0.000       0.104       0.293
    P28                0.186       0.048      0.000       0.104       0.293
    P19                0.186       0.048      0.000       0.104       0.293
    P29                0.186       0.048      0.000       0.104       0.293
    P110               0.186       0.048      0.000       0.104       0.293
    P210               0.186       0.048      0.000       0.104       0.293


TECHNICAL 1 OUTPUT


     PARAMETER SPECIFICATION


           TAU
              P11$1         P11$2         P11$3         P11$4         P21$1
              ________      ________      ________      ________      ________
                    3             4             5             6             3


           TAU
              P21$2         P21$3         P21$4         P12$1         P12$2
              ________      ________      ________      ________      ________
                    4             5             6             3             4


           TAU
              P12$3         P12$4         P22$1         P22$2         P22$3
              ________      ________      ________      ________      ________
                    5             6             3             4             5


           TAU
              P22$4         P13$1         P13$2         P13$3         P13$4
              ________      ________      ________      ________      ________
                    6             3             4             5             6


           TAU
              P23$1         P23$2         P23$3         P23$4         P14$1
              ________      ________      ________      ________      ________
                    3             4             5             6             3


           TAU
              P14$2         P14$3         P14$4         P24$1         P24$2
              ________      ________      ________      ________      ________
                    4             5             6             3             4


           TAU
              P24$3         P24$4         P15$1         P15$2         P15$3
              ________      ________      ________      ________      ________
                    5             6             3             4             5


           TAU
              P15$4         P25$1         P25$2         P25$3         P25$4
              ________      ________      ________      ________      ________
                    6             3             4             5             6


           TAU
              P16$1         P16$2         P16$3         P16$4         P26$1
              ________      ________      ________      ________      ________
                    3             4             5             6             3


           TAU
              P26$2         P26$3         P26$4         P17$1         P17$2
              ________      ________      ________      ________      ________
                    4             5             6             7             8


           TAU
              P17$3         P27$1         P27$2         P27$3         P27$4
              ________      ________      ________      ________      ________
                    9             3             4             5             6


           TAU
              P18$1         P18$2         P18$3         P28$1         P28$2
              ________      ________      ________      ________      ________
                    7             8             9             3             4


           TAU
              P28$3         P28$4         P19$1         P19$2         P19$3
              ________      ________      ________      ________      ________
                    5             6             7             8             9


           TAU
              P29$1         P29$2         P29$3         P29$4         P110$1
              ________      ________      ________      ________      ________
                    3             4             5             6             3


           TAU
              P110$2        P110$3        P110$4        P210$1        P210$2
              ________      ________      ________      ________      ________
                    4             5             6             3             4


           TAU
              P210$3        P210$4
              ________      ________
                    5             6


           NU
              P11           P21           P12           P22           P13
              ________      ________      ________      ________      ________
                    0             0             0             0             0


           NU
              P23           P14           P24           P15           P25
              ________      ________      ________      ________      ________
                    0             0             0             0             0


           NU
              P16           P26           P17           P27           P18
              ________      ________      ________      ________      ________
                    0             0             0             0             0


           NU
              P28           P19           P29           P110          P210
              ________      ________      ________      ________      ________
                    0             0             0             0             0


           LAMBDA
              T             S1            S2            S3            S4
              ________      ________      ________      ________      ________
 P11                0             0             0             0             0
 P21                0             0             0             0             0
 P12                0             0             0             0             0
 P22                0             0             0             0             0
 P13                0             0             0             0             0
 P23                0             0             0             0             0
 P14                0             0             0             0             0
 P24                0             0             0             0             0
 P15                0             0             0             0             0
 P25                0             0             0             0             0
 P16                0             0             0             0             0
 P26                0             0             0             0             0
 P17                0             0             0             0             0
 P27                0             0             0             0             0
 P18                0             0             0             0             0
 P28                0             0             0             0             0
 P19                0             0             0             0             0
 P29                0             0             0             0             0
 P110               0             0             0             0             0
 P210               0             0             0             0             0


           LAMBDA
              S5            S6            S7            S8            S9
              ________      ________      ________      ________      ________
 P11                0             0             0             0             0
 P21                0             0             0             0             0
 P12                0             0             0             0             0
 P22                0             0             0             0             0
 P13                0             0             0             0             0
 P23                0             0             0             0             0
 P14                0             0             0             0             0
 P24                0             0             0             0             0
 P15                0             0             0             0             0
 P25                0             0             0             0             0
 P16                0             0             0             0             0
 P26                0             0             0             0             0
 P17                0             0             0             0             0
 P27                0             0             0             0             0
 P18                0             0             0             0             0
 P28                0             0             0             0             0
 P19                0             0             0             0             0
 P29                0             0             0             0             0
 P110               0             0             0             0             0
 P210               0             0             0             0             0


           LAMBDA
              S10
              ________
 P11                0
 P21                0
 P12                0
 P22                0
 P13                0
 P23                0
 P14                0
 P24                0
 P15                0
 P25                0
 P16                0
 P26                0
 P17                0
 P27                0
 P18                0
 P28                0
 P19                0
 P29                0
 P110               0
 P210               0


           THETA
              P11           P21           P12           P22           P13
              ________      ________      ________      ________      ________
 P11                0
 P21                0             0
 P12                0             0             0
 P22                0             0             0             0
 P13                0             0             0             0             0
 P23                0             0             0             0             0
 P14                0             0             0             0             0
 P24                0             0             0             0             0
 P15                0             0             0             0             0
 P25                0             0             0             0             0
 P16                0             0             0             0             0
 P26                0             0             0             0             0
 P17                0             0             0             0             0
 P27                0             0             0             0             0
 P18                0             0             0             0             0
 P28                0             0             0             0             0
 P19                0             0             0             0             0
 P29                0             0             0             0             0
 P110               0             0             0             0             0
 P210               0             0             0             0             0


           THETA
              P23           P14           P24           P15           P25
              ________      ________      ________      ________      ________
 P23                0
 P14                0             0
 P24                0             0             0
 P15                0             0             0             0
 P25                0             0             0             0             0
 P16                0             0             0             0             0
 P26                0             0             0             0             0
 P17                0             0             0             0             0
 P27                0             0             0             0             0
 P18                0             0             0             0             0
 P28                0             0             0             0             0
 P19                0             0             0             0             0
 P29                0             0             0             0             0
 P110               0             0             0             0             0
 P210               0             0             0             0             0


           THETA
              P16           P26           P17           P27           P18
              ________      ________      ________      ________      ________
 P16                0
 P26                0             0
 P17                0             0             0
 P27                0             0             0             0
 P18                0             0             0             0             0
 P28                0             0             0             0             0
 P19                0             0             0             0             0
 P29                0             0             0             0             0
 P110               0             0             0             0             0
 P210               0             0             0             0             0


           THETA
              P28           P19           P29           P110          P210
              ________      ________      ________      ________      ________
 P28                0
 P19                0             0
 P29                0             0             0
 P110               0             0             0             0
 P210               0             0             0             0             0


           ALPHA
              T             S1            S2            S3            S4
              ________      ________      ________      ________      ________
                    0             0             0             0             0


           ALPHA
              S5            S6            S7            S8            S9
              ________      ________      ________      ________      ________
                    0             0             0             0             0


           ALPHA
              S10
              ________
                    0


           BETA
              T             S1            S2            S3            S4
              ________      ________      ________      ________      ________
 T                  0             0             0             0             0
 S1                 0             0             0             0             0
 S2                 0             0             0             0             0
 S3                 0             0             0             0             0
 S4                 0             0             0             0             0
 S5                 0             0             0             0             0
 S6                 0             0             0             0             0
 S7                 0             0             0             0             0
 S8                 0             0             0             0             0
 S9                 0             0             0             0             0
 S10                0             0             0             0             0


           BETA
              S5            S6            S7            S8            S9
              ________      ________      ________      ________      ________
 T                  0             0             0             0             0
 S1                 0             0             0             0             0
 S2                 0             0             0             0             0
 S3                 0             0             0             0             0
 S4                 0             0             0             0             0
 S5                 0             0             0             0             0
 S6                 0             0             0             0             0
 S7                 0             0             0             0             0
 S8                 0             0             0             0             0
 S9                 0             0             0             0             0
 S10                0             0             0             0             0


           BETA
              S10
              ________
 T                  0
 S1                 0
 S2                 0
 S3                 0
 S4                 0
 S5                 0
 S6                 0
 S7                 0
 S8                 0
 S9                 0
 S10                0


           PSI
              T             S1            S2            S3            S4
              ________      ________      ________      ________      ________
 T                  1
 S1                 0             2
 S2                 0             0             2
 S3                 0             0             0             2
 S4                 0             0             0             0             2
 S5                 0             0             0             0             0
 S6                 0             0             0             0             0
 S7                 0             0             0             0             0
 S8                 0             0             0             0             0
 S9                 0             0             0             0             0
 S10                0             0             0             0             0


           PSI
              S5            S6            S7            S8            S9
              ________      ________      ________      ________      ________
 S5                 2
 S6                 0             2
 S7                 0             0             2
 S8                 0             0             0             2
 S9                 0             0             0             0             2
 S10                0             0             0             0             0


           PSI
              S10
              ________
 S10                2


     PARAMETER SPECIFICATION FOR THE ADDITIONAL PARAMETERS


           NEW/ADDITIONAL PARAMETERS
              CON           OCC           REL
              ________      ________      ________
                   10            11            12


     STARTING VALUES


           TAU
              P11$1         P11$2         P11$3         P11$4         P21$1
              ________      ________      ________      ________      ________
               -1.000        -0.500         0.200         1.500        -0.975


           TAU
              P21$2         P21$3         P21$4         P12$1         P12$2
              ________      ________      ________      ________      ________
               -0.259         0.606         1.333        -0.975        -0.259


           TAU
              P12$3         P12$4         P22$1         P22$2         P22$3
              ________      ________      ________      ________      ________
                0.606         1.333        -0.975        -0.259         0.606


           TAU
              P22$4         P13$1         P13$2         P13$3         P13$4
              ________      ________      ________      ________      ________
                1.333        -0.975        -0.259         0.606         1.333


           TAU
              P23$1         P23$2         P23$3         P23$4         P14$1
              ________      ________      ________      ________      ________
               -0.975        -0.259         0.606         1.333        -0.975


           TAU
              P14$2         P14$3         P14$4         P24$1         P24$2
              ________      ________      ________      ________      ________
               -0.259         0.606         1.333        -0.975        -0.259


           TAU
              P24$3         P24$4         P15$1         P15$2         P15$3
              ________      ________      ________      ________      ________
                0.606         1.333        -0.975        -0.259         0.606


           TAU
              P15$4         P25$1         P25$2         P25$3         P25$4
              ________      ________      ________      ________      ________
                1.333        -0.975        -0.259         0.606         1.333


           TAU
              P16$1         P16$2         P16$3         P16$4         P26$1
              ________      ________      ________      ________      ________
               -0.975        -0.259         0.606         1.333        -0.975


           TAU
              P26$2         P26$3         P26$4         P17$1         P17$2
              ________      ________      ________      ________      ________
               -0.259         0.606         1.333        -0.981        -0.260


           TAU
              P17$3         P27$1         P27$2         P27$3         P27$4
              ________      ________      ________      ________      ________
                0.811        -0.975        -0.259         0.606         1.333


           TAU
              P18$1         P18$2         P18$3         P28$1         P28$2
              ________      ________      ________      ________      ________
               -0.981        -0.260         0.811        -0.975        -0.259


           TAU
              P28$3         P28$4         P19$1         P19$2         P19$3
              ________      ________      ________      ________      ________
                0.606         1.333        -0.981        -0.260         0.811


           TAU
              P29$1         P29$2         P29$3         P29$4         P110$1
              ________      ________      ________      ________      ________
               -0.975        -0.259         0.606         1.333        -0.975


           TAU
              P110$2        P110$3        P110$4        P210$1        P210$2
              ________      ________      ________      ________      ________
               -0.259         0.606         1.333        -0.975        -0.259


           TAU
              P210$3        P210$4
              ________      ________
                0.606         1.333


           NU
              P11           P21           P12           P22           P13
              ________      ________      ________      ________      ________
                0.000         0.000         0.000         0.000         0.000


           NU
              P23           P14           P24           P15           P25
              ________      ________      ________      ________      ________
                0.000         0.000         0.000         0.000         0.000


           NU
              P16           P26           P17           P27           P18
              ________      ________      ________      ________      ________
                0.000         0.000         0.000         0.000         0.000


           NU
              P28           P19           P29           P110          P210
              ________      ________      ________      ________      ________
                0.000         0.000         0.000         0.000         0.000


           LAMBDA
              T             S1            S2            S3            S4
              ________      ________      ________      ________      ________
 P11            1.000         1.000         0.000         0.000         0.000
 P21            1.000         1.000         0.000         0.000         0.000
 P12            1.000         0.000         1.000         0.000         0.000
 P22            1.000         0.000         1.000         0.000         0.000
 P13            1.000         0.000         0.000         1.000         0.000
 P23            1.000         0.000         0.000         1.000         0.000
 P14            1.000         0.000         0.000         0.000         1.000
 P24            1.000         0.000         0.000         0.000         1.000
 P15            1.000         0.000         0.000         0.000         0.000
 P25            1.000         0.000         0.000         0.000         0.000
 P16            1.000         0.000         0.000         0.000         0.000
 P26            1.000         0.000         0.000         0.000         0.000
 P17            1.000         0.000         0.000         0.000         0.000
 P27            1.000         0.000         0.000         0.000         0.000
 P18            1.000         0.000         0.000         0.000         0.000
 P28            1.000         0.000         0.000         0.000         0.000
 P19            1.000         0.000         0.000         0.000         0.000
 P29            1.000         0.000         0.000         0.000         0.000
 P110           1.000         0.000         0.000         0.000         0.000
 P210           1.000         0.000         0.000         0.000         0.000


           LAMBDA
              S5            S6            S7            S8            S9
              ________      ________      ________      ________      ________
 P11            0.000         0.000         0.000         0.000         0.000
 P21            0.000         0.000         0.000         0.000         0.000
 P12            0.000         0.000         0.000         0.000         0.000
 P22            0.000         0.000         0.000         0.000         0.000
 P13            0.000         0.000         0.000         0.000         0.000
 P23            0.000         0.000         0.000         0.000         0.000
 P14            0.000         0.000         0.000         0.000         0.000
 P24            0.000         0.000         0.000         0.000         0.000
 P15            1.000         0.000         0.000         0.000         0.000
 P25            1.000         0.000         0.000         0.000         0.000
 P16            0.000         1.000         0.000         0.000         0.000
 P26            0.000         1.000         0.000         0.000         0.000
 P17            0.000         0.000         1.000         0.000         0.000
 P27            0.000         0.000         1.000         0.000         0.000
 P18            0.000         0.000         0.000         1.000         0.000
 P28            0.000         0.000         0.000         1.000         0.000
 P19            0.000         0.000         0.000         0.000         1.000
 P29            0.000         0.000         0.000         0.000         1.000
 P110           0.000         0.000         0.000         0.000         0.000
 P210           0.000         0.000         0.000         0.000         0.000


           LAMBDA
              S10
              ________
 P11            0.000
 P21            0.000
 P12            0.000
 P22            0.000
 P13            0.000
 P23            0.000
 P14            0.000
 P24            0.000
 P15            0.000
 P25            0.000
 P16            0.000
 P26            0.000
 P17            0.000
 P27            0.000
 P18            0.000
 P28            0.000
 P19            0.000
 P29            0.000
 P110           1.000
 P210           1.000


           THETA
              P11           P21           P12           P22           P13
              ________      ________      ________      ________      ________
 P11            1.000
 P21            0.000         1.000
 P12            0.000         0.000         1.000
 P22            0.000         0.000         0.000         1.000
 P13            0.000         0.000         0.000         0.000         1.000
 P23            0.000         0.000         0.000         0.000         0.000
 P14            0.000         0.000         0.000         0.000         0.000
 P24            0.000         0.000         0.000         0.000         0.000
 P15            0.000         0.000         0.000         0.000         0.000
 P25            0.000         0.000         0.000         0.000         0.000
 P16            0.000         0.000         0.000         0.000         0.000
 P26            0.000         0.000         0.000         0.000         0.000
 P17            0.000         0.000         0.000         0.000         0.000
 P27            0.000         0.000         0.000         0.000         0.000
 P18            0.000         0.000         0.000         0.000         0.000
 P28            0.000         0.000         0.000         0.000         0.000
 P19            0.000         0.000         0.000         0.000         0.000
 P29            0.000         0.000         0.000         0.000         0.000
 P110           0.000         0.000         0.000         0.000         0.000
 P210           0.000         0.000         0.000         0.000         0.000


           THETA
              P23           P14           P24           P15           P25
              ________      ________      ________      ________      ________
 P23            1.000
 P14            0.000         1.000
 P24            0.000         0.000         1.000
 P15            0.000         0.000         0.000         1.000
 P25            0.000         0.000         0.000         0.000         1.000
 P16            0.000         0.000         0.000         0.000         0.000
 P26            0.000         0.000         0.000         0.000         0.000
 P17            0.000         0.000         0.000         0.000         0.000
 P27            0.000         0.000         0.000         0.000         0.000
 P18            0.000         0.000         0.000         0.000         0.000
 P28            0.000         0.000         0.000         0.000         0.000
 P19            0.000         0.000         0.000         0.000         0.000
 P29            0.000         0.000         0.000         0.000         0.000
 P110           0.000         0.000         0.000         0.000         0.000
 P210           0.000         0.000         0.000         0.000         0.000


           THETA
              P16           P26           P17           P27           P18
              ________      ________      ________      ________      ________
 P16            1.000
 P26            0.000         1.000
 P17            0.000         0.000         1.000
 P27            0.000         0.000         0.000         1.000
 P18            0.000         0.000         0.000         0.000         1.000
 P28            0.000         0.000         0.000         0.000         0.000
 P19            0.000         0.000         0.000         0.000         0.000
 P29            0.000         0.000         0.000         0.000         0.000
 P110           0.000         0.000         0.000         0.000         0.000
 P210           0.000         0.000         0.000         0.000         0.000


           THETA
              P28           P19           P29           P110          P210
              ________      ________      ________      ________      ________
 P28            1.000
 P19            0.000         1.000
 P29            0.000         0.000         1.000
 P110           0.000         0.000         0.000         1.000
 P210           0.000         0.000         0.000         0.000         1.000


           ALPHA
              T             S1            S2            S3            S4
              ________      ________      ________      ________      ________
                0.000         0.000         0.000         0.000         0.000


           ALPHA
              S5            S6            S7            S8            S9
              ________      ________      ________      ________      ________
                0.000         0.000         0.000         0.000         0.000


           ALPHA
              S10
              ________
                0.000


           BETA
              T             S1            S2            S3            S4
              ________      ________      ________      ________      ________
 T              0.000         0.000         0.000         0.000         0.000
 S1             0.000         0.000         0.000         0.000         0.000
 S2             0.000         0.000         0.000         0.000         0.000
 S3             0.000         0.000         0.000         0.000         0.000
 S4             0.000         0.000         0.000         0.000         0.000
 S5             0.000         0.000         0.000         0.000         0.000
 S6             0.000         0.000         0.000         0.000         0.000
 S7             0.000         0.000         0.000         0.000         0.000
 S8             0.000         0.000         0.000         0.000         0.000
 S9             0.000         0.000         0.000         0.000         0.000
 S10            0.000         0.000         0.000         0.000         0.000


           BETA
              S5            S6            S7            S8            S9
              ________      ________      ________      ________      ________
 T              0.000         0.000         0.000         0.000         0.000
 S1             0.000         0.000         0.000         0.000         0.000
 S2             0.000         0.000         0.000         0.000         0.000
 S3             0.000         0.000         0.000         0.000         0.000
 S4             0.000         0.000         0.000         0.000         0.000
 S5             0.000         0.000         0.000         0.000         0.000
 S6             0.000         0.000         0.000         0.000         0.000
 S7             0.000         0.000         0.000         0.000         0.000
 S8             0.000         0.000         0.000         0.000         0.000
 S9             0.000         0.000         0.000         0.000         0.000
 S10            0.000         0.000         0.000         0.000         0.000


           BETA
              S10
              ________
 T              0.000
 S1             0.000
 S2             0.000
 S3             0.000
 S4             0.000
 S5             0.000
 S6             0.000
 S7             0.000
 S8             0.000
 S9             0.000
 S10            0.000


           PSI
              T             S1            S2            S3            S4
              ________      ________      ________      ________      ________
 T              1.000
 S1             0.000         1.000
 S2             0.000         0.000         1.000
 S3             0.000         0.000         0.000         1.000
 S4             0.000         0.000         0.000         0.000         1.000
 S5             0.000         0.000         0.000         0.000         0.000
 S6             0.000         0.000         0.000         0.000         0.000
 S7             0.000         0.000         0.000         0.000         0.000
 S8             0.000         0.000         0.000         0.000         0.000
 S9             0.000         0.000         0.000         0.000         0.000
 S10            0.000         0.000         0.000         0.000         0.000


           PSI
              S5            S6            S7            S8            S9
              ________      ________      ________      ________      ________
 S5             1.000
 S6             0.000         1.000
 S7             0.000         0.000         1.000
 S8             0.000         0.000         0.000         1.000
 S9             0.000         0.000         0.000         0.000         1.000
 S10            0.000         0.000         0.000         0.000         0.000


           PSI
              S10
              ________
 S10            1.000


     STARTING VALUES FOR THE ADDITIONAL PARAMETERS


           NEW/ADDITIONAL PARAMETERS
              CON           OCC           REL
              ________      ________      ________
                0.500         0.500         0.500



     PRIORS FOR ALL PARAMETERS            PRIOR MEAN      PRIOR VARIANCE     PRIOR STD. DEV.

     Parameter 1~IG(-1.000,0.000)          infinity            infinity            infinity
     Parameter 2~IG(-1.000,0.000)          infinity            infinity            infinity
     Parameter 3~N(0.000,5.000)              0.0000              5.0000              2.2361
     Parameter 4~N(0.000,5.000)              0.0000              5.0000              2.2361
     Parameter 5~N(0.000,5.000)              0.0000              5.0000              2.2361
     Parameter 6~N(0.000,5.000)              0.0000              5.0000              2.2361
     Parameter 7~N(0.000,5.000)              0.0000              5.0000              2.2361
     Parameter 8~N(0.000,5.000)              0.0000              5.0000              2.2361
     Parameter 9~N(0.000,5.000)              0.0000              5.0000              2.2361


TECHNICAL 8 OUTPUT


   TECHNICAL 8 OUTPUT FOR BAYES ESTIMATION

     CHAIN    BSEED
     1        0
     2        285380

                     POTENTIAL       PARAMETER WITH
     ITERATION    SCALE REDUCTION      HIGHEST PSR
     100              1.003               1
     200              1.036               2
     300              1.075               2
     400              1.006               8
     500              1.002               8
     600              1.001               2
     700              1.002               2
     800              1.029               2
     900              1.002               9
     1000             1.005               9
     1100             1.004               9
     1200             1.007               1
     1300             1.003               2
     1400             1.003               9
     1500             1.003               2
     1600             1.013               2
     1700             1.004               2
     1800             1.001               2
     1900             1.002               2
     2000             1.021               2
     2100             1.011               2
     2200             1.014               2
     2300             1.016               2
     2400             1.013               2
     2500             1.022               2
     2600             1.012               2
     2700             1.019               2
     2800             1.022               2
     2900             1.030               2
     3000             1.028               2
     3100             1.045               2
     3200             1.053               2
     3300             1.033               2
     3400             1.032               2
     3500             1.025               2
     3600             1.023               2
     3700             1.031               2
     3800             1.034               2
     3900             1.022               2
     4000             1.012               2
     4100             1.013               2
     4200             1.004               2
     4300             1.000               2
     4400             1.001               2
     4500             1.001               2
     4600             1.002               2
     4700             1.003               2
     4800             1.003               2
     4900             1.003               2
     5000             1.001               2
     5100             1.001               2
     5200             1.001               2
     5300             1.000               8
     5400             1.000               1
     5500             1.000               8
     5600             1.000               1
     5700             1.000               2
     5800             1.001               2
     5900             1.000               7
     6000             1.000               7
     6100             1.000               2
     6200             1.000               1
     6300             1.001               2
     6400             1.000               8
     6500             1.000               8
     6600             1.000               2
     6700             1.000               1
     6800             1.001               2
     6900             1.002               2
     7000             1.001               2
     7100             1.001               2
     7200             1.000               2
     7300             1.000               9
     7400             1.000               9
     7500             1.000               9
     7600             1.000               9
     7700             1.000               2
     7800             1.000               9
     7900             1.000               9
     8000             1.001               2
     8100             1.003               2
     8200             1.004               2
     8300             1.007               2
     8400             1.008               2
     8500             1.008               2
     8600             1.008               2
     8700             1.009               2
     8800             1.009               2
     8900             1.011               2
     9000             1.011               2
     9100             1.011               2
     9200             1.011               2
     9300             1.011               2
     9400             1.008               2
     9500             1.005               2
     9600             1.004               2
     9700             1.003               2
     9800             1.003               2
     9900             1.005               2
     10000            1.006               2
     10100            1.007               2
     10200            1.007               2
     10300            1.007               2
     10400            1.010               2
     10500            1.010               2
     10600            1.009               2
     10700            1.009               2
     10800            1.010               2
     10900            1.008               2
     11000            1.009               2
     11100            1.007               2
     11200            1.008               2
     11300            1.011               2
     11400            1.010               2
     11500            1.008               2
     11600            1.010               2
     11700            1.010               2
     11800            1.010               2
     11900            1.007               2
     12000            1.006               2
     12100            1.007               2
     12200            1.005               2
     12300            1.006               2
     12400            1.005               2
     12500            1.004               2
     12600            1.003               2
     12700            1.002               2
     12800            1.002               2
     12900            1.001               2
     13000            1.002               2
     13100            1.002               2
     13200            1.001               2
     13300            1.001               2
     13400            1.002               2
     13500            1.001               2
     13600            1.001               2
     13700            1.001               2
     13800            1.001               7
     13900            1.000               7
     14000            1.001               7
     14100            1.001               7
     14200            1.000               7
     14300            1.000               2
     14400            1.001               2
     14500            1.001               2
     14600            1.001               2
     14700            1.001               2
     14800            1.001               2
     14900            1.001               2
     15000            1.001               2
     15100            1.001               2
     15200            1.001               2
     15300            1.001               2
     15400            1.001               7
     15500            1.001               7
     15600            1.000               7
     15700            1.001               7
     15800            1.001               7
     15900            1.000               7
     16000            1.001               7
     16100            1.001               7
     16200            1.001               7
     16300            1.001               7
     16400            1.001               7
     16500            1.001               7
     16600            1.000               7
     16700            1.001               7
     16800            1.001               7
     16900            1.001               7
     17000            1.001               7
     17100            1.001               7
     17200            1.001               7
     17300            1.001               7
     17400            1.001               7
     17500            1.001               7
     17600            1.001               7
     17700            1.001               7
     17800            1.001               7
     17900            1.001               7
     18000            1.001               7
     18100            1.001               7
     18200            1.001               7
     18300            1.001               7
     18400            1.001               2
     18500            1.001               2
     18600            1.001               2
     18700            1.001               7
     18800            1.001               7
     18900            1.001               7
     19000            1.000               7
     19100            1.000               7
     19200            1.000               7
     19300            1.001               7
     19400            1.001               7
     19500            1.001               7
     19600            1.001               2
     19700            1.001               2
     19800            1.002               2
     19900            1.002               2
     20000            1.002               2


PLOT INFORMATION

The following plots are available:

  Sample proportions and estimated probabilities
  Bayesian posterior parameter distributions
  Bayesian posterior parameter trace plots
  Bayesian autocorrelation plots
  Bayesian prior parameter distributions
  Bayesian posterior predictive checking scatterplots
  Bayesian posterior predictive checking distribution plots

     Beginning Time:  15:25:06
        Ending Time:  15:26:56
       Elapsed Time:  00:01:50



MUTHEN & MUTHEN
3463 Stoner Ave.
Los Angeles, CA  90066

Tel: (310) 391-9971
Fax: (310) 391-8971
Web: www.StatModel.com
Support: Support@StatModel.com

Copyright (c) 1998-2024 Muthen & Muthen
