Mplus VERSION 8.11 (Mac)
MUTHEN & MUTHEN
05/05/2025   2:59 PM

INPUT INSTRUCTIONS

  DATA:

  File is laac2_wide.dat;

  VARIABLE:

  NAMES =   subject task
  Y1_1    Y1_10   Y1_2    Y1_3    Y1_4    Y1_5    Y1_6
  Y1_7    Y1_8    Y1_9    Y10_1   Y10_10  Y10_2   Y10_3   Y10_4   Y10_5
  Y10_6   Y10_7   Y10_8   Y10_9   Y11_1   Y11_10  Y11_2   Y11_3   Y11_4
  Y11_5   Y11_6   Y11_7   Y11_8   Y11_9   Y12_1   Y12_10  Y12_2   Y12_3
  Y12_4   Y12_5   Y12_6   Y12_7   Y12_8   Y12_9   Y2_1    Y2_10   Y2_2
  Y2_3    Y2_4    Y2_5    Y2_6    Y2_7    Y2_8    Y2_9    Y3_1    Y3_10
  Y3_2    Y3_3    Y3_4    Y3_5    Y3_6    Y3_7    Y3_8    Y3_9    Y4_1
  Y4_10   Y4_2    Y4_3    Y4_4    Y4_5    Y4_6    Y4_7    Y4_8    Y4_9
  Y5_1    Y5_10   Y5_2    Y5_3    Y5_4    Y5_5    Y5_6    Y5_7    Y5_8
  Y5_9    Y6_1    Y6_10   Y6_2    Y6_3    Y6_4    Y6_5    Y6_6    Y6_7
  Y6_8    Y6_9    Y7_1    Y7_10   Y7_2    Y7_3    Y7_4    Y7_5    Y7_6
  Y7_7    Y7_8    Y7_9    Y8_1    Y8_10   Y8_2    Y8_3    Y8_4    Y8_5
  Y8_6    Y8_7    Y8_8    Y8_9    Y9_1    Y9_10   Y9_2    Y9_3    Y9_4
  Y9_5    Y9_6    Y9_7    Y9_8    Y9_9;


  USEVARIABLES =  P11 P21 P12 P22 P13 P23 P14 P24
  	       P15 P25 P16 P26 P17 P27 P18 P28 P19 P29
  	       P110 P210 ;
  	
  Categ =   P11 P21 P12 P22 P13 P23 P14 P24
  	       P15 P25 P16 P26 P17 P27 P18 P28 P19 P29
  	       P110 P210 ;
  	


  Missing = All(-99);	

  useobservations are (task EQ 5);

  ! "'attention'=1;'communication'=2;'reasoning'=3;'visible_food'=4;
  !'population'=5;'inhibit_searched'=6"



  ! For population task, trials are parceled such that conditions are balanced across parcel
  ! -->

  DEFINE:
  P11 = Y1_1 + Y3_1 + Y4_1 +  Y6_1 + Y8_1 + Y11_1;
  P21 =  Y2_1 + Y5_1 + Y7_1 + Y9_1 + Y10_1 + Y12_1;

  P12 = Y1_2 + Y3_2 + Y4_2 +  Y6_2 + Y8_2 + Y11_2;
  P22 =  Y2_2 + Y5_2 + Y7_2 + Y9_2 + Y10_2 + Y12_2;

  P13 = Y1_3 + Y3_3 + Y4_3 +  Y6_3 + Y8_3 + Y11_3;
  P23 =  Y2_3 + Y5_3 + Y7_3 + Y9_3 + Y10_3 + Y12_3;

  P14 = Y1_4 + Y3_4 + Y4_4 +  Y6_4 + Y8_4 + Y11_4;
  P24 =  Y2_4 + Y5_4 + Y7_4 + Y9_4 + Y10_4 + Y12_4;

  P15 = Y1_5 + Y3_5 + Y4_5 +  Y6_5 + Y8_5 + Y11_5;
  P25 =  Y2_5 + Y5_5 + Y7_5 + Y9_5 + Y10_5 + Y12_5;

  P16 = Y1_6 + Y3_6 + Y4_6 +  Y6_6 + Y8_6 + Y11_6;
  P26 =  Y2_6 + Y5_6 + Y7_6 + Y9_6 + Y10_6 + Y12_6;

  P17 = Y1_7 + Y3_7 + Y4_7 +  Y6_7 + Y8_7 + Y11_7;
  P27 =  Y2_7 + Y5_7 + Y7_7 + Y9_7 + Y10_7 + Y12_7;

  P18 = Y1_8 + Y3_8 + Y4_8 +  Y6_8 + Y8_8 + Y11_8;
  P28 =  Y2_8 + Y5_8 + Y7_8 + Y9_8 + Y10_8 + Y12_8;

  P19 = Y1_9 + Y3_9 + Y4_9 +  Y6_9 + Y8_9 + Y11_9;
  P29 =  Y2_9 + Y5_9 + Y7_9 + Y9_9 + Y10_9 + Y12_9;

  P110 = Y1_10 + Y3_10 + Y4_10 +  Y6_10 + Y8_10 + Y11_10;
  P210 =  Y2_10 + Y5_10 + Y7_10 + Y9_10 + Y10_10 + Y12_10;



  IF (P11==0) THEN P11=2;
  IF (P21==0) THEN P21=2;
  IF (P12==0) THEN P12=2;
  IF (P22==0) THEN P22=2;
  IF (P13==0) THEN P13=2;
  IF (P23==0) THEN P23=2;
  IF (P14==0) THEN P14=2;
  IF (P24==0) THEN P24=2;
  IF (P15==0) THEN P15=2;
  IF (P25==0) THEN P25=2;
  IF (P16==0) THEN P16=2;
  IF (P26==0) THEN P26=2;
  IF (P17==0) THEN P17=2;
  IF (P27==0) THEN P27=2;
  IF (P18==0) THEN P18=2;
  IF (P28==0) THEN P28=2;
  IF (P19==0) THEN P19=2;
  IF (P29==0) THEN P29=2;
  IF (P110==0) THEN P110=2;
  IF (P210==0) THEN P210=2;

  IF (P11==1) THEN P11=2;
  IF (P21==1) THEN P21=2;
  IF (P12==1) THEN P12=2;
  IF (P22==1) THEN P22=2;
  IF (P13==1) THEN P13=2;
  IF (P23==1) THEN P23=2;
  IF (P14==1) THEN P14=2;
  IF (P24==1) THEN P24=2;
  IF (P15==1) THEN P15=2;
  IF (P25==1) THEN P25=2;
  IF (P16==1) THEN P16=2;
  IF (P26==1) THEN P26=2;
  IF (P17==1) THEN P17=2;
  IF (P27==1) THEN P27=2;
  IF (P18==1) THEN P18=2;
  IF (P28==1) THEN P28=2;
  IF (P19==1) THEN P19=2;
  IF (P29==1) THEN P29=2;
  IF (P110==1) THEN P110=2;
  IF (P210==1) THEN P210=2;


  ANALYSIS:

  	ESTIMATOR = Bayes;
  	Biter=(20000);
  	Thin=10;
  	Bconvergence = .005;	


  MODEL:


  T by P11@1 P21@1
  	P12@1 P22@1
  	P13@1 P23@1
  	P14@1 P24@1
  	P15@1 P25@1
  	P16@1 P26@1
  	P17@1 P27@1
  	P18@1 P28@1
  	P19@1 P29@1
  	P110@1 P210@1;


  S1 by P11@1 P21@1;
  S2 by P12@1 P22@1;
  S3 by P13@1 P23@1;
  S4 by P14@1 P24@1;
  S5 by P15@1 P25@1;
  S6 by P16@1 P26@1;
  S7 by P17@1 P27@1;
  S8 by P18@1 P28@1;
  S9 by P19@1 P29@1;
  S10 by P110@1 P210@1;

  S1 - S10 (varS);
  T (varT);

  [S1-S10@0];
  [T@0];

  S1-S10 with S1-S10@0;
  T with S1-S10@0;


  [P11$1*-1] (tau1);
  [P11$2*-0.5] (tau2);
  [P11$3*0.2] (tau3);
  [P11$4*1.5] (tau4);
  ![P11$5] (tau5);


  [P21$1] (tau1);
  [P21$2] (tau2);
  [P21$3] (tau3);
  [P21$4] (tau4);
  ![P21$5] (tau5);

  [P12$1] (tau1);
  [P12$2] (tau2);
  [P12$3] (tau3);
  [P12$4] (tau4);
  ![P12$5] (tau5);

  [P22$1] (tau1);
  [P22$2] (tau2);
  [P22$3] (tau3);
  [P22$4] (tau4);
  ![P22$5] (tau5);

  [P13$1] (tau1);
  [P13$2] (tau2);
  [P13$3] (tau3);
  [P13$4] (tau4);
  ![P13$5] (tau5);


  ![P23$1] (tau1);
  ![P23$2] (tau2);
  ![P23$3] (tau3);
  ![P23$4] (tau4);
  ![P23$5] (tau5);

  [P14$1] (tau1);
  [P14$2] (tau2);
  [P14$3] (tau3);
  [P14$4] (tau4);
  ![P14$5] (tau5);

  [P24$1] (tau1);
  [P24$2] (tau2);
  [P24$3] (tau3);
  [P24$4] (tau4);
  ![P24$5] (tau5);


  [P15$1] (tau1);
  [P15$2] (tau2);
  [P15$3] (tau3);
  [P15$4] (tau4);
  ![P15$5] (tau5);

  [P25$1] (tau1);
  [P25$2] (tau2);
  [P25$3] (tau3);
  [P25$4] (tau4);
  ![P25$5] (tau5);

  [P16$1] (tau1);
  [P16$2] (tau2);
  [P16$3] (tau3);
  [P16$4] (tau4);
  ![P16$5] (tau5);

  [P26$1] (tau1);
  [P26$2] (tau2);
  [P26$3] (tau3);
  [P26$4] (tau4);
  ![P26$5] (tau5);

  [P17$1] (tau1);
  [P17$2] (tau2);
  [P17$3] (tau3);
  [P17$4] (tau4);
  ![P17$5] (tau5);

  [P27$1] (tau1);
  [P27$2] (tau2);
  [P27$3] (tau3);
  [P27$4] (tau4);
  ![P27$5] (tau5);

  ![P18$1] (tau1);
  ![P18$2] (tau2);
  ![P18$3] (tau3);
  ![P18$4] (tau4);
  ![P18$5] (tau5);


  [P28$1] (tau1);
  [P28$2] (tau2);
  [P28$3] (tau3);
  [P28$4] (tau4);
  ![P28$5] (tau5);

  [P19$1] (tau1);
  [P19$2] (tau2);
  [P19$3] (tau3);
  [P19$4] (tau4);
  ![P19$5] (tau5);

  [P29$1] (tau1);
  [P29$2] (tau2);
  [P29$3] (tau3);
  [P29$4] (tau4);
  ![P29$5] (tau5);

  ![P110$1] (tau1);
  ![P110$2] (tau2);
  ![P110$3] (tau3);
  ![P110$4] (tau4);
  ![P110$5] (tau5);

  [P210$1] (tau1);
  [P210$2] (tau2);
  [P210$3] (tau3);
  [P210$4] (tau4);
  ![P210$5] (tau5);

  Model constraint:

  NEW(con occ rel);
  con = varT / (varT + varS);
  occ = varS /(varT + varS);
  rel = (varS + varT ) / (varS + varT + 1);


  Output: stdyx tech8;
  PLOT:   TYPE = PLOT2;
  	



*** WARNING
  Input line exceeded 90 characters. Some input may be truncated.
  ! For population task, trials are parceled such that conditions are balanced across parcels
*** WARNING
  Data set contains cases with missing on all variables.
  These cases were not included in the analysis.
  Number of cases with missing on all variables:  1
   2 WARNING(S) FOUND IN THE INPUT INSTRUCTIONS




SUMMARY OF ANALYSIS

Number of groups                                                 1
Number of observations                                          45

Number of dependent variables                                   20
Number of independent variables                                  0
Number of continuous latent variables                           11

Observed dependent variables

  Binary and ordered categorical (ordinal)
   P11         P21         P12         P22         P13         P23
   P14         P24         P15         P25         P16         P26
   P17         P27         P18         P28         P19         P29
   P110        P210

Continuous latent variables
   T           S1          S2          S3          S4          S5
   S6          S7          S8          S9          S10


Estimator                                                    BAYES
Specifications for Bayesian Estimation
  Point estimate                                            MEDIAN
  Number of Markov chain Monte Carlo (MCMC) chains               2
  Random seed for the first chain                                0
  Starting value information                           UNPERTURBED
  Algorithm used for Markov chain Monte Carlo           GIBBS(PX1)
  Convergence criterion                                  0.500D-02
  Maximum number of iterations                               50000
  K-th iteration used for thinning                              10
Link                                                        PROBIT

Input data file(s)
  laac2_wide.dat
Input data format  FREE


SUMMARY OF DATA



COVARIANCE COVERAGE OF DATA

Minimum covariance coverage value   0.100

     Number of missing data patterns            30


     PROPORTION OF DATA PRESENT


           Covariance Coverage
              P11           P21           P12           P22           P13
              ________      ________      ________      ________      ________
 P11            0.711
 P21            0.711         0.711
 P12            0.622         0.622         0.822
 P22            0.622         0.622         0.800         0.800
 P13            0.644         0.644         0.756         0.733         0.844
 P23            0.644         0.644         0.756         0.733         0.844
 P14            0.467         0.467         0.556         0.533         0.578
 P24            0.467         0.467         0.556         0.533         0.578
 P15            0.622         0.622         0.689         0.667         0.778
 P25            0.622         0.622         0.689         0.667         0.778
 P16            0.622         0.622         0.689         0.667         0.733
 P26            0.622         0.622         0.689         0.667         0.733
 P17            0.556         0.556         0.622         0.600         0.644
 P27            0.533         0.533         0.600         0.578         0.622
 P18            0.511         0.511         0.600         0.578         0.600
 P28            0.511         0.511         0.600         0.578         0.600
 P19            0.622         0.622         0.689         0.689         0.689
 P29            0.622         0.622         0.689         0.689         0.689
 P110           0.467         0.467         0.489         0.489         0.511
 P210           0.467         0.467         0.489         0.489         0.511


           Covariance Coverage
              P23           P14           P24           P15           P25
              ________      ________      ________      ________      ________
 P23            0.844
 P14            0.578         0.622
 P24            0.578         0.622         0.622
 P15            0.778         0.556         0.556         0.800
 P25            0.778         0.556         0.556         0.800         0.800
 P16            0.733         0.511         0.511         0.711         0.711
 P26            0.733         0.511         0.511         0.711         0.711
 P17            0.644         0.422         0.422         0.622         0.622
 P27            0.622         0.400         0.400         0.600         0.600
 P18            0.600         0.511         0.511         0.556         0.556
 P28            0.600         0.511         0.511         0.556         0.556
 P19            0.689         0.533         0.533         0.667         0.667
 P29            0.689         0.533         0.533         0.667         0.667
 P110           0.511         0.400         0.400         0.489         0.489
 P210           0.511         0.400         0.400         0.489         0.489


           Covariance Coverage
              P16           P26           P17           P27           P18
              ________      ________      ________      ________      ________
 P16            0.756
 P26            0.756         0.756
 P17            0.667         0.667         0.689
 P27            0.644         0.644         0.667         0.667
 P18            0.556         0.556         0.489         0.489         0.689
 P28            0.556         0.556         0.489         0.489         0.689
 P19            0.644         0.644         0.600         0.600         0.622
 P29            0.644         0.644         0.600         0.600         0.622
 P110           0.467         0.467         0.400         0.400         0.467
 P210           0.467         0.467         0.400         0.400         0.467


           Covariance Coverage
              P28           P19           P29           P110          P210
              ________      ________      ________      ________      ________
 P28            0.689
 P19            0.622         0.778
 P29            0.622         0.778         0.778
 P110           0.467         0.489         0.489         0.578
 P210           0.467         0.489         0.489         0.578         0.578


UNIVARIATE PROPORTIONS AND COUNTS FOR CATEGORICAL VARIABLES

    P11
      Category 1    0.094            3.000
      Category 2    0.094            3.000
      Category 3    0.219            7.000
      Category 4    0.281            9.000
      Category 5    0.312           10.000
    P21
      Category 1    0.031            1.000
      Category 2    0.312           10.000
      Category 3    0.188            6.000
      Category 4    0.188            6.000
      Category 5    0.281            9.000
    P12
      Category 1    0.027            1.000
      Category 2    0.162            6.000
      Category 3    0.243            9.000
      Category 4    0.243            9.000
      Category 5    0.324           12.000
    P22
      Category 1    0.083            3.000
      Category 2    0.250            9.000
      Category 3    0.083            3.000
      Category 4    0.222            8.000
      Category 5    0.361           13.000
    P13
      Category 1    0.026            1.000
      Category 2    0.158            6.000
      Category 3    0.211            8.000
      Category 4    0.316           12.000
      Category 5    0.289           11.000
    P23
      Category 1    0.289           11.000
      Category 2    0.211            8.000
      Category 3    0.184            7.000
      Category 4    0.316           12.000
    P14
      Category 1    0.036            1.000
      Category 2    0.107            3.000
      Category 3    0.250            7.000
      Category 4    0.179            5.000
      Category 5    0.429           12.000
    P24
      Category 1    0.071            2.000
      Category 2    0.214            6.000
      Category 3    0.107            3.000
      Category 4    0.214            6.000
      Category 5    0.393           11.000
    P15
      Category 1    0.056            2.000
      Category 2    0.139            5.000
      Category 3    0.222            8.000
      Category 4    0.194            7.000
      Category 5    0.389           14.000
    P25
      Category 1    0.083            3.000
      Category 2    0.222            8.000
      Category 3    0.111            4.000
      Category 4    0.278           10.000
      Category 5    0.306           11.000
    P16
      Category 1    0.029            1.000
      Category 2    0.176            6.000
      Category 3    0.206            7.000
      Category 4    0.206            7.000
      Category 5    0.382           13.000
    P26
      Category 1    0.118            4.000
      Category 2    0.147            5.000
      Category 3    0.235            8.000
      Category 4    0.206            7.000
      Category 5    0.294           10.000
    P17
      Category 1    0.032            1.000
      Category 2    0.129            4.000
      Category 3    0.194            6.000
      Category 4    0.129            4.000
      Category 5    0.516           16.000
    P27
      Category 1    0.100            3.000
      Category 2    0.233            7.000
      Category 3    0.100            3.000
      Category 4    0.133            4.000
      Category 5    0.433           13.000
    P18
      Category 1    0.226            7.000
      Category 2    0.290            9.000
      Category 3    0.226            7.000
      Category 4    0.258            8.000
    P28
      Category 1    0.065            2.000
      Category 2    0.194            6.000
      Category 3    0.194            6.000
      Category 4    0.161            5.000
      Category 5    0.387           12.000
    P19
      Category 1    0.057            2.000
      Category 2    0.200            7.000
      Category 3    0.143            5.000
      Category 4    0.286           10.000
      Category 5    0.314           11.000
    P29
      Category 1    0.057            2.000
      Category 2    0.200            7.000
      Category 3    0.143            5.000
      Category 4    0.314           11.000
      Category 5    0.286           10.000
    P110
      Category 1    0.038            1.000
      Category 2    0.154            4.000
      Category 3    0.385           10.000
      Category 4    0.423           11.000
    P210
      Category 1    0.115            3.000
      Category 2    0.154            4.000
      Category 3    0.038            1.000
      Category 4    0.269            7.000
      Category 5    0.423           11.000



THE MODEL ESTIMATION TERMINATED NORMALLY

     USE THE FBITERATIONS OPTION TO INCREASE THE NUMBER OF ITERATIONS BY A FACTOR
     OF AT LEAST TWO TO CHECK CONVERGENCE AND THAT THE PSR VALUE DOES NOT INCREASE.



MODEL FIT INFORMATION

Number of Free Parameters                              15

Bayesian Posterior Predictive Checking using Chi-Square

          95% Confidence Interval for the Difference Between
          the Observed and the Replicated Chi-Square Values

                                -65.894            72.542

          Posterior Predictive P-Value              0.482



MODEL RESULTS

                                Posterior  One-Tailed         95% C.I.
                    Estimate       S.D.      P-Value   Lower 2.5%  Upper 2.5%  Significance

 T        BY
    P11                1.000       0.000      0.000       1.000       1.000
    P21                1.000       0.000      0.000       1.000       1.000
    P12                1.000       0.000      0.000       1.000       1.000
    P22                1.000       0.000      0.000       1.000       1.000
    P13                1.000       0.000      0.000       1.000       1.000
    P23                1.000       0.000      0.000       1.000       1.000
    P14                1.000       0.000      0.000       1.000       1.000
    P24                1.000       0.000      0.000       1.000       1.000
    P15                1.000       0.000      0.000       1.000       1.000
    P25                1.000       0.000      0.000       1.000       1.000
    P16                1.000       0.000      0.000       1.000       1.000
    P26                1.000       0.000      0.000       1.000       1.000
    P17                1.000       0.000      0.000       1.000       1.000
    P27                1.000       0.000      0.000       1.000       1.000
    P18                1.000       0.000      0.000       1.000       1.000
    P28                1.000       0.000      0.000       1.000       1.000
    P19                1.000       0.000      0.000       1.000       1.000
    P29                1.000       0.000      0.000       1.000       1.000
    P110               1.000       0.000      0.000       1.000       1.000
    P210               1.000       0.000      0.000       1.000       1.000

 S1       BY
    P11                1.000       0.000      0.000       1.000       1.000
    P21                1.000       0.000      0.000       1.000       1.000

 S2       BY
    P12                1.000       0.000      0.000       1.000       1.000
    P22                1.000       0.000      0.000       1.000       1.000

 S3       BY
    P13                1.000       0.000      0.000       1.000       1.000
    P23                1.000       0.000      0.000       1.000       1.000

 S4       BY
    P14                1.000       0.000      0.000       1.000       1.000
    P24                1.000       0.000      0.000       1.000       1.000

 S5       BY
    P15                1.000       0.000      0.000       1.000       1.000
    P25                1.000       0.000      0.000       1.000       1.000

 S6       BY
    P16                1.000       0.000      0.000       1.000       1.000
    P26                1.000       0.000      0.000       1.000       1.000

 S7       BY
    P17                1.000       0.000      0.000       1.000       1.000
    P27                1.000       0.000      0.000       1.000       1.000

 S8       BY
    P18                1.000       0.000      0.000       1.000       1.000
    P28                1.000       0.000      0.000       1.000       1.000

 S9       BY
    P19                1.000       0.000      0.000       1.000       1.000
    P29                1.000       0.000      0.000       1.000       1.000

 S10      BY
    P110               1.000       0.000      0.000       1.000       1.000
    P210               1.000       0.000      0.000       1.000       1.000

 S1       WITH
    S2                 0.000       0.000      1.000       0.000       0.000
    S3                 0.000       0.000      1.000       0.000       0.000
    S4                 0.000       0.000      1.000       0.000       0.000
    S5                 0.000       0.000      1.000       0.000       0.000
    S6                 0.000       0.000      1.000       0.000       0.000
    S7                 0.000       0.000      1.000       0.000       0.000
    S8                 0.000       0.000      1.000       0.000       0.000
    S9                 0.000       0.000      1.000       0.000       0.000
    S10                0.000       0.000      1.000       0.000       0.000
    T                  0.000       0.000      1.000       0.000       0.000

 S2       WITH
    S3                 0.000       0.000      1.000       0.000       0.000
    S4                 0.000       0.000      1.000       0.000       0.000
    S5                 0.000       0.000      1.000       0.000       0.000
    S6                 0.000       0.000      1.000       0.000       0.000
    S7                 0.000       0.000      1.000       0.000       0.000
    S8                 0.000       0.000      1.000       0.000       0.000
    S9                 0.000       0.000      1.000       0.000       0.000
    S10                0.000       0.000      1.000       0.000       0.000
    T                  0.000       0.000      1.000       0.000       0.000

 S3       WITH
    S4                 0.000       0.000      1.000       0.000       0.000
    S5                 0.000       0.000      1.000       0.000       0.000
    S6                 0.000       0.000      1.000       0.000       0.000
    S7                 0.000       0.000      1.000       0.000       0.000
    S8                 0.000       0.000      1.000       0.000       0.000
    S9                 0.000       0.000      1.000       0.000       0.000
    S10                0.000       0.000      1.000       0.000       0.000
    T                  0.000       0.000      1.000       0.000       0.000

 S4       WITH
    S5                 0.000       0.000      1.000       0.000       0.000
    S6                 0.000       0.000      1.000       0.000       0.000
    S7                 0.000       0.000      1.000       0.000       0.000
    S8                 0.000       0.000      1.000       0.000       0.000
    S9                 0.000       0.000      1.000       0.000       0.000
    S10                0.000       0.000      1.000       0.000       0.000
    T                  0.000       0.000      1.000       0.000       0.000

 S5       WITH
    S6                 0.000       0.000      1.000       0.000       0.000
    S7                 0.000       0.000      1.000       0.000       0.000
    S8                 0.000       0.000      1.000       0.000       0.000
    S9                 0.000       0.000      1.000       0.000       0.000
    S10                0.000       0.000      1.000       0.000       0.000
    T                  0.000       0.000      1.000       0.000       0.000

 S6       WITH
    S7                 0.000       0.000      1.000       0.000       0.000
    S8                 0.000       0.000      1.000       0.000       0.000
    S9                 0.000       0.000      1.000       0.000       0.000
    S10                0.000       0.000      1.000       0.000       0.000
    T                  0.000       0.000      1.000       0.000       0.000

 S7       WITH
    S8                 0.000       0.000      1.000       0.000       0.000
    S9                 0.000       0.000      1.000       0.000       0.000
    S10                0.000       0.000      1.000       0.000       0.000
    T                  0.000       0.000      1.000       0.000       0.000

 S8       WITH
    S9                 0.000       0.000      1.000       0.000       0.000
    S10                0.000       0.000      1.000       0.000       0.000
    T                  0.000       0.000      1.000       0.000       0.000

 S9       WITH
    S10                0.000       0.000      1.000       0.000       0.000
    T                  0.000       0.000      1.000       0.000       0.000

 S10      WITH
    T                  0.000       0.000      1.000       0.000       0.000

 Means
    T                  0.000       0.000      1.000       0.000       0.000
    S1                 0.000       0.000      1.000       0.000       0.000
    S2                 0.000       0.000      1.000       0.000       0.000
    S3                 0.000       0.000      1.000       0.000       0.000
    S4                 0.000       0.000      1.000       0.000       0.000
    S5                 0.000       0.000      1.000       0.000       0.000
    S6                 0.000       0.000      1.000       0.000       0.000
    S7                 0.000       0.000      1.000       0.000       0.000
    S8                 0.000       0.000      1.000       0.000       0.000
    S9                 0.000       0.000      1.000       0.000       0.000
    S10                0.000       0.000      1.000       0.000       0.000

 Thresholds
    P11$1             -2.487       0.236      0.000      -2.947      -2.036      *
    P11$2             -1.141       0.212      0.000      -1.544      -0.722      *
    P11$3             -0.186       0.205      0.186      -0.578       0.230
    P11$4              0.970       0.214      0.000       0.569       1.413      *
    P21$1             -2.487       0.236      0.000      -2.947      -2.036      *
    P21$2             -1.141       0.212      0.000      -1.544      -0.722      *
    P21$3             -0.186       0.205      0.186      -0.578       0.230
    P21$4              0.970       0.214      0.000       0.569       1.413      *
    P12$1             -2.487       0.236      0.000      -2.947      -2.036      *
    P12$2             -1.141       0.212      0.000      -1.544      -0.722      *
    P12$3             -0.186       0.205      0.186      -0.578       0.230
    P12$4              0.970       0.214      0.000       0.569       1.413      *
    P22$1             -2.487       0.236      0.000      -2.947      -2.036      *
    P22$2             -1.141       0.212      0.000      -1.544      -0.722      *
    P22$3             -0.186       0.205      0.186      -0.578       0.230
    P22$4              0.970       0.214      0.000       0.569       1.413      *
    P13$1             -2.487       0.236      0.000      -2.947      -2.036      *
    P13$2             -1.141       0.212      0.000      -1.544      -0.722      *
    P13$3             -0.186       0.205      0.186      -0.578       0.230
    P13$4              0.970       0.214      0.000       0.569       1.413      *
    P23$1             -0.979       0.340      0.002      -1.655      -0.328      *
    P23$2              0.078       0.334      0.407      -0.569       0.736
    P23$3              1.111       0.349      0.000       0.441       1.811      *
    P14$1             -2.487       0.236      0.000      -2.947      -2.036      *
    P14$2             -1.141       0.212      0.000      -1.544      -0.722      *
    P14$3             -0.186       0.205      0.186      -0.578       0.230
    P14$4              0.970       0.214      0.000       0.569       1.413      *
    P24$1             -2.487       0.236      0.000      -2.947      -2.036      *
    P24$2             -1.141       0.212      0.000      -1.544      -0.722      *
    P24$3             -0.186       0.205      0.186      -0.578       0.230
    P24$4              0.970       0.214      0.000       0.569       1.413      *
    P15$1             -2.487       0.236      0.000      -2.947      -2.036      *
    P15$2             -1.141       0.212      0.000      -1.544      -0.722      *
    P15$3             -0.186       0.205      0.186      -0.578       0.230
    P15$4              0.970       0.214      0.000       0.569       1.413      *
    P25$1             -2.487       0.236      0.000      -2.947      -2.036      *
    P25$2             -1.141       0.212      0.000      -1.544      -0.722      *
    P25$3             -0.186       0.205      0.186      -0.578       0.230
    P25$4              0.970       0.214      0.000       0.569       1.413      *
    P16$1             -2.487       0.236      0.000      -2.947      -2.036      *
    P16$2             -1.141       0.212      0.000      -1.544      -0.722      *
    P16$3             -0.186       0.205      0.186      -0.578       0.230
    P16$4              0.970       0.214      0.000       0.569       1.413      *
    P26$1             -2.487       0.236      0.000      -2.947      -2.036      *
    P26$2             -1.141       0.212      0.000      -1.544      -0.722      *
    P26$3             -0.186       0.205      0.186      -0.578       0.230
    P26$4              0.970       0.214      0.000       0.569       1.413      *
    P17$1             -2.487       0.236      0.000      -2.947      -2.036      *
    P17$2             -1.141       0.212      0.000      -1.544      -0.722      *
    P17$3             -0.186       0.205      0.186      -0.578       0.230
    P17$4              0.970       0.214      0.000       0.569       1.413      *
    P27$1             -2.487       0.236      0.000      -2.947      -2.036      *
    P27$2             -1.141       0.212      0.000      -1.544      -0.722      *
    P27$3             -0.186       0.205      0.186      -0.578       0.230
    P27$4              0.970       0.214      0.000       0.569       1.413      *
    P18$1             -1.352       0.401      0.000      -2.154      -0.581      *
    P18$2              0.268       0.364      0.228      -0.439       0.983
    P18$3              1.450       0.390      0.000       0.711       2.256      *
    P28$1             -2.487       0.236      0.000      -2.947      -2.036      *
    P28$2             -1.141       0.212      0.000      -1.544      -0.722      *
    P28$3             -0.186       0.205      0.186      -0.578       0.230
    P28$4              0.970       0.214      0.000       0.569       1.413      *
    P19$1             -2.487       0.236      0.000      -2.947      -2.036      *
    P19$2             -1.141       0.212      0.000      -1.544      -0.722      *
    P19$3             -0.186       0.205      0.186      -0.578       0.230
    P19$4              0.970       0.214      0.000       0.569       1.413      *
    P29$1             -2.487       0.236      0.000      -2.947      -2.036      *
    P29$2             -1.141       0.212      0.000      -1.544      -0.722      *
    P29$3             -0.186       0.205      0.186      -0.578       0.230
    P29$4              0.970       0.214      0.000       0.569       1.413      *
    P110$1            -3.023       0.664      0.000      -4.485      -1.862      *
    P110$2            -1.304       0.454      0.001      -2.225      -0.453      *
    P110$3             0.819       0.377      0.015       0.092       1.580      *
    P210$1            -2.487       0.236      0.000      -2.947      -2.036      *
    P210$2            -1.141       0.212      0.000      -1.544      -0.722      *
    P210$3            -0.186       0.205      0.186      -0.578       0.230
    P210$4             0.970       0.214      0.000       0.569       1.413      *

 Variances
    T                  1.795       0.495      0.000       1.098       3.029      *
    S1                 0.355       0.127      0.000       0.141       0.639      *
    S2                 0.355       0.127      0.000       0.141       0.639      *
    S3                 0.355       0.127      0.000       0.141       0.639      *
    S4                 0.355       0.127      0.000       0.141       0.639      *
    S5                 0.355       0.127      0.000       0.141       0.639      *
    S6                 0.355       0.127      0.000       0.141       0.639      *
    S7                 0.355       0.127      0.000       0.141       0.639      *
    S8                 0.355       0.127      0.000       0.141       0.639      *
    S9                 0.355       0.127      0.000       0.141       0.639      *
    S10                0.355       0.127      0.000       0.141       0.639      *

New/Additional Parameters
    CON                0.837       0.052      0.000       0.720       0.925      *
    OCC                0.163       0.052      0.000       0.074       0.280      *
    REL                0.684       0.051      0.000       0.575       0.777      *


STANDARDIZED MODEL RESULTS


STDYX Standardization

                                Posterior  One-Tailed         95% C.I.
                    Estimate       S.D.      P-Value   Lower 2.5%  Upper 2.5%  Significance
 T        BY
    P11                0.754       0.040      0.000       0.672       0.828      *
    P21                0.754       0.040      0.000       0.672       0.828      *
    P12                0.754       0.040      0.000       0.672       0.828      *
    P22                0.754       0.040      0.000       0.672       0.828      *
    P13                0.754       0.040      0.000       0.672       0.828      *
    P23                0.754       0.040      0.000       0.672       0.828      *
    P14                0.754       0.040      0.000       0.672       0.828      *
    P24                0.754       0.040      0.000       0.672       0.828      *
    P15                0.754       0.040      0.000       0.672       0.828      *
    P25                0.754       0.040      0.000       0.672       0.828      *
    P16                0.754       0.040      0.000       0.672       0.828      *
    P26                0.754       0.040      0.000       0.672       0.828      *
    P17                0.754       0.040      0.000       0.672       0.828      *
    P27                0.754       0.040      0.000       0.672       0.828      *
    P18                0.754       0.040      0.000       0.672       0.828      *
    P28                0.754       0.040      0.000       0.672       0.828      *
    P19                0.754       0.040      0.000       0.672       0.828      *
    P29                0.754       0.040      0.000       0.672       0.828      *
    P110               0.754       0.040      0.000       0.672       0.828      *
    P210               0.754       0.040      0.000       0.672       0.828      *

 S1       BY
    P11                0.333       0.053      0.000       0.223       0.431      *
    P21                0.333       0.053      0.000       0.223       0.431      *

 S2       BY
    P12                0.333       0.053      0.000       0.223       0.431      *
    P22                0.333       0.053      0.000       0.223       0.431      *

 S3       BY
    P13                0.333       0.053      0.000       0.223       0.431      *
    P23                0.333       0.053      0.000       0.223       0.431      *

 S4       BY
    P14                0.333       0.053      0.000       0.223       0.431      *
    P24                0.333       0.053      0.000       0.223       0.431      *

 S5       BY
    P15                0.333       0.053      0.000       0.223       0.431      *
    P25                0.333       0.053      0.000       0.223       0.431      *

 S6       BY
    P16                0.333       0.053      0.000       0.223       0.431      *
    P26                0.333       0.053      0.000       0.223       0.431      *

 S7       BY
    P17                0.333       0.053      0.000       0.223       0.431      *
    P27                0.333       0.053      0.000       0.223       0.431      *

 S8       BY
    P18                0.333       0.053      0.000       0.223       0.431      *
    P28                0.333       0.053      0.000       0.223       0.431      *

 S9       BY
    P19                0.333       0.053      0.000       0.223       0.431      *
    P29                0.333       0.053      0.000       0.223       0.431      *

 S10      BY
    P110               0.333       0.053      0.000       0.223       0.431      *
    P210               0.333       0.053      0.000       0.223       0.431      *

 S1       WITH
    S2                 0.000       0.000      1.000       0.000       0.000
    S3                 0.000       0.000      1.000       0.000       0.000
    S4                 0.000       0.000      1.000       0.000       0.000
    S5                 0.000       0.000      1.000       0.000       0.000
    S6                 0.000       0.000      1.000       0.000       0.000
    S7                 0.000       0.000      1.000       0.000       0.000
    S8                 0.000       0.000      1.000       0.000       0.000
    S9                 0.000       0.000      1.000       0.000       0.000
    S10                0.000       0.000      1.000       0.000       0.000
    T                  0.000       0.000      1.000       0.000       0.000

 S2       WITH
    S3                 0.000       0.000      1.000       0.000       0.000
    S4                 0.000       0.000      1.000       0.000       0.000
    S5                 0.000       0.000      1.000       0.000       0.000
    S6                 0.000       0.000      1.000       0.000       0.000
    S7                 0.000       0.000      1.000       0.000       0.000
    S8                 0.000       0.000      1.000       0.000       0.000
    S9                 0.000       0.000      1.000       0.000       0.000
    S10                0.000       0.000      1.000       0.000       0.000
    T                  0.000       0.000      1.000       0.000       0.000

 S3       WITH
    S4                 0.000       0.000      1.000       0.000       0.000
    S5                 0.000       0.000      1.000       0.000       0.000
    S6                 0.000       0.000      1.000       0.000       0.000
    S7                 0.000       0.000      1.000       0.000       0.000
    S8                 0.000       0.000      1.000       0.000       0.000
    S9                 0.000       0.000      1.000       0.000       0.000
    S10                0.000       0.000      1.000       0.000       0.000
    T                  0.000       0.000      1.000       0.000       0.000

 S4       WITH
    S5                 0.000       0.000      1.000       0.000       0.000
    S6                 0.000       0.000      1.000       0.000       0.000
    S7                 0.000       0.000      1.000       0.000       0.000
    S8                 0.000       0.000      1.000       0.000       0.000
    S9                 0.000       0.000      1.000       0.000       0.000
    S10                0.000       0.000      1.000       0.000       0.000
    T                  0.000       0.000      1.000       0.000       0.000

 S5       WITH
    S6                 0.000       0.000      1.000       0.000       0.000
    S7                 0.000       0.000      1.000       0.000       0.000
    S8                 0.000       0.000      1.000       0.000       0.000
    S9                 0.000       0.000      1.000       0.000       0.000
    S10                0.000       0.000      1.000       0.000       0.000
    T                  0.000       0.000      1.000       0.000       0.000

 S6       WITH
    S7                 0.000       0.000      1.000       0.000       0.000
    S8                 0.000       0.000      1.000       0.000       0.000
    S9                 0.000       0.000      1.000       0.000       0.000
    S10                0.000       0.000      1.000       0.000       0.000
    T                  0.000       0.000      1.000       0.000       0.000

 S7       WITH
    S8                 0.000       0.000      1.000       0.000       0.000
    S9                 0.000       0.000      1.000       0.000       0.000
    S10                0.000       0.000      1.000       0.000       0.000
    T                  0.000       0.000      1.000       0.000       0.000

 S8       WITH
    S9                 0.000       0.000      1.000       0.000       0.000
    S10                0.000       0.000      1.000       0.000       0.000
    T                  0.000       0.000      1.000       0.000       0.000

 S9       WITH
    S10                0.000       0.000      1.000       0.000       0.000
    T                  0.000       0.000      1.000       0.000       0.000

 S10      WITH
    T                  0.000       0.000      1.000       0.000       0.000

 Means
    T                  0.000       0.000      1.000       0.000       0.000
    S1                 0.000       0.000      1.000       0.000       0.000
    S2                 0.000       0.000      1.000       0.000       0.000
    S3                 0.000       0.000      1.000       0.000       0.000
    S4                 0.000       0.000      1.000       0.000       0.000
    S5                 0.000       0.000      1.000       0.000       0.000
    S6                 0.000       0.000      1.000       0.000       0.000
    S7                 0.000       0.000      1.000       0.000       0.000
    S8                 0.000       0.000      1.000       0.000       0.000
    S9                 0.000       0.000      1.000       0.000       0.000
    S10                0.000       0.000      1.000       0.000       0.000

 Thresholds
    P11$1             -1.398       0.158      0.000      -1.697      -1.081      *
    P11$2             -0.643       0.126      0.000      -0.882      -0.389      *
    P11$3             -0.105       0.115      0.186      -0.326       0.124
    P11$4              0.546       0.117      0.000       0.318       0.775      *
    P21$1             -1.398       0.158      0.000      -1.697      -1.081      *
    P21$2             -0.643       0.126      0.000      -0.882      -0.389      *
    P21$3             -0.105       0.115      0.186      -0.326       0.124
    P21$4              0.546       0.117      0.000       0.318       0.775      *
    P12$1             -1.398       0.158      0.000      -1.697      -1.081      *
    P12$2             -0.643       0.126      0.000      -0.882      -0.389      *
    P12$3             -0.105       0.115      0.186      -0.326       0.124
    P12$4              0.546       0.117      0.000       0.318       0.775      *
    P22$1             -1.398       0.158      0.000      -1.697      -1.081      *
    P22$2             -0.643       0.126      0.000      -0.882      -0.389      *
    P22$3             -0.105       0.115      0.186      -0.326       0.124
    P22$4              0.546       0.117      0.000       0.318       0.775      *
    P13$1             -1.398       0.158      0.000      -1.697      -1.081      *
    P13$2             -0.643       0.126      0.000      -0.882      -0.389      *
    P13$3             -0.105       0.115      0.186      -0.326       0.124
    P13$4              0.546       0.117      0.000       0.318       0.775      *
    P23$1             -0.551       0.196      0.002      -0.941      -0.179      *
    P23$2              0.044       0.187      0.407      -0.321       0.410
    P23$3              0.623       0.194      0.000       0.249       1.007      *
    P14$1             -1.398       0.158      0.000      -1.697      -1.081      *
    P14$2             -0.643       0.126      0.000      -0.882      -0.389      *
    P14$3             -0.105       0.115      0.186      -0.326       0.124
    P14$4              0.546       0.117      0.000       0.318       0.775      *
    P24$1             -1.398       0.158      0.000      -1.697      -1.081      *
    P24$2             -0.643       0.126      0.000      -0.882      -0.389      *
    P24$3             -0.105       0.115      0.186      -0.326       0.124
    P24$4              0.546       0.117      0.000       0.318       0.775      *
    P15$1             -1.398       0.158      0.000      -1.697      -1.081      *
    P15$2             -0.643       0.126      0.000      -0.882      -0.389      *
    P15$3             -0.105       0.115      0.186      -0.326       0.124
    P15$4              0.546       0.117      0.000       0.318       0.775      *
    P25$1             -1.398       0.158      0.000      -1.697      -1.081      *
    P25$2             -0.643       0.126      0.000      -0.882      -0.389      *
    P25$3             -0.105       0.115      0.186      -0.326       0.124
    P25$4              0.546       0.117      0.000       0.318       0.775      *
    P16$1             -1.398       0.158      0.000      -1.697      -1.081      *
    P16$2             -0.643       0.126      0.000      -0.882      -0.389      *
    P16$3             -0.105       0.115      0.186      -0.326       0.124
    P16$4              0.546       0.117      0.000       0.318       0.775      *
    P26$1             -1.398       0.158      0.000      -1.697      -1.081      *
    P26$2             -0.643       0.126      0.000      -0.882      -0.389      *
    P26$3             -0.105       0.115      0.186      -0.326       0.124
    P26$4              0.546       0.117      0.000       0.318       0.775      *
    P17$1             -1.398       0.158      0.000      -1.697      -1.081      *
    P17$2             -0.643       0.126      0.000      -0.882      -0.389      *
    P17$3             -0.105       0.115      0.186      -0.326       0.124
    P17$4              0.546       0.117      0.000       0.318       0.775      *
    P27$1             -1.398       0.158      0.000      -1.697      -1.081      *
    P27$2             -0.643       0.126      0.000      -0.882      -0.389      *
    P27$3             -0.105       0.115      0.186      -0.326       0.124
    P27$4              0.546       0.117      0.000       0.318       0.775      *
    P18$1             -0.758       0.230      0.000      -1.219      -0.323      *
    P18$2              0.150       0.203      0.228      -0.248       0.546
    P18$3              0.812       0.218      0.000       0.405       1.261      *
    P28$1             -1.398       0.158      0.000      -1.697      -1.081      *
    P28$2             -0.643       0.126      0.000      -0.882      -0.389      *
    P28$3             -0.105       0.115      0.186      -0.326       0.124
    P28$4              0.546       0.117      0.000       0.318       0.775      *
    P19$1             -1.398       0.158      0.000      -1.697      -1.081      *
    P19$2             -0.643       0.126      0.000      -0.882      -0.389      *
    P19$3             -0.105       0.115      0.186      -0.326       0.124
    P19$4              0.546       0.117      0.000       0.318       0.775      *
    P29$1             -1.398       0.158      0.000      -1.697      -1.081      *
    P29$2             -0.643       0.126      0.000      -0.882      -0.389      *
    P29$3             -0.105       0.115      0.186      -0.326       0.124
    P29$4              0.546       0.117      0.000       0.318       0.775      *
    P110$1            -1.695       0.387      0.000      -2.550      -1.031      *
    P110$2            -0.729       0.259      0.001      -1.259      -0.251      *
    P110$3             0.460       0.209      0.015       0.052       0.877      *
    P210$1            -1.398       0.158      0.000      -1.697      -1.081      *
    P210$2            -0.643       0.126      0.000      -0.882      -0.389      *
    P210$3            -0.105       0.115      0.186      -0.326       0.124
    P210$4             0.546       0.117      0.000       0.318       0.775      *

 Variances
    T                  1.000       0.000      0.000       1.000       1.000
    S1                 1.000       0.000      0.000       1.000       1.000
    S2                 1.000       0.000      0.000       1.000       1.000
    S3                 1.000       0.000      0.000       1.000       1.000
    S4                 1.000       0.000      0.000       1.000       1.000
    S5                 1.000       0.000      0.000       1.000       1.000
    S6                 1.000       0.000      0.000       1.000       1.000
    S7                 1.000       0.000      0.000       1.000       1.000
    S8                 1.000       0.000      0.000       1.000       1.000
    S9                 1.000       0.000      0.000       1.000       1.000
    S10                1.000       0.000      0.000       1.000       1.000


R-SQUARE

                                Posterior  One-Tailed         95% C.I.
    Variable        Estimate       S.D.      P-Value   Lower 2.5%  Upper 2.5%

    P11                0.684       0.051      0.000       0.575       0.777
    P21                0.684       0.051      0.000       0.575       0.777
    P12                0.684       0.051      0.000       0.575       0.777
    P22                0.684       0.051      0.000       0.575       0.777
    P13                0.684       0.051      0.000       0.575       0.777
    P23                0.684       0.051      0.000       0.575       0.777
    P14                0.684       0.051      0.000       0.575       0.777
    P24                0.684       0.051      0.000       0.575       0.777
    P15                0.684       0.051      0.000       0.575       0.777
    P25                0.684       0.051      0.000       0.575       0.777
    P16                0.684       0.051      0.000       0.575       0.777
    P26                0.684       0.051      0.000       0.575       0.777
    P17                0.684       0.051      0.000       0.575       0.777
    P27                0.684       0.051      0.000       0.575       0.777
    P18                0.684       0.051      0.000       0.575       0.777
    P28                0.684       0.051      0.000       0.575       0.777
    P19                0.684       0.051      0.000       0.575       0.777
    P29                0.684       0.051      0.000       0.575       0.777
    P110               0.684       0.051      0.000       0.575       0.777
    P210               0.684       0.051      0.000       0.575       0.777


TECHNICAL 1 OUTPUT


     PARAMETER SPECIFICATION


           TAU
              P11$1         P11$2         P11$3         P11$4         P21$1
              ________      ________      ________      ________      ________
                    3             4             5             6             3


           TAU
              P21$2         P21$3         P21$4         P12$1         P12$2
              ________      ________      ________      ________      ________
                    4             5             6             3             4


           TAU
              P12$3         P12$4         P22$1         P22$2         P22$3
              ________      ________      ________      ________      ________
                    5             6             3             4             5


           TAU
              P22$4         P13$1         P13$2         P13$3         P13$4
              ________      ________      ________      ________      ________
                    6             3             4             5             6


           TAU
              P23$1         P23$2         P23$3         P14$1         P14$2
              ________      ________      ________      ________      ________
                    7             8             9             3             4


           TAU
              P14$3         P14$4         P24$1         P24$2         P24$3
              ________      ________      ________      ________      ________
                    5             6             3             4             5


           TAU
              P24$4         P15$1         P15$2         P15$3         P15$4
              ________      ________      ________      ________      ________
                    6             3             4             5             6


           TAU
              P25$1         P25$2         P25$3         P25$4         P16$1
              ________      ________      ________      ________      ________
                    3             4             5             6             3


           TAU
              P16$2         P16$3         P16$4         P26$1         P26$2
              ________      ________      ________      ________      ________
                    4             5             6             3             4


           TAU
              P26$3         P26$4         P17$1         P17$2         P17$3
              ________      ________      ________      ________      ________
                    5             6             3             4             5


           TAU
              P17$4         P27$1         P27$2         P27$3         P27$4
              ________      ________      ________      ________      ________
                    6             3             4             5             6


           TAU
              P18$1         P18$2         P18$3         P28$1         P28$2
              ________      ________      ________      ________      ________
                   10            11            12             3             4


           TAU
              P28$3         P28$4         P19$1         P19$2         P19$3
              ________      ________      ________      ________      ________
                    5             6             3             4             5


           TAU
              P19$4         P29$1         P29$2         P29$3         P29$4
              ________      ________      ________      ________      ________
                    6             3             4             5             6


           TAU
              P110$1        P110$2        P110$3        P210$1        P210$2
              ________      ________      ________      ________      ________
                   13            14            15             3             4


           TAU
              P210$3        P210$4
              ________      ________
                    5             6


           NU
              P11           P21           P12           P22           P13
              ________      ________      ________      ________      ________
                    0             0             0             0             0


           NU
              P23           P14           P24           P15           P25
              ________      ________      ________      ________      ________
                    0             0             0             0             0


           NU
              P16           P26           P17           P27           P18
              ________      ________      ________      ________      ________
                    0             0             0             0             0


           NU
              P28           P19           P29           P110          P210
              ________      ________      ________      ________      ________
                    0             0             0             0             0


           LAMBDA
              T             S1            S2            S3            S4
              ________      ________      ________      ________      ________
 P11                0             0             0             0             0
 P21                0             0             0             0             0
 P12                0             0             0             0             0
 P22                0             0             0             0             0
 P13                0             0             0             0             0
 P23                0             0             0             0             0
 P14                0             0             0             0             0
 P24                0             0             0             0             0
 P15                0             0             0             0             0
 P25                0             0             0             0             0
 P16                0             0             0             0             0
 P26                0             0             0             0             0
 P17                0             0             0             0             0
 P27                0             0             0             0             0
 P18                0             0             0             0             0
 P28                0             0             0             0             0
 P19                0             0             0             0             0
 P29                0             0             0             0             0
 P110               0             0             0             0             0
 P210               0             0             0             0             0


           LAMBDA
              S5            S6            S7            S8            S9
              ________      ________      ________      ________      ________
 P11                0             0             0             0             0
 P21                0             0             0             0             0
 P12                0             0             0             0             0
 P22                0             0             0             0             0
 P13                0             0             0             0             0
 P23                0             0             0             0             0
 P14                0             0             0             0             0
 P24                0             0             0             0             0
 P15                0             0             0             0             0
 P25                0             0             0             0             0
 P16                0             0             0             0             0
 P26                0             0             0             0             0
 P17                0             0             0             0             0
 P27                0             0             0             0             0
 P18                0             0             0             0             0
 P28                0             0             0             0             0
 P19                0             0             0             0             0
 P29                0             0             0             0             0
 P110               0             0             0             0             0
 P210               0             0             0             0             0


           LAMBDA
              S10
              ________
 P11                0
 P21                0
 P12                0
 P22                0
 P13                0
 P23                0
 P14                0
 P24                0
 P15                0
 P25                0
 P16                0
 P26                0
 P17                0
 P27                0
 P18                0
 P28                0
 P19                0
 P29                0
 P110               0
 P210               0


           THETA
              P11           P21           P12           P22           P13
              ________      ________      ________      ________      ________
 P11                0
 P21                0             0
 P12                0             0             0
 P22                0             0             0             0
 P13                0             0             0             0             0
 P23                0             0             0             0             0
 P14                0             0             0             0             0
 P24                0             0             0             0             0
 P15                0             0             0             0             0
 P25                0             0             0             0             0
 P16                0             0             0             0             0
 P26                0             0             0             0             0
 P17                0             0             0             0             0
 P27                0             0             0             0             0
 P18                0             0             0             0             0
 P28                0             0             0             0             0
 P19                0             0             0             0             0
 P29                0             0             0             0             0
 P110               0             0             0             0             0
 P210               0             0             0             0             0


           THETA
              P23           P14           P24           P15           P25
              ________      ________      ________      ________      ________
 P23                0
 P14                0             0
 P24                0             0             0
 P15                0             0             0             0
 P25                0             0             0             0             0
 P16                0             0             0             0             0
 P26                0             0             0             0             0
 P17                0             0             0             0             0
 P27                0             0             0             0             0
 P18                0             0             0             0             0
 P28                0             0             0             0             0
 P19                0             0             0             0             0
 P29                0             0             0             0             0
 P110               0             0             0             0             0
 P210               0             0             0             0             0


           THETA
              P16           P26           P17           P27           P18
              ________      ________      ________      ________      ________
 P16                0
 P26                0             0
 P17                0             0             0
 P27                0             0             0             0
 P18                0             0             0             0             0
 P28                0             0             0             0             0
 P19                0             0             0             0             0
 P29                0             0             0             0             0
 P110               0             0             0             0             0
 P210               0             0             0             0             0


           THETA
              P28           P19           P29           P110          P210
              ________      ________      ________      ________      ________
 P28                0
 P19                0             0
 P29                0             0             0
 P110               0             0             0             0
 P210               0             0             0             0             0


           ALPHA
              T             S1            S2            S3            S4
              ________      ________      ________      ________      ________
                    0             0             0             0             0


           ALPHA
              S5            S6            S7            S8            S9
              ________      ________      ________      ________      ________
                    0             0             0             0             0


           ALPHA
              S10
              ________
                    0


           BETA
              T             S1            S2            S3            S4
              ________      ________      ________      ________      ________
 T                  0             0             0             0             0
 S1                 0             0             0             0             0
 S2                 0             0             0             0             0
 S3                 0             0             0             0             0
 S4                 0             0             0             0             0
 S5                 0             0             0             0             0
 S6                 0             0             0             0             0
 S7                 0             0             0             0             0
 S8                 0             0             0             0             0
 S9                 0             0             0             0             0
 S10                0             0             0             0             0


           BETA
              S5            S6            S7            S8            S9
              ________      ________      ________      ________      ________
 T                  0             0             0             0             0
 S1                 0             0             0             0             0
 S2                 0             0             0             0             0
 S3                 0             0             0             0             0
 S4                 0             0             0             0             0
 S5                 0             0             0             0             0
 S6                 0             0             0             0             0
 S7                 0             0             0             0             0
 S8                 0             0             0             0             0
 S9                 0             0             0             0             0
 S10                0             0             0             0             0


           BETA
              S10
              ________
 T                  0
 S1                 0
 S2                 0
 S3                 0
 S4                 0
 S5                 0
 S6                 0
 S7                 0
 S8                 0
 S9                 0
 S10                0


           PSI
              T             S1            S2            S3            S4
              ________      ________      ________      ________      ________
 T                  1
 S1                 0             2
 S2                 0             0             2
 S3                 0             0             0             2
 S4                 0             0             0             0             2
 S5                 0             0             0             0             0
 S6                 0             0             0             0             0
 S7                 0             0             0             0             0
 S8                 0             0             0             0             0
 S9                 0             0             0             0             0
 S10                0             0             0             0             0


           PSI
              S5            S6            S7            S8            S9
              ________      ________      ________      ________      ________
 S5                 2
 S6                 0             2
 S7                 0             0             2
 S8                 0             0             0             2
 S9                 0             0             0             0             2
 S10                0             0             0             0             0


           PSI
              S10
              ________
 S10                2


     PARAMETER SPECIFICATION FOR THE ADDITIONAL PARAMETERS


           NEW/ADDITIONAL PARAMETERS
              CON           OCC           REL
              ________      ________      ________
                   16            17            18


     STARTING VALUES


           TAU
              P11$1         P11$2         P11$3         P11$4         P21$1
              ________      ________      ________      ________      ________
               -1.000        -0.500         0.200         1.500        -1.581


           TAU
              P21$2         P21$3         P21$4         P12$1         P12$2
              ________      ________      ________      ________      ________
               -0.629        -0.191         0.318        -1.581        -0.629


           TAU
              P12$3         P12$4         P22$1         P22$2         P22$3
              ________      ________      ________      ________      ________
               -0.191         0.318        -1.581        -0.629        -0.191


           TAU
              P22$4         P13$1         P13$2         P13$3         P13$4
              ________      ________      ________      ________      ________
                0.318        -1.581        -0.629        -0.191         0.318


           TAU
              P23$1         P23$2         P23$3         P14$1         P14$2
              ________      ________      ________      ________      ________
               -0.499         0.000         0.430        -1.581        -0.629


           TAU
              P14$3         P14$4         P24$1         P24$2         P24$3
              ________      ________      ________      ________      ________
               -0.191         0.318        -1.581        -0.629        -0.191


           TAU
              P24$4         P15$1         P15$2         P15$3         P15$4
              ________      ________      ________      ________      ________
                0.318        -1.581        -0.629        -0.191         0.318


           TAU
              P25$1         P25$2         P25$3         P25$4         P16$1
              ________      ________      ________      ________      ________
               -1.581        -0.629        -0.191         0.318        -1.581


           TAU
              P16$2         P16$3         P16$4         P26$1         P26$2
              ________      ________      ________      ________      ________
               -0.629        -0.191         0.318        -1.581        -0.629


           TAU
              P26$3         P26$4         P17$1         P17$2         P17$3
              ________      ________      ________      ________      ________
               -0.191         0.318        -1.581        -0.629        -0.191


           TAU
              P17$4         P27$1         P27$2         P27$3         P27$4
              ________      ________      ________      ________      ________
                0.318        -1.581        -0.629        -0.191         0.318


           TAU
              P18$1         P18$2         P18$3         P28$1         P28$2
              ________      ________      ________      ________      ________
               -0.685         0.036         0.587        -1.581        -0.629


           TAU
              P28$3         P28$4         P19$1         P19$2         P19$3
              ________      ________      ________      ________      ________
               -0.191         0.318        -1.581        -0.629        -0.191


           TAU
              P19$4         P29$1         P29$2         P29$3         P29$4
              ________      ________      ________      ________      ________
                0.318        -1.581        -0.629        -0.191         0.318


           TAU
              P110$1        P110$2        P110$3        P210$1        P210$2
              ________      ________      ________      ________      ________
               -1.788        -0.797         0.172        -1.581        -0.629


           TAU
              P210$3        P210$4
              ________      ________
               -0.191         0.318


           NU
              P11           P21           P12           P22           P13
              ________      ________      ________      ________      ________
                0.000         0.000         0.000         0.000         0.000


           NU
              P23           P14           P24           P15           P25
              ________      ________      ________      ________      ________
                0.000         0.000         0.000         0.000         0.000


           NU
              P16           P26           P17           P27           P18
              ________      ________      ________      ________      ________
                0.000         0.000         0.000         0.000         0.000


           NU
              P28           P19           P29           P110          P210
              ________      ________      ________      ________      ________
                0.000         0.000         0.000         0.000         0.000


           LAMBDA
              T             S1            S2            S3            S4
              ________      ________      ________      ________      ________
 P11            1.000         1.000         0.000         0.000         0.000
 P21            1.000         1.000         0.000         0.000         0.000
 P12            1.000         0.000         1.000         0.000         0.000
 P22            1.000         0.000         1.000         0.000         0.000
 P13            1.000         0.000         0.000         1.000         0.000
 P23            1.000         0.000         0.000         1.000         0.000
 P14            1.000         0.000         0.000         0.000         1.000
 P24            1.000         0.000         0.000         0.000         1.000
 P15            1.000         0.000         0.000         0.000         0.000
 P25            1.000         0.000         0.000         0.000         0.000
 P16            1.000         0.000         0.000         0.000         0.000
 P26            1.000         0.000         0.000         0.000         0.000
 P17            1.000         0.000         0.000         0.000         0.000
 P27            1.000         0.000         0.000         0.000         0.000
 P18            1.000         0.000         0.000         0.000         0.000
 P28            1.000         0.000         0.000         0.000         0.000
 P19            1.000         0.000         0.000         0.000         0.000
 P29            1.000         0.000         0.000         0.000         0.000
 P110           1.000         0.000         0.000         0.000         0.000
 P210           1.000         0.000         0.000         0.000         0.000


           LAMBDA
              S5            S6            S7            S8            S9
              ________      ________      ________      ________      ________
 P11            0.000         0.000         0.000         0.000         0.000
 P21            0.000         0.000         0.000         0.000         0.000
 P12            0.000         0.000         0.000         0.000         0.000
 P22            0.000         0.000         0.000         0.000         0.000
 P13            0.000         0.000         0.000         0.000         0.000
 P23            0.000         0.000         0.000         0.000         0.000
 P14            0.000         0.000         0.000         0.000         0.000
 P24            0.000         0.000         0.000         0.000         0.000
 P15            1.000         0.000         0.000         0.000         0.000
 P25            1.000         0.000         0.000         0.000         0.000
 P16            0.000         1.000         0.000         0.000         0.000
 P26            0.000         1.000         0.000         0.000         0.000
 P17            0.000         0.000         1.000         0.000         0.000
 P27            0.000         0.000         1.000         0.000         0.000
 P18            0.000         0.000         0.000         1.000         0.000
 P28            0.000         0.000         0.000         1.000         0.000
 P19            0.000         0.000         0.000         0.000         1.000
 P29            0.000         0.000         0.000         0.000         1.000
 P110           0.000         0.000         0.000         0.000         0.000
 P210           0.000         0.000         0.000         0.000         0.000


           LAMBDA
              S10
              ________
 P11            0.000
 P21            0.000
 P12            0.000
 P22            0.000
 P13            0.000
 P23            0.000
 P14            0.000
 P24            0.000
 P15            0.000
 P25            0.000
 P16            0.000
 P26            0.000
 P17            0.000
 P27            0.000
 P18            0.000
 P28            0.000
 P19            0.000
 P29            0.000
 P110           1.000
 P210           1.000


           THETA
              P11           P21           P12           P22           P13
              ________      ________      ________      ________      ________
 P11            1.000
 P21            0.000         1.000
 P12            0.000         0.000         1.000
 P22            0.000         0.000         0.000         1.000
 P13            0.000         0.000         0.000         0.000         1.000
 P23            0.000         0.000         0.000         0.000         0.000
 P14            0.000         0.000         0.000         0.000         0.000
 P24            0.000         0.000         0.000         0.000         0.000
 P15            0.000         0.000         0.000         0.000         0.000
 P25            0.000         0.000         0.000         0.000         0.000
 P16            0.000         0.000         0.000         0.000         0.000
 P26            0.000         0.000         0.000         0.000         0.000
 P17            0.000         0.000         0.000         0.000         0.000
 P27            0.000         0.000         0.000         0.000         0.000
 P18            0.000         0.000         0.000         0.000         0.000
 P28            0.000         0.000         0.000         0.000         0.000
 P19            0.000         0.000         0.000         0.000         0.000
 P29            0.000         0.000         0.000         0.000         0.000
 P110           0.000         0.000         0.000         0.000         0.000
 P210           0.000         0.000         0.000         0.000         0.000


           THETA
              P23           P14           P24           P15           P25
              ________      ________      ________      ________      ________
 P23            1.000
 P14            0.000         1.000
 P24            0.000         0.000         1.000
 P15            0.000         0.000         0.000         1.000
 P25            0.000         0.000         0.000         0.000         1.000
 P16            0.000         0.000         0.000         0.000         0.000
 P26            0.000         0.000         0.000         0.000         0.000
 P17            0.000         0.000         0.000         0.000         0.000
 P27            0.000         0.000         0.000         0.000         0.000
 P18            0.000         0.000         0.000         0.000         0.000
 P28            0.000         0.000         0.000         0.000         0.000
 P19            0.000         0.000         0.000         0.000         0.000
 P29            0.000         0.000         0.000         0.000         0.000
 P110           0.000         0.000         0.000         0.000         0.000
 P210           0.000         0.000         0.000         0.000         0.000


           THETA
              P16           P26           P17           P27           P18
              ________      ________      ________      ________      ________
 P16            1.000
 P26            0.000         1.000
 P17            0.000         0.000         1.000
 P27            0.000         0.000         0.000         1.000
 P18            0.000         0.000         0.000         0.000         1.000
 P28            0.000         0.000         0.000         0.000         0.000
 P19            0.000         0.000         0.000         0.000         0.000
 P29            0.000         0.000         0.000         0.000         0.000
 P110           0.000         0.000         0.000         0.000         0.000
 P210           0.000         0.000         0.000         0.000         0.000


           THETA
              P28           P19           P29           P110          P210
              ________      ________      ________      ________      ________
 P28            1.000
 P19            0.000         1.000
 P29            0.000         0.000         1.000
 P110           0.000         0.000         0.000         1.000
 P210           0.000         0.000         0.000         0.000         1.000


           ALPHA
              T             S1            S2            S3            S4
              ________      ________      ________      ________      ________
                0.000         0.000         0.000         0.000         0.000


           ALPHA
              S5            S6            S7            S8            S9
              ________      ________      ________      ________      ________
                0.000         0.000         0.000         0.000         0.000


           ALPHA
              S10
              ________
                0.000


           BETA
              T             S1            S2            S3            S4
              ________      ________      ________      ________      ________
 T              0.000         0.000         0.000         0.000         0.000
 S1             0.000         0.000         0.000         0.000         0.000
 S2             0.000         0.000         0.000         0.000         0.000
 S3             0.000         0.000         0.000         0.000         0.000
 S4             0.000         0.000         0.000         0.000         0.000
 S5             0.000         0.000         0.000         0.000         0.000
 S6             0.000         0.000         0.000         0.000         0.000
 S7             0.000         0.000         0.000         0.000         0.000
 S8             0.000         0.000         0.000         0.000         0.000
 S9             0.000         0.000         0.000         0.000         0.000
 S10            0.000         0.000         0.000         0.000         0.000


           BETA
              S5            S6            S7            S8            S9
              ________      ________      ________      ________      ________
 T              0.000         0.000         0.000         0.000         0.000
 S1             0.000         0.000         0.000         0.000         0.000
 S2             0.000         0.000         0.000         0.000         0.000
 S3             0.000         0.000         0.000         0.000         0.000
 S4             0.000         0.000         0.000         0.000         0.000
 S5             0.000         0.000         0.000         0.000         0.000
 S6             0.000         0.000         0.000         0.000         0.000
 S7             0.000         0.000         0.000         0.000         0.000
 S8             0.000         0.000         0.000         0.000         0.000
 S9             0.000         0.000         0.000         0.000         0.000
 S10            0.000         0.000         0.000         0.000         0.000


           BETA
              S10
              ________
 T              0.000
 S1             0.000
 S2             0.000
 S3             0.000
 S4             0.000
 S5             0.000
 S6             0.000
 S7             0.000
 S8             0.000
 S9             0.000
 S10            0.000


           PSI
              T             S1            S2            S3            S4
              ________      ________      ________      ________      ________
 T              1.000
 S1             0.000         1.000
 S2             0.000         0.000         1.000
 S3             0.000         0.000         0.000         1.000
 S4             0.000         0.000         0.000         0.000         1.000
 S5             0.000         0.000         0.000         0.000         0.000
 S6             0.000         0.000         0.000         0.000         0.000
 S7             0.000         0.000         0.000         0.000         0.000
 S8             0.000         0.000         0.000         0.000         0.000
 S9             0.000         0.000         0.000         0.000         0.000
 S10            0.000         0.000         0.000         0.000         0.000


           PSI
              S5            S6            S7            S8            S9
              ________      ________      ________      ________      ________
 S5             1.000
 S6             0.000         1.000
 S7             0.000         0.000         1.000
 S8             0.000         0.000         0.000         1.000
 S9             0.000         0.000         0.000         0.000         1.000
 S10            0.000         0.000         0.000         0.000         0.000


           PSI
              S10
              ________
 S10            1.000


     STARTING VALUES FOR THE ADDITIONAL PARAMETERS


           NEW/ADDITIONAL PARAMETERS
              CON           OCC           REL
              ________      ________      ________
                0.500         0.500         0.500



     PRIORS FOR ALL PARAMETERS            PRIOR MEAN      PRIOR VARIANCE     PRIOR STD. DEV.

     Parameter 1~IG(-1.000,0.000)          infinity            infinity            infinity
     Parameter 2~IG(-1.000,0.000)          infinity            infinity            infinity
     Parameter 3~N(0.000,5.000)              0.0000              5.0000              2.2361
     Parameter 4~N(0.000,5.000)              0.0000              5.0000              2.2361
     Parameter 5~N(0.000,5.000)              0.0000              5.0000              2.2361
     Parameter 6~N(0.000,5.000)              0.0000              5.0000              2.2361
     Parameter 7~N(0.000,5.000)              0.0000              5.0000              2.2361
     Parameter 8~N(0.000,5.000)              0.0000              5.0000              2.2361
     Parameter 9~N(0.000,5.000)              0.0000              5.0000              2.2361
     Parameter 10~N(0.000,5.000)             0.0000              5.0000              2.2361
     Parameter 11~N(0.000,5.000)             0.0000              5.0000              2.2361
     Parameter 12~N(0.000,5.000)             0.0000              5.0000              2.2361
     Parameter 13~N(0.000,5.000)             0.0000              5.0000              2.2361
     Parameter 14~N(0.000,5.000)             0.0000              5.0000              2.2361
     Parameter 15~N(0.000,5.000)             0.0000              5.0000              2.2361


TECHNICAL 8 OUTPUT


   TECHNICAL 8 OUTPUT FOR BAYES ESTIMATION

     CHAIN    BSEED
     1        0
     2        285380

                     POTENTIAL       PARAMETER WITH
     ITERATION    SCALE REDUCTION      HIGHEST PSR
     100              1.056               9
     200              1.942               5
     300              1.021               5
     400              1.115               5
     500              1.036               5
     600              1.041               5
     700              1.091               4
     800              1.048               4
     900              1.075               4
     1000             1.048               4
     1100             1.038               4
     1200             1.011               13
     1300             1.013               4
     1400             1.016               4
     1500             1.005               2
     1600             1.003               2
     1700             1.005               7
     1800             1.013               2
     1900             1.009               2
     2000             1.019               2
     2100             1.021               2
     2200             1.033               6
     2300             1.021               6
     2400             1.009               7
     2500             1.007               6
     2600             1.010               6
     2700             1.005               6
     2800             1.011               6
     2900             1.004               6
     3000             1.003               2
     3100             1.003               13
     3200             1.003               13
     3300             1.001               13
     3400             1.002               6
     3500             1.002               3
     3600             1.002               6
     3700             1.001               9
     3800             1.002               9
     3900             1.003               9
     4000             1.001               9
     4100             1.001               9
     4200             1.004               3
     4300             1.007               3
     4400             1.014               3
     4500             1.017               3
     4600             1.027               3
     4700             1.033               3
     4800             1.031               3
     4900             1.027               3
     5000             1.028               3
     5100             1.024               3
     5200             1.020               3
     5300             1.014               3
     5400             1.011               3
     5500             1.009               6
     5600             1.011               5
     5700             1.008               4
     5800             1.005               3
     5900             1.001               3
     6000             1.002               3
     6100             1.004               3
     6200             1.003               3
     6300             1.003               3
     6400             1.002               3
     6500             1.002               3
     6600             1.006               3
     6700             1.008               3
     6800             1.010               3
     6900             1.008               3
     7000             1.007               3
     7100             1.007               3
     7200             1.006               3
     7300             1.005               3
     7400             1.006               3
     7500             1.004               3
     7600             1.006               3
     7700             1.004               3
     7800             1.003               13
     7900             1.002               13
     8000             1.002               13
     8100             1.001               2
     8200             1.001               1
     8300             1.001               6
     8400             1.002               6
     8500             1.002               6
     8600             1.001               2
     8700             1.001               2
     8800             1.001               13
     8900             1.003               2
     9000             1.003               2
     9100             1.003               2
     9200             1.003               2
     9300             1.004               2
     9400             1.003               2
     9500             1.003               2
     9600             1.004               2
     9700             1.004               2
     9800             1.004               2
     9900             1.005               2
     10000            1.007               2
     10100            1.009               2
     10200            1.009               2
     10300            1.010               2
     10400            1.010               2
     10500            1.010               2
     10600            1.009               2
     10700            1.010               2
     10800            1.009               2
     10900            1.010               2
     11000            1.010               2
     11100            1.009               2
     11200            1.009               2
     11300            1.009               2
     11400            1.009               2
     11500            1.010               2
     11600            1.010               2
     11700            1.010               2
     11800            1.011               2
     11900            1.011               2
     12000            1.010               2
     12100            1.010               2
     12200            1.010               2
     12300            1.011               2
     12400            1.011               2
     12500            1.011               2
     12600            1.010               2
     12700            1.011               2
     12800            1.010               2
     12900            1.009               2
     13000            1.009               2
     13100            1.008               2
     13200            1.007               2
     13300            1.006               2
     13400            1.006               2
     13500            1.006               2
     13600            1.006               2
     13700            1.006               2
     13800            1.004               2
     13900            1.005               2
     14000            1.005               2
     14100            1.005               2
     14200            1.005               2
     14300            1.005               2
     14400            1.005               2
     14500            1.004               2
     14600            1.006               2
     14700            1.006               2
     14800            1.006               2
     14900            1.006               2
     15000            1.006               2
     15100            1.006               2
     15200            1.006               2
     15300            1.007               2
     15400            1.007               2
     15500            1.007               2
     15600            1.007               2
     15700            1.006               2
     15800            1.006               2
     15900            1.007               2
     16000            1.008               2
     16100            1.008               2
     16200            1.007               2
     16300            1.006               2
     16400            1.006               2
     16500            1.006               2
     16600            1.006               2
     16700            1.006               2
     16800            1.005               2
     16900            1.005               2
     17000            1.005               2
     17100            1.005               2
     17200            1.005               2
     17300            1.004               2
     17400            1.004               2
     17500            1.005               2
     17600            1.004               2
     17700            1.003               2
     17800            1.003               2
     17900            1.003               2
     18000            1.003               2
     18100            1.003               2
     18200            1.003               2
     18300            1.002               2
     18400            1.002               2
     18500            1.002               6
     18600            1.002               6
     18700            1.002               6
     18800            1.003               6
     18900            1.002               2
     19000            1.003               2
     19100            1.003               2
     19200            1.002               6
     19300            1.002               6
     19400            1.002               6
     19500            1.002               2
     19600            1.003               2
     19700            1.003               2
     19800            1.003               2
     19900            1.003               2
     20000            1.003               2


PLOT INFORMATION

The following plots are available:

  Sample proportions and estimated probabilities
  Bayesian posterior parameter distributions
  Bayesian posterior parameter trace plots
  Bayesian autocorrelation plots
  Bayesian prior parameter distributions
  Bayesian posterior predictive checking scatterplots
  Bayesian posterior predictive checking distribution plots

     Beginning Time:  14:59:05
        Ending Time:  15:00:54
       Elapsed Time:  00:01:49



MUTHEN & MUTHEN
3463 Stoner Ave.
Los Angeles, CA  90066

Tel: (310) 391-9971
Fax: (310) 391-8971
Web: www.StatModel.com
Support: Support@StatModel.com

Copyright (c) 1998-2024 Muthen & Muthen
