Mplus VERSION 8.10 (Mac)
MUTHEN & MUTHEN
03/22/2024   1:15 PM

INPUT INSTRUCTIONS

  DATA:

  File is laac2_wide.dat;

  VARIABLE:

  NAMES =   subject task
  Y1_1    Y1_10   Y1_2    Y1_3    Y1_4    Y1_5    Y1_6
  Y1_7    Y1_8    Y1_9    Y10_1   Y10_10  Y10_2   Y10_3   Y10_4   Y10_5
  Y10_6   Y10_7   Y10_8   Y10_9   Y11_1   Y11_10  Y11_2   Y11_3   Y11_4
  Y11_5   Y11_6   Y11_7   Y11_8   Y11_9   Y12_1   Y12_10  Y12_2   Y12_3
  Y12_4   Y12_5   Y12_6   Y12_7   Y12_8   Y12_9   Y2_1    Y2_10   Y2_2
  Y2_3    Y2_4    Y2_5    Y2_6    Y2_7    Y2_8    Y2_9    Y3_1    Y3_10
  Y3_2    Y3_3    Y3_4    Y3_5    Y3_6    Y3_7    Y3_8    Y3_9    Y4_1
  Y4_10   Y4_2    Y4_3    Y4_4    Y4_5    Y4_6    Y4_7    Y4_8    Y4_9
  Y5_1    Y5_10   Y5_2    Y5_3    Y5_4    Y5_5    Y5_6    Y5_7    Y5_8
  Y5_9    Y6_1    Y6_10   Y6_2    Y6_3    Y6_4    Y6_5    Y6_6    Y6_7
  Y6_8    Y6_9    Y7_1    Y7_10   Y7_2    Y7_3    Y7_4    Y7_5    Y7_6
  Y7_7    Y7_8    Y7_9    Y8_1    Y8_10   Y8_2    Y8_3    Y8_4    Y8_5
  Y8_6    Y8_7    Y8_8    Y8_9    Y9_1    Y9_10   Y9_2    Y9_3    Y9_4
  Y9_5    Y9_6    Y9_7    Y9_8    Y9_9;


  USEVARIABLES =  P11 P21 P12 P22 P13 P23 P14 P24
  	       P15 P25 P16 P26 P17 P27 P18 P28 P19 P29
  	       P110 P210 ;
  	
  Categ =   P11 P21 P12 P22 P13 P23 P14 P24
  	       P15 P25 P16 P26 P17 P27 P18 P28 P19 P29
  	       P110 P210 ;
  	


  Missing = All(-99);	

  useobservations are (task EQ 5);

  ! "'attention'=1;'communication'=2;'reasoning'=3;'visible_food'=4;
  !'population'=5;'inhibit_searched'=6"



  ! For population task, trials are parceled such that conditions are balanced across parcel
  ! -->

  DEFINE:
  P11 = Y1_1 + Y3_1 + Y4_1 +  Y6_1 + Y8_1 + Y11_1;
  P21 =  Y2_1 + Y5_1 + Y7_1 + Y9_1 + Y10_1 + Y12_1;

  P12 = Y1_2 + Y3_2 + Y4_2 +  Y6_2 + Y8_2 + Y11_2;
  P22 =  Y2_2 + Y5_2 + Y7_2 + Y9_2 + Y10_2 + Y12_2;

  P13 = Y1_3 + Y3_3 + Y4_3 +  Y6_3 + Y8_3 + Y11_3;
  P23 =  Y2_3 + Y5_3 + Y7_3 + Y9_3 + Y10_3 + Y12_3;

  P14 = Y1_4 + Y3_4 + Y4_4 +  Y6_4 + Y8_4 + Y11_4;
  P24 =  Y2_4 + Y5_4 + Y7_4 + Y9_4 + Y10_4 + Y12_4;

  P15 = Y1_5 + Y3_5 + Y4_5 +  Y6_5 + Y8_5 + Y11_5;
  P25 =  Y2_5 + Y5_5 + Y7_5 + Y9_5 + Y10_5 + Y12_5;

  P16 = Y1_6 + Y3_6 + Y4_6 +  Y6_6 + Y8_6 + Y11_6;
  P26 =  Y2_6 + Y5_6 + Y7_6 + Y9_6 + Y10_6 + Y12_6;

  P17 = Y1_7 + Y3_7 + Y4_7 +  Y6_7 + Y8_7 + Y11_7;
  P27 =  Y2_7 + Y5_7 + Y7_7 + Y9_7 + Y10_7 + Y12_7;

  P18 = Y1_8 + Y3_8 + Y4_8 +  Y6_8 + Y8_8 + Y11_8;
  P28 =  Y2_8 + Y5_8 + Y7_8 + Y9_8 + Y10_8 + Y12_8;

  P19 = Y1_9 + Y3_9 + Y4_9 +  Y6_9 + Y8_9 + Y11_9;
  P29 =  Y2_9 + Y5_9 + Y7_9 + Y9_9 + Y10_9 + Y12_9;

  P110 = Y1_10 + Y3_10 + Y4_10 +  Y6_10 + Y8_10 + Y11_10;
  P210 =  Y2_10 + Y5_10 + Y7_10 + Y9_10 + Y10_10 + Y12_10;



  IF (P11==0) THEN P11=2;
  IF (P21==0) THEN P21=2;
  IF (P12==0) THEN P12=2;
  IF (P22==0) THEN P22=2;
  IF (P13==0) THEN P13=2;
  IF (P23==0) THEN P23=2;
  IF (P14==0) THEN P14=2;
  IF (P24==0) THEN P24=2;
  IF (P15==0) THEN P15=2;
  IF (P25==0) THEN P25=2;
  IF (P16==0) THEN P16=2;
  IF (P26==0) THEN P26=2;
  IF (P17==0) THEN P17=2;
  IF (P27==0) THEN P27=2;
  IF (P18==0) THEN P18=2;
  IF (P28==0) THEN P28=2;
  IF (P19==0) THEN P19=2;
  IF (P29==0) THEN P29=2;
  IF (P110==0) THEN P110=2;
  IF (P210==0) THEN P210=2;

  IF (P11==1) THEN P11=2;
  IF (P21==1) THEN P21=2;
  IF (P12==1) THEN P12=2;
  IF (P22==1) THEN P22=2;
  IF (P13==1) THEN P13=2;
  IF (P23==1) THEN P23=2;
  IF (P14==1) THEN P14=2;
  IF (P24==1) THEN P24=2;
  IF (P15==1) THEN P15=2;
  IF (P25==1) THEN P25=2;
  IF (P16==1) THEN P16=2;
  IF (P26==1) THEN P26=2;
  IF (P17==1) THEN P17=2;
  IF (P27==1) THEN P27=2;
  IF (P18==1) THEN P18=2;
  IF (P28==1) THEN P28=2;
  IF (P19==1) THEN P19=2;
  IF (P29==1) THEN P29=2;
  IF (P110==1) THEN P110=2;
  IF (P210==1) THEN P210=2;


  ANALYSIS:

  	ESTIMATOR = Bayes;
  	Biter=(20000);
  	Thin=10;
  	Bconvergence = .005;	


  MODEL:


  T by P11@1 P21@1
  	P12@1 P22@1
  	P13@1 P23@1
  	P14@1 P24@1
  	P15@1 P25@1
  	P16@1 P26@1
  	P17@1 P27@1
  	P18@1 P28@1
  	P19@1 P29@1
  	P110@1 P210@1;


  S1 by P11@1 P21@1;
  S2 by P12@1 P22@1;
  S3 by P13@1 P23@1;
  S4 by P14@1 P24@1;
  S5 by P15@1 P25@1;
  S6 by P16@1 P26@1;
  S7 by P17@1 P27@1;
  S8 by P18@1 P28@1;
  S9 by P19@1 P29@1;
  S10 by P110@1 P210@1;

  	
  [S1-S10@0];
  [T@0];

  S1-S10 with S1-S10@0;
  T with S1-S10@0;


  [P11$1*-1] (tau1);
  [P11$2*-0.5] (tau2);
  [P11$3*0.2] (tau3);
  [P11$4*1.5] (tau4);
  ![P11$5] (tau5);


  [P21$1] (tau1);
  [P21$2] (tau2);
  [P21$3] (tau3);
  [P21$4] (tau4);
  ![P21$5] (tau5);

  [P12$1] (tau1);
  [P12$2] (tau2);
  [P12$3] (tau3);
  [P12$4] (tau4);
  ![P12$5] (tau5);

  [P22$1] (tau1);
  [P22$2] (tau2);
  [P22$3] (tau3);
  [P22$4] (tau4);
  ![P22$5] (tau5);

  [P13$1] (tau1);
  [P13$2] (tau2);
  [P13$3] (tau3);
  [P13$4] (tau4);
  ![P13$5] (tau5);


  ![P23$1] (tau1);
  ![P23$2] (tau2);
  ![P23$3] (tau3);
  ![P23$4] (tau4);
  ![P23$5] (tau5);

  [P14$1] (tau1);
  [P14$2] (tau2);
  [P14$3] (tau3);
  [P14$4] (tau4);
  ![P14$5] (tau5);

  [P24$1] (tau1);
  [P24$2] (tau2);
  [P24$3] (tau3);
  [P24$4] (tau4);
  ![P24$5] (tau5);


  [P15$1] (tau1);
  [P15$2] (tau2);
  [P15$3] (tau3);
  [P15$4] (tau4);
  ![P15$5] (tau5);

  [P25$1] (tau1);
  [P25$2] (tau2);
  [P25$3] (tau3);
  [P25$4] (tau4);
  ![P25$5] (tau5);

  [P16$1] (tau1);
  [P16$2] (tau2);
  [P16$3] (tau3);
  [P16$4] (tau4);
  ![P16$5] (tau5);

  [P26$1] (tau1);
  [P26$2] (tau2);
  [P26$3] (tau3);
  [P26$4] (tau4);
  ![P26$5] (tau5);

  [P17$1] (tau1);
  [P17$2] (tau2);
  [P17$3] (tau3);
  [P17$4] (tau4);
  ![P17$5] (tau5);

  [P27$1] (tau1);
  [P27$2] (tau2);
  [P27$3] (tau3);
  [P27$4] (tau4);
  ![P27$5] (tau5);

  ![P18$1] (tau1);
  ![P18$2] (tau2);
  ![P18$3] (tau3);
  ![P18$4] (tau4);
  ![P18$5] (tau5);


  [P28$1] (tau1);
  [P28$2] (tau2);
  [P28$3] (tau3);
  [P28$4] (tau4);
  ![P28$5] (tau5);

  [P19$1] (tau1);
  [P19$2] (tau2);
  [P19$3] (tau3);
  [P19$4] (tau4);
  ![P19$5] (tau5);

  [P29$1] (tau1);
  [P29$2] (tau2);
  [P29$3] (tau3);
  [P29$4] (tau4);
  ![P29$5] (tau5);

  ![P110$1] (tau1);
  ![P110$2] (tau2);
  ![P110$3] (tau3);
  ![P110$4] (tau4);
  ![P110$5] (tau5);

  [P210$1] (tau1);
  [P210$2] (tau2);
  [P210$3] (tau3);
  [P210$4] (tau4);
  ![P210$5] (tau5);



  Output: stdyx tech8;
  PLOT:   TYPE = PLOT2;
  	



*** WARNING
  Input line exceeded 90 characters. Some input may be truncated.
  ! For population task, trials are parceled such that conditions are balanced across parcels
*** WARNING
  Data set contains cases with missing on all variables.
  These cases were not included in the analysis.
  Number of cases with missing on all variables:  1
   2 WARNING(S) FOUND IN THE INPUT INSTRUCTIONS




SUMMARY OF ANALYSIS

Number of groups                                                 1
Number of observations                                          45

Number of dependent variables                                   20
Number of independent variables                                  0
Number of continuous latent variables                           11

Observed dependent variables

  Binary and ordered categorical (ordinal)
   P11         P21         P12         P22         P13         P23
   P14         P24         P15         P25         P16         P26
   P17         P27         P18         P28         P19         P29
   P110        P210

Continuous latent variables
   T           S1          S2          S3          S4          S5
   S6          S7          S8          S9          S10


Estimator                                                    BAYES
Specifications for Bayesian Estimation
  Point estimate                                            MEDIAN
  Number of Markov chain Monte Carlo (MCMC) chains               2
  Random seed for the first chain                                0
  Starting value information                           UNPERTURBED
  Algorithm used for Markov chain Monte Carlo           GIBBS(PX1)
  Convergence criterion                                  0.500D-02
  Maximum number of iterations                               50000
  K-th iteration used for thinning                              10
Link                                                        PROBIT

Input data file(s)
  laac2_wide.dat
Input data format  FREE


SUMMARY OF DATA



COVARIANCE COVERAGE OF DATA

Minimum covariance coverage value   0.100

     Number of missing data patterns            30


     PROPORTION OF DATA PRESENT


           Covariance Coverage
              P11           P21           P12           P22           P13
              ________      ________      ________      ________      ________
 P11            0.711
 P21            0.711         0.711
 P12            0.622         0.622         0.822
 P22            0.622         0.622         0.800         0.800
 P13            0.644         0.644         0.756         0.733         0.844
 P23            0.644         0.644         0.756         0.733         0.844
 P14            0.467         0.467         0.556         0.533         0.578
 P24            0.467         0.467         0.556         0.533         0.578
 P15            0.622         0.622         0.689         0.667         0.778
 P25            0.622         0.622         0.689         0.667         0.778
 P16            0.622         0.622         0.689         0.667         0.733
 P26            0.622         0.622         0.689         0.667         0.733
 P17            0.556         0.556         0.622         0.600         0.644
 P27            0.533         0.533         0.600         0.578         0.622
 P18            0.511         0.511         0.600         0.578         0.600
 P28            0.511         0.511         0.600         0.578         0.600
 P19            0.622         0.622         0.689         0.689         0.689
 P29            0.622         0.622         0.689         0.689         0.689
 P110           0.467         0.467         0.489         0.489         0.511
 P210           0.467         0.467         0.489         0.489         0.511


           Covariance Coverage
              P23           P14           P24           P15           P25
              ________      ________      ________      ________      ________
 P23            0.844
 P14            0.578         0.622
 P24            0.578         0.622         0.622
 P15            0.778         0.556         0.556         0.800
 P25            0.778         0.556         0.556         0.800         0.800
 P16            0.733         0.511         0.511         0.711         0.711
 P26            0.733         0.511         0.511         0.711         0.711
 P17            0.644         0.422         0.422         0.622         0.622
 P27            0.622         0.400         0.400         0.600         0.600
 P18            0.600         0.511         0.511         0.556         0.556
 P28            0.600         0.511         0.511         0.556         0.556
 P19            0.689         0.533         0.533         0.667         0.667
 P29            0.689         0.533         0.533         0.667         0.667
 P110           0.511         0.400         0.400         0.489         0.489
 P210           0.511         0.400         0.400         0.489         0.489


           Covariance Coverage
              P16           P26           P17           P27           P18
              ________      ________      ________      ________      ________
 P16            0.756
 P26            0.756         0.756
 P17            0.667         0.667         0.689
 P27            0.644         0.644         0.667         0.667
 P18            0.556         0.556         0.489         0.489         0.689
 P28            0.556         0.556         0.489         0.489         0.689
 P19            0.644         0.644         0.600         0.600         0.622
 P29            0.644         0.644         0.600         0.600         0.622
 P110           0.467         0.467         0.400         0.400         0.467
 P210           0.467         0.467         0.400         0.400         0.467


           Covariance Coverage
              P28           P19           P29           P110          P210
              ________      ________      ________      ________      ________
 P28            0.689
 P19            0.622         0.778
 P29            0.622         0.778         0.778
 P110           0.467         0.489         0.489         0.578
 P210           0.467         0.489         0.489         0.578         0.578


UNIVARIATE PROPORTIONS AND COUNTS FOR CATEGORICAL VARIABLES

    P11
      Category 1    0.094            3.000
      Category 2    0.094            3.000
      Category 3    0.219            7.000
      Category 4    0.281            9.000
      Category 5    0.312           10.000
    P21
      Category 1    0.031            1.000
      Category 2    0.312           10.000
      Category 3    0.188            6.000
      Category 4    0.188            6.000
      Category 5    0.281            9.000
    P12
      Category 1    0.027            1.000
      Category 2    0.162            6.000
      Category 3    0.243            9.000
      Category 4    0.243            9.000
      Category 5    0.324           12.000
    P22
      Category 1    0.083            3.000
      Category 2    0.250            9.000
      Category 3    0.083            3.000
      Category 4    0.222            8.000
      Category 5    0.361           13.000
    P13
      Category 1    0.026            1.000
      Category 2    0.158            6.000
      Category 3    0.211            8.000
      Category 4    0.316           12.000
      Category 5    0.289           11.000
    P23
      Category 1    0.289           11.000
      Category 2    0.211            8.000
      Category 3    0.184            7.000
      Category 4    0.316           12.000
    P14
      Category 1    0.036            1.000
      Category 2    0.107            3.000
      Category 3    0.250            7.000
      Category 4    0.179            5.000
      Category 5    0.429           12.000
    P24
      Category 1    0.071            2.000
      Category 2    0.214            6.000
      Category 3    0.107            3.000
      Category 4    0.214            6.000
      Category 5    0.393           11.000
    P15
      Category 1    0.056            2.000
      Category 2    0.139            5.000
      Category 3    0.222            8.000
      Category 4    0.194            7.000
      Category 5    0.389           14.000
    P25
      Category 1    0.083            3.000
      Category 2    0.222            8.000
      Category 3    0.111            4.000
      Category 4    0.278           10.000
      Category 5    0.306           11.000
    P16
      Category 1    0.029            1.000
      Category 2    0.176            6.000
      Category 3    0.206            7.000
      Category 4    0.206            7.000
      Category 5    0.382           13.000
    P26
      Category 1    0.118            4.000
      Category 2    0.147            5.000
      Category 3    0.235            8.000
      Category 4    0.206            7.000
      Category 5    0.294           10.000
    P17
      Category 1    0.032            1.000
      Category 2    0.129            4.000
      Category 3    0.194            6.000
      Category 4    0.129            4.000
      Category 5    0.516           16.000
    P27
      Category 1    0.100            3.000
      Category 2    0.233            7.000
      Category 3    0.100            3.000
      Category 4    0.133            4.000
      Category 5    0.433           13.000
    P18
      Category 1    0.226            7.000
      Category 2    0.290            9.000
      Category 3    0.226            7.000
      Category 4    0.258            8.000
    P28
      Category 1    0.065            2.000
      Category 2    0.194            6.000
      Category 3    0.194            6.000
      Category 4    0.161            5.000
      Category 5    0.387           12.000
    P19
      Category 1    0.057            2.000
      Category 2    0.200            7.000
      Category 3    0.143            5.000
      Category 4    0.286           10.000
      Category 5    0.314           11.000
    P29
      Category 1    0.057            2.000
      Category 2    0.200            7.000
      Category 3    0.143            5.000
      Category 4    0.314           11.000
      Category 5    0.286           10.000
    P110
      Category 1    0.038            1.000
      Category 2    0.154            4.000
      Category 3    0.385           10.000
      Category 4    0.423           11.000
    P210
      Category 1    0.115            3.000
      Category 2    0.154            4.000
      Category 3    0.038            1.000
      Category 4    0.269            7.000
      Category 5    0.423           11.000



THE MODEL ESTIMATION TERMINATED NORMALLY

     USE THE FBITERATIONS OPTION TO INCREASE THE NUMBER OF ITERATIONS BY A FACTOR
     OF AT LEAST TWO TO CHECK CONVERGENCE AND THAT THE PSR VALUE DOES NOT INCREASE.



MODEL FIT INFORMATION

Number of Free Parameters                              24

Bayesian Posterior Predictive Checking using Chi-Square

          95% Confidence Interval for the Difference Between
          the Observed and the Replicated Chi-Square Values

                                -71.331            71.922

          Posterior Predictive P-Value              0.495



MODEL RESULTS

                                Posterior  One-Tailed         95% C.I.
                    Estimate       S.D.      P-Value   Lower 2.5%  Upper 2.5%  Significance

 T        BY
    P11                1.000       0.000      0.000       1.000       1.000
    P21                1.000       0.000      0.000       1.000       1.000
    P12                1.000       0.000      0.000       1.000       1.000
    P22                1.000       0.000      0.000       1.000       1.000
    P13                1.000       0.000      0.000       1.000       1.000
    P23                1.000       0.000      0.000       1.000       1.000
    P14                1.000       0.000      0.000       1.000       1.000
    P24                1.000       0.000      0.000       1.000       1.000
    P15                1.000       0.000      0.000       1.000       1.000
    P25                1.000       0.000      0.000       1.000       1.000
    P16                1.000       0.000      0.000       1.000       1.000
    P26                1.000       0.000      0.000       1.000       1.000
    P17                1.000       0.000      0.000       1.000       1.000
    P27                1.000       0.000      0.000       1.000       1.000
    P18                1.000       0.000      0.000       1.000       1.000
    P28                1.000       0.000      0.000       1.000       1.000
    P19                1.000       0.000      0.000       1.000       1.000
    P29                1.000       0.000      0.000       1.000       1.000
    P110               1.000       0.000      0.000       1.000       1.000
    P210               1.000       0.000      0.000       1.000       1.000

 S1       BY
    P11                1.000       0.000      0.000       1.000       1.000
    P21                1.000       0.000      0.000       1.000       1.000

 S2       BY
    P12                1.000       0.000      0.000       1.000       1.000
    P22                1.000       0.000      0.000       1.000       1.000

 S3       BY
    P13                1.000       0.000      0.000       1.000       1.000
    P23                1.000       0.000      0.000       1.000       1.000

 S4       BY
    P14                1.000       0.000      0.000       1.000       1.000
    P24                1.000       0.000      0.000       1.000       1.000

 S5       BY
    P15                1.000       0.000      0.000       1.000       1.000
    P25                1.000       0.000      0.000       1.000       1.000

 S6       BY
    P16                1.000       0.000      0.000       1.000       1.000
    P26                1.000       0.000      0.000       1.000       1.000

 S7       BY
    P17                1.000       0.000      0.000       1.000       1.000
    P27                1.000       0.000      0.000       1.000       1.000

 S8       BY
    P18                1.000       0.000      0.000       1.000       1.000
    P28                1.000       0.000      0.000       1.000       1.000

 S9       BY
    P19                1.000       0.000      0.000       1.000       1.000
    P29                1.000       0.000      0.000       1.000       1.000

 S10      BY
    P110               1.000       0.000      0.000       1.000       1.000
    P210               1.000       0.000      0.000       1.000       1.000

 S1       WITH
    S2                 0.000       0.000      1.000       0.000       0.000
    S3                 0.000       0.000      1.000       0.000       0.000
    S4                 0.000       0.000      1.000       0.000       0.000
    S5                 0.000       0.000      1.000       0.000       0.000
    S6                 0.000       0.000      1.000       0.000       0.000
    S7                 0.000       0.000      1.000       0.000       0.000
    S8                 0.000       0.000      1.000       0.000       0.000
    S9                 0.000       0.000      1.000       0.000       0.000
    S10                0.000       0.000      1.000       0.000       0.000
    T                  0.000       0.000      1.000       0.000       0.000

 S2       WITH
    S3                 0.000       0.000      1.000       0.000       0.000
    S4                 0.000       0.000      1.000       0.000       0.000
    S5                 0.000       0.000      1.000       0.000       0.000
    S6                 0.000       0.000      1.000       0.000       0.000
    S7                 0.000       0.000      1.000       0.000       0.000
    S8                 0.000       0.000      1.000       0.000       0.000
    S9                 0.000       0.000      1.000       0.000       0.000
    S10                0.000       0.000      1.000       0.000       0.000
    T                  0.000       0.000      1.000       0.000       0.000

 S3       WITH
    S4                 0.000       0.000      1.000       0.000       0.000
    S5                 0.000       0.000      1.000       0.000       0.000
    S6                 0.000       0.000      1.000       0.000       0.000
    S7                 0.000       0.000      1.000       0.000       0.000
    S8                 0.000       0.000      1.000       0.000       0.000
    S9                 0.000       0.000      1.000       0.000       0.000
    S10                0.000       0.000      1.000       0.000       0.000
    T                  0.000       0.000      1.000       0.000       0.000

 S4       WITH
    S5                 0.000       0.000      1.000       0.000       0.000
    S6                 0.000       0.000      1.000       0.000       0.000
    S7                 0.000       0.000      1.000       0.000       0.000
    S8                 0.000       0.000      1.000       0.000       0.000
    S9                 0.000       0.000      1.000       0.000       0.000
    S10                0.000       0.000      1.000       0.000       0.000
    T                  0.000       0.000      1.000       0.000       0.000

 S5       WITH
    S6                 0.000       0.000      1.000       0.000       0.000
    S7                 0.000       0.000      1.000       0.000       0.000
    S8                 0.000       0.000      1.000       0.000       0.000
    S9                 0.000       0.000      1.000       0.000       0.000
    S10                0.000       0.000      1.000       0.000       0.000
    T                  0.000       0.000      1.000       0.000       0.000

 S6       WITH
    S7                 0.000       0.000      1.000       0.000       0.000
    S8                 0.000       0.000      1.000       0.000       0.000
    S9                 0.000       0.000      1.000       0.000       0.000
    S10                0.000       0.000      1.000       0.000       0.000
    T                  0.000       0.000      1.000       0.000       0.000

 S7       WITH
    S8                 0.000       0.000      1.000       0.000       0.000
    S9                 0.000       0.000      1.000       0.000       0.000
    S10                0.000       0.000      1.000       0.000       0.000
    T                  0.000       0.000      1.000       0.000       0.000

 S8       WITH
    S9                 0.000       0.000      1.000       0.000       0.000
    S10                0.000       0.000      1.000       0.000       0.000
    T                  0.000       0.000      1.000       0.000       0.000

 S9       WITH
    S10                0.000       0.000      1.000       0.000       0.000
    T                  0.000       0.000      1.000       0.000       0.000

 S10      WITH
    T                  0.000       0.000      1.000       0.000       0.000

 Means
    T                  0.000       0.000      1.000       0.000       0.000
    S1                 0.000       0.000      1.000       0.000       0.000
    S2                 0.000       0.000      1.000       0.000       0.000
    S3                 0.000       0.000      1.000       0.000       0.000
    S4                 0.000       0.000      1.000       0.000       0.000
    S5                 0.000       0.000      1.000       0.000       0.000
    S6                 0.000       0.000      1.000       0.000       0.000
    S7                 0.000       0.000      1.000       0.000       0.000
    S8                 0.000       0.000      1.000       0.000       0.000
    S9                 0.000       0.000      1.000       0.000       0.000
    S10                0.000       0.000      1.000       0.000       0.000

 Thresholds
    P11$1             -2.642       0.266      0.000      -3.152      -2.098      *
    P11$2             -1.220       0.240      0.000      -1.680      -0.724      *
    P11$3             -0.200       0.233      0.194      -0.643       0.289
    P11$4              1.043       0.238      0.000       0.599       1.543      *
    P21$1             -2.642       0.266      0.000      -3.152      -2.098      *
    P21$2             -1.220       0.240      0.000      -1.680      -0.724      *
    P21$3             -0.200       0.233      0.194      -0.643       0.289
    P21$4              1.043       0.238      0.000       0.599       1.543      *
    P12$1             -2.642       0.266      0.000      -3.152      -2.098      *
    P12$2             -1.220       0.240      0.000      -1.680      -0.724      *
    P12$3             -0.200       0.233      0.194      -0.643       0.289
    P12$4              1.043       0.238      0.000       0.599       1.543      *
    P22$1             -2.642       0.266      0.000      -3.152      -2.098      *
    P22$2             -1.220       0.240      0.000      -1.680      -0.724      *
    P22$3             -0.200       0.233      0.194      -0.643       0.289
    P22$4              1.043       0.238      0.000       0.599       1.543      *
    P13$1             -2.642       0.266      0.000      -3.152      -2.098      *
    P13$2             -1.220       0.240      0.000      -1.680      -0.724      *
    P13$3             -0.200       0.233      0.194      -0.643       0.289
    P13$4              1.043       0.238      0.000       0.599       1.543      *
    P23$1             -1.041       0.377      0.003      -1.776      -0.302      *
    P23$2              0.146       0.372      0.346      -0.574       0.888
    P23$3              1.263       0.392      0.000       0.523       2.060      *
    P14$1             -2.642       0.266      0.000      -3.152      -2.098      *
    P14$2             -1.220       0.240      0.000      -1.680      -0.724      *
    P14$3             -0.200       0.233      0.194      -0.643       0.289
    P14$4              1.043       0.238      0.000       0.599       1.543      *
    P24$1             -2.642       0.266      0.000      -3.152      -2.098      *
    P24$2             -1.220       0.240      0.000      -1.680      -0.724      *
    P24$3             -0.200       0.233      0.194      -0.643       0.289
    P24$4              1.043       0.238      0.000       0.599       1.543      *
    P15$1             -2.642       0.266      0.000      -3.152      -2.098      *
    P15$2             -1.220       0.240      0.000      -1.680      -0.724      *
    P15$3             -0.200       0.233      0.194      -0.643       0.289
    P15$4              1.043       0.238      0.000       0.599       1.543      *
    P25$1             -2.642       0.266      0.000      -3.152      -2.098      *
    P25$2             -1.220       0.240      0.000      -1.680      -0.724      *
    P25$3             -0.200       0.233      0.194      -0.643       0.289
    P25$4              1.043       0.238      0.000       0.599       1.543      *
    P16$1             -2.642       0.266      0.000      -3.152      -2.098      *
    P16$2             -1.220       0.240      0.000      -1.680      -0.724      *
    P16$3             -0.200       0.233      0.194      -0.643       0.289
    P16$4              1.043       0.238      0.000       0.599       1.543      *
    P26$1             -2.642       0.266      0.000      -3.152      -2.098      *
    P26$2             -1.220       0.240      0.000      -1.680      -0.724      *
    P26$3             -0.200       0.233      0.194      -0.643       0.289
    P26$4              1.043       0.238      0.000       0.599       1.543      *
    P17$1             -2.642       0.266      0.000      -3.152      -2.098      *
    P17$2             -1.220       0.240      0.000      -1.680      -0.724      *
    P17$3             -0.200       0.233      0.194      -0.643       0.289
    P17$4              1.043       0.238      0.000       0.599       1.543      *
    P27$1             -2.642       0.266      0.000      -3.152      -2.098      *
    P27$2             -1.220       0.240      0.000      -1.680      -0.724      *
    P27$3             -0.200       0.233      0.194      -0.643       0.289
    P27$4              1.043       0.238      0.000       0.599       1.543      *
    P18$1             -1.438       0.446      0.001      -2.341      -0.593      *
    P18$2              0.337       0.388      0.191      -0.410       1.102
    P18$3              1.611       0.428      0.000       0.806       2.481      *
    P28$1             -2.642       0.266      0.000      -3.152      -2.098      *
    P28$2             -1.220       0.240      0.000      -1.680      -0.724      *
    P28$3             -0.200       0.233      0.194      -0.643       0.289
    P28$4              1.043       0.238      0.000       0.599       1.543      *
    P19$1             -2.642       0.266      0.000      -3.152      -2.098      *
    P19$2             -1.220       0.240      0.000      -1.680      -0.724      *
    P19$3             -0.200       0.233      0.194      -0.643       0.289
    P19$4              1.043       0.238      0.000       0.599       1.543      *
    P29$1             -2.642       0.266      0.000      -3.152      -2.098      *
    P29$2             -1.220       0.240      0.000      -1.680      -0.724      *
    P29$3             -0.200       0.233      0.194      -0.643       0.289
    P29$4              1.043       0.238      0.000       0.599       1.543      *
    P110$1            -3.663       0.826      0.000      -5.509      -2.253      *
    P110$2            -1.572       0.546      0.001      -2.674      -0.549      *
    P110$3             1.036       0.454      0.008       0.186       1.969      *
    P210$1            -2.642       0.266      0.000      -3.152      -2.098      *
    P210$2            -1.220       0.240      0.000      -1.680      -0.724      *
    P210$3            -0.200       0.233      0.194      -0.643       0.289
    P210$4             1.043       0.238      0.000       0.599       1.543      *

 Variances
    T                  2.165       0.596      0.000       1.315       3.602      *
    S1                 0.930       0.574      0.000       0.237       2.412      *
    S2                 0.493       0.406      0.000       0.046       1.584      *
    S3                 1.017       0.607      0.000       0.278       2.633      *
    S4                 0.813       0.706      0.000       0.101       2.766      *
    S5                 0.256       0.291      0.000       0.013       1.085      *
    S6                 0.733       0.511      0.000       0.125       2.070      *
    S7                 0.389       0.478      0.000       0.018       1.747      *
    S8                 0.646       0.624      0.000       0.052       2.374      *
    S9                 0.097       0.147      0.000       0.003       0.530      *
    S10                1.852       1.484      0.000       0.392       6.001      *


STANDARDIZED MODEL RESULTS


STDYX Standardization

                                Posterior  One-Tailed         95% C.I.
                    Estimate       S.D.      P-Value   Lower 2.5%  Upper 2.5%  Significance
 T        BY
    P11                0.726       0.059      0.000       0.594       0.825      *
    P21                0.726       0.059      0.000       0.594       0.825      *
    P12                0.767       0.054      0.000       0.645       0.855      *
    P22                0.767       0.054      0.000       0.645       0.855      *
    P13                0.718       0.060      0.000       0.585       0.820      *
    P23                0.718       0.060      0.000       0.585       0.820      *
    P14                0.736       0.066      0.000       0.584       0.841      *
    P24                0.736       0.066      0.000       0.584       0.841      *
    P15                0.792       0.047      0.000       0.681       0.867      *
    P25                0.792       0.047      0.000       0.681       0.867      *
    P16                0.744       0.057      0.000       0.617       0.838      *
    P26                0.744       0.057      0.000       0.617       0.838      *
    P17                0.777       0.058      0.000       0.638       0.861      *
    P27                0.777       0.058      0.000       0.638       0.861      *
    P18                0.752       0.064      0.000       0.603       0.848      *
    P28                0.752       0.064      0.000       0.603       0.848      *
    P19                0.811       0.039      0.000       0.724       0.876      *
    P29                0.811       0.039      0.000       0.724       0.876      *
    P110               0.655       0.086      0.000       0.470       0.802      *
    P210               0.655       0.086      0.000       0.470       0.802      *

 S1       BY
    P11                0.474       0.102      0.000       0.264       0.662      *
    P21                0.474       0.102      0.000       0.264       0.662      *

 S2       BY
    P12                0.365       0.117      0.000       0.120       0.583      *
    P22                0.365       0.117      0.000       0.120       0.583      *

 S3       BY
    P13                0.490       0.100      0.000       0.285       0.676      *
    P23                0.490       0.100      0.000       0.285       0.676      *

 S4       BY
    P14                0.449       0.129      0.000       0.176       0.684      *
    P24                0.449       0.129      0.000       0.176       0.684      *

 S5       BY
    P15                0.272       0.116      0.000       0.063       0.509      *
    P25                0.272       0.116      0.000       0.063       0.509      *

 S6       BY
    P16                0.431       0.109      0.000       0.198       0.632      *
    P26                0.431       0.109      0.000       0.198       0.632      *

 S7       BY
    P17                0.328       0.137      0.000       0.076       0.602      *
    P27                0.328       0.137      0.000       0.076       0.602      *

 S8       BY
    P18                0.409       0.134      0.000       0.128       0.655      *
    P28                0.409       0.134      0.000       0.128       0.655      *

 S9       BY
    P19                0.171       0.093      0.000       0.031       0.381      *
    P29                0.171       0.093      0.000       0.031       0.381      *

 S10      BY
    P110               0.607       0.125      0.000       0.326       0.811      *
    P210               0.607       0.125      0.000       0.326       0.811      *

 S1       WITH
    S2                 0.000       0.000      1.000       0.000       0.000
    S3                 0.000       0.000      1.000       0.000       0.000
    S4                 0.000       0.000      1.000       0.000       0.000
    S5                 0.000       0.000      1.000       0.000       0.000
    S6                 0.000       0.000      1.000       0.000       0.000
    S7                 0.000       0.000      1.000       0.000       0.000
    S8                 0.000       0.000      1.000       0.000       0.000
    S9                 0.000       0.000      1.000       0.000       0.000
    S10                0.000       0.000      1.000       0.000       0.000
    T                  0.000       0.000      1.000       0.000       0.000

 S2       WITH
    S3                 0.000       0.000      1.000       0.000       0.000
    S4                 0.000       0.000      1.000       0.000       0.000
    S5                 0.000       0.000      1.000       0.000       0.000
    S6                 0.000       0.000      1.000       0.000       0.000
    S7                 0.000       0.000      1.000       0.000       0.000
    S8                 0.000       0.000      1.000       0.000       0.000
    S9                 0.000       0.000      1.000       0.000       0.000
    S10                0.000       0.000      1.000       0.000       0.000
    T                  0.000       0.000      1.000       0.000       0.000

 S3       WITH
    S4                 0.000       0.000      1.000       0.000       0.000
    S5                 0.000       0.000      1.000       0.000       0.000
    S6                 0.000       0.000      1.000       0.000       0.000
    S7                 0.000       0.000      1.000       0.000       0.000
    S8                 0.000       0.000      1.000       0.000       0.000
    S9                 0.000       0.000      1.000       0.000       0.000
    S10                0.000       0.000      1.000       0.000       0.000
    T                  0.000       0.000      1.000       0.000       0.000

 S4       WITH
    S5                 0.000       0.000      1.000       0.000       0.000
    S6                 0.000       0.000      1.000       0.000       0.000
    S7                 0.000       0.000      1.000       0.000       0.000
    S8                 0.000       0.000      1.000       0.000       0.000
    S9                 0.000       0.000      1.000       0.000       0.000
    S10                0.000       0.000      1.000       0.000       0.000
    T                  0.000       0.000      1.000       0.000       0.000

 S5       WITH
    S6                 0.000       0.000      1.000       0.000       0.000
    S7                 0.000       0.000      1.000       0.000       0.000
    S8                 0.000       0.000      1.000       0.000       0.000
    S9                 0.000       0.000      1.000       0.000       0.000
    S10                0.000       0.000      1.000       0.000       0.000
    T                  0.000       0.000      1.000       0.000       0.000

 S6       WITH
    S7                 0.000       0.000      1.000       0.000       0.000
    S8                 0.000       0.000      1.000       0.000       0.000
    S9                 0.000       0.000      1.000       0.000       0.000
    S10                0.000       0.000      1.000       0.000       0.000
    T                  0.000       0.000      1.000       0.000       0.000

 S7       WITH
    S8                 0.000       0.000      1.000       0.000       0.000
    S9                 0.000       0.000      1.000       0.000       0.000
    S10                0.000       0.000      1.000       0.000       0.000
    T                  0.000       0.000      1.000       0.000       0.000

 S8       WITH
    S9                 0.000       0.000      1.000       0.000       0.000
    S10                0.000       0.000      1.000       0.000       0.000
    T                  0.000       0.000      1.000       0.000       0.000

 S9       WITH
    S10                0.000       0.000      1.000       0.000       0.000
    T                  0.000       0.000      1.000       0.000       0.000

 S10      WITH
    T                  0.000       0.000      1.000       0.000       0.000

 Means
    T                  0.000       0.000      1.000       0.000       0.000
    S1                 0.000       0.000      1.000       0.000       0.000
    S2                 0.000       0.000      1.000       0.000       0.000
    S3                 0.000       0.000      1.000       0.000       0.000
    S4                 0.000       0.000      1.000       0.000       0.000
    S5                 0.000       0.000      1.000       0.000       0.000
    S6                 0.000       0.000      1.000       0.000       0.000
    S7                 0.000       0.000      1.000       0.000       0.000
    S8                 0.000       0.000      1.000       0.000       0.000
    S9                 0.000       0.000      1.000       0.000       0.000
    S10                0.000       0.000      1.000       0.000       0.000

 Thresholds
    P11$1             -1.292       0.168      0.000      -1.624      -0.964      *
    P11$2             -0.598       0.126      0.000      -0.841      -0.343      *
    P11$3             -0.098       0.114      0.194      -0.316       0.136
    P11$4              0.510       0.121      0.000       0.286       0.761      *
    P21$1             -1.292       0.168      0.000      -1.624      -0.964      *
    P21$2             -0.598       0.126      0.000      -0.841      -0.343      *
    P21$3             -0.098       0.114      0.194      -0.316       0.136
    P21$4              0.510       0.121      0.000       0.286       0.761      *
    P12$1             -1.365       0.175      0.000      -1.708      -1.023      *
    P12$2             -0.632       0.134      0.000      -0.885      -0.361      *
    P12$3             -0.104       0.121      0.194      -0.334       0.145
    P12$4              0.541       0.125      0.000       0.302       0.798      *
    P22$1             -1.365       0.175      0.000      -1.708      -1.023      *
    P22$2             -0.632       0.134      0.000      -0.885      -0.361      *
    P22$3             -0.104       0.121      0.194      -0.334       0.145
    P22$4              0.541       0.125      0.000       0.302       0.798      *
    P13$1             -1.279       0.170      0.000      -1.615      -0.946      *
    P13$2             -0.591       0.127      0.000      -0.837      -0.335      *
    P13$3             -0.097       0.113      0.194      -0.313       0.135
    P13$4              0.506       0.118      0.000       0.283       0.752      *
    P23$1             -0.504       0.188      0.003      -0.880      -0.143      *
    P23$2              0.071       0.179      0.346      -0.284       0.424
    P23$3              0.611       0.188      0.000       0.252       0.991      *
    P14$1             -1.306       0.182      0.000      -1.665      -0.947      *
    P14$2             -0.604       0.133      0.000      -0.864      -0.338      *
    P14$3             -0.099       0.116      0.194      -0.322       0.137
    P14$4              0.515       0.121      0.000       0.289       0.770      *
    P24$1             -1.306       0.182      0.000      -1.665      -0.947      *
    P24$2             -0.604       0.133      0.000      -0.864      -0.338      *
    P24$3             -0.099       0.116      0.194      -0.322       0.137
    P24$4              0.515       0.121      0.000       0.289       0.770      *
    P15$1             -1.413       0.181      0.000      -1.763      -1.052      *
    P15$2             -0.654       0.138      0.000      -0.917      -0.371      *
    P15$3             -0.107       0.124      0.194      -0.345       0.148
    P15$4              0.559       0.129      0.000       0.314       0.819      *
    P25$1             -1.413       0.181      0.000      -1.763      -1.052      *
    P25$2             -0.654       0.138      0.000      -0.917      -0.371      *
    P25$3             -0.107       0.124      0.194      -0.345       0.148
    P25$4              0.559       0.129      0.000       0.314       0.819      *
    P16$1             -1.325       0.174      0.000      -1.665      -0.981      *
    P16$2             -0.613       0.131      0.000      -0.863      -0.348      *
    P16$3             -0.100       0.117      0.194      -0.325       0.140
    P16$4              0.524       0.122      0.000       0.292       0.776      *
    P26$1             -1.325       0.174      0.000      -1.665      -0.981      *
    P26$2             -0.613       0.131      0.000      -0.863      -0.348      *
    P26$3             -0.100       0.117      0.194      -0.325       0.140
    P26$4              0.524       0.122      0.000       0.292       0.776      *
    P17$1             -1.379       0.184      0.000      -1.737      -1.011      *
    P17$2             -0.637       0.138      0.000      -0.899      -0.358      *
    P17$3             -0.104       0.122      0.194      -0.338       0.144
    P17$4              0.546       0.126      0.000       0.306       0.803      *
    P27$1             -1.379       0.184      0.000      -1.737      -1.011      *
    P27$2             -0.637       0.138      0.000      -0.899      -0.358      *
    P27$3             -0.104       0.122      0.194      -0.338       0.144
    P27$4              0.546       0.126      0.000       0.306       0.803      *
    P18$1             -0.725       0.229      0.001      -1.187      -0.295      *
    P18$2              0.170       0.194      0.191      -0.211       0.551
    P18$3              0.810       0.210      0.000       0.411       1.231      *
    P28$1             -1.335       0.183      0.000      -1.689      -0.977      *
    P28$2             -0.617       0.134      0.000      -0.875      -0.348      *
    P28$3             -0.101       0.118      0.194      -0.327       0.141
    P28$4              0.527       0.125      0.000       0.294       0.785      *
    P19$1             -1.452       0.184      0.000      -1.803      -1.082      *
    P19$2             -0.672       0.142      0.000      -0.940      -0.380      *
    P19$3             -0.110       0.128      0.194      -0.355       0.152
    P19$4              0.574       0.131      0.000       0.322       0.842      *
    P29$1             -1.452       0.184      0.000      -1.803      -1.082      *
    P29$2             -0.672       0.142      0.000      -0.940      -0.380      *
    P29$3             -0.110       0.128      0.194      -0.355       0.152
    P29$4              0.574       0.131      0.000       0.322       0.842      *
    P110$1            -1.604       0.368      0.000      -2.411      -0.968      *
    P110$2            -0.687       0.245      0.001      -1.198      -0.237      *
    P110$3             0.451       0.195      0.008       0.084       0.845      *
    P210$1            -1.161       0.189      0.000      -1.535      -0.802      *
    P210$2            -0.535       0.127      0.000      -0.789      -0.293      *
    P210$3            -0.087       0.104      0.194      -0.289       0.123
    P210$4             0.457       0.116      0.000       0.247       0.703      *

 Variances
    T                  1.000       0.000      0.000       1.000       1.000
    S1                 1.000       0.000      0.000       1.000       1.000
    S2                 1.000       0.000      0.000       1.000       1.000
    S3                 1.000       0.000      0.000       1.000       1.000
    S4                 1.000       0.000      0.000       1.000       1.000
    S5                 1.000       0.000      0.000       1.000       1.000
    S6                 1.000       0.000      0.000       1.000       1.000
    S7                 1.000       0.000      0.000       1.000       1.000
    S8                 1.000       0.000      0.000       1.000       1.000
    S9                 1.000       0.000      0.000       1.000       1.000
    S10                1.000       0.000      0.000       1.000       1.000


R-SQUARE

                                Posterior  One-Tailed         95% C.I.
    Variable        Estimate       S.D.      P-Value   Lower 2.5%  Upper 2.5%

    P11                0.760       0.048      0.000       0.653       0.840
    P21                0.760       0.048      0.000       0.653       0.840
    P12                0.732       0.051      0.000       0.620       0.819
    P22                0.732       0.051      0.000       0.620       0.819
    P13                0.765       0.047      0.000       0.659       0.844
    P23                0.765       0.047      0.000       0.659       0.844
    P14                0.755       0.053      0.000       0.638       0.845
    P24                0.755       0.053      0.000       0.638       0.845
    P15                0.713       0.052      0.000       0.600       0.805
    P25                0.713       0.052      0.000       0.600       0.805
    P16                0.748       0.050      0.000       0.636       0.832
    P26                0.748       0.050      0.000       0.636       0.832
    P17                0.726       0.054      0.000       0.610       0.821
    P27                0.726       0.054      0.000       0.610       0.821
    P18                0.743       0.053      0.000       0.628       0.836
    P28                0.743       0.053      0.000       0.628       0.836
    P19                0.697       0.053      0.000       0.585       0.792
    P29                0.697       0.053      0.000       0.585       0.792
    P110               0.805       0.053      0.000       0.689       0.894
    P210               0.805       0.053      0.000       0.689       0.894


TECHNICAL 1 OUTPUT


     PARAMETER SPECIFICATION


           TAU
              P11$1         P11$2         P11$3         P11$4         P21$1
              ________      ________      ________      ________      ________
                   12            13            14            15            12


           TAU
              P21$2         P21$3         P21$4         P12$1         P12$2
              ________      ________      ________      ________      ________
                   13            14            15            12            13


           TAU
              P12$3         P12$4         P22$1         P22$2         P22$3
              ________      ________      ________      ________      ________
                   14            15            12            13            14


           TAU
              P22$4         P13$1         P13$2         P13$3         P13$4
              ________      ________      ________      ________      ________
                   15            12            13            14            15


           TAU
              P23$1         P23$2         P23$3         P14$1         P14$2
              ________      ________      ________      ________      ________
                   16            17            18            12            13


           TAU
              P14$3         P14$4         P24$1         P24$2         P24$3
              ________      ________      ________      ________      ________
                   14            15            12            13            14


           TAU
              P24$4         P15$1         P15$2         P15$3         P15$4
              ________      ________      ________      ________      ________
                   15            12            13            14            15


           TAU
              P25$1         P25$2         P25$3         P25$4         P16$1
              ________      ________      ________      ________      ________
                   12            13            14            15            12


           TAU
              P16$2         P16$3         P16$4         P26$1         P26$2
              ________      ________      ________      ________      ________
                   13            14            15            12            13


           TAU
              P26$3         P26$4         P17$1         P17$2         P17$3
              ________      ________      ________      ________      ________
                   14            15            12            13            14


           TAU
              P17$4         P27$1         P27$2         P27$3         P27$4
              ________      ________      ________      ________      ________
                   15            12            13            14            15


           TAU
              P18$1         P18$2         P18$3         P28$1         P28$2
              ________      ________      ________      ________      ________
                   19            20            21            12            13


           TAU
              P28$3         P28$4         P19$1         P19$2         P19$3
              ________      ________      ________      ________      ________
                   14            15            12            13            14


           TAU
              P19$4         P29$1         P29$2         P29$3         P29$4
              ________      ________      ________      ________      ________
                   15            12            13            14            15


           TAU
              P110$1        P110$2        P110$3        P210$1        P210$2
              ________      ________      ________      ________      ________
                   22            23            24            12            13


           TAU
              P210$3        P210$4
              ________      ________
                   14            15


           NU
              P11           P21           P12           P22           P13
              ________      ________      ________      ________      ________
                    0             0             0             0             0


           NU
              P23           P14           P24           P15           P25
              ________      ________      ________      ________      ________
                    0             0             0             0             0


           NU
              P16           P26           P17           P27           P18
              ________      ________      ________      ________      ________
                    0             0             0             0             0


           NU
              P28           P19           P29           P110          P210
              ________      ________      ________      ________      ________
                    0             0             0             0             0


           LAMBDA
              T             S1            S2            S3            S4
              ________      ________      ________      ________      ________
 P11                0             0             0             0             0
 P21                0             0             0             0             0
 P12                0             0             0             0             0
 P22                0             0             0             0             0
 P13                0             0             0             0             0
 P23                0             0             0             0             0
 P14                0             0             0             0             0
 P24                0             0             0             0             0
 P15                0             0             0             0             0
 P25                0             0             0             0             0
 P16                0             0             0             0             0
 P26                0             0             0             0             0
 P17                0             0             0             0             0
 P27                0             0             0             0             0
 P18                0             0             0             0             0
 P28                0             0             0             0             0
 P19                0             0             0             0             0
 P29                0             0             0             0             0
 P110               0             0             0             0             0
 P210               0             0             0             0             0


           LAMBDA
              S5            S6            S7            S8            S9
              ________      ________      ________      ________      ________
 P11                0             0             0             0             0
 P21                0             0             0             0             0
 P12                0             0             0             0             0
 P22                0             0             0             0             0
 P13                0             0             0             0             0
 P23                0             0             0             0             0
 P14                0             0             0             0             0
 P24                0             0             0             0             0
 P15                0             0             0             0             0
 P25                0             0             0             0             0
 P16                0             0             0             0             0
 P26                0             0             0             0             0
 P17                0             0             0             0             0
 P27                0             0             0             0             0
 P18                0             0             0             0             0
 P28                0             0             0             0             0
 P19                0             0             0             0             0
 P29                0             0             0             0             0
 P110               0             0             0             0             0
 P210               0             0             0             0             0


           LAMBDA
              S10
              ________
 P11                0
 P21                0
 P12                0
 P22                0
 P13                0
 P23                0
 P14                0
 P24                0
 P15                0
 P25                0
 P16                0
 P26                0
 P17                0
 P27                0
 P18                0
 P28                0
 P19                0
 P29                0
 P110               0
 P210               0


           THETA
              P11           P21           P12           P22           P13
              ________      ________      ________      ________      ________
 P11                0
 P21                0             0
 P12                0             0             0
 P22                0             0             0             0
 P13                0             0             0             0             0
 P23                0             0             0             0             0
 P14                0             0             0             0             0
 P24                0             0             0             0             0
 P15                0             0             0             0             0
 P25                0             0             0             0             0
 P16                0             0             0             0             0
 P26                0             0             0             0             0
 P17                0             0             0             0             0
 P27                0             0             0             0             0
 P18                0             0             0             0             0
 P28                0             0             0             0             0
 P19                0             0             0             0             0
 P29                0             0             0             0             0
 P110               0             0             0             0             0
 P210               0             0             0             0             0


           THETA
              P23           P14           P24           P15           P25
              ________      ________      ________      ________      ________
 P23                0
 P14                0             0
 P24                0             0             0
 P15                0             0             0             0
 P25                0             0             0             0             0
 P16                0             0             0             0             0
 P26                0             0             0             0             0
 P17                0             0             0             0             0
 P27                0             0             0             0             0
 P18                0             0             0             0             0
 P28                0             0             0             0             0
 P19                0             0             0             0             0
 P29                0             0             0             0             0
 P110               0             0             0             0             0
 P210               0             0             0             0             0


           THETA
              P16           P26           P17           P27           P18
              ________      ________      ________      ________      ________
 P16                0
 P26                0             0
 P17                0             0             0
 P27                0             0             0             0
 P18                0             0             0             0             0
 P28                0             0             0             0             0
 P19                0             0             0             0             0
 P29                0             0             0             0             0
 P110               0             0             0             0             0
 P210               0             0             0             0             0


           THETA
              P28           P19           P29           P110          P210
              ________      ________      ________      ________      ________
 P28                0
 P19                0             0
 P29                0             0             0
 P110               0             0             0             0
 P210               0             0             0             0             0


           ALPHA
              T             S1            S2            S3            S4
              ________      ________      ________      ________      ________
                    0             0             0             0             0


           ALPHA
              S5            S6            S7            S8            S9
              ________      ________      ________      ________      ________
                    0             0             0             0             0


           ALPHA
              S10
              ________
                    0


           BETA
              T             S1            S2            S3            S4
              ________      ________      ________      ________      ________
 T                  0             0             0             0             0
 S1                 0             0             0             0             0
 S2                 0             0             0             0             0
 S3                 0             0             0             0             0
 S4                 0             0             0             0             0
 S5                 0             0             0             0             0
 S6                 0             0             0             0             0
 S7                 0             0             0             0             0
 S8                 0             0             0             0             0
 S9                 0             0             0             0             0
 S10                0             0             0             0             0


           BETA
              S5            S6            S7            S8            S9
              ________      ________      ________      ________      ________
 T                  0             0             0             0             0
 S1                 0             0             0             0             0
 S2                 0             0             0             0             0
 S3                 0             0             0             0             0
 S4                 0             0             0             0             0
 S5                 0             0             0             0             0
 S6                 0             0             0             0             0
 S7                 0             0             0             0             0
 S8                 0             0             0             0             0
 S9                 0             0             0             0             0
 S10                0             0             0             0             0


           BETA
              S10
              ________
 T                  0
 S1                 0
 S2                 0
 S3                 0
 S4                 0
 S5                 0
 S6                 0
 S7                 0
 S8                 0
 S9                 0
 S10                0


           PSI
              T             S1            S2            S3            S4
              ________      ________      ________      ________      ________
 T                  1
 S1                 0             2
 S2                 0             0             3
 S3                 0             0             0             4
 S4                 0             0             0             0             5
 S5                 0             0             0             0             0
 S6                 0             0             0             0             0
 S7                 0             0             0             0             0
 S8                 0             0             0             0             0
 S9                 0             0             0             0             0
 S10                0             0             0             0             0


           PSI
              S5            S6            S7            S8            S9
              ________      ________      ________      ________      ________
 S5                 6
 S6                 0             7
 S7                 0             0             8
 S8                 0             0             0             9
 S9                 0             0             0             0            10
 S10                0             0             0             0             0


           PSI
              S10
              ________
 S10               11


     STARTING VALUES


           TAU
              P11$1         P11$2         P11$3         P11$4         P21$1
              ________      ________      ________      ________      ________
               -1.000        -0.500         0.200         1.500        -1.581


           TAU
              P21$2         P21$3         P21$4         P12$1         P12$2
              ________      ________      ________      ________      ________
               -0.629        -0.191         0.318        -1.581        -0.629


           TAU
              P12$3         P12$4         P22$1         P22$2         P22$3
              ________      ________      ________      ________      ________
               -0.191         0.318        -1.581        -0.629        -0.191


           TAU
              P22$4         P13$1         P13$2         P13$3         P13$4
              ________      ________      ________      ________      ________
                0.318        -1.581        -0.629        -0.191         0.318


           TAU
              P23$1         P23$2         P23$3         P14$1         P14$2
              ________      ________      ________      ________      ________
               -0.499         0.000         0.430        -1.581        -0.629


           TAU
              P14$3         P14$4         P24$1         P24$2         P24$3
              ________      ________      ________      ________      ________
               -0.191         0.318        -1.581        -0.629        -0.191


           TAU
              P24$4         P15$1         P15$2         P15$3         P15$4
              ________      ________      ________      ________      ________
                0.318        -1.581        -0.629        -0.191         0.318


           TAU
              P25$1         P25$2         P25$3         P25$4         P16$1
              ________      ________      ________      ________      ________
               -1.581        -0.629        -0.191         0.318        -1.581


           TAU
              P16$2         P16$3         P16$4         P26$1         P26$2
              ________      ________      ________      ________      ________
               -0.629        -0.191         0.318        -1.581        -0.629


           TAU
              P26$3         P26$4         P17$1         P17$2         P17$3
              ________      ________      ________      ________      ________
               -0.191         0.318        -1.581        -0.629        -0.191


           TAU
              P17$4         P27$1         P27$2         P27$3         P27$4
              ________      ________      ________      ________      ________
                0.318        -1.581        -0.629        -0.191         0.318


           TAU
              P18$1         P18$2         P18$3         P28$1         P28$2
              ________      ________      ________      ________      ________
               -0.685         0.036         0.587        -1.581        -0.629


           TAU
              P28$3         P28$4         P19$1         P19$2         P19$3
              ________      ________      ________      ________      ________
               -0.191         0.318        -1.581        -0.629        -0.191


           TAU
              P19$4         P29$1         P29$2         P29$3         P29$4
              ________      ________      ________      ________      ________
                0.318        -1.581        -0.629        -0.191         0.318


           TAU
              P110$1        P110$2        P110$3        P210$1        P210$2
              ________      ________      ________      ________      ________
               -1.788        -0.797         0.172        -1.581        -0.629


           TAU
              P210$3        P210$4
              ________      ________
               -0.191         0.318


           NU
              P11           P21           P12           P22           P13
              ________      ________      ________      ________      ________
                0.000         0.000         0.000         0.000         0.000


           NU
              P23           P14           P24           P15           P25
              ________      ________      ________      ________      ________
                0.000         0.000         0.000         0.000         0.000


           NU
              P16           P26           P17           P27           P18
              ________      ________      ________      ________      ________
                0.000         0.000         0.000         0.000         0.000


           NU
              P28           P19           P29           P110          P210
              ________      ________      ________      ________      ________
                0.000         0.000         0.000         0.000         0.000


           LAMBDA
              T             S1            S2            S3            S4
              ________      ________      ________      ________      ________
 P11            1.000         1.000         0.000         0.000         0.000
 P21            1.000         1.000         0.000         0.000         0.000
 P12            1.000         0.000         1.000         0.000         0.000
 P22            1.000         0.000         1.000         0.000         0.000
 P13            1.000         0.000         0.000         1.000         0.000
 P23            1.000         0.000         0.000         1.000         0.000
 P14            1.000         0.000         0.000         0.000         1.000
 P24            1.000         0.000         0.000         0.000         1.000
 P15            1.000         0.000         0.000         0.000         0.000
 P25            1.000         0.000         0.000         0.000         0.000
 P16            1.000         0.000         0.000         0.000         0.000
 P26            1.000         0.000         0.000         0.000         0.000
 P17            1.000         0.000         0.000         0.000         0.000
 P27            1.000         0.000         0.000         0.000         0.000
 P18            1.000         0.000         0.000         0.000         0.000
 P28            1.000         0.000         0.000         0.000         0.000
 P19            1.000         0.000         0.000         0.000         0.000
 P29            1.000         0.000         0.000         0.000         0.000
 P110           1.000         0.000         0.000         0.000         0.000
 P210           1.000         0.000         0.000         0.000         0.000


           LAMBDA
              S5            S6            S7            S8            S9
              ________      ________      ________      ________      ________
 P11            0.000         0.000         0.000         0.000         0.000
 P21            0.000         0.000         0.000         0.000         0.000
 P12            0.000         0.000         0.000         0.000         0.000
 P22            0.000         0.000         0.000         0.000         0.000
 P13            0.000         0.000         0.000         0.000         0.000
 P23            0.000         0.000         0.000         0.000         0.000
 P14            0.000         0.000         0.000         0.000         0.000
 P24            0.000         0.000         0.000         0.000         0.000
 P15            1.000         0.000         0.000         0.000         0.000
 P25            1.000         0.000         0.000         0.000         0.000
 P16            0.000         1.000         0.000         0.000         0.000
 P26            0.000         1.000         0.000         0.000         0.000
 P17            0.000         0.000         1.000         0.000         0.000
 P27            0.000         0.000         1.000         0.000         0.000
 P18            0.000         0.000         0.000         1.000         0.000
 P28            0.000         0.000         0.000         1.000         0.000
 P19            0.000         0.000         0.000         0.000         1.000
 P29            0.000         0.000         0.000         0.000         1.000
 P110           0.000         0.000         0.000         0.000         0.000
 P210           0.000         0.000         0.000         0.000         0.000


           LAMBDA
              S10
              ________
 P11            0.000
 P21            0.000
 P12            0.000
 P22            0.000
 P13            0.000
 P23            0.000
 P14            0.000
 P24            0.000
 P15            0.000
 P25            0.000
 P16            0.000
 P26            0.000
 P17            0.000
 P27            0.000
 P18            0.000
 P28            0.000
 P19            0.000
 P29            0.000
 P110           1.000
 P210           1.000


           THETA
              P11           P21           P12           P22           P13
              ________      ________      ________      ________      ________
 P11            1.000
 P21            0.000         1.000
 P12            0.000         0.000         1.000
 P22            0.000         0.000         0.000         1.000
 P13            0.000         0.000         0.000         0.000         1.000
 P23            0.000         0.000         0.000         0.000         0.000
 P14            0.000         0.000         0.000         0.000         0.000
 P24            0.000         0.000         0.000         0.000         0.000
 P15            0.000         0.000         0.000         0.000         0.000
 P25            0.000         0.000         0.000         0.000         0.000
 P16            0.000         0.000         0.000         0.000         0.000
 P26            0.000         0.000         0.000         0.000         0.000
 P17            0.000         0.000         0.000         0.000         0.000
 P27            0.000         0.000         0.000         0.000         0.000
 P18            0.000         0.000         0.000         0.000         0.000
 P28            0.000         0.000         0.000         0.000         0.000
 P19            0.000         0.000         0.000         0.000         0.000
 P29            0.000         0.000         0.000         0.000         0.000
 P110           0.000         0.000         0.000         0.000         0.000
 P210           0.000         0.000         0.000         0.000         0.000


           THETA
              P23           P14           P24           P15           P25
              ________      ________      ________      ________      ________
 P23            1.000
 P14            0.000         1.000
 P24            0.000         0.000         1.000
 P15            0.000         0.000         0.000         1.000
 P25            0.000         0.000         0.000         0.000         1.000
 P16            0.000         0.000         0.000         0.000         0.000
 P26            0.000         0.000         0.000         0.000         0.000
 P17            0.000         0.000         0.000         0.000         0.000
 P27            0.000         0.000         0.000         0.000         0.000
 P18            0.000         0.000         0.000         0.000         0.000
 P28            0.000         0.000         0.000         0.000         0.000
 P19            0.000         0.000         0.000         0.000         0.000
 P29            0.000         0.000         0.000         0.000         0.000
 P110           0.000         0.000         0.000         0.000         0.000
 P210           0.000         0.000         0.000         0.000         0.000


           THETA
              P16           P26           P17           P27           P18
              ________      ________      ________      ________      ________
 P16            1.000
 P26            0.000         1.000
 P17            0.000         0.000         1.000
 P27            0.000         0.000         0.000         1.000
 P18            0.000         0.000         0.000         0.000         1.000
 P28            0.000         0.000         0.000         0.000         0.000
 P19            0.000         0.000         0.000         0.000         0.000
 P29            0.000         0.000         0.000         0.000         0.000
 P110           0.000         0.000         0.000         0.000         0.000
 P210           0.000         0.000         0.000         0.000         0.000


           THETA
              P28           P19           P29           P110          P210
              ________      ________      ________      ________      ________
 P28            1.000
 P19            0.000         1.000
 P29            0.000         0.000         1.000
 P110           0.000         0.000         0.000         1.000
 P210           0.000         0.000         0.000         0.000         1.000


           ALPHA
              T             S1            S2            S3            S4
              ________      ________      ________      ________      ________
                0.000         0.000         0.000         0.000         0.000


           ALPHA
              S5            S6            S7            S8            S9
              ________      ________      ________      ________      ________
                0.000         0.000         0.000         0.000         0.000


           ALPHA
              S10
              ________
                0.000


           BETA
              T             S1            S2            S3            S4
              ________      ________      ________      ________      ________
 T              0.000         0.000         0.000         0.000         0.000
 S1             0.000         0.000         0.000         0.000         0.000
 S2             0.000         0.000         0.000         0.000         0.000
 S3             0.000         0.000         0.000         0.000         0.000
 S4             0.000         0.000         0.000         0.000         0.000
 S5             0.000         0.000         0.000         0.000         0.000
 S6             0.000         0.000         0.000         0.000         0.000
 S7             0.000         0.000         0.000         0.000         0.000
 S8             0.000         0.000         0.000         0.000         0.000
 S9             0.000         0.000         0.000         0.000         0.000
 S10            0.000         0.000         0.000         0.000         0.000


           BETA
              S5            S6            S7            S8            S9
              ________      ________      ________      ________      ________
 T              0.000         0.000         0.000         0.000         0.000
 S1             0.000         0.000         0.000         0.000         0.000
 S2             0.000         0.000         0.000         0.000         0.000
 S3             0.000         0.000         0.000         0.000         0.000
 S4             0.000         0.000         0.000         0.000         0.000
 S5             0.000         0.000         0.000         0.000         0.000
 S6             0.000         0.000         0.000         0.000         0.000
 S7             0.000         0.000         0.000         0.000         0.000
 S8             0.000         0.000         0.000         0.000         0.000
 S9             0.000         0.000         0.000         0.000         0.000
 S10            0.000         0.000         0.000         0.000         0.000


           BETA
              S10
              ________
 T              0.000
 S1             0.000
 S2             0.000
 S3             0.000
 S4             0.000
 S5             0.000
 S6             0.000
 S7             0.000
 S8             0.000
 S9             0.000
 S10            0.000


           PSI
              T             S1            S2            S3            S4
              ________      ________      ________      ________      ________
 T              1.000
 S1             0.000         1.000
 S2             0.000         0.000         1.000
 S3             0.000         0.000         0.000         1.000
 S4             0.000         0.000         0.000         0.000         1.000
 S5             0.000         0.000         0.000         0.000         0.000
 S6             0.000         0.000         0.000         0.000         0.000
 S7             0.000         0.000         0.000         0.000         0.000
 S8             0.000         0.000         0.000         0.000         0.000
 S9             0.000         0.000         0.000         0.000         0.000
 S10            0.000         0.000         0.000         0.000         0.000


           PSI
              S5            S6            S7            S8            S9
              ________      ________      ________      ________      ________
 S5             1.000
 S6             0.000         1.000
 S7             0.000         0.000         1.000
 S8             0.000         0.000         0.000         1.000
 S9             0.000         0.000         0.000         0.000         1.000
 S10            0.000         0.000         0.000         0.000         0.000


           PSI
              S10
              ________
 S10            1.000



     PRIORS FOR ALL PARAMETERS            PRIOR MEAN      PRIOR VARIANCE     PRIOR STD. DEV.

     Parameter 1~IG(-1.000,0.000)          infinity            infinity            infinity
     Parameter 2~IG(-1.000,0.000)          infinity            infinity            infinity
     Parameter 3~IG(-1.000,0.000)          infinity            infinity            infinity
     Parameter 4~IG(-1.000,0.000)          infinity            infinity            infinity
     Parameter 5~IG(-1.000,0.000)          infinity            infinity            infinity
     Parameter 6~IG(-1.000,0.000)          infinity            infinity            infinity
     Parameter 7~IG(-1.000,0.000)          infinity            infinity            infinity
     Parameter 8~IG(-1.000,0.000)          infinity            infinity            infinity
     Parameter 9~IG(-1.000,0.000)          infinity            infinity            infinity
     Parameter 10~IG(-1.000,0.000)         infinity            infinity            infinity
     Parameter 11~IG(-1.000,0.000)         infinity            infinity            infinity
     Parameter 12~N(0.000,5.000)             0.0000              5.0000              2.2361
     Parameter 13~N(0.000,5.000)             0.0000              5.0000              2.2361
     Parameter 14~N(0.000,5.000)             0.0000              5.0000              2.2361
     Parameter 15~N(0.000,5.000)             0.0000              5.0000              2.2361
     Parameter 16~N(0.000,5.000)             0.0000              5.0000              2.2361
     Parameter 17~N(0.000,5.000)             0.0000              5.0000              2.2361
     Parameter 18~N(0.000,5.000)             0.0000              5.0000              2.2361
     Parameter 19~N(0.000,5.000)             0.0000              5.0000              2.2361
     Parameter 20~N(0.000,5.000)             0.0000              5.0000              2.2361
     Parameter 21~N(0.000,5.000)             0.0000              5.0000              2.2361
     Parameter 22~N(0.000,5.000)             0.0000              5.0000              2.2361
     Parameter 23~N(0.000,5.000)             0.0000              5.0000              2.2361
     Parameter 24~N(0.000,5.000)             0.0000              5.0000              2.2361


TECHNICAL 8 OUTPUT


   TECHNICAL 8 OUTPUT FOR BAYES ESTIMATION

     CHAIN    BSEED
     1        0
     2        285380

                     POTENTIAL       PARAMETER WITH
     ITERATION    SCALE REDUCTION      HIGHEST PSR
     100              1.111               10
     200              1.153               13
     300              1.111               11
     400              1.173               12
     500              1.044               3
     600              1.051               15
     700              1.140               15
     800              1.327               15
     900              1.275               15
     1000             1.097               15
     1100             1.042               12
     1200             1.019               12
     1300             1.028               12
     1400             1.031               12
     1500             1.013               11
     1600             1.005               12
     1700             1.003               6
     1800             1.005               6
     1900             1.009               14
     2000             1.020               14
     2100             1.017               14
     2200             1.031               13
     2300             1.014               14
     2400             1.003               15
     2500             1.004               10
     2600             1.006               10
     2700             1.007               13
     2800             1.005               12
     2900             1.005               22
     3000             1.006               22
     3100             1.005               23
     3200             1.006               23
     3300             1.011               23
     3400             1.013               23
     3500             1.013               23
     3600             1.012               15
     3700             1.005               15
     3800             1.001               23
     3900             1.001               23
     4000             1.002               23
     4100             1.002               23
     4200             1.003               8
     4300             1.004               17
     4400             1.005               17
     4500             1.004               17
     4600             1.004               8
     4700             1.004               8
     4800             1.003               8
     4900             1.003               14
     5000             1.003               8
     5100             1.002               6
     5200             1.003               14
     5300             1.006               14
     5400             1.006               14
     5500             1.006               14
     5600             1.002               14
     5700             1.001               8
     5800             1.001               8
     5900             1.001               8
     6000             1.002               8
     6100             1.001               8
     6200             1.001               14
     6300             1.002               12
     6400             1.002               14
     6500             1.005               13
     6600             1.005               13
     6700             1.005               13
     6800             1.005               13
     6900             1.009               13
     7000             1.010               13
     7100             1.008               13
     7200             1.007               13
     7300             1.005               13
     7400             1.003               13
     7500             1.002               8
     7600             1.001               8
     7700             1.002               8
     7800             1.002               13
     7900             1.003               13
     8000             1.006               13
     8100             1.005               13
     8200             1.004               13
     8300             1.005               13
     8400             1.004               18
     8500             1.005               13
     8600             1.009               13
     8700             1.009               13
     8800             1.006               14
     8900             1.006               13
     9000             1.007               14
     9100             1.006               14
     9200             1.003               18
     9300             1.002               18
     9400             1.001               10
     9500             1.001               9
     9600             1.001               10
     9700             1.001               9
     9800             1.001               9
     9900             1.002               9
     10000            1.002               9
     10100            1.001               10
     10200            1.001               10
     10300            1.003               15
     10400            1.004               15
     10500            1.003               15
     10600            1.004               15
     10700            1.002               15
     10800            1.001               15
     10900            1.001               15
     11000            1.002               15
     11100            1.002               15
     11200            1.001               10
     11300            1.001               10
     11400            1.001               15
     11500            1.001               15
     11600            1.001               9
     11700            1.002               15
     11800            1.001               15
     11900            1.001               15
     12000            1.001               10
     12100            1.001               15
     12200            1.002               15
     12300            1.004               14
     12400            1.005               14
     12500            1.005               14
     12600            1.005               14
     12700            1.003               14
     12800            1.002               15
     12900            1.003               15
     13000            1.004               15
     13100            1.003               15
     13200            1.003               14
     13300            1.002               14
     13400            1.003               15
     13500            1.003               14
     13600            1.003               15
     13700            1.004               15
     13800            1.006               14
     13900            1.005               14
     14000            1.003               13
     14100            1.003               14
     14200            1.004               15
     14300            1.003               15
     14400            1.002               15
     14500            1.002               15
     14600            1.001               15
     14700            1.001               15
     14800            1.001               10
     14900            1.001               10
     15000            1.001               5
     15100            1.001               5
     15200            1.001               5
     15300            1.001               5
     15400            1.001               5
     15500            1.001               5
     15600            1.001               5
     15700            1.001               5
     15800            1.001               5
     15900            1.001               5
     16000            1.001               5
     16100            1.001               5
     16200            1.001               5
     16300            1.001               5
     16400            1.001               5
     16500            1.001               5
     16600            1.001               5
     16700            1.001               5
     16800            1.001               5
     16900            1.001               5
     17000            1.001               5
     17100            1.001               2
     17200            1.001               2
     17300            1.001               2
     17400            1.001               2
     17500            1.001               2
     17600            1.001               5
     17700            1.001               2
     17800            1.001               2
     17900            1.001               2
     18000            1.001               5
     18100            1.001               5
     18200            1.001               22
     18300            1.001               15
     18400            1.001               12
     18500            1.001               12
     18600            1.002               12
     18700            1.002               15
     18800            1.002               15
     18900            1.002               15
     19000            1.003               15
     19100            1.002               15
     19200            1.002               15
     19300            1.003               15
     19400            1.003               15
     19500            1.002               15
     19600            1.001               15
     19700            1.002               15
     19800            1.003               15
     19900            1.003               15
     20000            1.002               15


PLOT INFORMATION

The following plots are available:

  Sample proportions and estimated probabilities
  Bayesian posterior parameter distributions
  Bayesian posterior parameter trace plots
  Bayesian autocorrelation plots
  Bayesian prior parameter distributions
  Bayesian posterior predictive checking scatterplots
  Bayesian posterior predictive checking distribution plots

     Beginning Time:  13:15:26
        Ending Time:  13:17:18
       Elapsed Time:  00:01:52



MUTHEN & MUTHEN
3463 Stoner Ave.
Los Angeles, CA  90066

Tel: (310) 391-9971
Fax: (310) 391-8971
Web: www.StatModel.com
Support: Support@StatModel.com

Copyright (c) 1998-2023 Muthen & Muthen
