Mplus VERSION 8.11 (Mac)
MUTHEN & MUTHEN
05/05/2025   2:41 PM

INPUT INSTRUCTIONS

  DATA:

  File is laac2_wide.dat;

  VARIABLE:

  NAMES =   subject task
  Y1_1    Y1_10   Y1_2    Y1_3    Y1_4    Y1_5    Y1_6
  Y1_7    Y1_8    Y1_9    Y10_1   Y10_10  Y10_2   Y10_3   Y10_4   Y10_5
  Y10_6   Y10_7   Y10_8   Y10_9   Y11_1   Y11_10  Y11_2   Y11_3   Y11_4
  Y11_5   Y11_6   Y11_7   Y11_8   Y11_9   Y12_1   Y12_10  Y12_2   Y12_3
  Y12_4   Y12_5   Y12_6   Y12_7   Y12_8   Y12_9   Y2_1    Y2_10   Y2_2
  Y2_3    Y2_4    Y2_5    Y2_6    Y2_7    Y2_8    Y2_9    Y3_1    Y3_10
  Y3_2    Y3_3    Y3_4    Y3_5    Y3_6    Y3_7    Y3_8    Y3_9    Y4_1
  Y4_10   Y4_2    Y4_3    Y4_4    Y4_5    Y4_6    Y4_7    Y4_8    Y4_9
  Y5_1    Y5_10   Y5_2    Y5_3    Y5_4    Y5_5    Y5_6    Y5_7    Y5_8
  Y5_9    Y6_1    Y6_10   Y6_2    Y6_3    Y6_4    Y6_5    Y6_6    Y6_7
  Y6_8    Y6_9    Y7_1    Y7_10   Y7_2    Y7_3    Y7_4    Y7_5    Y7_6
  Y7_7    Y7_8    Y7_9    Y8_1    Y8_10   Y8_2    Y8_3    Y8_4    Y8_5
  Y8_6    Y8_7    Y8_8    Y8_9    Y9_1    Y9_10   Y9_2    Y9_3    Y9_4
  Y9_5    Y9_6    Y9_7    Y9_8    Y9_9;


  USEVARIABLES =  P11 P21 P12 P22 P13 P23 P14 P24
  	       P15 P25 P16 P26 P17 P27 P18 P28 P19 P29
  	       P110 P210 ;
  	
  Categ =   P11 P21 P12 P22 P13 P23 P14 P24
  	       P15 P25 P16 P26 P17 P27 P18 P28 P19 P29
  	       P110 P210 ;
  	

  Missing = All(-99);	

  useobservations are (task EQ 4);

  ! "'attention'=1;'communication'=2;'reasoning'=3;'visible_food'=4;
  !'population'=5;'inhibit_searched'=6"

  DEFINE:
  P11 = Y1_1 + Y3_1 + Y5_1 + Y7_1 + Y9_1 + Y11_1;
  P21 =  Y2_1 + Y4_1 + Y6_1 + Y8_1 + Y10_1 + Y12_1;

  P12 =  Y1_2 + Y3_2 + Y5_2 + Y7_2 + Y9_2 + Y11_2;
  P22 =  Y2_2 + Y4_2 + Y6_2 + Y8_2 + Y10_2 + Y12_2;

  P13 =  Y1_3 + Y3_3 + Y5_3 + Y7_3 + Y9_3 + Y11_3;
  P23 =  Y2_3 + Y4_3 + Y6_3 + Y8_3 + Y10_3 + Y12_3;

  P14 =  Y1_4 + Y3_4 + Y5_4 + Y7_4 + Y9_4 + Y11_4;
  P24 =  Y2_4 + Y4_4 + Y6_4 + Y8_4 + Y10_4 + Y12_4;

  P15 =  Y1_5 + Y3_5 + Y5_5 + Y7_5 + Y9_5 + Y11_5;
  P25 =  Y2_5 + Y4_5 + Y6_5 + Y8_5 + Y10_5 + Y12_5;

  P16 =  Y1_6 + Y3_6 + Y5_6 + Y7_6 + Y9_6 + Y11_6;
  P26 =  Y2_6 + Y4_6 + Y6_6 + Y8_6 + Y10_6 + Y12_6;

  P17 =  Y1_7 + Y3_7 + Y5_7 + Y7_7 + Y9_7 + Y11_7;
  P27 =  Y2_7 + Y4_7 + Y6_7 + Y8_7 + Y10_7 + Y12_7;

  P18 =  Y1_8 + Y3_8 + Y5_8 + Y7_8 + Y9_8 + Y11_8;
  P28 =  Y2_8 + Y4_8 + Y6_8 + Y8_8 + Y10_8 + Y12_8;

  P19 =  Y1_9 + Y3_9 + Y5_9 + Y7_9 + Y9_9 + Y11_9;
  P29 =  Y2_9 + Y4_9 + Y6_9 + Y8_9 + Y10_9 + Y12_9;

  P110 =  Y1_10 + Y3_10 + Y5_10 + Y7_10 + Y9_10 + Y11_10;
  P210 =  Y2_10 + Y4_10 + Y6_10 + Y8_10 + Y10_10 + Y12_10;


    IF (P11==0) THEN P11=1;
    IF (P21==0) THEN P21=1;
    IF (P12==0) THEN P12=1;
    IF (P22==0) THEN P22=1;
    IF (P13==0) THEN P13=1;
    IF (P23==0) THEN P23=1;
    IF (P14==0) THEN P14=1;
    IF (P24==0) THEN P24=1;
    IF (P15==0) THEN P15=1;
    IF (P25==0) THEN P25=1;
    IF (P16==0) THEN P16=1;
    IF (P26==0) THEN P26=1;
    IF (P17==0) THEN P17=1;
    IF (P27==0) THEN P27=1;
    IF (P18==0) THEN P18=1;
    IF (P28==0) THEN P28=1;
    IF (P19==0) THEN P19=1;
    IF (P29==0) THEN P29=1;
    IF (P110==0) THEN P110=1;
    IF (P210==0) THEN P210=1;


  ANALYSIS:

  	ESTIMATOR = Bayes;
  	Biter=(20000);
  	Thin=10;
  	Bconvergence = .005;	


  MODEL:


  T by P11@1 P21@1
  	P12@1 P22@1
  	P13@1 P23@1
  	P14@1 P24@1
  	P15@1 P25@1
  	P16@1 P26@1
  	P17@1 P27@1
  	P18@1 P28@1
  	P19@1 P29@1
  	P110@1 P210@1;


  S1 by P11@1 P21@1;
  S2 by P12@1 P22@1;
  S3 by P13@1 P23@1;
  S4 by P14@1 P24@1;
  S5 by P15@1 P25@1;
  S6 by P16@1 P26@1;
  S7 by P17@1 P27@1;
  S8 by P18@1 P28@1;
  S9 by P19@1 P29@1;
  S10 by P110@1 P210@1;

  	
  [S1-S10@0];
  [T@0];

  S1 - S10 (varS);
  T (varT);

  S1-S10 with S1-S10@0;
  T with S1-S10@0;



  [P11$1] (tau1);
  [P11$2] (tau2);
  [P11$3] (tau3);
  [P11$4] (tau4);
  [P11$5] (tau5);

  [P21$1] (tau1);
  [P21$2] (tau2);
  [P21$3] (tau3);
  [P21$4] (tau4);
  [P21$5] (tau5);

  [P12$1] (tau1);
  [P12$2] (tau2);
  [P12$3] (tau3);
  [P12$4] (tau4);
  [P12$5] (tau5);

  [P22$1] (tau1_2);
  [P22$2] (tau2_2);
  [P22$3] (tau3_2);
  [P22$4] (tau4_2);
  ![P22$5] (tau5);

  [P13$1] (tau1);
  [P13$2] (tau2);
  [P13$3] (tau3);
  [P13$4] (tau4);
  [P13$5] (tau5);


  [P23$1] (tau1);
  [P23$2] (tau2);
  [P23$3] (tau3);
  [P23$4] (tau4);
  [P23$5] (tau5);

  [P14$1] (tau1_2);
  [P14$2] (tau2_2);
  [P14$3] (tau3_2);
  [P14$4] (tau4_2);
  ![P14$5] (tau5);



  [P24$1] (tau1_3);
  [P24$2] (tau2_3);
  [P24$3] (tau3_3);
  ![P24$4] (tau4);
  ![P24$5] (tau5);


  [P15$1] (tau1_3);
  [P15$2] (tau2_3);
  [P15$3] (tau3_3);
  ![P15$4] (tau4);
  ![P15$5] (tau5);



  [P25$1] (tau1_2);
  [P25$2] (tau2_2);
  [P25$3] (tau3_2);
  [P25$4] (tau4_2);
  ![P25$5] (tau5);



  [P16$1] (tau1_3);
  [P16$2] (tau2_3);
  [P16$3] (tau3_3);
  ![P16$4] (tau4);
  ![P16$5] (tau5);

  [P26$1] (tau1_3);
  [P26$2] (tau2_3);
  [P26$3] (tau3_3);
  ![P26$4] (tau4);
  ![P26$5] (tau5);

  ![P17$1] (tau12);
  ![P17$2] (tau22);
  ![P17$3] (tau32);
  ![P17$4] (tau4);
  ![P17$5] (tau5);

  [P27$1] (tau1_3);
  [P27$2] (tau2_3);
  [P27$3] (tau3_3);
  ![P27$4] (tau4);
  ![P27$5] (tau5);

  [P18$1] (tau12_3);
  [P18$2] (tau22_3);
  [P18$3] (tau32_3);
  ![P18$4] (tau4);
  ![P18$5] (tau5);


  ![P28$1] (tau1);
  ![P28$2] (tau2);
  ![P28$3] (tau3);
  ![P28$4] (tau4);
  ![P28$5] (tau5);

  [P19$1] (tau12_3);
  [P19$2] (tau22_3);
  [P19$3] (tau32_3);
  ![P19$4] (tau4);
  ![P19$5] (tau5);

  [P29$1] (tau1_3);
  [P29$2] (tau2_3);
  [P29$3] (tau3_3);
  ![P29$4] (tau4);
  ![P29$5] (tau5);

  [P110$1] (tau1_3);
  [P110$2] (tau2_3);
  [P110$3] (tau3_3);
  ![P110$4] (tau4);
  ![P110$5] (tau5);

  ![P210$1] (tau1);
  ![P210$2] (tau2);
  ![P210$3] (tau3);
  ![P210$4] (tau4);
  ![P210$5] (tau5);

  Model constraint:

  NEW(con occ rel);
  con = varT / (varT + varS);
  occ = varS /(varT + varS);
  rel = (varS + varT ) / (varS + varT + 1);


  Output: stdyx tech8;
  PLOT:   TYPE = PLOT2;
  	



INPUT READING TERMINATED NORMALLY




SUMMARY OF ANALYSIS

Number of groups                                                 1
Number of observations                                          46

Number of dependent variables                                   20
Number of independent variables                                  0
Number of continuous latent variables                           11

Observed dependent variables

  Binary and ordered categorical (ordinal)
   P11         P21         P12         P22         P13         P23
   P14         P24         P15         P25         P16         P26
   P17         P27         P18         P28         P19         P29
   P110        P210

Continuous latent variables
   T           S1          S2          S3          S4          S5
   S6          S7          S8          S9          S10


Estimator                                                    BAYES
Specifications for Bayesian Estimation
  Point estimate                                            MEDIAN
  Number of Markov chain Monte Carlo (MCMC) chains               2
  Random seed for the first chain                                0
  Starting value information                           UNPERTURBED
  Algorithm used for Markov chain Monte Carlo           GIBBS(PX1)
  Convergence criterion                                  0.500D-02
  Maximum number of iterations                               50000
  K-th iteration used for thinning                              10
Link                                                        PROBIT

Input data file(s)
  laac2_wide.dat
Input data format  FREE


SUMMARY OF DATA



COVARIANCE COVERAGE OF DATA

Minimum covariance coverage value   0.100

     Number of missing data patterns            32


     PROPORTION OF DATA PRESENT


           Covariance Coverage
              P11           P21           P12           P22           P13
              ________      ________      ________      ________      ________
 P11            0.696
 P21            0.696         0.696
 P12            0.587         0.587         0.674
 P22            0.587         0.587         0.674         0.674
 P13            0.565         0.565         0.543         0.543         0.783
 P23            0.565         0.565         0.543         0.543         0.783
 P14            0.326         0.326         0.348         0.348         0.391
 P24            0.326         0.326         0.348         0.348         0.391
 P15            0.522         0.522         0.500         0.500         0.543
 P25            0.522         0.522         0.500         0.500         0.543
 P16            0.630         0.630         0.543         0.543         0.587
 P26            0.630         0.630         0.543         0.543         0.587
 P17            0.609         0.609         0.543         0.543         0.630
 P27            0.609         0.609         0.543         0.543         0.630
 P18            0.587         0.587         0.565         0.565         0.674
 P28            0.587         0.587         0.565         0.565         0.674
 P19            0.565         0.565         0.565         0.565         0.630
 P29            0.565         0.565         0.565         0.565         0.630
 P110           0.522         0.522         0.522         0.522         0.543
 P210           0.522         0.522         0.522         0.522         0.543


           Covariance Coverage
              P23           P14           P24           P15           P25
              ________      ________      ________      ________      ________
 P23            0.783
 P14            0.391         0.500
 P24            0.391         0.500         0.500
 P15            0.543         0.391         0.391         0.674
 P25            0.543         0.391         0.391         0.674         0.674
 P16            0.587         0.326         0.326         0.565         0.565
 P26            0.587         0.326         0.326         0.565         0.565
 P17            0.630         0.370         0.370         0.587         0.587
 P27            0.630         0.370         0.370         0.587         0.587
 P18            0.674         0.457         0.457         0.565         0.565
 P28            0.674         0.457         0.457         0.565         0.565
 P19            0.630         0.348         0.348         0.565         0.565
 P29            0.630         0.348         0.348         0.565         0.565
 P110           0.543         0.413         0.413         0.565         0.565
 P210           0.543         0.413         0.413         0.565         0.565


           Covariance Coverage
              P16           P26           P17           P27           P18
              ________      ________      ________      ________      ________
 P16            0.717
 P26            0.717         0.717
 P17            0.674         0.674         0.783
 P27            0.674         0.674         0.783         0.783
 P18            0.630         0.630         0.696         0.696         0.848
 P28            0.630         0.630         0.696         0.696         0.848
 P19            0.587         0.587         0.674         0.674         0.652
 P29            0.587         0.587         0.674         0.674         0.652
 P110           0.565         0.565         0.652         0.652         0.630
 P210           0.565         0.565         0.652         0.652         0.630


           Covariance Coverage
              P28           P19           P29           P110          P210
              ________      ________      ________      ________      ________
 P28            0.848
 P19            0.652         0.761
 P29            0.652         0.761         0.761
 P110           0.630         0.609         0.609         0.717
 P210           0.630         0.609         0.609         0.717         0.717


UNIVARIATE PROPORTIONS AND COUNTS FOR CATEGORICAL VARIABLES

    P11
      Category 1    0.094            3.000
      Category 2    0.094            3.000
      Category 3    0.062            2.000
      Category 4    0.156            5.000
      Category 5    0.375           12.000
      Category 6    0.219            7.000
    P21
      Category 1    0.219            7.000
      Category 2    0.094            3.000
      Category 3    0.219            7.000
      Category 4    0.094            3.000
      Category 5    0.219            7.000
      Category 6    0.156            5.000
    P12
      Category 1    0.129            4.000
      Category 2    0.032            1.000
      Category 3    0.097            3.000
      Category 4    0.161            5.000
      Category 5    0.194            6.000
      Category 6    0.387           12.000
    P22
      Category 1    0.032            1.000
      Category 2    0.097            3.000
      Category 3    0.226            7.000
      Category 4    0.290            9.000
      Category 5    0.355           11.000
    P13
      Category 1    0.028            1.000
      Category 2    0.083            3.000
      Category 3    0.056            2.000
      Category 4    0.250            9.000
      Category 5    0.250            9.000
      Category 6    0.333           12.000
    P23
      Category 1    0.083            3.000
      Category 2    0.056            2.000
      Category 3    0.083            3.000
      Category 4    0.111            4.000
      Category 5    0.139            5.000
      Category 6    0.528           19.000
    P14
      Category 1    0.043            1.000
      Category 2    0.043            1.000
      Category 3    0.043            1.000
      Category 4    0.304            7.000
      Category 5    0.565           13.000
    P24
      Category 1    0.087            2.000
      Category 2    0.130            3.000
      Category 3    0.130            3.000
      Category 4    0.652           15.000
    P15
      Category 1    0.032            1.000
      Category 2    0.032            1.000
      Category 3    0.323           10.000
      Category 4    0.613           19.000
    P25
      Category 1    0.032            1.000
      Category 2    0.097            3.000
      Category 3    0.129            4.000
      Category 4    0.129            4.000
      Category 5    0.613           19.000
    P16
      Category 1    0.061            2.000
      Category 2    0.030            1.000
      Category 3    0.303           10.000
      Category 4    0.606           20.000
    P26
      Category 1    0.061            2.000
      Category 2    0.091            3.000
      Category 3    0.182            6.000
      Category 4    0.667           22.000
    P17
      Category 1    0.111            4.000
      Category 2    0.306           11.000
      Category 3    0.583           21.000
    P27
      Category 1    0.028            1.000
      Category 2    0.028            1.000
      Category 3    0.194            7.000
      Category 4    0.750           27.000
    P18
      Category 1    0.026            1.000
      Category 2    0.051            2.000
      Category 3    0.256           10.000
      Category 4    0.667           26.000
    P28
      Category 1    0.077            3.000
      Category 2    0.103            4.000
      Category 3    0.821           32.000
    P19
      Category 1    0.086            3.000
      Category 2    0.029            1.000
      Category 3    0.314           11.000
      Category 4    0.571           20.000
    P29
      Category 1    0.029            1.000
      Category 2    0.057            2.000
      Category 3    0.114            4.000
      Category 4    0.800           28.000
    P110
      Category 1    0.091            3.000
      Category 2    0.061            2.000
      Category 3    0.212            7.000
      Category 4    0.636           21.000
    P210
      Category 1    0.152            5.000
      Category 2    0.182            6.000
      Category 3    0.667           22.000



THE MODEL ESTIMATION TERMINATED NORMALLY

     USE THE FBITERATIONS OPTION TO INCREASE THE NUMBER OF ITERATIONS BY A FACTOR
     OF AT LEAST TWO TO CHECK CONVERGENCE AND THAT THE PSR VALUE DOES NOT INCREASE.



MODEL FIT INFORMATION

Number of Free Parameters                              23

Bayesian Posterior Predictive Checking using Chi-Square

          95% Confidence Interval for the Difference Between
          the Observed and the Replicated Chi-Square Values

                                -47.535            97.142

          Posterior Predictive P-Value              0.256



MODEL RESULTS

                                Posterior  One-Tailed         95% C.I.
                    Estimate       S.D.      P-Value   Lower 2.5%  Upper 2.5%  Significance

 T        BY
    P11                1.000       0.000      0.000       1.000       1.000
    P21                1.000       0.000      0.000       1.000       1.000
    P12                1.000       0.000      0.000       1.000       1.000
    P22                1.000       0.000      0.000       1.000       1.000
    P13                1.000       0.000      0.000       1.000       1.000
    P23                1.000       0.000      0.000       1.000       1.000
    P14                1.000       0.000      0.000       1.000       1.000
    P24                1.000       0.000      0.000       1.000       1.000
    P15                1.000       0.000      0.000       1.000       1.000
    P25                1.000       0.000      0.000       1.000       1.000
    P16                1.000       0.000      0.000       1.000       1.000
    P26                1.000       0.000      0.000       1.000       1.000
    P17                1.000       0.000      0.000       1.000       1.000
    P27                1.000       0.000      0.000       1.000       1.000
    P18                1.000       0.000      0.000       1.000       1.000
    P28                1.000       0.000      0.000       1.000       1.000
    P19                1.000       0.000      0.000       1.000       1.000
    P29                1.000       0.000      0.000       1.000       1.000
    P110               1.000       0.000      0.000       1.000       1.000
    P210               1.000       0.000      0.000       1.000       1.000

 S1       BY
    P11                1.000       0.000      0.000       1.000       1.000
    P21                1.000       0.000      0.000       1.000       1.000

 S2       BY
    P12                1.000       0.000      0.000       1.000       1.000
    P22                1.000       0.000      0.000       1.000       1.000

 S3       BY
    P13                1.000       0.000      0.000       1.000       1.000
    P23                1.000       0.000      0.000       1.000       1.000

 S4       BY
    P14                1.000       0.000      0.000       1.000       1.000
    P24                1.000       0.000      0.000       1.000       1.000

 S5       BY
    P15                1.000       0.000      0.000       1.000       1.000
    P25                1.000       0.000      0.000       1.000       1.000

 S6       BY
    P16                1.000       0.000      0.000       1.000       1.000
    P26                1.000       0.000      0.000       1.000       1.000

 S7       BY
    P17                1.000       0.000      0.000       1.000       1.000
    P27                1.000       0.000      0.000       1.000       1.000

 S8       BY
    P18                1.000       0.000      0.000       1.000       1.000
    P28                1.000       0.000      0.000       1.000       1.000

 S9       BY
    P19                1.000       0.000      0.000       1.000       1.000
    P29                1.000       0.000      0.000       1.000       1.000

 S10      BY
    P110               1.000       0.000      0.000       1.000       1.000
    P210               1.000       0.000      0.000       1.000       1.000

 S1       WITH
    S2                 0.000       0.000      1.000       0.000       0.000
    S3                 0.000       0.000      1.000       0.000       0.000
    S4                 0.000       0.000      1.000       0.000       0.000
    S5                 0.000       0.000      1.000       0.000       0.000
    S6                 0.000       0.000      1.000       0.000       0.000
    S7                 0.000       0.000      1.000       0.000       0.000
    S8                 0.000       0.000      1.000       0.000       0.000
    S9                 0.000       0.000      1.000       0.000       0.000
    S10                0.000       0.000      1.000       0.000       0.000
    T                  0.000       0.000      1.000       0.000       0.000

 S2       WITH
    S3                 0.000       0.000      1.000       0.000       0.000
    S4                 0.000       0.000      1.000       0.000       0.000
    S5                 0.000       0.000      1.000       0.000       0.000
    S6                 0.000       0.000      1.000       0.000       0.000
    S7                 0.000       0.000      1.000       0.000       0.000
    S8                 0.000       0.000      1.000       0.000       0.000
    S9                 0.000       0.000      1.000       0.000       0.000
    S10                0.000       0.000      1.000       0.000       0.000
    T                  0.000       0.000      1.000       0.000       0.000

 S3       WITH
    S4                 0.000       0.000      1.000       0.000       0.000
    S5                 0.000       0.000      1.000       0.000       0.000
    S6                 0.000       0.000      1.000       0.000       0.000
    S7                 0.000       0.000      1.000       0.000       0.000
    S8                 0.000       0.000      1.000       0.000       0.000
    S9                 0.000       0.000      1.000       0.000       0.000
    S10                0.000       0.000      1.000       0.000       0.000
    T                  0.000       0.000      1.000       0.000       0.000

 S4       WITH
    S5                 0.000       0.000      1.000       0.000       0.000
    S6                 0.000       0.000      1.000       0.000       0.000
    S7                 0.000       0.000      1.000       0.000       0.000
    S8                 0.000       0.000      1.000       0.000       0.000
    S9                 0.000       0.000      1.000       0.000       0.000
    S10                0.000       0.000      1.000       0.000       0.000
    T                  0.000       0.000      1.000       0.000       0.000

 S5       WITH
    S6                 0.000       0.000      1.000       0.000       0.000
    S7                 0.000       0.000      1.000       0.000       0.000
    S8                 0.000       0.000      1.000       0.000       0.000
    S9                 0.000       0.000      1.000       0.000       0.000
    S10                0.000       0.000      1.000       0.000       0.000
    T                  0.000       0.000      1.000       0.000       0.000

 S6       WITH
    S7                 0.000       0.000      1.000       0.000       0.000
    S8                 0.000       0.000      1.000       0.000       0.000
    S9                 0.000       0.000      1.000       0.000       0.000
    S10                0.000       0.000      1.000       0.000       0.000
    T                  0.000       0.000      1.000       0.000       0.000

 S7       WITH
    S8                 0.000       0.000      1.000       0.000       0.000
    S9                 0.000       0.000      1.000       0.000       0.000
    S10                0.000       0.000      1.000       0.000       0.000
    T                  0.000       0.000      1.000       0.000       0.000

 S8       WITH
    S9                 0.000       0.000      1.000       0.000       0.000
    S10                0.000       0.000      1.000       0.000       0.000
    T                  0.000       0.000      1.000       0.000       0.000

 S9       WITH
    S10                0.000       0.000      1.000       0.000       0.000
    T                  0.000       0.000      1.000       0.000       0.000

 S10      WITH
    T                  0.000       0.000      1.000       0.000       0.000

 Means
    T                  0.000       0.000      1.000       0.000       0.000
    S1                 0.000       0.000      1.000       0.000       0.000
    S2                 0.000       0.000      1.000       0.000       0.000
    S3                 0.000       0.000      1.000       0.000       0.000
    S4                 0.000       0.000      1.000       0.000       0.000
    S5                 0.000       0.000      1.000       0.000       0.000
    S6                 0.000       0.000      1.000       0.000       0.000
    S7                 0.000       0.000      1.000       0.000       0.000
    S8                 0.000       0.000      1.000       0.000       0.000
    S9                 0.000       0.000      1.000       0.000       0.000
    S10                0.000       0.000      1.000       0.000       0.000

 Thresholds
    P11$1             -1.584       0.219      0.000      -2.028      -1.165      *
    P11$2             -1.122       0.192      0.000      -1.505      -0.747      *
    P11$3             -0.651       0.177      0.000      -1.004      -0.303      *
    P11$4             -0.085       0.171      0.309      -0.422       0.253
    P11$5              0.742       0.178      0.000       0.402       1.100      *
    P21$1             -1.584       0.219      0.000      -2.028      -1.165      *
    P21$2             -1.122       0.192      0.000      -1.505      -0.747      *
    P21$3             -0.651       0.177      0.000      -1.004      -0.303      *
    P21$4             -0.085       0.171      0.309      -0.422       0.253
    P21$5              0.742       0.178      0.000       0.402       1.100      *
    P12$1             -1.584       0.219      0.000      -2.028      -1.165      *
    P12$2             -1.122       0.192      0.000      -1.505      -0.747      *
    P12$3             -0.651       0.177      0.000      -1.004      -0.303      *
    P12$4             -0.085       0.171      0.309      -0.422       0.253
    P12$5              0.742       0.178      0.000       0.402       1.100      *
    P22$1             -2.440       0.343      0.000      -3.152      -1.809      *
    P22$2             -1.561       0.252      0.000      -2.066      -1.087      *
    P22$3             -0.788       0.216      0.000      -1.213      -0.368      *
    P22$4              0.110       0.204      0.289      -0.283       0.518
    P13$1             -1.584       0.219      0.000      -2.028      -1.165      *
    P13$2             -1.122       0.192      0.000      -1.505      -0.747      *
    P13$3             -0.651       0.177      0.000      -1.004      -0.303      *
    P13$4             -0.085       0.171      0.309      -0.422       0.253
    P13$5              0.742       0.178      0.000       0.402       1.100      *
    P23$1             -1.584       0.219      0.000      -2.028      -1.165      *
    P23$2             -1.122       0.192      0.000      -1.505      -0.747      *
    P23$3             -0.651       0.177      0.000      -1.004      -0.303      *
    P23$4             -0.085       0.171      0.309      -0.422       0.253
    P23$5              0.742       0.178      0.000       0.402       1.100      *
    P14$1             -2.440       0.343      0.000      -3.152      -1.809      *
    P14$2             -1.561       0.252      0.000      -2.066      -1.087      *
    P14$3             -0.788       0.216      0.000      -1.213      -0.368      *
    P14$4              0.110       0.204      0.289      -0.283       0.518
    P24$1             -2.167       0.227      0.000      -2.630      -1.740      *
    P24$2             -1.598       0.192      0.000      -1.985      -1.232      *
    P24$3             -0.554       0.163      0.001      -0.875      -0.234      *
    P15$1             -2.167       0.227      0.000      -2.630      -1.740      *
    P15$2             -1.598       0.192      0.000      -1.985      -1.232      *
    P15$3             -0.554       0.163      0.001      -0.875      -0.234      *
    P25$1             -2.440       0.343      0.000      -3.152      -1.809      *
    P25$2             -1.561       0.252      0.000      -2.066      -1.087      *
    P25$3             -0.788       0.216      0.000      -1.213      -0.368      *
    P25$4              0.110       0.204      0.289      -0.283       0.518
    P16$1             -2.167       0.227      0.000      -2.630      -1.740      *
    P16$2             -1.598       0.192      0.000      -1.985      -1.232      *
    P16$3             -0.554       0.163      0.001      -0.875      -0.234      *
    P26$1             -2.167       0.227      0.000      -2.630      -1.740      *
    P26$2             -1.598       0.192      0.000      -1.985      -1.232      *
    P26$3             -0.554       0.163      0.001      -0.875      -0.234      *
    P17$1             -1.500       0.355      0.000      -2.227      -0.835      *
    P17$2             -0.167       0.284      0.272      -0.728       0.386
    P27$1             -2.167       0.227      0.000      -2.630      -1.740      *
    P27$2             -1.598       0.192      0.000      -1.985      -1.232      *
    P27$3             -0.554       0.163      0.001      -0.875      -0.234      *
    P18$1             -2.198       0.335      0.000      -2.897      -1.593      *
    P18$2             -1.714       0.287      0.000      -2.305      -1.176      *
    P18$3             -0.283       0.221      0.104      -0.713       0.149
    P28$1             -2.007       0.414      0.000      -2.883      -1.258      *
    P28$2             -1.127       0.327      0.000      -1.794      -0.509      *
    P19$1             -2.198       0.335      0.000      -2.897      -1.593      *
    P19$2             -1.714       0.287      0.000      -2.305      -1.176      *
    P19$3             -0.283       0.221      0.104      -0.713       0.149
    P29$1             -2.167       0.227      0.000      -2.630      -1.740      *
    P29$2             -1.598       0.192      0.000      -1.985      -1.232      *
    P29$3             -0.554       0.163      0.001      -0.875      -0.234      *
    P110$1            -2.167       0.227      0.000      -2.630      -1.740      *
    P110$2            -1.598       0.192      0.000      -1.985      -1.232      *
    P110$3            -0.554       0.163      0.001      -0.875      -0.234      *
    P210$1            -1.441       0.351      0.000      -2.169      -0.796      *
    P210$2            -0.602       0.299      0.020      -1.199      -0.029      *

 Variances
    T                  0.618       0.215      0.000       0.331       1.166      *
    S1                 0.435       0.151      0.000       0.189       0.780      *
    S2                 0.435       0.151      0.000       0.189       0.780      *
    S3                 0.435       0.151      0.000       0.189       0.780      *
    S4                 0.435       0.151      0.000       0.189       0.780      *
    S5                 0.435       0.151      0.000       0.189       0.780      *
    S6                 0.435       0.151      0.000       0.189       0.780      *
    S7                 0.435       0.151      0.000       0.189       0.780      *
    S8                 0.435       0.151      0.000       0.189       0.780      *
    S9                 0.435       0.151      0.000       0.189       0.780      *
    S10                0.435       0.151      0.000       0.189       0.780      *

New/Additional Parameters
    CON                0.590       0.100      0.000       0.395       0.784      *
    OCC                0.410       0.100      0.000       0.216       0.605      *
    REL                0.516       0.063      0.000       0.389       0.637      *


STANDARDIZED MODEL RESULTS


STDYX Standardization

                                Posterior  One-Tailed         95% C.I.
                    Estimate       S.D.      P-Value   Lower 2.5%  Upper 2.5%  Significance
 T        BY
    P11                0.548       0.060      0.000       0.434       0.666      *
    P21                0.548       0.060      0.000       0.434       0.666      *
    P12                0.548       0.060      0.000       0.434       0.666      *
    P22                0.548       0.060      0.000       0.434       0.666      *
    P13                0.548       0.060      0.000       0.434       0.666      *
    P23                0.548       0.060      0.000       0.434       0.666      *
    P14                0.548       0.060      0.000       0.434       0.666      *
    P24                0.548       0.060      0.000       0.434       0.666      *
    P15                0.548       0.060      0.000       0.434       0.666      *
    P25                0.548       0.060      0.000       0.434       0.666      *
    P16                0.548       0.060      0.000       0.434       0.666      *
    P26                0.548       0.060      0.000       0.434       0.666      *
    P17                0.548       0.060      0.000       0.434       0.666      *
    P27                0.548       0.060      0.000       0.434       0.666      *
    P18                0.548       0.060      0.000       0.434       0.666      *
    P28                0.548       0.060      0.000       0.434       0.666      *
    P19                0.548       0.060      0.000       0.434       0.666      *
    P29                0.548       0.060      0.000       0.434       0.666      *
    P110               0.548       0.060      0.000       0.434       0.666      *
    P210               0.548       0.060      0.000       0.434       0.666      *

 S1       BY
    P11                0.458       0.062      0.000       0.322       0.568      *
    P21                0.458       0.062      0.000       0.322       0.568      *

 S2       BY
    P12                0.458       0.062      0.000       0.322       0.568      *
    P22                0.458       0.062      0.000       0.322       0.568      *

 S3       BY
    P13                0.458       0.062      0.000       0.322       0.568      *
    P23                0.458       0.062      0.000       0.322       0.568      *

 S4       BY
    P14                0.458       0.062      0.000       0.322       0.568      *
    P24                0.458       0.062      0.000       0.322       0.568      *

 S5       BY
    P15                0.458       0.062      0.000       0.322       0.568      *
    P25                0.458       0.062      0.000       0.322       0.568      *

 S6       BY
    P16                0.458       0.062      0.000       0.322       0.568      *
    P26                0.458       0.062      0.000       0.322       0.568      *

 S7       BY
    P17                0.458       0.062      0.000       0.322       0.568      *
    P27                0.458       0.062      0.000       0.322       0.568      *

 S8       BY
    P18                0.458       0.062      0.000       0.322       0.568      *
    P28                0.458       0.062      0.000       0.322       0.568      *

 S9       BY
    P19                0.458       0.062      0.000       0.322       0.568      *
    P29                0.458       0.062      0.000       0.322       0.568      *

 S10      BY
    P110               0.458       0.062      0.000       0.322       0.568      *
    P210               0.458       0.062      0.000       0.322       0.568      *

 S1       WITH
    S2                 0.000       0.000      1.000       0.000       0.000
    S3                 0.000       0.000      1.000       0.000       0.000
    S4                 0.000       0.000      1.000       0.000       0.000
    S5                 0.000       0.000      1.000       0.000       0.000
    S6                 0.000       0.000      1.000       0.000       0.000
    S7                 0.000       0.000      1.000       0.000       0.000
    S8                 0.000       0.000      1.000       0.000       0.000
    S9                 0.000       0.000      1.000       0.000       0.000
    S10                0.000       0.000      1.000       0.000       0.000
    T                  0.000       0.000      1.000       0.000       0.000

 S2       WITH
    S3                 0.000       0.000      1.000       0.000       0.000
    S4                 0.000       0.000      1.000       0.000       0.000
    S5                 0.000       0.000      1.000       0.000       0.000
    S6                 0.000       0.000      1.000       0.000       0.000
    S7                 0.000       0.000      1.000       0.000       0.000
    S8                 0.000       0.000      1.000       0.000       0.000
    S9                 0.000       0.000      1.000       0.000       0.000
    S10                0.000       0.000      1.000       0.000       0.000
    T                  0.000       0.000      1.000       0.000       0.000

 S3       WITH
    S4                 0.000       0.000      1.000       0.000       0.000
    S5                 0.000       0.000      1.000       0.000       0.000
    S6                 0.000       0.000      1.000       0.000       0.000
    S7                 0.000       0.000      1.000       0.000       0.000
    S8                 0.000       0.000      1.000       0.000       0.000
    S9                 0.000       0.000      1.000       0.000       0.000
    S10                0.000       0.000      1.000       0.000       0.000
    T                  0.000       0.000      1.000       0.000       0.000

 S4       WITH
    S5                 0.000       0.000      1.000       0.000       0.000
    S6                 0.000       0.000      1.000       0.000       0.000
    S7                 0.000       0.000      1.000       0.000       0.000
    S8                 0.000       0.000      1.000       0.000       0.000
    S9                 0.000       0.000      1.000       0.000       0.000
    S10                0.000       0.000      1.000       0.000       0.000
    T                  0.000       0.000      1.000       0.000       0.000

 S5       WITH
    S6                 0.000       0.000      1.000       0.000       0.000
    S7                 0.000       0.000      1.000       0.000       0.000
    S8                 0.000       0.000      1.000       0.000       0.000
    S9                 0.000       0.000      1.000       0.000       0.000
    S10                0.000       0.000      1.000       0.000       0.000
    T                  0.000       0.000      1.000       0.000       0.000

 S6       WITH
    S7                 0.000       0.000      1.000       0.000       0.000
    S8                 0.000       0.000      1.000       0.000       0.000
    S9                 0.000       0.000      1.000       0.000       0.000
    S10                0.000       0.000      1.000       0.000       0.000
    T                  0.000       0.000      1.000       0.000       0.000

 S7       WITH
    S8                 0.000       0.000      1.000       0.000       0.000
    S9                 0.000       0.000      1.000       0.000       0.000
    S10                0.000       0.000      1.000       0.000       0.000
    T                  0.000       0.000      1.000       0.000       0.000

 S8       WITH
    S9                 0.000       0.000      1.000       0.000       0.000
    S10                0.000       0.000      1.000       0.000       0.000
    T                  0.000       0.000      1.000       0.000       0.000

 S9       WITH
    S10                0.000       0.000      1.000       0.000       0.000
    T                  0.000       0.000      1.000       0.000       0.000

 S10      WITH
    T                  0.000       0.000      1.000       0.000       0.000

 Means
    T                  0.000       0.000      1.000       0.000       0.000
    S1                 0.000       0.000      1.000       0.000       0.000
    S2                 0.000       0.000      1.000       0.000       0.000
    S3                 0.000       0.000      1.000       0.000       0.000
    S4                 0.000       0.000      1.000       0.000       0.000
    S5                 0.000       0.000      1.000       0.000       0.000
    S6                 0.000       0.000      1.000       0.000       0.000
    S7                 0.000       0.000      1.000       0.000       0.000
    S8                 0.000       0.000      1.000       0.000       0.000
    S9                 0.000       0.000      1.000       0.000       0.000
    S10                0.000       0.000      1.000       0.000       0.000

 Thresholds
    P11$1             -1.100       0.154      0.000      -1.404      -0.798      *
    P11$2             -0.779       0.134      0.000      -1.041      -0.513      *
    P11$3             -0.452       0.124      0.000      -0.689      -0.206      *
    P11$4             -0.059       0.118      0.309      -0.292       0.172
    P11$5              0.516       0.121      0.000       0.277       0.753      *
    P21$1             -1.100       0.154      0.000      -1.404      -0.798      *
    P21$2             -0.779       0.134      0.000      -1.041      -0.513      *
    P21$3             -0.452       0.124      0.000      -0.689      -0.206      *
    P21$4             -0.059       0.118      0.309      -0.292       0.172
    P21$5              0.516       0.121      0.000       0.277       0.753      *
    P12$1             -1.100       0.154      0.000      -1.404      -0.798      *
    P12$2             -0.779       0.134      0.000      -1.041      -0.513      *
    P12$3             -0.452       0.124      0.000      -0.689      -0.206      *
    P12$4             -0.059       0.118      0.309      -0.292       0.172
    P12$5              0.516       0.121      0.000       0.277       0.753      *
    P22$1             -1.692       0.248      0.000      -2.208      -1.236      *
    P22$2             -1.084       0.180      0.000      -1.443      -0.740      *
    P22$3             -0.547       0.151      0.000      -0.841      -0.253      *
    P22$4              0.077       0.141      0.289      -0.197       0.355
    P13$1             -1.100       0.154      0.000      -1.404      -0.798      *
    P13$2             -0.779       0.134      0.000      -1.041      -0.513      *
    P13$3             -0.452       0.124      0.000      -0.689      -0.206      *
    P13$4             -0.059       0.118      0.309      -0.292       0.172
    P13$5              0.516       0.121      0.000       0.277       0.753      *
    P23$1             -1.100       0.154      0.000      -1.404      -0.798      *
    P23$2             -0.779       0.134      0.000      -1.041      -0.513      *
    P23$3             -0.452       0.124      0.000      -0.689      -0.206      *
    P23$4             -0.059       0.118      0.309      -0.292       0.172
    P23$5              0.516       0.121      0.000       0.277       0.753      *
    P14$1             -1.692       0.248      0.000      -2.208      -1.236      *
    P14$2             -1.084       0.180      0.000      -1.443      -0.740      *
    P14$3             -0.547       0.151      0.000      -0.841      -0.253      *
    P14$4              0.077       0.141      0.289      -0.197       0.355
    P24$1             -1.507       0.164      0.000      -1.827      -1.185      *
    P24$2             -1.111       0.138      0.000      -1.374      -0.838      *
    P24$3             -0.386       0.114      0.001      -0.606      -0.160      *
    P15$1             -1.507       0.164      0.000      -1.827      -1.185      *
    P15$2             -1.111       0.138      0.000      -1.374      -0.838      *
    P15$3             -0.386       0.114      0.001      -0.606      -0.160      *
    P25$1             -1.692       0.248      0.000      -2.208      -1.236      *
    P25$2             -1.084       0.180      0.000      -1.443      -0.740      *
    P25$3             -0.547       0.151      0.000      -0.841      -0.253      *
    P25$4              0.077       0.141      0.289      -0.197       0.355
    P16$1             -1.507       0.164      0.000      -1.827      -1.185      *
    P16$2             -1.111       0.138      0.000      -1.374      -0.838      *
    P16$3             -0.386       0.114      0.001      -0.606      -0.160      *
    P26$1             -1.507       0.164      0.000      -1.827      -1.185      *
    P26$2             -1.111       0.138      0.000      -1.374      -0.838      *
    P26$3             -0.386       0.114      0.001      -0.606      -0.160      *
    P17$1             -1.039       0.253      0.000      -1.559      -0.574      *
    P17$2             -0.116       0.197      0.272      -0.508       0.264
    P27$1             -1.507       0.164      0.000      -1.827      -1.185      *
    P27$2             -1.111       0.138      0.000      -1.374      -0.838      *
    P27$3             -0.386       0.114      0.001      -0.606      -0.160      *
    P18$1             -1.526       0.237      0.000      -2.020      -1.089      *
    P18$2             -1.189       0.202      0.000      -1.600      -0.806      *
    P18$3             -0.197       0.154      0.104      -0.495       0.102
    P28$1             -1.393       0.288      0.000      -1.996      -0.869      *
    P28$2             -0.783       0.229      0.000      -1.245      -0.350      *
    P19$1             -1.526       0.237      0.000      -2.020      -1.089      *
    P19$2             -1.189       0.202      0.000      -1.600      -0.806      *
    P19$3             -0.197       0.154      0.104      -0.495       0.102
    P29$1             -1.507       0.164      0.000      -1.827      -1.185      *
    P29$2             -1.111       0.138      0.000      -1.374      -0.838      *
    P29$3             -0.386       0.114      0.001      -0.606      -0.160      *
    P110$1            -1.507       0.164      0.000      -1.827      -1.185      *
    P110$2            -1.111       0.138      0.000      -1.374      -0.838      *
    P110$3            -0.386       0.114      0.001      -0.606      -0.160      *
    P210$1            -0.998       0.245      0.000      -1.507      -0.547      *
    P210$2            -0.418       0.208      0.020      -0.834      -0.020      *

 Variances
    T                  1.000       0.000      0.000       1.000       1.000
    S1                 1.000       0.000      0.000       1.000       1.000
    S2                 1.000       0.000      0.000       1.000       1.000
    S3                 1.000       0.000      0.000       1.000       1.000
    S4                 1.000       0.000      0.000       1.000       1.000
    S5                 1.000       0.000      0.000       1.000       1.000
    S6                 1.000       0.000      0.000       1.000       1.000
    S7                 1.000       0.000      0.000       1.000       1.000
    S8                 1.000       0.000      0.000       1.000       1.000
    S9                 1.000       0.000      0.000       1.000       1.000
    S10                1.000       0.000      0.000       1.000       1.000


R-SQUARE

                                Posterior  One-Tailed         95% C.I.
    Variable        Estimate       S.D.      P-Value   Lower 2.5%  Upper 2.5%

    P11                0.516       0.063      0.000       0.389       0.637
    P21                0.516       0.063      0.000       0.389       0.637
    P12                0.516       0.063      0.000       0.389       0.637
    P22                0.516       0.063      0.000       0.389       0.637
    P13                0.516       0.063      0.000       0.389       0.637
    P23                0.516       0.063      0.000       0.389       0.637
    P14                0.516       0.063      0.000       0.389       0.637
    P24                0.516       0.063      0.000       0.389       0.637
    P15                0.516       0.063      0.000       0.389       0.637
    P25                0.516       0.063      0.000       0.389       0.637
    P16                0.516       0.063      0.000       0.389       0.637
    P26                0.516       0.063      0.000       0.389       0.637
    P17                0.516       0.063      0.000       0.389       0.637
    P27                0.516       0.063      0.000       0.389       0.637
    P18                0.516       0.063      0.000       0.389       0.637
    P28                0.516       0.063      0.000       0.389       0.637
    P19                0.516       0.063      0.000       0.389       0.637
    P29                0.516       0.063      0.000       0.389       0.637
    P110               0.516       0.063      0.000       0.389       0.637
    P210               0.516       0.063      0.000       0.389       0.637


TECHNICAL 1 OUTPUT


     PARAMETER SPECIFICATION


           TAU
              P11$1         P11$2         P11$3         P11$4         P11$5
              ________      ________      ________      ________      ________
                    3             4             5             6             7


           TAU
              P21$1         P21$2         P21$3         P21$4         P21$5
              ________      ________      ________      ________      ________
                    3             4             5             6             7


           TAU
              P12$1         P12$2         P12$3         P12$4         P12$5
              ________      ________      ________      ________      ________
                    3             4             5             6             7


           TAU
              P22$1         P22$2         P22$3         P22$4         P13$1
              ________      ________      ________      ________      ________
                    8             9            10            11             3


           TAU
              P13$2         P13$3         P13$4         P13$5         P23$1
              ________      ________      ________      ________      ________
                    4             5             6             7             3


           TAU
              P23$2         P23$3         P23$4         P23$5         P14$1
              ________      ________      ________      ________      ________
                    4             5             6             7             8


           TAU
              P14$2         P14$3         P14$4         P24$1         P24$2
              ________      ________      ________      ________      ________
                    9            10            11            12            13


           TAU
              P24$3         P15$1         P15$2         P15$3         P25$1
              ________      ________      ________      ________      ________
                   14            12            13            14             8


           TAU
              P25$2         P25$3         P25$4         P16$1         P16$2
              ________      ________      ________      ________      ________
                    9            10            11            12            13


           TAU
              P16$3         P26$1         P26$2         P26$3         P17$1
              ________      ________      ________      ________      ________
                   14            12            13            14            15


           TAU
              P17$2         P27$1         P27$2         P27$3         P18$1
              ________      ________      ________      ________      ________
                   16            12            13            14            17


           TAU
              P18$2         P18$3         P28$1         P28$2         P19$1
              ________      ________      ________      ________      ________
                   18            19            20            21            17


           TAU
              P19$2         P19$3         P29$1         P29$2         P29$3
              ________      ________      ________      ________      ________
                   18            19            12            13            14


           TAU
              P110$1        P110$2        P110$3        P210$1        P210$2
              ________      ________      ________      ________      ________
                   12            13            14            22            23


           NU
              P11           P21           P12           P22           P13
              ________      ________      ________      ________      ________
                    0             0             0             0             0


           NU
              P23           P14           P24           P15           P25
              ________      ________      ________      ________      ________
                    0             0             0             0             0


           NU
              P16           P26           P17           P27           P18
              ________      ________      ________      ________      ________
                    0             0             0             0             0


           NU
              P28           P19           P29           P110          P210
              ________      ________      ________      ________      ________
                    0             0             0             0             0


           LAMBDA
              T             S1            S2            S3            S4
              ________      ________      ________      ________      ________
 P11                0             0             0             0             0
 P21                0             0             0             0             0
 P12                0             0             0             0             0
 P22                0             0             0             0             0
 P13                0             0             0             0             0
 P23                0             0             0             0             0
 P14                0             0             0             0             0
 P24                0             0             0             0             0
 P15                0             0             0             0             0
 P25                0             0             0             0             0
 P16                0             0             0             0             0
 P26                0             0             0             0             0
 P17                0             0             0             0             0
 P27                0             0             0             0             0
 P18                0             0             0             0             0
 P28                0             0             0             0             0
 P19                0             0             0             0             0
 P29                0             0             0             0             0
 P110               0             0             0             0             0
 P210               0             0             0             0             0


           LAMBDA
              S5            S6            S7            S8            S9
              ________      ________      ________      ________      ________
 P11                0             0             0             0             0
 P21                0             0             0             0             0
 P12                0             0             0             0             0
 P22                0             0             0             0             0
 P13                0             0             0             0             0
 P23                0             0             0             0             0
 P14                0             0             0             0             0
 P24                0             0             0             0             0
 P15                0             0             0             0             0
 P25                0             0             0             0             0
 P16                0             0             0             0             0
 P26                0             0             0             0             0
 P17                0             0             0             0             0
 P27                0             0             0             0             0
 P18                0             0             0             0             0
 P28                0             0             0             0             0
 P19                0             0             0             0             0
 P29                0             0             0             0             0
 P110               0             0             0             0             0
 P210               0             0             0             0             0


           LAMBDA
              S10
              ________
 P11                0
 P21                0
 P12                0
 P22                0
 P13                0
 P23                0
 P14                0
 P24                0
 P15                0
 P25                0
 P16                0
 P26                0
 P17                0
 P27                0
 P18                0
 P28                0
 P19                0
 P29                0
 P110               0
 P210               0


           THETA
              P11           P21           P12           P22           P13
              ________      ________      ________      ________      ________
 P11                0
 P21                0             0
 P12                0             0             0
 P22                0             0             0             0
 P13                0             0             0             0             0
 P23                0             0             0             0             0
 P14                0             0             0             0             0
 P24                0             0             0             0             0
 P15                0             0             0             0             0
 P25                0             0             0             0             0
 P16                0             0             0             0             0
 P26                0             0             0             0             0
 P17                0             0             0             0             0
 P27                0             0             0             0             0
 P18                0             0             0             0             0
 P28                0             0             0             0             0
 P19                0             0             0             0             0
 P29                0             0             0             0             0
 P110               0             0             0             0             0
 P210               0             0             0             0             0


           THETA
              P23           P14           P24           P15           P25
              ________      ________      ________      ________      ________
 P23                0
 P14                0             0
 P24                0             0             0
 P15                0             0             0             0
 P25                0             0             0             0             0
 P16                0             0             0             0             0
 P26                0             0             0             0             0
 P17                0             0             0             0             0
 P27                0             0             0             0             0
 P18                0             0             0             0             0
 P28                0             0             0             0             0
 P19                0             0             0             0             0
 P29                0             0             0             0             0
 P110               0             0             0             0             0
 P210               0             0             0             0             0


           THETA
              P16           P26           P17           P27           P18
              ________      ________      ________      ________      ________
 P16                0
 P26                0             0
 P17                0             0             0
 P27                0             0             0             0
 P18                0             0             0             0             0
 P28                0             0             0             0             0
 P19                0             0             0             0             0
 P29                0             0             0             0             0
 P110               0             0             0             0             0
 P210               0             0             0             0             0


           THETA
              P28           P19           P29           P110          P210
              ________      ________      ________      ________      ________
 P28                0
 P19                0             0
 P29                0             0             0
 P110               0             0             0             0
 P210               0             0             0             0             0


           ALPHA
              T             S1            S2            S3            S4
              ________      ________      ________      ________      ________
                    0             0             0             0             0


           ALPHA
              S5            S6            S7            S8            S9
              ________      ________      ________      ________      ________
                    0             0             0             0             0


           ALPHA
              S10
              ________
                    0


           BETA
              T             S1            S2            S3            S4
              ________      ________      ________      ________      ________
 T                  0             0             0             0             0
 S1                 0             0             0             0             0
 S2                 0             0             0             0             0
 S3                 0             0             0             0             0
 S4                 0             0             0             0             0
 S5                 0             0             0             0             0
 S6                 0             0             0             0             0
 S7                 0             0             0             0             0
 S8                 0             0             0             0             0
 S9                 0             0             0             0             0
 S10                0             0             0             0             0


           BETA
              S5            S6            S7            S8            S9
              ________      ________      ________      ________      ________
 T                  0             0             0             0             0
 S1                 0             0             0             0             0
 S2                 0             0             0             0             0
 S3                 0             0             0             0             0
 S4                 0             0             0             0             0
 S5                 0             0             0             0             0
 S6                 0             0             0             0             0
 S7                 0             0             0             0             0
 S8                 0             0             0             0             0
 S9                 0             0             0             0             0
 S10                0             0             0             0             0


           BETA
              S10
              ________
 T                  0
 S1                 0
 S2                 0
 S3                 0
 S4                 0
 S5                 0
 S6                 0
 S7                 0
 S8                 0
 S9                 0
 S10                0


           PSI
              T             S1            S2            S3            S4
              ________      ________      ________      ________      ________
 T                  1
 S1                 0             2
 S2                 0             0             2
 S3                 0             0             0             2
 S4                 0             0             0             0             2
 S5                 0             0             0             0             0
 S6                 0             0             0             0             0
 S7                 0             0             0             0             0
 S8                 0             0             0             0             0
 S9                 0             0             0             0             0
 S10                0             0             0             0             0


           PSI
              S5            S6            S7            S8            S9
              ________      ________      ________      ________      ________
 S5                 2
 S6                 0             2
 S7                 0             0             2
 S8                 0             0             0             2
 S9                 0             0             0             0             2
 S10                0             0             0             0             0


           PSI
              S10
              ________
 S10                2


     PARAMETER SPECIFICATION FOR THE ADDITIONAL PARAMETERS


           NEW/ADDITIONAL PARAMETERS
              CON           OCC           REL
              ________      ________      ________
                   24            25            26


     STARTING VALUES


           TAU
              P11$1         P11$2         P11$3         P11$4         P11$5
              ________      ________      ________      ________      ________
               -1.267        -0.867        -0.544        -0.136         0.445


           TAU
              P21$1         P21$2         P21$3         P21$4         P21$5
              ________      ________      ________      ________      ________
               -1.267        -0.867        -0.544        -0.136         0.445


           TAU
              P12$1         P12$2         P12$3         P12$4         P12$5
              ________      ________      ________      ________      ________
               -1.267        -0.867        -0.544        -0.136         0.445


           TAU
              P22$1         P22$2         P22$3         P22$4         P13$1
              ________      ________      ________      ________      ________
               -1.832        -1.143        -0.658        -0.023        -1.267


           TAU
              P13$2         P13$3         P13$4         P13$5         P23$1
              ________      ________      ________      ________      ________
               -0.867        -0.544        -0.136         0.445        -1.267


           TAU
              P23$2         P23$3         P23$4         P23$5         P14$1
              ________      ________      ________      ________      ________
               -0.867        -0.544        -0.136         0.445        -1.832


           TAU
              P14$2         P14$3         P14$4         P24$1         P24$2
              ________      ________      ________      ________      ________
               -1.143        -0.658        -0.023        -1.636        -1.183


           TAU
              P24$3         P15$1         P15$2         P15$3         P25$1
              ________      ________      ________      ________      ________
               -0.417        -1.636        -1.183        -0.417        -1.832


           TAU
              P25$2         P25$3         P25$4         P16$1         P16$2
              ________      ________      ________      ________      ________
               -1.143        -0.658        -0.023        -1.636        -1.183


           TAU
              P16$3         P26$1         P26$2         P26$3         P17$1
              ________      ________      ________      ________      ________
               -0.417        -1.636        -1.183        -0.417        -1.155


           TAU
              P17$2         P27$1         P27$2         P27$3         P18$1
              ________      ________      ________      ________      ________
               -0.187        -1.636        -1.183        -0.417        -1.668


           TAU
              P18$2         P18$3         P28$1         P28$2         P19$1
              ________      ________      ________      ________      ________
               -1.259        -0.272        -1.381        -0.844        -1.668


           TAU
              P19$2         P19$3         P29$1         P29$2         P29$3
              ________      ________      ________      ________      ________
               -1.259        -0.272        -1.636        -1.183        -0.417


           TAU
              P110$1        P110$2        P110$3        P210$1        P210$2
              ________      ________      ________      ________      ________
               -1.636        -1.183        -0.417        -0.957        -0.385


           NU
              P11           P21           P12           P22           P13
              ________      ________      ________      ________      ________
                0.000         0.000         0.000         0.000         0.000


           NU
              P23           P14           P24           P15           P25
              ________      ________      ________      ________      ________
                0.000         0.000         0.000         0.000         0.000


           NU
              P16           P26           P17           P27           P18
              ________      ________      ________      ________      ________
                0.000         0.000         0.000         0.000         0.000


           NU
              P28           P19           P29           P110          P210
              ________      ________      ________      ________      ________
                0.000         0.000         0.000         0.000         0.000


           LAMBDA
              T             S1            S2            S3            S4
              ________      ________      ________      ________      ________
 P11            1.000         1.000         0.000         0.000         0.000
 P21            1.000         1.000         0.000         0.000         0.000
 P12            1.000         0.000         1.000         0.000         0.000
 P22            1.000         0.000         1.000         0.000         0.000
 P13            1.000         0.000         0.000         1.000         0.000
 P23            1.000         0.000         0.000         1.000         0.000
 P14            1.000         0.000         0.000         0.000         1.000
 P24            1.000         0.000         0.000         0.000         1.000
 P15            1.000         0.000         0.000         0.000         0.000
 P25            1.000         0.000         0.000         0.000         0.000
 P16            1.000         0.000         0.000         0.000         0.000
 P26            1.000         0.000         0.000         0.000         0.000
 P17            1.000         0.000         0.000         0.000         0.000
 P27            1.000         0.000         0.000         0.000         0.000
 P18            1.000         0.000         0.000         0.000         0.000
 P28            1.000         0.000         0.000         0.000         0.000
 P19            1.000         0.000         0.000         0.000         0.000
 P29            1.000         0.000         0.000         0.000         0.000
 P110           1.000         0.000         0.000         0.000         0.000
 P210           1.000         0.000         0.000         0.000         0.000


           LAMBDA
              S5            S6            S7            S8            S9
              ________      ________      ________      ________      ________
 P11            0.000         0.000         0.000         0.000         0.000
 P21            0.000         0.000         0.000         0.000         0.000
 P12            0.000         0.000         0.000         0.000         0.000
 P22            0.000         0.000         0.000         0.000         0.000
 P13            0.000         0.000         0.000         0.000         0.000
 P23            0.000         0.000         0.000         0.000         0.000
 P14            0.000         0.000         0.000         0.000         0.000
 P24            0.000         0.000         0.000         0.000         0.000
 P15            1.000         0.000         0.000         0.000         0.000
 P25            1.000         0.000         0.000         0.000         0.000
 P16            0.000         1.000         0.000         0.000         0.000
 P26            0.000         1.000         0.000         0.000         0.000
 P17            0.000         0.000         1.000         0.000         0.000
 P27            0.000         0.000         1.000         0.000         0.000
 P18            0.000         0.000         0.000         1.000         0.000
 P28            0.000         0.000         0.000         1.000         0.000
 P19            0.000         0.000         0.000         0.000         1.000
 P29            0.000         0.000         0.000         0.000         1.000
 P110           0.000         0.000         0.000         0.000         0.000
 P210           0.000         0.000         0.000         0.000         0.000


           LAMBDA
              S10
              ________
 P11            0.000
 P21            0.000
 P12            0.000
 P22            0.000
 P13            0.000
 P23            0.000
 P14            0.000
 P24            0.000
 P15            0.000
 P25            0.000
 P16            0.000
 P26            0.000
 P17            0.000
 P27            0.000
 P18            0.000
 P28            0.000
 P19            0.000
 P29            0.000
 P110           1.000
 P210           1.000


           THETA
              P11           P21           P12           P22           P13
              ________      ________      ________      ________      ________
 P11            1.000
 P21            0.000         1.000
 P12            0.000         0.000         1.000
 P22            0.000         0.000         0.000         1.000
 P13            0.000         0.000         0.000         0.000         1.000
 P23            0.000         0.000         0.000         0.000         0.000
 P14            0.000         0.000         0.000         0.000         0.000
 P24            0.000         0.000         0.000         0.000         0.000
 P15            0.000         0.000         0.000         0.000         0.000
 P25            0.000         0.000         0.000         0.000         0.000
 P16            0.000         0.000         0.000         0.000         0.000
 P26            0.000         0.000         0.000         0.000         0.000
 P17            0.000         0.000         0.000         0.000         0.000
 P27            0.000         0.000         0.000         0.000         0.000
 P18            0.000         0.000         0.000         0.000         0.000
 P28            0.000         0.000         0.000         0.000         0.000
 P19            0.000         0.000         0.000         0.000         0.000
 P29            0.000         0.000         0.000         0.000         0.000
 P110           0.000         0.000         0.000         0.000         0.000
 P210           0.000         0.000         0.000         0.000         0.000


           THETA
              P23           P14           P24           P15           P25
              ________      ________      ________      ________      ________
 P23            1.000
 P14            0.000         1.000
 P24            0.000         0.000         1.000
 P15            0.000         0.000         0.000         1.000
 P25            0.000         0.000         0.000         0.000         1.000
 P16            0.000         0.000         0.000         0.000         0.000
 P26            0.000         0.000         0.000         0.000         0.000
 P17            0.000         0.000         0.000         0.000         0.000
 P27            0.000         0.000         0.000         0.000         0.000
 P18            0.000         0.000         0.000         0.000         0.000
 P28            0.000         0.000         0.000         0.000         0.000
 P19            0.000         0.000         0.000         0.000         0.000
 P29            0.000         0.000         0.000         0.000         0.000
 P110           0.000         0.000         0.000         0.000         0.000
 P210           0.000         0.000         0.000         0.000         0.000


           THETA
              P16           P26           P17           P27           P18
              ________      ________      ________      ________      ________
 P16            1.000
 P26            0.000         1.000
 P17            0.000         0.000         1.000
 P27            0.000         0.000         0.000         1.000
 P18            0.000         0.000         0.000         0.000         1.000
 P28            0.000         0.000         0.000         0.000         0.000
 P19            0.000         0.000         0.000         0.000         0.000
 P29            0.000         0.000         0.000         0.000         0.000
 P110           0.000         0.000         0.000         0.000         0.000
 P210           0.000         0.000         0.000         0.000         0.000


           THETA
              P28           P19           P29           P110          P210
              ________      ________      ________      ________      ________
 P28            1.000
 P19            0.000         1.000
 P29            0.000         0.000         1.000
 P110           0.000         0.000         0.000         1.000
 P210           0.000         0.000         0.000         0.000         1.000


           ALPHA
              T             S1            S2            S3            S4
              ________      ________      ________      ________      ________
                0.000         0.000         0.000         0.000         0.000


           ALPHA
              S5            S6            S7            S8            S9
              ________      ________      ________      ________      ________
                0.000         0.000         0.000         0.000         0.000


           ALPHA
              S10
              ________
                0.000


           BETA
              T             S1            S2            S3            S4
              ________      ________      ________      ________      ________
 T              0.000         0.000         0.000         0.000         0.000
 S1             0.000         0.000         0.000         0.000         0.000
 S2             0.000         0.000         0.000         0.000         0.000
 S3             0.000         0.000         0.000         0.000         0.000
 S4             0.000         0.000         0.000         0.000         0.000
 S5             0.000         0.000         0.000         0.000         0.000
 S6             0.000         0.000         0.000         0.000         0.000
 S7             0.000         0.000         0.000         0.000         0.000
 S8             0.000         0.000         0.000         0.000         0.000
 S9             0.000         0.000         0.000         0.000         0.000
 S10            0.000         0.000         0.000         0.000         0.000


           BETA
              S5            S6            S7            S8            S9
              ________      ________      ________      ________      ________
 T              0.000         0.000         0.000         0.000         0.000
 S1             0.000         0.000         0.000         0.000         0.000
 S2             0.000         0.000         0.000         0.000         0.000
 S3             0.000         0.000         0.000         0.000         0.000
 S4             0.000         0.000         0.000         0.000         0.000
 S5             0.000         0.000         0.000         0.000         0.000
 S6             0.000         0.000         0.000         0.000         0.000
 S7             0.000         0.000         0.000         0.000         0.000
 S8             0.000         0.000         0.000         0.000         0.000
 S9             0.000         0.000         0.000         0.000         0.000
 S10            0.000         0.000         0.000         0.000         0.000


           BETA
              S10
              ________
 T              0.000
 S1             0.000
 S2             0.000
 S3             0.000
 S4             0.000
 S5             0.000
 S6             0.000
 S7             0.000
 S8             0.000
 S9             0.000
 S10            0.000


           PSI
              T             S1            S2            S3            S4
              ________      ________      ________      ________      ________
 T              1.000
 S1             0.000         1.000
 S2             0.000         0.000         1.000
 S3             0.000         0.000         0.000         1.000
 S4             0.000         0.000         0.000         0.000         1.000
 S5             0.000         0.000         0.000         0.000         0.000
 S6             0.000         0.000         0.000         0.000         0.000
 S7             0.000         0.000         0.000         0.000         0.000
 S8             0.000         0.000         0.000         0.000         0.000
 S9             0.000         0.000         0.000         0.000         0.000
 S10            0.000         0.000         0.000         0.000         0.000


           PSI
              S5            S6            S7            S8            S9
              ________      ________      ________      ________      ________
 S5             1.000
 S6             0.000         1.000
 S7             0.000         0.000         1.000
 S8             0.000         0.000         0.000         1.000
 S9             0.000         0.000         0.000         0.000         1.000
 S10            0.000         0.000         0.000         0.000         0.000


           PSI
              S10
              ________
 S10            1.000


     STARTING VALUES FOR THE ADDITIONAL PARAMETERS


           NEW/ADDITIONAL PARAMETERS
              CON           OCC           REL
              ________      ________      ________
                0.500         0.500         0.500



     PRIORS FOR ALL PARAMETERS            PRIOR MEAN      PRIOR VARIANCE     PRIOR STD. DEV.

     Parameter 1~IG(-1.000,0.000)          infinity            infinity            infinity
     Parameter 2~IG(-1.000,0.000)          infinity            infinity            infinity
     Parameter 3~N(0.000,5.000)              0.0000              5.0000              2.2361
     Parameter 4~N(0.000,5.000)              0.0000              5.0000              2.2361
     Parameter 5~N(0.000,5.000)              0.0000              5.0000              2.2361
     Parameter 6~N(0.000,5.000)              0.0000              5.0000              2.2361
     Parameter 7~N(0.000,5.000)              0.0000              5.0000              2.2361
     Parameter 8~N(0.000,5.000)              0.0000              5.0000              2.2361
     Parameter 9~N(0.000,5.000)              0.0000              5.0000              2.2361
     Parameter 10~N(0.000,5.000)             0.0000              5.0000              2.2361
     Parameter 11~N(0.000,5.000)             0.0000              5.0000              2.2361
     Parameter 12~N(0.000,5.000)             0.0000              5.0000              2.2361
     Parameter 13~N(0.000,5.000)             0.0000              5.0000              2.2361
     Parameter 14~N(0.000,5.000)             0.0000              5.0000              2.2361
     Parameter 15~N(0.000,5.000)             0.0000              5.0000              2.2361
     Parameter 16~N(0.000,5.000)             0.0000              5.0000              2.2361
     Parameter 17~N(0.000,5.000)             0.0000              5.0000              2.2361
     Parameter 18~N(0.000,5.000)             0.0000              5.0000              2.2361
     Parameter 19~N(0.000,5.000)             0.0000              5.0000              2.2361
     Parameter 20~N(0.000,5.000)             0.0000              5.0000              2.2361
     Parameter 21~N(0.000,5.000)             0.0000              5.0000              2.2361
     Parameter 22~N(0.000,5.000)             0.0000              5.0000              2.2361
     Parameter 23~N(0.000,5.000)             0.0000              5.0000              2.2361


TECHNICAL 8 OUTPUT


   TECHNICAL 8 OUTPUT FOR BAYES ESTIMATION

     CHAIN    BSEED
     1        0
     2        285380

                     POTENTIAL       PARAMETER WITH
     ITERATION    SCALE REDUCTION      HIGHEST PSR
     100              1.133               6
     200              1.372               6
     300              1.232               4
     400              1.088               13
     500              1.271               6
     600              1.222               6
     700              1.066               7
     800              1.016               7
     900              1.021               12
     1000             1.039               12
     1100             1.046               8
     1200             1.072               8
     1300             1.057               8
     1400             1.026               8
     1500             1.026               8
     1600             1.034               4
     1700             1.036               4
     1800             1.020               12
     1900             1.022               12
     2000             1.019               12
     2100             1.016               12
     2200             1.010               12
     2300             1.006               12
     2400             1.007               12
     2500             1.007               23
     2600             1.007               12
     2700             1.007               3
     2800             1.010               3
     2900             1.007               3
     3000             1.006               3
     3100             1.018               3
     3200             1.013               3
     3300             1.008               8
     3400             1.006               3
     3500             1.005               8
     3600             1.005               8
     3700             1.004               23
     3800             1.003               8
     3900             1.003               23
     4000             1.003               23
     4100             1.002               23
     4200             1.002               23
     4300             1.003               23
     4400             1.004               13
     4500             1.004               23
     4600             1.003               23
     4700             1.004               23
     4800             1.003               23
     4900             1.003               23
     5000             1.003               13
     5100             1.002               13
     5200             1.003               23
     5300             1.003               13
     5400             1.005               13
     5500             1.008               13
     5600             1.011               13
     5700             1.008               13
     5800             1.011               12
     5900             1.012               12
     6000             1.011               12
     6100             1.013               12
     6200             1.016               13
     6300             1.012               13
     6400             1.012               13
     6500             1.010               12
     6600             1.011               12
     6700             1.009               12
     6800             1.011               12
     6900             1.009               3
     7000             1.011               6
     7100             1.012               3
     7200             1.014               6
     7300             1.014               6
     7400             1.014               6
     7500             1.014               6
     7600             1.012               6
     7700             1.012               6
     7800             1.011               6
     7900             1.012               6
     8000             1.011               6
     8100             1.009               6
     8200             1.011               6
     8300             1.013               6
     8400             1.013               6
     8500             1.012               6
     8600             1.012               6
     8700             1.012               3
     8800             1.013               6
     8900             1.010               6
     9000             1.011               5
     9100             1.012               5
     9200             1.011               5
     9300             1.013               3
     9400             1.011               3
     9500             1.010               3
     9600             1.010               3
     9700             1.013               3
     9800             1.011               3
     9900             1.011               3
     10000            1.011               3
     10100            1.010               3
     10200            1.009               3
     10300            1.008               3
     10400            1.010               3
     10500            1.010               3
     10600            1.011               3
     10700            1.010               3
     10800            1.009               3
     10900            1.008               3
     11000            1.007               3
     11100            1.006               3
     11200            1.004               3
     11300            1.005               3
     11400            1.004               3
     11500            1.003               3
     11600            1.004               3
     11700            1.005               3
     11800            1.006               3
     11900            1.005               3
     12000            1.005               3
     12100            1.005               3
     12200            1.005               3
     12300            1.006               3
     12400            1.007               3
     12500            1.005               3
     12600            1.006               3
     12700            1.005               3
     12800            1.003               3
     12900            1.003               3
     13000            1.003               3
     13100            1.003               3
     13200            1.004               3
     13300            1.005               3
     13400            1.005               3
     13500            1.006               3
     13600            1.005               3
     13700            1.005               3
     13800            1.004               3
     13900            1.003               3
     14000            1.003               9
     14100            1.003               9
     14200            1.003               9
     14300            1.002               9
     14400            1.002               9
     14500            1.002               9
     14600            1.002               9
     14700            1.001               9
     14800            1.001               9
     14900            1.001               2
     15000            1.001               17
     15100            1.001               5
     15200            1.001               5
     15300            1.001               8
     15400            1.001               17
     15500            1.001               8
     15600            1.001               8
     15700            1.001               8
     15800            1.001               8
     15900            1.001               8
     16000            1.001               8
     16100            1.001               8
     16200            1.001               8
     16300            1.001               8
     16400            1.001               8
     16500            1.001               8
     16600            1.001               8
     16700            1.001               8
     16800            1.001               8
     16900            1.001               8
     17000            1.001               8
     17100            1.001               8
     17200            1.001               8
     17300            1.001               8
     17400            1.001               8
     17500            1.001               20
     17600            1.001               20
     17700            1.001               20
     17800            1.001               5
     17900            1.001               5
     18000            1.001               3
     18100            1.002               3
     18200            1.002               3
     18300            1.002               3
     18400            1.002               3
     18500            1.002               3
     18600            1.002               3
     18700            1.001               3
     18800            1.001               3
     18900            1.002               3
     19000            1.002               5
     19100            1.002               5
     19200            1.001               5
     19300            1.001               21
     19400            1.001               21
     19500            1.001               21
     19600            1.001               21
     19700            1.001               21
     19800            1.001               21
     19900            1.001               21
     20000            1.001               21


PLOT INFORMATION

The following plots are available:

  Sample proportions and estimated probabilities
  Bayesian posterior parameter distributions
  Bayesian posterior parameter trace plots
  Bayesian autocorrelation plots
  Bayesian prior parameter distributions
  Bayesian posterior predictive checking scatterplots
  Bayesian posterior predictive checking distribution plots

     Beginning Time:  14:41:34
        Ending Time:  14:43:26
       Elapsed Time:  00:01:52



MUTHEN & MUTHEN
3463 Stoner Ave.
Los Angeles, CA  90066

Tel: (310) 391-9971
Fax: (310) 391-8971
Web: www.StatModel.com
Support: Support@StatModel.com

Copyright (c) 1998-2024 Muthen & Muthen
