Mplus VERSION 8.10 (Mac)
MUTHEN & MUTHEN
03/12/2024  11:54 AM

INPUT INSTRUCTIONS

  DATA:

  File is laac2_wide.dat;

  VARIABLE:

  NAMES =   subject task
  Y1_1    Y1_10   Y1_2    Y1_3    Y1_4    Y1_5    Y1_6
  Y1_7    Y1_8    Y1_9    Y10_1   Y10_10  Y10_2   Y10_3   Y10_4   Y10_5
  Y10_6   Y10_7   Y10_8   Y10_9   Y11_1   Y11_10  Y11_2   Y11_3   Y11_4
  Y11_5   Y11_6   Y11_7   Y11_8   Y11_9   Y12_1   Y12_10  Y12_2   Y12_3
  Y12_4   Y12_5   Y12_6   Y12_7   Y12_8   Y12_9   Y2_1    Y2_10   Y2_2
  Y2_3    Y2_4    Y2_5    Y2_6    Y2_7    Y2_8    Y2_9    Y3_1    Y3_10
  Y3_2    Y3_3    Y3_4    Y3_5    Y3_6    Y3_7    Y3_8    Y3_9    Y4_1
  Y4_10   Y4_2    Y4_3    Y4_4    Y4_5    Y4_6    Y4_7    Y4_8    Y4_9
  Y5_1    Y5_10   Y5_2    Y5_3    Y5_4    Y5_5    Y5_6    Y5_7    Y5_8
  Y5_9    Y6_1    Y6_10   Y6_2    Y6_3    Y6_4    Y6_5    Y6_6    Y6_7
  Y6_8    Y6_9    Y7_1    Y7_10   Y7_2    Y7_3    Y7_4    Y7_5    Y7_6
  Y7_7    Y7_8    Y7_9    Y8_1    Y8_10   Y8_2    Y8_3    Y8_4    Y8_5
  Y8_6    Y8_7    Y8_8    Y8_9    Y9_1    Y9_10   Y9_2    Y9_3    Y9_4
  Y9_5    Y9_6    Y9_7    Y9_8    Y9_9;


  USEVARIABLES =  P11 P21 P12 P22 P13 P23 P14 P24
  	       P15 P25 P16 P26 P17 P27 P18 P28 P19 P29
  	       P110 P210 ;
  	
  Categ =   P11 P21 P12 P22 P13 P23 P14 P24
  	       P15 P25 P16 P26 P17 P27 P18 P28 P19 P29
  	       P110 P210 ;
  	

  Missing = All(-99);	

  useobservations are (task EQ 6);

  ! "'attention'=1;'communication'=2;'reasoning'=3;'visible_food'=4;
  !'population'=5;'inhibit_searched'=6"

  DEFINE:
  P11 = Y1_1 + Y3_1 + Y5_1 + Y7_1 + Y9_1 + Y11_1;
  P21 =  Y2_1 + Y4_1 + Y6_1 + Y8_1 + Y10_1 + Y12_1;

  P12 =  Y1_2 + Y3_2 + Y5_2 + Y7_2 + Y9_2 + Y11_2;
  P22 =  Y2_2 + Y4_2 + Y6_2 + Y8_2 + Y10_2 + Y12_2;

  P13 =  Y1_3 + Y3_3 + Y5_3 + Y7_3 + Y9_3 + Y11_3;
  P23 =  Y2_3 + Y4_3 + Y6_3 + Y8_3 + Y10_3 + Y12_3;

  P14 =  Y1_4 + Y3_4 + Y5_4 + Y7_4 + Y9_4 + Y11_4;
  P24 =  Y2_4 + Y4_4 + Y6_4 + Y8_4 + Y10_4 + Y12_4;

  P15 =  Y1_5 + Y3_5 + Y5_5 + Y7_5 + Y9_5 + Y11_5;
  P25 =  Y2_5 + Y4_5 + Y6_5 + Y8_5 + Y10_5 + Y12_5;

  P16 =  Y1_6 + Y3_6 + Y5_6 + Y7_6 + Y9_6 + Y11_6;
  P26 =  Y2_6 + Y4_6 + Y6_6 + Y8_6 + Y10_6 + Y12_6;

  P17 =  Y1_7 + Y3_7 + Y5_7 + Y7_7 + Y9_7 + Y11_7;
  P27 =  Y2_7 + Y4_7 + Y6_7 + Y8_7 + Y10_7 + Y12_7;

  P18 =  Y1_8 + Y3_8 + Y5_8 + Y7_8 + Y9_8 + Y11_8;
  P28 =  Y2_8 + Y4_8 + Y6_8 + Y8_8 + Y10_8 + Y12_8;

  P19 =  Y1_9 + Y3_9 + Y5_9 + Y7_9 + Y9_9 + Y11_9;
  P29 =  Y2_9 + Y4_9 + Y6_9 + Y8_9 + Y10_9 + Y12_9;

  P110 =  Y1_10 + Y3_10 + Y5_10 + Y7_10 + Y9_10 + Y11_10;
  P210 =  Y2_10 + Y4_10 + Y6_10 + Y8_10 + Y10_10 + Y12_10;


    IF (P11>3) THEN P11=3;
    IF (P21>3) THEN P21=3;
    IF (P12>3) THEN P12=3;
    IF (P22>3) THEN P22=3;
    IF (P13>3) THEN P13=3;
    IF (P23>3) THEN P23=3;
    IF (P14>3) THEN P14=3;
    IF (P24>3) THEN P24=3;
    IF (P15>3) THEN P15=3;
    IF (P25>3) THEN P25=3;
    IF (P16>3) THEN P16=3;
    IF (P26>3) THEN P26=3;
    IF (P17>3) THEN P17=3;
    IF (P27>3) THEN P27=3;
    IF (P18>3) THEN P18=3;
    IF (P28>3) THEN P28=3;
    IF (P19>3) THEN P19=3;
    IF (P29>3) THEN P29=3;
    IF (P110>3) THEN P110=3;
    IF (P210>3) THEN P210=3;


  ANALYSIS:

  	ESTIMATOR = Bayes;
  	Biter=(20000);
  	Thin=10;
  	Bconvergence = .005;	

  MODEL:

  T by P11@1 P21@1
  	P12@1 P22@1
  	P13@1 P23@1
  	P14@1 P24@1
  	P15@1 P25@1
  	P16@1 P26@1
  	P17@1 P27@1
  	P18@1 P28@1
  	P19@1 P29@1
  	P110@1 P210@1;


  S1 by P11@1 P21@1;
  S2 by P12@1 P22@1;
  S3 by P13@1 P23@1;
  S4 by P14@1 P24@1;
  S5 by P15@1 P25@1;
  S6 by P16@1 P26@1;
  S7 by P17@1 P27@1;
  S8 by P18@1 P28@1;
  S9 by P19@1 P29@1;
  S10 by P110@1 P210@1;

  	
  [S1-S10@0];
  [T@0];

  S1-S10 with S1-S10@0;
  T with S1-S10@0;


  [P11$1*-1] (tau1);
  [P11$2*-0.5] (tau2);
  [P11$3*0.2] (tau3);
  ![P11$4*1.5] (tau4);
  ![P11$5] (tau5);


  [P21$1] (tau1);
  [P21$2] (tau2);
  [P21$3] (tau3);
  ![P21$4] (tau4);
  ![P21$5] (tau5);

  [P12$1] (tau1);
  [P12$2] (tau2);
  [P12$3] (tau3);
  ![P12$4] (tau4);
  ![P12$5] (tau5);

  [P22$1] (tau1);
  [P22$2] (tau2);
  [P22$3] (tau3);
  ![P22$4] (tau4);
  ![P22$5] (tau5);

  [P13$1] (tau1);
  [P13$2] (tau2);
  [P13$3] (tau3);
  ![P13$4] (tau4);
  ![P13$5] (tau5);


  [P23$1] (tau1);
  [P23$2] (tau2);
  [P23$3] (tau3);
  ![P23$4] (tau4);
  ![P23$5] (tau5);

  [P14$1] (tau12);
  [P14$2] (tau22);
  ![P14$3] (tau3);
  ![P14$4] (tau4);
  ![P14$5] (tau5);

  [P24$1] (tau12);
  [P24$2] (tau22);
  ![P24$3] (tau3);
  ![P24$4] (tau4);
  ![P24$5] (tau5);


  [P15$1] (tau1);
  [P15$2] (tau2);
  [P15$3] (tau3);
  ![P15$4] (tau4);
  ![P15$5] (tau5);

  [P25$1] (tau12);
  [P25$2] (tau22);
  ![P25$3] (tau3);
  ![P25$4] (tau4);
  ![P25$5] (tau5);

  [P16$1] (tau1);
  [P16$2] (tau2);
  [P16$3] (tau3);
  ![P16$4] (tau4);
  ![P16$5] (tau5);

  [P26$1] (tau1);
  [P26$2] (tau2);
  [P26$3] (tau3);
  ![P26$4] (tau4);
  ![P26$5] (tau5);

  [P17$1] (tau1);
  [P17$2] (tau2);
  [P17$3] (tau3);
  ![P17$4] (tau4);
  ![P17$5] (tau5);

  [P27$1] (tau1);
  [P27$2] (tau2);
  [P27$3] (tau3);
  ![P27$4] (tau4);
  ![P27$5] (tau5);

  [P18$1] (tau1);
  [P18$2] (tau2);
  [P18$3] (tau3);
  ![P18$4] (tau4);
  ![P18$5] (tau5);


  [P28$1] (tau1);
  [P28$2] (tau2);
  [P28$3] (tau3);
  ![P28$4] (tau4);
  ![P28$5] (tau5);

  [P19$1] (tau1);
  [P19$2] (tau2);
  [P19$3] (tau3);
  ![P19$4] (tau4);
  ![P19$5] (tau5);

  [P29$1] (tau1);
  [P29$2] (tau2);
  [P29$3] (tau3);
  ![P29$4] (tau4);
  ![P29$5] (tau5);

  [P110$1] (tau1);
  [P110$2] (tau2);
  [P110$3] (tau3);
  ![P110$4] (tau4);
  ![P110$5] (tau5);

  [P210$1] (tau12);
  [P210$2] (tau22);
  ![P210$3] (tau3);
  ![P210$4] (tau4);
  ![P210$5] (tau5);



  Output: stdyx tech8;
  PLOT:   TYPE = PLOT2;
  	



*** WARNING
  Data set contains cases with missing on all variables.
  These cases were not included in the analysis.
  Number of cases with missing on all variables:  2
   1 WARNING(S) FOUND IN THE INPUT INSTRUCTIONS




SUMMARY OF ANALYSIS

Number of groups                                                 1
Number of observations                                          45

Number of dependent variables                                   20
Number of independent variables                                  0
Number of continuous latent variables                           11

Observed dependent variables

  Binary and ordered categorical (ordinal)
   P11         P21         P12         P22         P13         P23
   P14         P24         P15         P25         P16         P26
   P17         P27         P18         P28         P19         P29
   P110        P210

Continuous latent variables
   T           S1          S2          S3          S4          S5
   S6          S7          S8          S9          S10


Estimator                                                    BAYES
Specifications for Bayesian Estimation
  Point estimate                                            MEDIAN
  Number of Markov chain Monte Carlo (MCMC) chains               2
  Random seed for the first chain                                0
  Starting value information                           UNPERTURBED
  Algorithm used for Markov chain Monte Carlo           GIBBS(PX1)
  Convergence criterion                                  0.500D-02
  Maximum number of iterations                               50000
  K-th iteration used for thinning                              10
Link                                                        PROBIT

Input data file(s)
  laac2_wide.dat
Input data format  FREE


SUMMARY OF DATA



COVARIANCE COVERAGE OF DATA

Minimum covariance coverage value   0.100

     Number of missing data patterns            33


     PROPORTION OF DATA PRESENT


           Covariance Coverage
              P11           P21           P12           P22           P13
              ________      ________      ________      ________      ________
 P11            0.644
 P21            0.644         0.644
 P12            0.511         0.511         0.622
 P22            0.511         0.511         0.600         0.600
 P13            0.556         0.556         0.533         0.511         0.733
 P23            0.556         0.556         0.533         0.511         0.733
 P14            0.289         0.289         0.311         0.289         0.422
 P24            0.289         0.289         0.311         0.289         0.422
 P15            0.489         0.489         0.422         0.422         0.533
 P25            0.489         0.489         0.422         0.422         0.533
 P16            0.489         0.489         0.400         0.378         0.533
 P26            0.489         0.489         0.400         0.378         0.533
 P17            0.511         0.511         0.467         0.467         0.556
 P27            0.511         0.511         0.467         0.467         0.533
 P18            0.556         0.556         0.511         0.489         0.622
 P28            0.556         0.556         0.511         0.489         0.622
 P19            0.444         0.444         0.444         0.422         0.511
 P29            0.444         0.444         0.444         0.422         0.511
 P110           0.511         0.511         0.467         0.444         0.578
 P210           0.511         0.511         0.467         0.444         0.578


           Covariance Coverage
              P23           P14           P24           P15           P25
              ________      ________      ________      ________      ________
 P23            0.733
 P14            0.422         0.489
 P24            0.422         0.489         0.489
 P15            0.533         0.400         0.400         0.644
 P25            0.533         0.400         0.400         0.644         0.644
 P16            0.533         0.378         0.378         0.467         0.467
 P26            0.533         0.378         0.378         0.467         0.467
 P17            0.556         0.356         0.356         0.533         0.533
 P27            0.533         0.333         0.333         0.511         0.511
 P18            0.622         0.422         0.422         0.578         0.578
 P28            0.622         0.422         0.422         0.578         0.578
 P19            0.511         0.378         0.378         0.467         0.467
 P29            0.511         0.378         0.378         0.467         0.467
 P110           0.578         0.356         0.356         0.511         0.511
 P210           0.578         0.356         0.356         0.511         0.511


           Covariance Coverage
              P16           P26           P17           P27           P18
              ________      ________      ________      ________      ________
 P16            0.600
 P26            0.600         0.600
 P17            0.489         0.489         0.667
 P27            0.489         0.489         0.644         0.644
 P18            0.556         0.556         0.556         0.556         0.822
 P28            0.556         0.556         0.556         0.556         0.822
 P19            0.422         0.422         0.511         0.511         0.556
 P29            0.422         0.422         0.511         0.511         0.556
 P110           0.489         0.489         0.511         0.489         0.644
 P210           0.489         0.489         0.511         0.489         0.644


           Covariance Coverage
              P28           P19           P29           P110          P210
              ________      ________      ________      ________      ________
 P28            0.822
 P19            0.556         0.622
 P29            0.556         0.622         0.622
 P110           0.644         0.511         0.511         0.711
 P210           0.644         0.511         0.511         0.711         0.711


UNIVARIATE PROPORTIONS AND COUNTS FOR CATEGORICAL VARIABLES

    P11
      Category 1    0.379           11.000
      Category 2    0.207            6.000
      Category 3    0.241            7.000
      Category 4    0.172            5.000
    P21
      Category 1    0.552           16.000
      Category 2    0.069            2.000
      Category 3    0.207            6.000
      Category 4    0.172            5.000
    P12
      Category 1    0.679           19.000
      Category 2    0.107            3.000
      Category 3    0.071            2.000
      Category 4    0.143            4.000
    P22
      Category 1    0.593           16.000
      Category 2    0.185            5.000
      Category 3    0.111            3.000
      Category 4    0.111            3.000
    P13
      Category 1    0.606           20.000
      Category 2    0.121            4.000
      Category 3    0.121            4.000
      Category 4    0.152            5.000
    P23
      Category 1    0.636           21.000
      Category 2    0.182            6.000
      Category 3    0.061            2.000
      Category 4    0.121            4.000
    P14
      Category 1    0.636           14.000
      Category 2    0.136            3.000
      Category 3    0.227            5.000
    P24
      Category 1    0.545           12.000
      Category 2    0.227            5.000
      Category 3    0.227            5.000
    P15
      Category 1    0.690           20.000
      Category 2    0.172            5.000
      Category 3    0.069            2.000
      Category 4    0.069            2.000
    P25
      Category 1    0.690           20.000
      Category 2    0.207            6.000
      Category 3    0.103            3.000
    P16
      Category 1    0.852           23.000
      Category 2    0.074            2.000
      Category 3    0.037            1.000
      Category 4    0.037            1.000
    P26
      Category 1    0.778           21.000
      Category 2    0.148            4.000
      Category 3    0.037            1.000
      Category 4    0.037            1.000
    P17
      Category 1    0.733           22.000
      Category 2    0.067            2.000
      Category 3    0.133            4.000
      Category 4    0.067            2.000
    P27
      Category 1    0.759           22.000
      Category 2    0.069            2.000
      Category 3    0.069            2.000
      Category 4    0.103            3.000
    P18
      Category 1    0.757           28.000
      Category 2    0.135            5.000
      Category 3    0.054            2.000
      Category 4    0.054            2.000
    P28
      Category 1    0.784           29.000
      Category 2    0.054            2.000
      Category 3    0.081            3.000
      Category 4    0.081            3.000
    P19
      Category 1    0.786           22.000
      Category 2    0.143            4.000
      Category 3    0.036            1.000
      Category 4    0.036            1.000
    P29
      Category 1    0.786           22.000
      Category 2    0.107            3.000
      Category 3    0.071            2.000
      Category 4    0.036            1.000
    P110
      Category 1    0.750           24.000
      Category 2    0.156            5.000
      Category 3    0.031            1.000
      Category 4    0.062            2.000
    P210
      Category 1    0.875           28.000
      Category 2    0.094            3.000
      Category 3    0.031            1.000



THE MODEL ESTIMATION TERMINATED NORMALLY

     USE THE FBITERATIONS OPTION TO INCREASE THE NUMBER OF ITERATIONS BY A FACTOR
     OF AT LEAST TWO TO CHECK CONVERGENCE AND THAT THE PSR VALUE DOES NOT INCREASE.



MODEL FIT INFORMATION

Number of Free Parameters                              16

Bayesian Posterior Predictive Checking using Chi-Square

          95% Confidence Interval for the Difference Between
          the Observed and the Replicated Chi-Square Values

                                -54.663            91.436

          Posterior Predictive P-Value              0.322



MODEL RESULTS

                                Posterior  One-Tailed         95% C.I.
                    Estimate       S.D.      P-Value   Lower 2.5%  Upper 2.5%  Significance

 T        BY
    P11                1.000       0.000      0.000       1.000       1.000
    P21                1.000       0.000      0.000       1.000       1.000
    P12                1.000       0.000      0.000       1.000       1.000
    P22                1.000       0.000      0.000       1.000       1.000
    P13                1.000       0.000      0.000       1.000       1.000
    P23                1.000       0.000      0.000       1.000       1.000
    P14                1.000       0.000      0.000       1.000       1.000
    P24                1.000       0.000      0.000       1.000       1.000
    P15                1.000       0.000      0.000       1.000       1.000
    P25                1.000       0.000      0.000       1.000       1.000
    P16                1.000       0.000      0.000       1.000       1.000
    P26                1.000       0.000      0.000       1.000       1.000
    P17                1.000       0.000      0.000       1.000       1.000
    P27                1.000       0.000      0.000       1.000       1.000
    P18                1.000       0.000      0.000       1.000       1.000
    P28                1.000       0.000      0.000       1.000       1.000
    P19                1.000       0.000      0.000       1.000       1.000
    P29                1.000       0.000      0.000       1.000       1.000
    P110               1.000       0.000      0.000       1.000       1.000
    P210               1.000       0.000      0.000       1.000       1.000

 S1       BY
    P11                1.000       0.000      0.000       1.000       1.000
    P21                1.000       0.000      0.000       1.000       1.000

 S2       BY
    P12                1.000       0.000      0.000       1.000       1.000
    P22                1.000       0.000      0.000       1.000       1.000

 S3       BY
    P13                1.000       0.000      0.000       1.000       1.000
    P23                1.000       0.000      0.000       1.000       1.000

 S4       BY
    P14                1.000       0.000      0.000       1.000       1.000
    P24                1.000       0.000      0.000       1.000       1.000

 S5       BY
    P15                1.000       0.000      0.000       1.000       1.000
    P25                1.000       0.000      0.000       1.000       1.000

 S6       BY
    P16                1.000       0.000      0.000       1.000       1.000
    P26                1.000       0.000      0.000       1.000       1.000

 S7       BY
    P17                1.000       0.000      0.000       1.000       1.000
    P27                1.000       0.000      0.000       1.000       1.000

 S8       BY
    P18                1.000       0.000      0.000       1.000       1.000
    P28                1.000       0.000      0.000       1.000       1.000

 S9       BY
    P19                1.000       0.000      0.000       1.000       1.000
    P29                1.000       0.000      0.000       1.000       1.000

 S10      BY
    P110               1.000       0.000      0.000       1.000       1.000
    P210               1.000       0.000      0.000       1.000       1.000

 S1       WITH
    S2                 0.000       0.000      1.000       0.000       0.000
    S3                 0.000       0.000      1.000       0.000       0.000
    S4                 0.000       0.000      1.000       0.000       0.000
    S5                 0.000       0.000      1.000       0.000       0.000
    S6                 0.000       0.000      1.000       0.000       0.000
    S7                 0.000       0.000      1.000       0.000       0.000
    S8                 0.000       0.000      1.000       0.000       0.000
    S9                 0.000       0.000      1.000       0.000       0.000
    S10                0.000       0.000      1.000       0.000       0.000
    T                  0.000       0.000      1.000       0.000       0.000

 S2       WITH
    S3                 0.000       0.000      1.000       0.000       0.000
    S4                 0.000       0.000      1.000       0.000       0.000
    S5                 0.000       0.000      1.000       0.000       0.000
    S6                 0.000       0.000      1.000       0.000       0.000
    S7                 0.000       0.000      1.000       0.000       0.000
    S8                 0.000       0.000      1.000       0.000       0.000
    S9                 0.000       0.000      1.000       0.000       0.000
    S10                0.000       0.000      1.000       0.000       0.000
    T                  0.000       0.000      1.000       0.000       0.000

 S3       WITH
    S4                 0.000       0.000      1.000       0.000       0.000
    S5                 0.000       0.000      1.000       0.000       0.000
    S6                 0.000       0.000      1.000       0.000       0.000
    S7                 0.000       0.000      1.000       0.000       0.000
    S8                 0.000       0.000      1.000       0.000       0.000
    S9                 0.000       0.000      1.000       0.000       0.000
    S10                0.000       0.000      1.000       0.000       0.000
    T                  0.000       0.000      1.000       0.000       0.000

 S4       WITH
    S5                 0.000       0.000      1.000       0.000       0.000
    S6                 0.000       0.000      1.000       0.000       0.000
    S7                 0.000       0.000      1.000       0.000       0.000
    S8                 0.000       0.000      1.000       0.000       0.000
    S9                 0.000       0.000      1.000       0.000       0.000
    S10                0.000       0.000      1.000       0.000       0.000
    T                  0.000       0.000      1.000       0.000       0.000

 S5       WITH
    S6                 0.000       0.000      1.000       0.000       0.000
    S7                 0.000       0.000      1.000       0.000       0.000
    S8                 0.000       0.000      1.000       0.000       0.000
    S9                 0.000       0.000      1.000       0.000       0.000
    S10                0.000       0.000      1.000       0.000       0.000
    T                  0.000       0.000      1.000       0.000       0.000

 S6       WITH
    S7                 0.000       0.000      1.000       0.000       0.000
    S8                 0.000       0.000      1.000       0.000       0.000
    S9                 0.000       0.000      1.000       0.000       0.000
    S10                0.000       0.000      1.000       0.000       0.000
    T                  0.000       0.000      1.000       0.000       0.000

 S7       WITH
    S8                 0.000       0.000      1.000       0.000       0.000
    S9                 0.000       0.000      1.000       0.000       0.000
    S10                0.000       0.000      1.000       0.000       0.000
    T                  0.000       0.000      1.000       0.000       0.000

 S8       WITH
    S9                 0.000       0.000      1.000       0.000       0.000
    S10                0.000       0.000      1.000       0.000       0.000
    T                  0.000       0.000      1.000       0.000       0.000

 S9       WITH
    S10                0.000       0.000      1.000       0.000       0.000
    T                  0.000       0.000      1.000       0.000       0.000

 S10      WITH
    T                  0.000       0.000      1.000       0.000       0.000

 Means
    T                  0.000       0.000      1.000       0.000       0.000
    S1                 0.000       0.000      1.000       0.000       0.000
    S2                 0.000       0.000      1.000       0.000       0.000
    S3                 0.000       0.000      1.000       0.000       0.000
    S4                 0.000       0.000      1.000       0.000       0.000
    S5                 0.000       0.000      1.000       0.000       0.000
    S6                 0.000       0.000      1.000       0.000       0.000
    S7                 0.000       0.000      1.000       0.000       0.000
    S8                 0.000       0.000      1.000       0.000       0.000
    S9                 0.000       0.000      1.000       0.000       0.000
    S10                0.000       0.000      1.000       0.000       0.000

 Thresholds
    P11$1              0.533       0.000      0.000       0.533       0.533      *
    P11$2              0.966       0.000      0.000       0.966       0.966      *
    P11$3              1.394       0.000      0.000       1.394       1.394
    P21$1              0.533       0.000      0.000       0.533       0.533      *
    P21$2              0.966       0.000      0.000       0.966       0.966      *
    P21$3              1.394       0.000      0.000       1.394       1.394
    P12$1              0.533       0.000      0.000       0.533       0.533      *
    P12$2              0.966       0.000      0.000       0.966       0.966      *
    P12$3              1.394       0.000      0.000       1.394       1.394
    P22$1              0.533       0.000      0.000       0.533       0.533      *
    P22$2              0.966       0.000      0.000       0.966       0.966      *
    P22$3              1.394       0.000      0.000       1.394       1.394
    P13$1              0.533       0.000      0.000       0.533       0.533      *
    P13$2              0.966       0.000      0.000       0.966       0.966      *
    P13$3              1.394       0.000      0.000       1.394       1.394
    P23$1              0.533       0.000      0.000       0.533       0.533      *
    P23$2              0.966       0.000      0.000       0.966       0.966      *
    P23$3              1.394       0.000      0.000       1.394       1.394
    P14$1              0.486       0.257      0.026      -0.003       1.002
    P14$2              2.059       0.424      0.000       1.305       2.954      *
    P24$1              0.486       0.257      0.026      -0.003       1.002
    P24$2              2.059       0.424      0.000       1.305       2.954      *
    P15$1              0.533       0.000      0.000       0.533       0.533      *
    P15$2              0.966       0.000      0.000       0.966       0.966      *
    P15$3              1.394       0.000      0.000       1.394       1.394
    P25$1              0.486       0.257      0.026      -0.003       1.002
    P25$2              2.059       0.424      0.000       1.305       2.954      *
    P16$1              0.533       0.000      0.000       0.533       0.533      *
    P16$2              0.966       0.000      0.000       0.966       0.966      *
    P16$3              1.394       0.000      0.000       1.394       1.394
    P26$1              0.533       0.000      0.000       0.533       0.533      *
    P26$2              0.966       0.000      0.000       0.966       0.966      *
    P26$3              1.394       0.000      0.000       1.394       1.394
    P17$1              0.533       0.000      0.000       0.533       0.533      *
    P17$2              0.966       0.000      0.000       0.966       0.966      *
    P17$3              1.394       0.000      0.000       1.394       1.394
    P27$1              0.533       0.000      0.000       0.533       0.533      *
    P27$2              0.966       0.000      0.000       0.966       0.966      *
    P27$3              1.394       0.000      0.000       1.394       1.394
    P18$1              0.533       0.000      0.000       0.533       0.533      *
    P18$2              0.966       0.000      0.000       0.966       0.966      *
    P18$3              1.394       0.000      0.000       1.394       1.394
    P28$1              0.533       0.000      0.000       0.533       0.533      *
    P28$2              0.966       0.000      0.000       0.966       0.966      *
    P28$3              1.394       0.000      0.000       1.394       1.394
    P19$1              0.533       0.000      0.000       0.533       0.533      *
    P19$2              0.966       0.000      0.000       0.966       0.966      *
    P19$3              1.394       0.000      0.000       1.394       1.394
    P29$1              0.533       0.000      0.000       0.533       0.533      *
    P29$2              0.966       0.000      0.000       0.966       0.966      *
    P29$3              1.394       0.000      0.000       1.394       1.394
    P110$1             0.533       0.000      0.000       0.533       0.533      *
    P110$2             0.966       0.000      0.000       0.966       0.966      *
    P110$3             1.394       0.000      0.000       1.394       1.394
    P210$1             0.486       0.257      0.026      -0.003       1.002
    P210$2             2.059       0.424      0.000       1.305       2.954      *

 Variances
    T                  2.039       0.744      0.000       1.076       3.921      *
    S1                 1.480       1.215      0.000       0.269       4.879      *
    S2                 2.311       2.067      0.000       0.558       8.001      *
    S3                 2.117       1.924      0.000       0.528       7.430      *
    S4                 5.684      15.406      0.000       0.841      48.057      *
    S5                 0.293       0.541      0.000       0.010       1.937      *
    S6                 0.229       0.606      0.000       0.007       1.763      *
    S7                 0.588       0.990      0.000       0.029       3.367      *
    S8                 0.432       0.793      0.000       0.018       2.592      *
    S9                 0.342       0.648      0.000       0.012       2.235      *
    S10                1.024       1.568      0.000       0.058       5.300      *


STANDARDIZED MODEL RESULTS


STDYX Standardization

                                Posterior  One-Tailed         95% C.I.
                    Estimate       S.D.      P-Value   Lower 2.5%  Upper 2.5%  Significance
 T        BY
    P11                0.670       0.084      0.000       0.486       0.811      *
    P21                0.670       0.084      0.000       0.486       0.811      *
    P12                0.614       0.094      0.000       0.415       0.777      *
    P22                0.614       0.094      0.000       0.415       0.777      *
    P13                0.626       0.096      0.000       0.415       0.789      *
    P23                0.626       0.096      0.000       0.415       0.789      *
    P14                0.482       0.142      0.000       0.194       0.742      *
    P24                0.482       0.142      0.000       0.194       0.742      *
    P15                0.775       0.068      0.000       0.607       0.872      *
    P25                0.775       0.068      0.000       0.607       0.872      *
    P16                0.781       0.067      0.000       0.618       0.876      *
    P26                0.781       0.067      0.000       0.618       0.876      *
    P17                0.743       0.081      0.000       0.542       0.858      *
    P27                0.743       0.081      0.000       0.542       0.858      *
    P18                0.759       0.073      0.000       0.576       0.863      *
    P28                0.759       0.073      0.000       0.576       0.863      *
    P19                0.768       0.068      0.000       0.600       0.867      *
    P29                0.768       0.068      0.000       0.600       0.867      *
    P110               0.705       0.093      0.000       0.477       0.839      *
    P210               0.705       0.093      0.000       0.477       0.839      *

 S1       BY
    P11                0.568       0.127      0.000       0.292       0.782      *
    P21                0.568       0.127      0.000       0.292       0.782      *

 S2       BY
    P12                0.655       0.118      0.000       0.396       0.851      *
    P22                0.655       0.118      0.000       0.396       0.851      *

 S3       BY
    P13                0.639       0.119      0.000       0.380       0.845      *
    P23                0.639       0.119      0.000       0.380       0.845      *

 S4       BY
    P14                0.806       0.132      0.000       0.462       0.970      *
    P24                0.806       0.132      0.000       0.462       0.970      *

 S5       BY
    P15                0.295       0.151      0.000       0.056       0.627      *
    P25                0.295       0.151      0.000       0.056       0.627      *

 S6       BY
    P16                0.263       0.148      0.000       0.049       0.612      *
    P26                0.263       0.148      0.000       0.049       0.612      *

 S7       BY
    P17                0.401       0.163      0.000       0.096       0.724      *
    P27                0.401       0.163      0.000       0.096       0.724      *

 S8       BY
    P18                0.350       0.159      0.000       0.077       0.678      *
    P28                0.350       0.159      0.000       0.077       0.678      *

 S9       BY
    P19                0.317       0.153      0.000       0.062       0.646      *
    P29                0.317       0.153      0.000       0.062       0.646      *

 S10      BY
    P110               0.498       0.170      0.000       0.139       0.797      *
    P210               0.498       0.170      0.000       0.139       0.797      *

 S1       WITH
    S2                 0.000       0.000      1.000       0.000       0.000
    S3                 0.000       0.000      1.000       0.000       0.000
    S4                 0.000       0.000      1.000       0.000       0.000
    S5                 0.000       0.000      1.000       0.000       0.000
    S6                 0.000       0.000      1.000       0.000       0.000
    S7                 0.000       0.000      1.000       0.000       0.000
    S8                 0.000       0.000      1.000       0.000       0.000
    S9                 0.000       0.000      1.000       0.000       0.000
    S10                0.000       0.000      1.000       0.000       0.000
    T                  0.000       0.000      1.000       0.000       0.000

 S2       WITH
    S3                 0.000       0.000      1.000       0.000       0.000
    S4                 0.000       0.000      1.000       0.000       0.000
    S5                 0.000       0.000      1.000       0.000       0.000
    S6                 0.000       0.000      1.000       0.000       0.000
    S7                 0.000       0.000      1.000       0.000       0.000
    S8                 0.000       0.000      1.000       0.000       0.000
    S9                 0.000       0.000      1.000       0.000       0.000
    S10                0.000       0.000      1.000       0.000       0.000
    T                  0.000       0.000      1.000       0.000       0.000

 S3       WITH
    S4                 0.000       0.000      1.000       0.000       0.000
    S5                 0.000       0.000      1.000       0.000       0.000
    S6                 0.000       0.000      1.000       0.000       0.000
    S7                 0.000       0.000      1.000       0.000       0.000
    S8                 0.000       0.000      1.000       0.000       0.000
    S9                 0.000       0.000      1.000       0.000       0.000
    S10                0.000       0.000      1.000       0.000       0.000
    T                  0.000       0.000      1.000       0.000       0.000

 S4       WITH
    S5                 0.000       0.000      1.000       0.000       0.000
    S6                 0.000       0.000      1.000       0.000       0.000
    S7                 0.000       0.000      1.000       0.000       0.000
    S8                 0.000       0.000      1.000       0.000       0.000
    S9                 0.000       0.000      1.000       0.000       0.000
    S10                0.000       0.000      1.000       0.000       0.000
    T                  0.000       0.000      1.000       0.000       0.000

 S5       WITH
    S6                 0.000       0.000      1.000       0.000       0.000
    S7                 0.000       0.000      1.000       0.000       0.000
    S8                 0.000       0.000      1.000       0.000       0.000
    S9                 0.000       0.000      1.000       0.000       0.000
    S10                0.000       0.000      1.000       0.000       0.000
    T                  0.000       0.000      1.000       0.000       0.000

 S6       WITH
    S7                 0.000       0.000      1.000       0.000       0.000
    S8                 0.000       0.000      1.000       0.000       0.000
    S9                 0.000       0.000      1.000       0.000       0.000
    S10                0.000       0.000      1.000       0.000       0.000
    T                  0.000       0.000      1.000       0.000       0.000

 S7       WITH
    S8                 0.000       0.000      1.000       0.000       0.000
    S9                 0.000       0.000      1.000       0.000       0.000
    S10                0.000       0.000      1.000       0.000       0.000
    T                  0.000       0.000      1.000       0.000       0.000

 S8       WITH
    S9                 0.000       0.000      1.000       0.000       0.000
    S10                0.000       0.000      1.000       0.000       0.000
    T                  0.000       0.000      1.000       0.000       0.000

 S9       WITH
    S10                0.000       0.000      1.000       0.000       0.000
    T                  0.000       0.000      1.000       0.000       0.000

 S10      WITH
    T                  0.000       0.000      1.000       0.000       0.000

 Means
    T                  0.000       0.000      1.000       0.000       0.000
    S1                 0.000       0.000      1.000       0.000       0.000
    S2                 0.000       0.000      1.000       0.000       0.000
    S3                 0.000       0.000      1.000       0.000       0.000
    S4                 0.000       0.000      1.000       0.000       0.000
    S5                 0.000       0.000      1.000       0.000       0.000
    S6                 0.000       0.000      1.000       0.000       0.000
    S7                 0.000       0.000      1.000       0.000       0.000
    S8                 0.000       0.000      1.000       0.000       0.000
    S9                 0.000       0.000      1.000       0.000       0.000
    S10                0.000       0.000      1.000       0.000       0.000

 Thresholds
    P11$1              0.248       0.036      0.000       0.181       0.321      *
    P11$2              0.448       0.065      0.000       0.328       0.582      *
    P11$3              0.647       0.093      0.000       0.474       0.841      *
    P21$1              0.248       0.036      0.000       0.181       0.321      *
    P21$2              0.448       0.065      0.000       0.328       0.582      *
    P21$3              0.647       0.093      0.000       0.474       0.841      *
    P12$1              0.228       0.037      0.000       0.157       0.303      *
    P12$2              0.412       0.067      0.000       0.284       0.548      *
    P12$3              0.596       0.097      0.000       0.410       0.791      *
    P22$1              0.228       0.037      0.000       0.157       0.303      *
    P22$2              0.412       0.067      0.000       0.284       0.548      *
    P22$3              0.596       0.097      0.000       0.410       0.791      *
    P13$1              0.231       0.035      0.000       0.161       0.301      *
    P13$2              0.419       0.064      0.000       0.292       0.545      *
    P13$3              0.604       0.092      0.000       0.421       0.786      *
    P23$1              0.231       0.035      0.000       0.161       0.301      *
    P23$2              0.419       0.064      0.000       0.292       0.545      *
    P23$3              0.604       0.092      0.000       0.421       0.786      *
    P14$1              0.153       0.091      0.026      -0.001       0.352
    P14$2              0.678       0.181      0.000       0.307       1.033      *
    P24$1              0.153       0.091      0.026      -0.001       0.352
    P24$2              0.678       0.181      0.000       0.307       1.033      *
    P15$1              0.287       0.034      0.000       0.220       0.353      *
    P15$2              0.519       0.062      0.000       0.398       0.639      *
    P15$3              0.750       0.089      0.000       0.575       0.923      *
    P25$1              0.258       0.142      0.026      -0.002       0.552
    P25$2              1.100       0.244      0.000       0.673       1.626      *
    P16$1              0.290       0.034      0.000       0.222       0.356      *
    P16$2              0.524       0.062      0.000       0.402       0.644      *
    P16$3              0.757       0.090      0.000       0.581       0.930      *
    P26$1              0.290       0.034      0.000       0.222       0.356      *
    P26$2              0.524       0.062      0.000       0.402       0.644      *
    P26$3              0.757       0.090      0.000       0.581       0.930      *
    P17$1              0.275       0.037      0.000       0.200       0.346      *
    P17$2              0.498       0.067      0.000       0.362       0.626      *
    P17$3              0.720       0.097      0.000       0.523       0.904      *
    P27$1              0.275       0.037      0.000       0.200       0.346      *
    P27$2              0.498       0.067      0.000       0.362       0.626      *
    P27$3              0.720       0.097      0.000       0.523       0.904      *
    P18$1              0.281       0.036      0.000       0.209       0.351      *
    P18$2              0.509       0.066      0.000       0.379       0.635      *
    P18$3              0.735       0.095      0.000       0.548       0.917      *
    P28$1              0.281       0.036      0.000       0.209       0.351      *
    P28$2              0.509       0.066      0.000       0.379       0.635      *
    P28$3              0.735       0.095      0.000       0.548       0.917      *
    P19$1              0.285       0.036      0.000       0.212       0.354      *
    P19$2              0.517       0.065      0.000       0.385       0.641      *
    P19$3              0.746       0.094      0.000       0.555       0.926      *
    P29$1              0.285       0.036      0.000       0.212       0.354      *
    P29$2              0.517       0.065      0.000       0.385       0.641      *
    P29$3              0.746       0.094      0.000       0.555       0.926      *
    P110$1             0.260       0.042      0.000       0.178       0.338      *
    P110$2             0.471       0.075      0.000       0.322       0.613      *
    P110$3             0.680       0.109      0.000       0.465       0.885      *
    P210$1             0.233       0.133      0.026      -0.002       0.516
    P210$2             0.992       0.248      0.000       0.568       1.534      *

 Variances
    T                  1.000       0.000      0.000       1.000       1.000
    S1                 1.000       0.000      0.000       1.000       1.000
    S2                 1.000       0.000      0.000       1.000       1.000
    S3                 1.000       0.000      0.000       1.000       1.000
    S4                 1.000       0.000      0.000       1.000       1.000
    S5                 1.000       0.000      0.000       1.000       1.000
    S6                 1.000       0.000      0.000       1.000       1.000
    S7                 1.000       0.000      0.000       1.000       1.000
    S8                 1.000       0.000      0.000       1.000       1.000
    S9                 1.000       0.000      0.000       1.000       1.000
    S10                1.000       0.000      0.000       1.000       1.000


R-SQUARE

                                Posterior  One-Tailed         95% C.I.
    Variable        Estimate       S.D.      P-Value   Lower 2.5%  Upper 2.5%

    P11                0.785       0.063      0.000       0.637       0.884
    P21                0.785       0.063      0.000       0.637       0.884
    P12                0.818       0.060      0.000       0.678       0.914
    P22                0.818       0.060      0.000       0.678       0.914
    P13                0.812       0.058      0.000       0.682       0.909
    P23                0.812       0.058      0.000       0.682       0.909
    P14                0.887       0.066      0.000       0.727       0.980
    P24                0.887       0.066      0.000       0.727       0.980
    P15                0.711       0.069      0.000       0.562       0.830
    P25                0.711       0.069      0.000       0.562       0.830
    P16                0.705       0.070      0.000       0.555       0.827
    P26                0.705       0.070      0.000       0.555       0.827
    P17                0.734       0.071      0.000       0.580       0.859
    P27                0.734       0.071      0.000       0.580       0.859
    P18                0.722       0.072      0.000       0.567       0.846
    P28                0.722       0.072      0.000       0.567       0.846
    P19                0.713       0.072      0.000       0.559       0.841
    P29                0.713       0.072      0.000       0.559       0.841
    P110               0.762       0.076      0.000       0.597       0.889
    P210               0.762       0.076      0.000       0.597       0.889


TECHNICAL 1 OUTPUT


     PARAMETER SPECIFICATION


           TAU
              P11$1         P11$2         P11$3         P21$1         P21$2
              ________      ________      ________      ________      ________
                   12            13            14            12            13


           TAU
              P21$3         P12$1         P12$2         P12$3         P22$1
              ________      ________      ________      ________      ________
                   14            12            13            14            12


           TAU
              P22$2         P22$3         P13$1         P13$2         P13$3
              ________      ________      ________      ________      ________
                   13            14            12            13            14


           TAU
              P23$1         P23$2         P23$3         P14$1         P14$2
              ________      ________      ________      ________      ________
                   12            13            14            15            16


           TAU
              P24$1         P24$2         P15$1         P15$2         P15$3
              ________      ________      ________      ________      ________
                   15            16            12            13            14


           TAU
              P25$1         P25$2         P16$1         P16$2         P16$3
              ________      ________      ________      ________      ________
                   15            16            12            13            14


           TAU
              P26$1         P26$2         P26$3         P17$1         P17$2
              ________      ________      ________      ________      ________
                   12            13            14            12            13


           TAU
              P17$3         P27$1         P27$2         P27$3         P18$1
              ________      ________      ________      ________      ________
                   14            12            13            14            12


           TAU
              P18$2         P18$3         P28$1         P28$2         P28$3
              ________      ________      ________      ________      ________
                   13            14            12            13            14


           TAU
              P19$1         P19$2         P19$3         P29$1         P29$2
              ________      ________      ________      ________      ________
                   12            13            14            12            13


           TAU
              P29$3         P110$1        P110$2        P110$3        P210$1
              ________      ________      ________      ________      ________
                   14            12            13            14            15


           TAU
              P210$2
              ________
                   16


           NU
              P11           P21           P12           P22           P13
              ________      ________      ________      ________      ________
                    0             0             0             0             0


           NU
              P23           P14           P24           P15           P25
              ________      ________      ________      ________      ________
                    0             0             0             0             0


           NU
              P16           P26           P17           P27           P18
              ________      ________      ________      ________      ________
                    0             0             0             0             0


           NU
              P28           P19           P29           P110          P210
              ________      ________      ________      ________      ________
                    0             0             0             0             0


           LAMBDA
              T             S1            S2            S3            S4
              ________      ________      ________      ________      ________
 P11                0             0             0             0             0
 P21                0             0             0             0             0
 P12                0             0             0             0             0
 P22                0             0             0             0             0
 P13                0             0             0             0             0
 P23                0             0             0             0             0
 P14                0             0             0             0             0
 P24                0             0             0             0             0
 P15                0             0             0             0             0
 P25                0             0             0             0             0
 P16                0             0             0             0             0
 P26                0             0             0             0             0
 P17                0             0             0             0             0
 P27                0             0             0             0             0
 P18                0             0             0             0             0
 P28                0             0             0             0             0
 P19                0             0             0             0             0
 P29                0             0             0             0             0
 P110               0             0             0             0             0
 P210               0             0             0             0             0


           LAMBDA
              S5            S6            S7            S8            S9
              ________      ________      ________      ________      ________
 P11                0             0             0             0             0
 P21                0             0             0             0             0
 P12                0             0             0             0             0
 P22                0             0             0             0             0
 P13                0             0             0             0             0
 P23                0             0             0             0             0
 P14                0             0             0             0             0
 P24                0             0             0             0             0
 P15                0             0             0             0             0
 P25                0             0             0             0             0
 P16                0             0             0             0             0
 P26                0             0             0             0             0
 P17                0             0             0             0             0
 P27                0             0             0             0             0
 P18                0             0             0             0             0
 P28                0             0             0             0             0
 P19                0             0             0             0             0
 P29                0             0             0             0             0
 P110               0             0             0             0             0
 P210               0             0             0             0             0


           LAMBDA
              S10
              ________
 P11                0
 P21                0
 P12                0
 P22                0
 P13                0
 P23                0
 P14                0
 P24                0
 P15                0
 P25                0
 P16                0
 P26                0
 P17                0
 P27                0
 P18                0
 P28                0
 P19                0
 P29                0
 P110               0
 P210               0


           THETA
              P11           P21           P12           P22           P13
              ________      ________      ________      ________      ________
 P11                0
 P21                0             0
 P12                0             0             0
 P22                0             0             0             0
 P13                0             0             0             0             0
 P23                0             0             0             0             0
 P14                0             0             0             0             0
 P24                0             0             0             0             0
 P15                0             0             0             0             0
 P25                0             0             0             0             0
 P16                0             0             0             0             0
 P26                0             0             0             0             0
 P17                0             0             0             0             0
 P27                0             0             0             0             0
 P18                0             0             0             0             0
 P28                0             0             0             0             0
 P19                0             0             0             0             0
 P29                0             0             0             0             0
 P110               0             0             0             0             0
 P210               0             0             0             0             0


           THETA
              P23           P14           P24           P15           P25
              ________      ________      ________      ________      ________
 P23                0
 P14                0             0
 P24                0             0             0
 P15                0             0             0             0
 P25                0             0             0             0             0
 P16                0             0             0             0             0
 P26                0             0             0             0             0
 P17                0             0             0             0             0
 P27                0             0             0             0             0
 P18                0             0             0             0             0
 P28                0             0             0             0             0
 P19                0             0             0             0             0
 P29                0             0             0             0             0
 P110               0             0             0             0             0
 P210               0             0             0             0             0


           THETA
              P16           P26           P17           P27           P18
              ________      ________      ________      ________      ________
 P16                0
 P26                0             0
 P17                0             0             0
 P27                0             0             0             0
 P18                0             0             0             0             0
 P28                0             0             0             0             0
 P19                0             0             0             0             0
 P29                0             0             0             0             0
 P110               0             0             0             0             0
 P210               0             0             0             0             0


           THETA
              P28           P19           P29           P110          P210
              ________      ________      ________      ________      ________
 P28                0
 P19                0             0
 P29                0             0             0
 P110               0             0             0             0
 P210               0             0             0             0             0


           ALPHA
              T             S1            S2            S3            S4
              ________      ________      ________      ________      ________
                    0             0             0             0             0


           ALPHA
              S5            S6            S7            S8            S9
              ________      ________      ________      ________      ________
                    0             0             0             0             0


           ALPHA
              S10
              ________
                    0


           BETA
              T             S1            S2            S3            S4
              ________      ________      ________      ________      ________
 T                  0             0             0             0             0
 S1                 0             0             0             0             0
 S2                 0             0             0             0             0
 S3                 0             0             0             0             0
 S4                 0             0             0             0             0
 S5                 0             0             0             0             0
 S6                 0             0             0             0             0
 S7                 0             0             0             0             0
 S8                 0             0             0             0             0
 S9                 0             0             0             0             0
 S10                0             0             0             0             0


           BETA
              S5            S6            S7            S8            S9
              ________      ________      ________      ________      ________
 T                  0             0             0             0             0
 S1                 0             0             0             0             0
 S2                 0             0             0             0             0
 S3                 0             0             0             0             0
 S4                 0             0             0             0             0
 S5                 0             0             0             0             0
 S6                 0             0             0             0             0
 S7                 0             0             0             0             0
 S8                 0             0             0             0             0
 S9                 0             0             0             0             0
 S10                0             0             0             0             0


           BETA
              S10
              ________
 T                  0
 S1                 0
 S2                 0
 S3                 0
 S4                 0
 S5                 0
 S6                 0
 S7                 0
 S8                 0
 S9                 0
 S10                0


           PSI
              T             S1            S2            S3            S4
              ________      ________      ________      ________      ________
 T                  1
 S1                 0             2
 S2                 0             0             3
 S3                 0             0             0             4
 S4                 0             0             0             0             5
 S5                 0             0             0             0             0
 S6                 0             0             0             0             0
 S7                 0             0             0             0             0
 S8                 0             0             0             0             0
 S9                 0             0             0             0             0
 S10                0             0             0             0             0


           PSI
              S5            S6            S7            S8            S9
              ________      ________      ________      ________      ________
 S5                 6
 S6                 0             7
 S7                 0             0             8
 S8                 0             0             0             9
 S9                 0             0             0             0            10
 S10                0             0             0             0             0


           PSI
              S10
              ________
 S10               11


     STARTING VALUES


           TAU
              P11$1         P11$2         P11$3         P21$1         P21$2
              ________      ________      ________      ________      ________
               -1.000        -0.500         0.200         0.533         0.966


           TAU
              P21$3         P12$1         P12$2         P12$3         P22$1
              ________      ________      ________      ________      ________
                1.394         0.533         0.966         1.394         0.533


           TAU
              P22$2         P22$3         P13$1         P13$2         P13$3
              ________      ________      ________      ________      ________
                0.966         1.394         0.533         0.966         1.394


           TAU
              P23$1         P23$2         P23$3         P14$1         P14$2
              ________      ________      ________      ________      ________
                0.533         0.966         1.394         0.484         1.117


           TAU
              P24$1         P24$2         P15$1         P15$2         P15$3
              ________      ________      ________      ________      ________
                0.484         1.117         0.533         0.966         1.394


           TAU
              P25$1         P25$2         P16$1         P16$2         P16$3
              ________      ________      ________      ________      ________
                0.484         1.117         0.533         0.966         1.394


           TAU
              P26$1         P26$2         P26$3         P17$1         P17$2
              ________      ________      ________      ________      ________
                0.533         0.966         1.394         0.533         0.966


           TAU
              P17$3         P27$1         P27$2         P27$3         P18$1
              ________      ________      ________      ________      ________
                1.394         0.533         0.966         1.394         0.533


           TAU
              P18$2         P18$3         P28$1         P28$2         P28$3
              ________      ________      ________      ________      ________
                0.966         1.394         0.533         0.966         1.394


           TAU
              P19$1         P19$2         P19$3         P29$1         P29$2
              ________      ________      ________      ________      ________
                0.533         0.966         1.394         0.533         0.966


           TAU
              P29$3         P110$1        P110$2        P110$3        P210$1
              ________      ________      ________      ________      ________
                1.394         0.533         0.966         1.394         0.484


           TAU
              P210$2
              ________
                1.117


           NU
              P11           P21           P12           P22           P13
              ________      ________      ________      ________      ________
                0.000         0.000         0.000         0.000         0.000


           NU
              P23           P14           P24           P15           P25
              ________      ________      ________      ________      ________
                0.000         0.000         0.000         0.000         0.000


           NU
              P16           P26           P17           P27           P18
              ________      ________      ________      ________      ________
                0.000         0.000         0.000         0.000         0.000


           NU
              P28           P19           P29           P110          P210
              ________      ________      ________      ________      ________
                0.000         0.000         0.000         0.000         0.000


           LAMBDA
              T             S1            S2            S3            S4
              ________      ________      ________      ________      ________
 P11            1.000         1.000         0.000         0.000         0.000
 P21            1.000         1.000         0.000         0.000         0.000
 P12            1.000         0.000         1.000         0.000         0.000
 P22            1.000         0.000         1.000         0.000         0.000
 P13            1.000         0.000         0.000         1.000         0.000
 P23            1.000         0.000         0.000         1.000         0.000
 P14            1.000         0.000         0.000         0.000         1.000
 P24            1.000         0.000         0.000         0.000         1.000
 P15            1.000         0.000         0.000         0.000         0.000
 P25            1.000         0.000         0.000         0.000         0.000
 P16            1.000         0.000         0.000         0.000         0.000
 P26            1.000         0.000         0.000         0.000         0.000
 P17            1.000         0.000         0.000         0.000         0.000
 P27            1.000         0.000         0.000         0.000         0.000
 P18            1.000         0.000         0.000         0.000         0.000
 P28            1.000         0.000         0.000         0.000         0.000
 P19            1.000         0.000         0.000         0.000         0.000
 P29            1.000         0.000         0.000         0.000         0.000
 P110           1.000         0.000         0.000         0.000         0.000
 P210           1.000         0.000         0.000         0.000         0.000


           LAMBDA
              S5            S6            S7            S8            S9
              ________      ________      ________      ________      ________
 P11            0.000         0.000         0.000         0.000         0.000
 P21            0.000         0.000         0.000         0.000         0.000
 P12            0.000         0.000         0.000         0.000         0.000
 P22            0.000         0.000         0.000         0.000         0.000
 P13            0.000         0.000         0.000         0.000         0.000
 P23            0.000         0.000         0.000         0.000         0.000
 P14            0.000         0.000         0.000         0.000         0.000
 P24            0.000         0.000         0.000         0.000         0.000
 P15            1.000         0.000         0.000         0.000         0.000
 P25            1.000         0.000         0.000         0.000         0.000
 P16            0.000         1.000         0.000         0.000         0.000
 P26            0.000         1.000         0.000         0.000         0.000
 P17            0.000         0.000         1.000         0.000         0.000
 P27            0.000         0.000         1.000         0.000         0.000
 P18            0.000         0.000         0.000         1.000         0.000
 P28            0.000         0.000         0.000         1.000         0.000
 P19            0.000         0.000         0.000         0.000         1.000
 P29            0.000         0.000         0.000         0.000         1.000
 P110           0.000         0.000         0.000         0.000         0.000
 P210           0.000         0.000         0.000         0.000         0.000


           LAMBDA
              S10
              ________
 P11            0.000
 P21            0.000
 P12            0.000
 P22            0.000
 P13            0.000
 P23            0.000
 P14            0.000
 P24            0.000
 P15            0.000
 P25            0.000
 P16            0.000
 P26            0.000
 P17            0.000
 P27            0.000
 P18            0.000
 P28            0.000
 P19            0.000
 P29            0.000
 P110           1.000
 P210           1.000


           THETA
              P11           P21           P12           P22           P13
              ________      ________      ________      ________      ________
 P11            1.000
 P21            0.000         1.000
 P12            0.000         0.000         1.000
 P22            0.000         0.000         0.000         1.000
 P13            0.000         0.000         0.000         0.000         1.000
 P23            0.000         0.000         0.000         0.000         0.000
 P14            0.000         0.000         0.000         0.000         0.000
 P24            0.000         0.000         0.000         0.000         0.000
 P15            0.000         0.000         0.000         0.000         0.000
 P25            0.000         0.000         0.000         0.000         0.000
 P16            0.000         0.000         0.000         0.000         0.000
 P26            0.000         0.000         0.000         0.000         0.000
 P17            0.000         0.000         0.000         0.000         0.000
 P27            0.000         0.000         0.000         0.000         0.000
 P18            0.000         0.000         0.000         0.000         0.000
 P28            0.000         0.000         0.000         0.000         0.000
 P19            0.000         0.000         0.000         0.000         0.000
 P29            0.000         0.000         0.000         0.000         0.000
 P110           0.000         0.000         0.000         0.000         0.000
 P210           0.000         0.000         0.000         0.000         0.000


           THETA
              P23           P14           P24           P15           P25
              ________      ________      ________      ________      ________
 P23            1.000
 P14            0.000         1.000
 P24            0.000         0.000         1.000
 P15            0.000         0.000         0.000         1.000
 P25            0.000         0.000         0.000         0.000         1.000
 P16            0.000         0.000         0.000         0.000         0.000
 P26            0.000         0.000         0.000         0.000         0.000
 P17            0.000         0.000         0.000         0.000         0.000
 P27            0.000         0.000         0.000         0.000         0.000
 P18            0.000         0.000         0.000         0.000         0.000
 P28            0.000         0.000         0.000         0.000         0.000
 P19            0.000         0.000         0.000         0.000         0.000
 P29            0.000         0.000         0.000         0.000         0.000
 P110           0.000         0.000         0.000         0.000         0.000
 P210           0.000         0.000         0.000         0.000         0.000


           THETA
              P16           P26           P17           P27           P18
              ________      ________      ________      ________      ________
 P16            1.000
 P26            0.000         1.000
 P17            0.000         0.000         1.000
 P27            0.000         0.000         0.000         1.000
 P18            0.000         0.000         0.000         0.000         1.000
 P28            0.000         0.000         0.000         0.000         0.000
 P19            0.000         0.000         0.000         0.000         0.000
 P29            0.000         0.000         0.000         0.000         0.000
 P110           0.000         0.000         0.000         0.000         0.000
 P210           0.000         0.000         0.000         0.000         0.000


           THETA
              P28           P19           P29           P110          P210
              ________      ________      ________      ________      ________
 P28            1.000
 P19            0.000         1.000
 P29            0.000         0.000         1.000
 P110           0.000         0.000         0.000         1.000
 P210           0.000         0.000         0.000         0.000         1.000


           ALPHA
              T             S1            S2            S3            S4
              ________      ________      ________      ________      ________
                0.000         0.000         0.000         0.000         0.000


           ALPHA
              S5            S6            S7            S8            S9
              ________      ________      ________      ________      ________
                0.000         0.000         0.000         0.000         0.000


           ALPHA
              S10
              ________
                0.000


           BETA
              T             S1            S2            S3            S4
              ________      ________      ________      ________      ________
 T              0.000         0.000         0.000         0.000         0.000
 S1             0.000         0.000         0.000         0.000         0.000
 S2             0.000         0.000         0.000         0.000         0.000
 S3             0.000         0.000         0.000         0.000         0.000
 S4             0.000         0.000         0.000         0.000         0.000
 S5             0.000         0.000         0.000         0.000         0.000
 S6             0.000         0.000         0.000         0.000         0.000
 S7             0.000         0.000         0.000         0.000         0.000
 S8             0.000         0.000         0.000         0.000         0.000
 S9             0.000         0.000         0.000         0.000         0.000
 S10            0.000         0.000         0.000         0.000         0.000


           BETA
              S5            S6            S7            S8            S9
              ________      ________      ________      ________      ________
 T              0.000         0.000         0.000         0.000         0.000
 S1             0.000         0.000         0.000         0.000         0.000
 S2             0.000         0.000         0.000         0.000         0.000
 S3             0.000         0.000         0.000         0.000         0.000
 S4             0.000         0.000         0.000         0.000         0.000
 S5             0.000         0.000         0.000         0.000         0.000
 S6             0.000         0.000         0.000         0.000         0.000
 S7             0.000         0.000         0.000         0.000         0.000
 S8             0.000         0.000         0.000         0.000         0.000
 S9             0.000         0.000         0.000         0.000         0.000
 S10            0.000         0.000         0.000         0.000         0.000


           BETA
              S10
              ________
 T              0.000
 S1             0.000
 S2             0.000
 S3             0.000
 S4             0.000
 S5             0.000
 S6             0.000
 S7             0.000
 S8             0.000
 S9             0.000
 S10            0.000


           PSI
              T             S1            S2            S3            S4
              ________      ________      ________      ________      ________
 T              1.000
 S1             0.000         1.000
 S2             0.000         0.000         1.000
 S3             0.000         0.000         0.000         1.000
 S4             0.000         0.000         0.000         0.000         1.000
 S5             0.000         0.000         0.000         0.000         0.000
 S6             0.000         0.000         0.000         0.000         0.000
 S7             0.000         0.000         0.000         0.000         0.000
 S8             0.000         0.000         0.000         0.000         0.000
 S9             0.000         0.000         0.000         0.000         0.000
 S10            0.000         0.000         0.000         0.000         0.000


           PSI
              S5            S6            S7            S8            S9
              ________      ________      ________      ________      ________
 S5             1.000
 S6             0.000         1.000
 S7             0.000         0.000         1.000
 S8             0.000         0.000         0.000         1.000
 S9             0.000         0.000         0.000         0.000         1.000
 S10            0.000         0.000         0.000         0.000         0.000


           PSI
              S10
              ________
 S10            1.000



     PRIORS FOR ALL PARAMETERS            PRIOR MEAN      PRIOR VARIANCE     PRIOR STD. DEV.

     Parameter 1~IG(-1.000,0.000)          infinity            infinity            infinity
     Parameter 2~IG(-1.000,0.000)          infinity            infinity            infinity
     Parameter 3~IG(-1.000,0.000)          infinity            infinity            infinity
     Parameter 4~IG(-1.000,0.000)          infinity            infinity            infinity
     Parameter 5~IG(-1.000,0.000)          infinity            infinity            infinity
     Parameter 6~IG(-1.000,0.000)          infinity            infinity            infinity
     Parameter 7~IG(-1.000,0.000)          infinity            infinity            infinity
     Parameter 8~IG(-1.000,0.000)          infinity            infinity            infinity
     Parameter 9~IG(-1.000,0.000)          infinity            infinity            infinity
     Parameter 10~IG(-1.000,0.000)         infinity            infinity            infinity
     Parameter 11~IG(-1.000,0.000)         infinity            infinity            infinity
     Parameter 12~N(0.000,5.000)             0.0000              5.0000              2.2361
     Parameter 13~N(0.000,5.000)             0.0000              5.0000              2.2361
     Parameter 14~N(0.000,5.000)             0.0000              5.0000              2.2361
     Parameter 15~N(0.000,5.000)             0.0000              5.0000              2.2361
     Parameter 16~N(0.000,5.000)             0.0000              5.0000              2.2361


TECHNICAL 8 OUTPUT


   TECHNICAL 8 OUTPUT FOR BAYES ESTIMATION

     CHAIN    BSEED
     1        0
     2        285380

                     POTENTIAL       PARAMETER WITH
     ITERATION    SCALE REDUCTION      HIGHEST PSR
     100              1.106               5
     200              1.357               5
     300              1.088               5
     400              1.050               5
     500              1.027               5
     600              1.041               5
     700              1.034               6
     800              1.072               5
     900              1.094               5
     1000             1.101               5
     1100             1.095               5
     1200             1.079               5
     1300             1.043               5
     1400             1.043               5
     1500             1.023               7
     1600             1.020               7
     1700             1.015               8
     1800             1.011               8
     1900             1.008               8
     2000             1.010               8
     2100             1.011               8
     2200             1.008               8
     2300             1.007               8
     2400             1.009               11
     2500             1.009               11
     2600             1.008               11
     2700             1.013               11
     2800             1.014               11
     2900             1.017               11
     3000             1.014               11
     3100             1.013               11
     3200             1.012               11
     3300             1.009               11
     3400             1.006               11
     3500             1.006               11
     3600             1.006               11
     3700             1.005               11
     3800             1.008               11
     3900             1.008               11
     4000             1.007               11
     4100             1.003               11
     4200             1.004               5
     4300             1.006               11
     4400             1.006               11
     4500             1.005               7
     4600             1.004               11
     4700             1.003               7
     4800             1.004               7
     4900             1.003               7
     5000             1.005               10
     5100             1.004               7
     5200             1.003               7
     5300             1.002               10
     5400             1.003               5
     5500             1.005               5
     5600             1.006               5
     5700             1.006               5
     5800             1.007               5
     5900             1.012               5
     6000             1.011               5
     6100             1.008               5
     6200             1.008               5
     6300             1.009               5
     6400             1.009               5
     6500             1.002               3
     6600             1.003               10
     6700             1.002               10
     6800             1.002               10
     6900             1.002               3
     7000             1.002               10
     7100             1.001               3
     7200             1.001               3
     7300             1.002               6
     7400             1.002               6
     7500             1.002               6
     7600             1.003               6
     7700             1.002               6
     7800             1.002               6
     7900             1.002               6
     8000             1.006               5
     8100             1.014               5
     8200             1.016               5
     8300             1.018               5
     8400             1.016               5
     8500             1.016               5
     8600             1.015               5
     8700             1.012               5
     8800             1.012               5
     8900             1.011               5
     9000             1.011               5
     9100             1.009               5
     9200             1.003               11
     9300             1.002               11
     9400             1.002               11
     9500             1.002               3
     9600             1.002               3
     9700             1.002               3
     9800             1.003               5
     9900             1.004               5
     10000            1.006               5
     10100            1.009               5
     10200            1.009               5
     10300            1.009               5
     10400            1.009               5
     10500            1.009               5
     10600            1.010               5
     10700            1.009               5
     10800            1.007               5
     10900            1.008               5
     11000            1.005               5
     11100            1.005               5
     11200            1.004               5
     11300            1.003               10
     11400            1.002               10
     11500            1.002               10
     11600            1.002               10
     11700            1.002               10
     11800            1.002               10
     11900            1.002               10
     12000            1.001               10
     12100            1.002               10
     12200            1.002               10
     12300            1.001               10
     12400            1.002               10
     12500            1.002               10
     12600            1.002               10
     12700            1.002               10
     12800            1.002               10
     12900            1.002               10
     13000            1.002               10
     13100            1.002               10
     13200            1.002               10
     13300            1.002               10
     13400            1.002               10
     13500            1.002               10
     13600            1.001               10
     13700            1.001               10
     13800            1.001               10
     13900            1.001               10
     14000            1.001               10
     14100            1.001               10
     14200            1.001               10
     14300            1.001               10
     14400            1.001               8
     14500            1.001               8
     14600            1.001               10
     14700            1.001               10
     14800            1.001               8
     14900            1.001               8
     15000            1.001               8
     15100            1.001               8
     15200            1.001               10
     15300            1.001               10
     15400            1.001               10
     15500            1.001               10
     15600            1.001               10
     15700            1.001               10
     15800            1.002               10
     15900            1.002               10
     16000            1.001               10
     16100            1.002               5
     16200            1.002               5
     16300            1.002               5
     16400            1.002               10
     16500            1.002               10
     16600            1.002               10
     16700            1.002               10
     16800            1.002               5
     16900            1.002               5
     17000            1.001               5
     17100            1.001               5
     17200            1.001               5
     17300            1.001               5
     17400            1.001               5
     17500            1.001               11
     17600            1.001               11
     17700            1.001               11
     17800            1.001               10
     17900            1.001               10
     18000            1.001               10
     18100            1.001               10
     18200            1.001               11
     18300            1.001               11
     18400            1.001               11
     18500            1.001               11
     18600            1.001               11
     18700            1.002               5
     18800            1.002               5
     18900            1.002               5
     19000            1.002               5
     19100            1.002               5
     19200            1.001               5
     19300            1.001               11
     19400            1.001               11
     19500            1.001               11
     19600            1.001               11
     19700            1.001               11
     19800            1.001               11
     19900            1.001               11
     20000            1.001               11


PLOT INFORMATION

The following plots are available:

  Sample proportions and estimated probabilities
  Bayesian posterior parameter distributions
  Bayesian posterior parameter trace plots
  Bayesian autocorrelation plots
  Bayesian prior parameter distributions
  Bayesian posterior predictive checking scatterplots
  Bayesian posterior predictive checking distribution plots

     Beginning Time:  11:54:16
        Ending Time:  11:55:55
       Elapsed Time:  00:01:39



MUTHEN & MUTHEN
3463 Stoner Ave.
Los Angeles, CA  90066

Tel: (310) 391-9971
Fax: (310) 391-8971
Web: www.StatModel.com
Support: Support@StatModel.com

Copyright (c) 1998-2023 Muthen & Muthen
