Mplus VERSION 8.10 (Mac)
MUTHEN & MUTHEN
02/28/2024   9:41 AM

INPUT INSTRUCTIONS

  DATA:

  File is laac2_wide.dat;

  VARIABLE:

  NAMES =   subject task
  Y1_1    Y1_10   Y1_2    Y1_3    Y1_4    Y1_5    Y1_6
  Y1_7    Y1_8    Y1_9    Y10_1   Y10_10  Y10_2   Y10_3   Y10_4   Y10_5
  Y10_6   Y10_7   Y10_8   Y10_9   Y11_1   Y11_10  Y11_2   Y11_3   Y11_4
  Y11_5   Y11_6   Y11_7   Y11_8   Y11_9   Y12_1   Y12_10  Y12_2   Y12_3
  Y12_4   Y12_5   Y12_6   Y12_7   Y12_8   Y12_9   Y2_1    Y2_10   Y2_2
  Y2_3    Y2_4    Y2_5    Y2_6    Y2_7    Y2_8    Y2_9    Y3_1    Y3_10
  Y3_2    Y3_3    Y3_4    Y3_5    Y3_6    Y3_7    Y3_8    Y3_9    Y4_1
  Y4_10   Y4_2    Y4_3    Y4_4    Y4_5    Y4_6    Y4_7    Y4_8    Y4_9
  Y5_1    Y5_10   Y5_2    Y5_3    Y5_4    Y5_5    Y5_6    Y5_7    Y5_8
  Y5_9    Y6_1    Y6_10   Y6_2    Y6_3    Y6_4    Y6_5    Y6_6    Y6_7
  Y6_8    Y6_9    Y7_1    Y7_10   Y7_2    Y7_3    Y7_4    Y7_5    Y7_6
  Y7_7    Y7_8    Y7_9    Y8_1    Y8_10   Y8_2    Y8_3    Y8_4    Y8_5
  Y8_6    Y8_7    Y8_8    Y8_9    Y9_1    Y9_10   Y9_2    Y9_3    Y9_4
  Y9_5    Y9_6    Y9_7    Y9_8    Y9_9;


  USEVARIABLES =  P11 P21 P12 P22 P13 P23 P14 P24
  	       P15 P25 P16 P26 P17 P27 P18 P28 P19 P29
  	       P110 P210 ;
  	
  Categ =   P11 P21 P12 P22 P13 P23 P14 P24
  	       P15 P25 P16 P26 P17 P27 P18 P28 P19 P29
  	       P110 P210 ;
  	

  Missing = All(-99);	

  useobservations are (task EQ 3);

  ! "'attention'=1;'communication'=2;'reasoning'=3;'visible_food'=4;
  !'population'=5;'inhibit_searched'=6"

  DEFINE:
  P11 = Y1_1 + Y3_1 + Y5_1 + Y7_1 + Y9_1 + Y11_1;
  P21 =  Y2_1 + Y4_1 + Y6_1 + Y8_1 + Y10_1 + Y12_1;

  P12 =  Y1_2 + Y3_2 + Y5_2 + Y7_2 + Y9_2 + Y11_2;
  P22 =  Y2_2 + Y4_2 + Y6_2 + Y8_2 + Y10_2 + Y12_2;

  P13 =  Y1_3 + Y3_3 + Y5_3 + Y7_3 + Y9_3 + Y11_3;
  P23 =  Y2_3 + Y4_3 + Y6_3 + Y8_3 + Y10_3 + Y12_3;

  P14 =  Y1_4 + Y3_4 + Y5_4 + Y7_4 + Y9_4 + Y11_4;
  P24 =  Y2_4 + Y4_4 + Y6_4 + Y8_4 + Y10_4 + Y12_4;

  P15 =  Y1_5 + Y3_5 + Y5_5 + Y7_5 + Y9_5 + Y11_5;
  P25 =  Y2_5 + Y4_5 + Y6_5 + Y8_5 + Y10_5 + Y12_5;

  P16 =  Y1_6 + Y3_6 + Y5_6 + Y7_6 + Y9_6 + Y11_6;
  P26 =  Y2_6 + Y4_6 + Y6_6 + Y8_6 + Y10_6 + Y12_6;

  P17 =  Y1_7 + Y3_7 + Y5_7 + Y7_7 + Y9_7 + Y11_7;
  P27 =  Y2_7 + Y4_7 + Y6_7 + Y8_7 + Y10_7 + Y12_7;

  P18 =  Y1_8 + Y3_8 + Y5_8 + Y7_8 + Y9_8 + Y11_8;
  P28 =  Y2_8 + Y4_8 + Y6_8 + Y8_8 + Y10_8 + Y12_8;

  P19 =  Y1_9 + Y3_9 + Y5_9 + Y7_9 + Y9_9 + Y11_9;
  P29 =  Y2_9 + Y4_9 + Y6_9 + Y8_9 + Y10_9 + Y12_9;

  P110 =  Y1_10 + Y3_10 + Y5_10 + Y7_10 + Y9_10 + Y11_10;
  P210 =  Y2_10 + Y4_10 + Y6_10 + Y8_10 + Y10_10 + Y12_10;


    IF (P11==0) THEN P11=1;
    IF (P21==0) THEN P21=1;
    IF (P12==0) THEN P12=1;
    IF (P22==0) THEN P22=1;
    IF (P13==0) THEN P13=1;
    IF (P23==0) THEN P23=1;
    IF (P14==0) THEN P14=1;
    IF (P24==0) THEN P24=1;
    IF (P15==0) THEN P15=1;
    IF (P25==0) THEN P25=1;
    IF (P16==0) THEN P16=1;
    IF (P26==0) THEN P26=1;
    IF (P17==0) THEN P17=1;
    IF (P27==0) THEN P27=1;
    IF (P18==0) THEN P18=1;
    IF (P28==0) THEN P28=1;
    IF (P19==0) THEN P19=1;
    IF (P29==0) THEN P29=1;
    IF (P110==0) THEN P110=1;
    IF (P210==0) THEN P210=1;

    IF (P11==6) THEN P11=5;
    IF (P21==6) THEN P21=5;
    IF (P12==6) THEN P12=5;
    IF (P22==6) THEN P22=5;
    IF (P13==6) THEN P13=5;
    IF (P23==6) THEN P23=5;
    IF (P14==6) THEN P14=5;
    IF (P24==6) THEN P24=5;
    IF (P15==6) THEN P15=5;
    IF (P25==6) THEN P25=5;
    IF (P16==6) THEN P16=5;
    IF (P26==6) THEN P26=5;
    IF (P17==6) THEN P17=5;
    IF (P27==6) THEN P27=5;
    IF (P18==6) THEN P18=5;
    IF (P28==6) THEN P28=5;
    IF (P19==6) THEN P19=5;
    IF (P29==6) THEN P29=5;
    IF (P110==6) THEN P110=5;
    IF (P210==6) THEN P210=5;


  ANALYSIS:

  	ESTIMATOR = Bayes;
  	Biter=(20000);
  	Thin=10;
  	Bconvergence = .005;	

  MODEL:


  S1 by P11@1 P21@1;
  S2 by P12@1 P22@1;
  S3 by P13@1 P23@1;
  S4 by P14@1 P24@1;
  S5 by P15@1 P25@1;
  S6 by P16@1 P26@1;
  S7 by P17@1 P27@1;
  S8 by P18@1 P28@1;
  S9 by P19@1 P29@1;
  S10 by P110@1 P210@1;

  	
  [S1@0];
  [S2-S10];


  [P11$1*-1] (tau1);
  [P11$2*-0.5] (tau2);
  [P11$3*0.2] (tau3);
  [P11$4*1.5] (tau4);
  ![P11$5] (tau5);


  [P21$1] (tau1);
  [P21$2] (tau2);
  [P21$3] (tau3);
  [P21$4] (tau4);
  ![P21$5] (tau5);

  [P12$1] (tau1);
  [P12$2] (tau2);
  [P12$3] (tau3);
  [P12$4] (tau4);
  ![P12$5] (tau5);

  [P22$1] (tau1);
  [P22$2] (tau2);
  [P22$3] (tau3);
  [P22$4] (tau4);
  ![P22$5] (tau5);

  [P13$1] (tau1);
  [P13$2] (tau2);
  [P13$3] (tau3);
  [P13$4] (tau4);
  ![P13$5] (tau5);


  [P23$1] (tau1);
  [P23$2] (tau2);
  [P23$3] (tau3);
  [P23$4] (tau4);
  ![P23$5] (tau5);

  [P14$1] (tau1);
  [P14$2] (tau2);
  [P14$3] (tau3);
  [P14$4] (tau4);
  ![P14$5] (tau5);

  [P24$1] (tau1);
  [P24$2] (tau2);
  [P24$3] (tau3);
  [P24$4] (tau4);
  ![P24$5] (tau5);


  [P15$1] (tau1);
  [P15$2] (tau2);
  [P15$3] (tau3);
  [P15$4] (tau4);
  ![P15$5] (tau5);

  [P25$1] (tau1);
  [P25$2] (tau2);
  [P25$3] (tau3);
  [P25$4] (tau4);
  ![P25$5] (tau5);

  [P16$1] (tau1);
  [P16$2] (tau2);
  [P16$3] (tau3);
  [P16$4] (tau4);
  ![P16$5] (tau5);

  [P26$1] (tau1);
  [P26$2] (tau2);
  [P26$3] (tau3);
  [P26$4] (tau4);
  ![P26$5] (tau5);

  [P17$1] (tau12);
  [P17$2] (tau22);
  [P17$3] (tau32);
  ![P17$4] (tau4);
  ![P17$5] (tau5);

  [P27$1] (tau1);
  [P27$2] (tau2);
  [P27$3] (tau3);
  [P27$4] (tau4);
  ![P27$5] (tau5);

  [P18$1] (tau12);
  [P18$2] (tau22);
  [P18$3] (tau32);
  ![P18$4] (tau4);
  ![P18$5] (tau5);


  [P28$1] (tau1);
  [P28$2] (tau2);
  [P28$3] (tau3);
  [P28$4] (tau4);
  ![P28$5] (tau5);

  [P19$1] (tau12);
  [P19$2] (tau22);
  [P19$3] (tau32);
  ![P19$4] (tau4);
  ![P19$5] (tau5);

  [P29$1] (tau1);
  [P29$2] (tau2);
  [P29$3] (tau3);
  [P29$4] (tau4);
  ![P29$5] (tau5);

  [P110$1] (tau1);
  [P110$2] (tau2);
  [P110$3] (tau3);
  [P110$4] (tau4);
  ![P110$5] (tau5);

  [P210$1] (tau1);
  [P210$2] (tau2);
  [P210$3] (tau3);
  [P210$4] (tau4);
  ![P210$5] (tau5);



  Output: stdyx tech8;
  PLOT:   TYPE = PLOT2;
  	



INPUT READING TERMINATED NORMALLY




SUMMARY OF ANALYSIS

Number of groups                                                 1
Number of observations                                          46

Number of dependent variables                                   20
Number of independent variables                                  0
Number of continuous latent variables                           10

Observed dependent variables

  Binary and ordered categorical (ordinal)
   P11         P21         P12         P22         P13         P23
   P14         P24         P15         P25         P16         P26
   P17         P27         P18         P28         P19         P29
   P110        P210

Continuous latent variables
   S1          S2          S3          S4          S5          S6
   S7          S8          S9          S10


Estimator                                                    BAYES
Specifications for Bayesian Estimation
  Point estimate                                            MEDIAN
  Number of Markov chain Monte Carlo (MCMC) chains               2
  Random seed for the first chain                                0
  Starting value information                           UNPERTURBED
  Algorithm used for Markov chain Monte Carlo           GIBBS(PX1)
  Convergence criterion                                  0.500D-02
  Maximum number of iterations                               50000
  K-th iteration used for thinning                              10
Link                                                        PROBIT

Input data file(s)
  laac2_wide.dat
Input data format  FREE


SUMMARY OF DATA



COVARIANCE COVERAGE OF DATA

Minimum covariance coverage value   0.100

     Number of missing data patterns            35


     PROPORTION OF DATA PRESENT


           Covariance Coverage
              P11           P21           P12           P22           P13
              ________      ________      ________      ________      ________
 P11            0.783
 P21            0.783         0.783
 P12            0.652         0.652         0.696
 P22            0.652         0.652         0.696         0.696
 P13            0.696         0.696         0.630         0.630         0.804
 P23            0.696         0.696         0.630         0.630         0.804
 P14            0.457         0.457         0.413         0.413         0.522
 P24            0.457         0.457         0.413         0.413         0.522
 P15            0.543         0.543         0.500         0.500         0.609
 P25            0.522         0.522         0.500         0.500         0.587
 P16            0.500         0.500         0.478         0.478         0.587
 P26            0.500         0.500         0.478         0.478         0.587
 P17            0.348         0.348         0.304         0.304         0.391
 P27            0.348         0.348         0.304         0.304         0.391
 P18            0.478         0.478         0.435         0.435         0.522
 P28            0.478         0.478         0.435         0.435         0.522
 P19            0.630         0.630         0.587         0.587         0.674
 P29            0.630         0.630         0.587         0.587         0.674
 P110           0.565         0.565         0.500         0.500         0.543
 P210           0.565         0.565         0.500         0.500         0.543


           Covariance Coverage
              P23           P14           P24           P15           P25
              ________      ________      ________      ________      ________
 P23            0.804
 P14            0.522         0.565
 P24            0.522         0.565         0.565
 P15            0.609         0.500         0.500         0.652
 P25            0.587         0.478         0.478         0.630         0.630
 P16            0.587         0.478         0.478         0.500         0.478
 P26            0.587         0.478         0.478         0.500         0.478
 P17            0.391         0.348         0.348         0.370         0.348
 P27            0.391         0.348         0.348         0.370         0.348
 P18            0.522         0.435         0.435         0.435         0.413
 P28            0.522         0.435         0.435         0.435         0.413
 P19            0.674         0.543         0.543         0.565         0.543
 P29            0.674         0.543         0.543         0.565         0.543
 P110           0.543         0.391         0.391         0.457         0.435
 P210           0.543         0.391         0.391         0.457         0.435


           Covariance Coverage
              P16           P26           P17           P27           P18
              ________      ________      ________      ________      ________
 P16            0.609
 P26            0.609         0.609
 P17            0.370         0.370         0.391
 P27            0.370         0.370         0.391         0.391
 P18            0.457         0.457         0.326         0.326         0.587
 P28            0.457         0.457         0.326         0.326         0.587
 P19            0.587         0.587         0.391         0.391         0.500
 P29            0.587         0.587         0.391         0.391         0.500
 P110           0.413         0.413         0.326         0.326         0.413
 P210           0.413         0.413         0.326         0.326         0.413


           Covariance Coverage
              P28           P19           P29           P110          P210
              ________      ________      ________      ________      ________
 P28            0.587
 P19            0.500         0.783
 P29            0.500         0.783         0.783
 P110           0.413         0.543         0.543         0.630
 P210           0.413         0.543         0.543         0.630         0.630


UNIVARIATE PROPORTIONS AND COUNTS FOR CATEGORICAL VARIABLES

    P11
      Category 1    0.194            7.000
      Category 2    0.194            7.000
      Category 3    0.389           14.000
      Category 4    0.167            6.000
      Category 5    0.056            2.000
    P21
      Category 1    0.222            8.000
      Category 2    0.194            7.000
      Category 3    0.361           13.000
      Category 4    0.111            4.000
      Category 5    0.111            4.000
    P12
      Category 1    0.031            1.000
      Category 2    0.219            7.000
      Category 3    0.406           13.000
      Category 4    0.188            6.000
      Category 5    0.156            5.000
    P22
      Category 1    0.156            5.000
      Category 2    0.281            9.000
      Category 3    0.344           11.000
      Category 4    0.188            6.000
      Category 5    0.031            1.000
    P13
      Category 1    0.081            3.000
      Category 2    0.297           11.000
      Category 3    0.378           14.000
      Category 4    0.108            4.000
      Category 5    0.135            5.000
    P23
      Category 1    0.081            3.000
      Category 2    0.162            6.000
      Category 3    0.514           19.000
      Category 4    0.162            6.000
      Category 5    0.081            3.000
    P14
      Category 1    0.231            6.000
      Category 2    0.154            4.000
      Category 3    0.308            8.000
      Category 4    0.192            5.000
      Category 5    0.115            3.000
    P24
      Category 1    0.346            9.000
      Category 2    0.115            3.000
      Category 3    0.308            8.000
      Category 4    0.077            2.000
      Category 5    0.154            4.000
    P15
      Category 1    0.133            4.000
      Category 2    0.367           11.000
      Category 3    0.300            9.000
      Category 4    0.133            4.000
      Category 5    0.067            2.000
    P25
      Category 1    0.172            5.000
      Category 2    0.345           10.000
      Category 3    0.310            9.000
      Category 4    0.103            3.000
      Category 5    0.069            2.000
    P16
      Category 1    0.250            7.000
      Category 2    0.250            7.000
      Category 3    0.286            8.000
      Category 4    0.107            3.000
      Category 5    0.107            3.000
    P26
      Category 1    0.250            7.000
      Category 2    0.107            3.000
      Category 3    0.464           13.000
      Category 4    0.107            3.000
      Category 5    0.071            2.000
    P17
      Category 1    0.167            3.000
      Category 2    0.167            3.000
      Category 3    0.500            9.000
      Category 4    0.167            3.000
    P27
      Category 1    0.167            3.000
      Category 2    0.056            1.000
      Category 3    0.333            6.000
      Category 4    0.389            7.000
      Category 5    0.056            1.000
    P18
      Category 1    0.111            3.000
      Category 2    0.296            8.000
      Category 3    0.259            7.000
      Category 4    0.333            9.000
    P28
      Category 1    0.148            4.000
      Category 2    0.222            6.000
      Category 3    0.148            4.000
      Category 4    0.370           10.000
      Category 5    0.111            3.000
    P19
      Category 1    0.167            6.000
      Category 2    0.250            9.000
      Category 3    0.472           17.000
      Category 4    0.111            4.000
    P29
      Category 1    0.222            8.000
      Category 2    0.222            8.000
      Category 3    0.389           14.000
      Category 4    0.111            4.000
      Category 5    0.056            2.000
    P110
      Category 1    0.069            2.000
      Category 2    0.276            8.000
      Category 3    0.379           11.000
      Category 4    0.172            5.000
      Category 5    0.103            3.000
    P210
      Category 1    0.103            3.000
      Category 2    0.310            9.000
      Category 3    0.379           11.000
      Category 4    0.172            5.000
      Category 5    0.034            1.000



THE MODEL ESTIMATION TERMINATED NORMALLY

     USE THE FBITERATIONS OPTION TO INCREASE THE NUMBER OF ITERATIONS BY A FACTOR
     OF AT LEAST TWO TO CHECK CONVERGENCE AND THAT THE PSR VALUE DOES NOT INCREASE.



MODEL FIT INFORMATION

Number of Free Parameters                              71

Bayesian Posterior Predictive Checking using Chi-Square

          95% Confidence Interval for the Difference Between
          the Observed and the Replicated Chi-Square Values

                                -55.191            87.235

          Posterior Predictive P-Value              0.350



MODEL RESULTS

                                Posterior  One-Tailed         95% C.I.
                    Estimate       S.D.      P-Value   Lower 2.5%  Upper 2.5%  Significance

 S1       BY
    P11                1.000       0.000      0.000       1.000       1.000
    P21                1.000       0.000      0.000       1.000       1.000

 S2       BY
    P12                1.000       0.000      0.000       1.000       1.000
    P22                1.000       0.000      0.000       1.000       1.000

 S3       BY
    P13                1.000       0.000      0.000       1.000       1.000
    P23                1.000       0.000      0.000       1.000       1.000

 S4       BY
    P14                1.000       0.000      0.000       1.000       1.000
    P24                1.000       0.000      0.000       1.000       1.000

 S5       BY
    P15                1.000       0.000      0.000       1.000       1.000
    P25                1.000       0.000      0.000       1.000       1.000

 S6       BY
    P16                1.000       0.000      0.000       1.000       1.000
    P26                1.000       0.000      0.000       1.000       1.000

 S7       BY
    P17                1.000       0.000      0.000       1.000       1.000
    P27                1.000       0.000      0.000       1.000       1.000

 S8       BY
    P18                1.000       0.000      0.000       1.000       1.000
    P28                1.000       0.000      0.000       1.000       1.000

 S9       BY
    P19                1.000       0.000      0.000       1.000       1.000
    P29                1.000       0.000      0.000       1.000       1.000

 S10      BY
    P110               1.000       0.000      0.000       1.000       1.000
    P210               1.000       0.000      0.000       1.000       1.000

 S2       WITH
    S1                 0.151       0.121      0.042      -0.018       0.456

 S3       WITH
    S1                 0.162       0.131      0.053      -0.036       0.480
    S2                 0.124       0.105      0.060      -0.034       0.385

 S4       WITH
    S1                 0.015       0.146      0.448      -0.290       0.299
    S2                 0.046       0.111      0.299      -0.158       0.293
    S3                 0.107       0.128      0.146      -0.101       0.408

 S5       WITH
    S1                 0.028       0.129      0.398      -0.230       0.299
    S2                 0.030       0.098      0.354      -0.151       0.249
    S3                 0.074       0.119      0.217      -0.123       0.355
    S4                 0.070       0.114      0.205      -0.107       0.355

 S6       WITH
    S1                 0.201       0.166      0.060      -0.059       0.597
    S2                 0.163       0.135      0.055      -0.038       0.490
    S3                 0.233       0.157      0.018       0.013       0.620      *
    S4                 0.144       0.164      0.133      -0.113       0.539
    S5                 0.065       0.151      0.298      -0.215       0.397

 S7       WITH
    S1                 0.011       0.155      0.461      -0.296       0.338
    S2                 0.006       0.116      0.471      -0.226       0.248
    S3                 0.009       0.148      0.472      -0.290       0.317
    S4                 0.023       0.129      0.408      -0.216       0.313
    S5                 0.043       0.112      0.294      -0.139       0.311
    S6                 0.017       0.193      0.456      -0.357       0.430

 S8       WITH
    S1                 0.127       0.154      0.150      -0.129       0.486
    S2                 0.088       0.124      0.182      -0.114       0.379
    S3                 0.177       0.157      0.060      -0.045       0.571
    S4                 0.109       0.149      0.169      -0.119       0.477
    S5                 0.067       0.132      0.257      -0.153       0.382
    S6                 0.198       0.190      0.086      -0.097       0.658
    S7                 0.002       0.155      0.495      -0.323       0.325

 S9       WITH
    S1                 0.057       0.122      0.287      -0.173       0.318
    S2                 0.060       0.097      0.228      -0.111       0.283
    S3                 0.107       0.111      0.114      -0.067       0.374
    S4                 0.100       0.116      0.129      -0.073       0.387
    S5                 0.048       0.099      0.269      -0.119       0.278
    S6                 0.152       0.151      0.090      -0.074       0.524
    S7                 0.032       0.119      0.363      -0.181       0.306
    S8                 0.119       0.138      0.126      -0.081       0.467

 S10      WITH
    S1                -0.003       0.106      0.486      -0.231       0.203
    S2                 0.012       0.081      0.428      -0.146       0.183
    S3                 0.037       0.096      0.315      -0.134       0.256
    S4                 0.037       0.093      0.304      -0.124       0.254
    S5                 0.025       0.079      0.340      -0.111       0.210
    S6                 0.046       0.124      0.323      -0.181       0.317
    S7                 0.013       0.088      0.416      -0.151       0.210
    S8                 0.039       0.108      0.315      -0.143       0.292
    S9                 0.035       0.084      0.302      -0.109       0.230

 Means
    S1                 0.000       0.000      1.000       0.000       0.000
    S2                 0.160       0.157      0.150      -0.148       0.468
    S3                 0.188       0.157      0.113      -0.118       0.500
    S4                -0.126       0.187      0.248      -0.500       0.235
    S5                -0.161       0.169      0.165      -0.493       0.173
    S6                -0.176       0.197      0.180      -0.567       0.211
    S7                 0.129       0.235      0.288      -0.335       0.590
    S8                 0.228       0.205      0.131      -0.180       0.627
    S9                -0.176       0.177      0.158      -0.526       0.161
    S10                0.034       0.160      0.415      -0.280       0.349

 Thresholds
    P11$1             -0.975       0.000      0.000      -0.975      -0.975      *
    P11$2             -0.259       0.000      0.000      -0.259      -0.259
    P11$3              0.606       0.000      0.000       0.606       0.606
    P11$4              1.333       0.000      0.000       1.333       1.333      *
    P21$1             -0.975       0.000      0.000      -0.975      -0.975      *
    P21$2             -0.259       0.000      0.000      -0.259      -0.259
    P21$3              0.606       0.000      0.000       0.606       0.606
    P21$4              1.333       0.000      0.000       1.333       1.333      *
    P12$1             -0.975       0.000      0.000      -0.975      -0.975      *
    P12$2             -0.259       0.000      0.000      -0.259      -0.259
    P12$3              0.606       0.000      0.000       0.606       0.606
    P12$4              1.333       0.000      0.000       1.333       1.333      *
    P22$1             -0.975       0.000      0.000      -0.975      -0.975      *
    P22$2             -0.259       0.000      0.000      -0.259      -0.259
    P22$3              0.606       0.000      0.000       0.606       0.606
    P22$4              1.333       0.000      0.000       1.333       1.333      *
    P13$1             -0.975       0.000      0.000      -0.975      -0.975      *
    P13$2             -0.259       0.000      0.000      -0.259      -0.259
    P13$3              0.606       0.000      0.000       0.606       0.606
    P13$4              1.333       0.000      0.000       1.333       1.333      *
    P23$1             -0.975       0.000      0.000      -0.975      -0.975      *
    P23$2             -0.259       0.000      0.000      -0.259      -0.259
    P23$3              0.606       0.000      0.000       0.606       0.606
    P23$4              1.333       0.000      0.000       1.333       1.333      *
    P14$1             -0.975       0.000      0.000      -0.975      -0.975      *
    P14$2             -0.259       0.000      0.000      -0.259      -0.259
    P14$3              0.606       0.000      0.000       0.606       0.606
    P14$4              1.333       0.000      0.000       1.333       1.333      *
    P24$1             -0.975       0.000      0.000      -0.975      -0.975      *
    P24$2             -0.259       0.000      0.000      -0.259      -0.259
    P24$3              0.606       0.000      0.000       0.606       0.606
    P24$4              1.333       0.000      0.000       1.333       1.333      *
    P15$1             -0.975       0.000      0.000      -0.975      -0.975      *
    P15$2             -0.259       0.000      0.000      -0.259      -0.259
    P15$3              0.606       0.000      0.000       0.606       0.606
    P15$4              1.333       0.000      0.000       1.333       1.333      *
    P25$1             -0.975       0.000      0.000      -0.975      -0.975      *
    P25$2             -0.259       0.000      0.000      -0.259      -0.259
    P25$3              0.606       0.000      0.000       0.606       0.606
    P25$4              1.333       0.000      0.000       1.333       1.333      *
    P16$1             -0.975       0.000      0.000      -0.975      -0.975      *
    P16$2             -0.259       0.000      0.000      -0.259      -0.259
    P16$3              0.606       0.000      0.000       0.606       0.606
    P16$4              1.333       0.000      0.000       1.333       1.333      *
    P26$1             -0.975       0.000      0.000      -0.975      -0.975      *
    P26$2             -0.259       0.000      0.000      -0.259      -0.259
    P26$3              0.606       0.000      0.000       0.606       0.606
    P26$4              1.333       0.000      0.000       1.333       1.333      *
    P17$1             -1.192       0.218      0.000      -1.636      -0.781      *
    P17$2             -0.279       0.190      0.069      -0.651       0.090
    P17$3              1.021       0.209      0.000       0.616       1.434      *
    P27$1             -0.975       0.000      0.000      -0.975      -0.975      *
    P27$2             -0.259       0.000      0.000      -0.259      -0.259
    P27$3              0.606       0.000      0.000       0.606       0.606
    P27$4              1.333       0.000      0.000       1.333       1.333      *
    P18$1             -1.192       0.218      0.000      -1.636      -0.781      *
    P18$2             -0.279       0.190      0.069      -0.651       0.090
    P18$3              1.021       0.209      0.000       0.616       1.434      *
    P28$1             -0.975       0.000      0.000      -0.975      -0.975      *
    P28$2             -0.259       0.000      0.000      -0.259      -0.259
    P28$3              0.606       0.000      0.000       0.606       0.606
    P28$4              1.333       0.000      0.000       1.333       1.333      *
    P19$1             -1.192       0.218      0.000      -1.636      -0.781      *
    P19$2             -0.279       0.190      0.069      -0.651       0.090
    P19$3              1.021       0.209      0.000       0.616       1.434      *
    P29$1             -0.975       0.000      0.000      -0.975      -0.975      *
    P29$2             -0.259       0.000      0.000      -0.259      -0.259
    P29$3              0.606       0.000      0.000       0.606       0.606
    P29$4              1.333       0.000      0.000       1.333       1.333      *
    P110$1            -0.975       0.000      0.000      -0.975      -0.975      *
    P110$2            -0.259       0.000      0.000      -0.259      -0.259
    P110$3             0.606       0.000      0.000       0.606       0.606
    P110$4             1.333       0.000      0.000       1.333       1.333      *
    P210$1            -0.975       0.000      0.000      -0.975      -0.975      *
    P210$2            -0.259       0.000      0.000      -0.259      -0.259
    P210$3             0.606       0.000      0.000       0.606       0.606
    P210$4             1.333       0.000      0.000       1.333       1.333      *

 Variances
    S1                 0.403       0.220      0.000       0.147       0.982      *
    S2                 0.250       0.128      0.000       0.102       0.582      *
    S3                 0.337       0.171      0.000       0.133       0.789      *
    S4                 0.301       0.182      0.000       0.109       0.802      *
    S5                 0.235       0.140      0.000       0.092       0.624      *
    S6                 0.511       0.284      0.000       0.188       1.277      *
    S7                 0.248       0.175      0.000       0.093       0.749      *
    S8                 0.384       0.253      0.000       0.129       1.087      *
    S9                 0.271       0.154      0.000       0.104       0.687      *
    S10                0.174       0.096      0.000       0.075       0.435      *


STANDARDIZED MODEL RESULTS


STDYX Standardization

                                Posterior  One-Tailed         95% C.I.
                    Estimate       S.D.      P-Value   Lower 2.5%  Upper 2.5%  Significance
 S1       BY
    P11                0.536       0.089      0.000       0.358       0.704      *
    P21                0.536       0.089      0.000       0.358       0.704      *

 S2       BY
    P12                0.447       0.079      0.000       0.304       0.607      *
    P22                0.447       0.079      0.000       0.304       0.607      *

 S3       BY
    P13                0.502       0.083      0.000       0.343       0.664      *
    P23                0.502       0.083      0.000       0.343       0.664      *

 S4       BY
    P14                0.481       0.091      0.000       0.313       0.667      *
    P24                0.481       0.091      0.000       0.313       0.667      *

 S5       BY
    P15                0.436       0.085      0.000       0.291       0.620      *
    P25                0.436       0.085      0.000       0.291       0.620      *

 S6       BY
    P16                0.582       0.090      0.000       0.398       0.749      *
    P26                0.582       0.090      0.000       0.398       0.749      *

 S7       BY
    P17                0.446       0.094      0.000       0.292       0.654      *
    P27                0.446       0.094      0.000       0.292       0.654      *

 S8       BY
    P18                0.527       0.099      0.000       0.338       0.722      *
    P28                0.527       0.099      0.000       0.338       0.722      *

 S9       BY
    P19                0.462       0.086      0.000       0.307       0.638      *
    P29                0.462       0.086      0.000       0.307       0.638      *

 S10      BY
    P110               0.385       0.074      0.000       0.265       0.551      *
    P210               0.385       0.074      0.000       0.265       0.551      *

 S2       WITH
    S1                 0.508       0.234      0.042      -0.073       0.814

 S3       WITH
    S1                 0.468       0.239      0.053      -0.117       0.797
    S2                 0.455       0.242      0.060      -0.138       0.793

 S4       WITH
    S1                 0.049       0.342      0.448      -0.620       0.650
    S2                 0.190       0.320      0.299      -0.488       0.708
    S3                 0.366       0.292      0.146      -0.323       0.776

 S5       WITH
    S1                 0.104       0.339      0.398      -0.586       0.678
    S2                 0.140       0.324      0.354      -0.525       0.678
    S3                 0.288       0.316      0.217      -0.427       0.758
    S4                 0.292       0.306      0.205      -0.396       0.753

 S6       WITH
    S1                 0.477       0.251      0.060      -0.143       0.815
    S2                 0.489       0.246      0.055      -0.126       0.813
    S3                 0.593       0.210      0.018       0.042       0.852      *
    S4                 0.403       0.297      0.133      -0.311       0.802
    S5                 0.209       0.340      0.298      -0.534       0.737

 S7       WITH
    S1                 0.044       0.377      0.461      -0.672       0.698
    S2                 0.031       0.358      0.471      -0.642       0.671
    S3                 0.034       0.388      0.472      -0.685       0.714
    S4                 0.099       0.353      0.408      -0.600       0.707
    S5                 0.205       0.329      0.294      -0.498       0.728
    S6                 0.057       0.405      0.456      -0.698       0.745

 S8       WITH
    S1                 0.353       0.291      0.150      -0.327       0.767
    S2                 0.315       0.298      0.182      -0.374       0.752
    S3                 0.531       0.262      0.060      -0.161       0.844
    S4                 0.354       0.309      0.169      -0.372       0.791
    S5                 0.249       0.326      0.257      -0.468       0.746
    S6                 0.484       0.284      0.086      -0.259       0.833
    S7                 0.006       0.373      0.495      -0.683       0.682

 S9       WITH
    S1                 0.196       0.305      0.287      -0.454       0.693
    S2                 0.251       0.293      0.228      -0.399       0.705
    S3                 0.380       0.265      0.114      -0.247       0.762
    S4                 0.380       0.280      0.129      -0.282       0.775
    S5                 0.211       0.302      0.269      -0.441       0.699
    S6                 0.442       0.271      0.090      -0.228       0.805
    S7                 0.140       0.342      0.363      -0.559       0.710
    S8                 0.399       0.286      0.126      -0.291       0.790

 S10      WITH
    S1                -0.014       0.327      0.486      -0.620       0.598
    S2                 0.063       0.312      0.428      -0.551       0.627
    S3                 0.170       0.313      0.315      -0.489       0.691
    S4                 0.180       0.310      0.304      -0.475       0.689
    S5                 0.140       0.301      0.340      -0.470       0.660
    S6                 0.172       0.326      0.323      -0.519       0.704
    S7                 0.074       0.318      0.416      -0.553       0.647
    S8                 0.170       0.317      0.315      -0.488       0.696
    S9                 0.177       0.300      0.302      -0.455       0.677

 Means
    S1                 0.000       0.000      1.000       0.000       0.000
    S2                 0.316       0.326      0.150      -0.298       0.991
    S3                 0.323       0.280      0.113      -0.202       0.905
    S4                -0.228       0.354      0.248      -0.959       0.429
    S5                -0.330       0.371      0.165      -1.140       0.334
    S6                -0.246       0.288      0.180      -0.858       0.286
    S7                 0.253       0.490      0.288      -0.660       1.291
    S8                 0.363       0.362      0.131      -0.273       1.165
    S9                -0.336       0.362      0.158      -1.120       0.314
    S10                0.080       0.391      0.415      -0.676       0.872

 Thresholds
    P11$1             -0.823       0.057      0.000      -0.910      -0.692      *
    P11$2             -0.219       0.015      0.000      -0.242      -0.184      *
    P11$3              0.512       0.035      0.000       0.430       0.566      *
    P11$4              1.125       0.077      0.000       0.947       1.244      *
    P21$1             -0.823       0.057      0.000      -0.910      -0.692      *
    P21$2             -0.219       0.015      0.000      -0.242      -0.184      *
    P21$3              0.512       0.035      0.000       0.430       0.566      *
    P21$4              1.125       0.077      0.000       0.947       1.244      *
    P12$1             -0.872       0.040      0.000      -0.929      -0.775      *
    P12$2             -0.232       0.011      0.000      -0.247      -0.206      *
    P12$3              0.542       0.025      0.000       0.482       0.577      *
    P12$4              1.192       0.055      0.000       1.060       1.270      *
    P22$1             -0.872       0.040      0.000      -0.929      -0.775      *
    P22$2             -0.232       0.011      0.000      -0.247      -0.206      *
    P22$3              0.542       0.025      0.000       0.482       0.577      *
    P22$4              1.192       0.055      0.000       1.060       1.270      *
    P13$1             -0.843       0.048      0.000      -0.916      -0.729      *
    P13$2             -0.224       0.013      0.000      -0.243      -0.194      *
    P13$3              0.524       0.030      0.000       0.453       0.569      *
    P13$4              1.153       0.066      0.000       0.996       1.252      *
    P23$1             -0.843       0.048      0.000      -0.916      -0.729      *
    P23$2             -0.224       0.013      0.000      -0.243      -0.194      *
    P23$3              0.524       0.030      0.000       0.453       0.569      *
    P23$4              1.153       0.066      0.000       0.996       1.252      *
    P14$1             -0.855       0.052      0.000      -0.926      -0.726      *
    P14$2             -0.227       0.014      0.000      -0.246      -0.193      *
    P14$3              0.531       0.032      0.000       0.451       0.576      *
    P14$4              1.169       0.071      0.000       0.993       1.266      *
    P24$1             -0.855       0.052      0.000      -0.926      -0.726      *
    P24$2             -0.227       0.014      0.000      -0.246      -0.193      *
    P24$3              0.531       0.032      0.000       0.451       0.576      *
    P24$4              1.169       0.071      0.000       0.993       1.266      *
    P15$1             -0.877       0.044      0.000      -0.933      -0.765      *
    P15$2             -0.233       0.012      0.000      -0.248      -0.203      *
    P15$3              0.545       0.027      0.000       0.475       0.580      *
    P15$4              1.200       0.060      0.000       1.046       1.275      *
    P25$1             -0.877       0.044      0.000      -0.933      -0.765      *
    P25$2             -0.233       0.012      0.000      -0.248      -0.203      *
    P25$3              0.545       0.027      0.000       0.475       0.580      *
    P25$4              1.200       0.060      0.000       1.046       1.275      *
    P16$1             -0.793       0.064      0.000      -0.895      -0.646      *
    P16$2             -0.211       0.017      0.000      -0.238      -0.172      *
    P16$3              0.493       0.040      0.000       0.402       0.556      *
    P16$4              1.084       0.087      0.000       0.883       1.223      *
    P26$1             -0.793       0.064      0.000      -0.895      -0.646      *
    P26$2             -0.211       0.017      0.000      -0.238      -0.172      *
    P26$3              0.493       0.040      0.000       0.402       0.556      *
    P26$4              1.084       0.087      0.000       0.883       1.223      *
    P17$1             -1.054       0.201      0.000      -1.463      -0.679      *
    P17$2             -0.246       0.168      0.069      -0.580       0.081
    P17$3              0.902       0.191      0.000       0.539       1.284      *
    P27$1             -0.873       0.051      0.000      -0.932      -0.737      *
    P27$2             -0.232       0.014      0.000      -0.248      -0.196      *
    P27$3              0.542       0.032      0.000       0.458       0.580      *
    P27$4              1.193       0.070      0.000       1.008       1.275      *
    P18$1             -0.998       0.192      0.000      -1.396      -0.645      *
    P18$2             -0.234       0.160      0.069      -0.555       0.077
    P18$3              0.856       0.184      0.000       0.511       1.234      *
    P28$1             -0.829       0.063      0.000      -0.918      -0.675      *
    P28$2             -0.220       0.017      0.000      -0.244      -0.179      *
    P28$3              0.515       0.039      0.000       0.419       0.570      *
    P28$4              1.133       0.086      0.000       0.923       1.254      *
    P19$1             -1.046       0.195      0.000      -1.447      -0.682      *
    P19$2             -0.246       0.167      0.069      -0.577       0.080
    P19$3              0.896       0.186      0.000       0.536       1.270      *
    P29$1             -0.865       0.046      0.000      -0.928      -0.751      *
    P29$2             -0.230       0.012      0.000      -0.246      -0.199      *
    P29$3              0.538       0.029      0.000       0.467       0.577      *
    P29$4              1.183       0.063      0.000       1.026       1.268      *
    P110$1            -0.900       0.033      0.000      -0.940      -0.814      *
    P110$2            -0.239       0.009      0.000      -0.250      -0.216      *
    P110$3             0.559       0.021      0.000       0.506       0.584      *
    P110$4             1.230       0.045      0.000       1.113       1.285      *
    P210$1            -0.900       0.033      0.000      -0.940      -0.814      *
    P210$2            -0.239       0.009      0.000      -0.250      -0.216      *
    P210$3             0.559       0.021      0.000       0.506       0.584      *
    P210$4             1.230       0.045      0.000       1.113       1.285      *

 Variances
    S1                 1.000       0.000      0.000       1.000       1.000
    S2                 1.000       0.000      0.000       1.000       1.000
    S3                 1.000       0.000      0.000       1.000       1.000
    S4                 1.000       0.000      0.000       1.000       1.000
    S5                 1.000       0.000      0.000       1.000       1.000
    S6                 1.000       0.000      0.000       1.000       1.000
    S7                 1.000       0.000      0.000       1.000       1.000
    S8                 1.000       0.000      0.000       1.000       1.000
    S9                 1.000       0.000      0.000       1.000       1.000
    S10                1.000       0.000      0.000       1.000       1.000


R-SQUARE

                                Posterior  One-Tailed         95% C.I.
    Variable        Estimate       S.D.      P-Value   Lower 2.5%  Upper 2.5%

    P11                0.287       0.096      0.000       0.128       0.496
    P21                0.287       0.096      0.000       0.128       0.496
    P12                0.200       0.072      0.000       0.093       0.368
    P22                0.200       0.072      0.000       0.093       0.368
    P13                0.252       0.084      0.000       0.117       0.441
    P23                0.252       0.084      0.000       0.117       0.441
    P14                0.231       0.090      0.000       0.098       0.445
    P24                0.231       0.090      0.000       0.098       0.445
    P15                0.190       0.078      0.000       0.085       0.384
    P25                0.190       0.078      0.000       0.085       0.384
    P16                0.338       0.104      0.000       0.158       0.561
    P26                0.338       0.104      0.000       0.158       0.561
    P17                0.199       0.090      0.000       0.085       0.428
    P27                0.199       0.090      0.000       0.085       0.428
    P18                0.277       0.106      0.000       0.114       0.521
    P28                0.277       0.106      0.000       0.114       0.521
    P19                0.213       0.082      0.000       0.095       0.407
    P29                0.213       0.082      0.000       0.095       0.407
    P110               0.148       0.061      0.000       0.070       0.303
    P210               0.148       0.061      0.000       0.070       0.303


TECHNICAL 1 OUTPUT


     PARAMETER SPECIFICATION


           TAU
              P11$1         P11$2         P11$3         P11$4         P21$1
              ________      ________      ________      ________      ________
                   65            66            67            68            65


           TAU
              P21$2         P21$3         P21$4         P12$1         P12$2
              ________      ________      ________      ________      ________
                   66            67            68            65            66


           TAU
              P12$3         P12$4         P22$1         P22$2         P22$3
              ________      ________      ________      ________      ________
                   67            68            65            66            67


           TAU
              P22$4         P13$1         P13$2         P13$3         P13$4
              ________      ________      ________      ________      ________
                   68            65            66            67            68


           TAU
              P23$1         P23$2         P23$3         P23$4         P14$1
              ________      ________      ________      ________      ________
                   65            66            67            68            65


           TAU
              P14$2         P14$3         P14$4         P24$1         P24$2
              ________      ________      ________      ________      ________
                   66            67            68            65            66


           TAU
              P24$3         P24$4         P15$1         P15$2         P15$3
              ________      ________      ________      ________      ________
                   67            68            65            66            67


           TAU
              P15$4         P25$1         P25$2         P25$3         P25$4
              ________      ________      ________      ________      ________
                   68            65            66            67            68


           TAU
              P16$1         P16$2         P16$3         P16$4         P26$1
              ________      ________      ________      ________      ________
                   65            66            67            68            65


           TAU
              P26$2         P26$3         P26$4         P17$1         P17$2
              ________      ________      ________      ________      ________
                   66            67            68            69            70


           TAU
              P17$3         P27$1         P27$2         P27$3         P27$4
              ________      ________      ________      ________      ________
                   71            65            66            67            68


           TAU
              P18$1         P18$2         P18$3         P28$1         P28$2
              ________      ________      ________      ________      ________
                   69            70            71            65            66


           TAU
              P28$3         P28$4         P19$1         P19$2         P19$3
              ________      ________      ________      ________      ________
                   67            68            69            70            71


           TAU
              P29$1         P29$2         P29$3         P29$4         P110$1
              ________      ________      ________      ________      ________
                   65            66            67            68            65


           TAU
              P110$2        P110$3        P110$4        P210$1        P210$2
              ________      ________      ________      ________      ________
                   66            67            68            65            66


           TAU
              P210$3        P210$4
              ________      ________
                   67            68


           NU
              P11           P21           P12           P22           P13
              ________      ________      ________      ________      ________
                    0             0             0             0             0


           NU
              P23           P14           P24           P15           P25
              ________      ________      ________      ________      ________
                    0             0             0             0             0


           NU
              P16           P26           P17           P27           P18
              ________      ________      ________      ________      ________
                    0             0             0             0             0


           NU
              P28           P19           P29           P110          P210
              ________      ________      ________      ________      ________
                    0             0             0             0             0


           LAMBDA
              S1            S2            S3            S4            S5
              ________      ________      ________      ________      ________
 P11                0             0             0             0             0
 P21                0             0             0             0             0
 P12                0             0             0             0             0
 P22                0             0             0             0             0
 P13                0             0             0             0             0
 P23                0             0             0             0             0
 P14                0             0             0             0             0
 P24                0             0             0             0             0
 P15                0             0             0             0             0
 P25                0             0             0             0             0
 P16                0             0             0             0             0
 P26                0             0             0             0             0
 P17                0             0             0             0             0
 P27                0             0             0             0             0
 P18                0             0             0             0             0
 P28                0             0             0             0             0
 P19                0             0             0             0             0
 P29                0             0             0             0             0
 P110               0             0             0             0             0
 P210               0             0             0             0             0


           LAMBDA
              S6            S7            S8            S9            S10
              ________      ________      ________      ________      ________
 P11                0             0             0             0             0
 P21                0             0             0             0             0
 P12                0             0             0             0             0
 P22                0             0             0             0             0
 P13                0             0             0             0             0
 P23                0             0             0             0             0
 P14                0             0             0             0             0
 P24                0             0             0             0             0
 P15                0             0             0             0             0
 P25                0             0             0             0             0
 P16                0             0             0             0             0
 P26                0             0             0             0             0
 P17                0             0             0             0             0
 P27                0             0             0             0             0
 P18                0             0             0             0             0
 P28                0             0             0             0             0
 P19                0             0             0             0             0
 P29                0             0             0             0             0
 P110               0             0             0             0             0
 P210               0             0             0             0             0


           THETA
              P11           P21           P12           P22           P13
              ________      ________      ________      ________      ________
 P11                0
 P21                0             0
 P12                0             0             0
 P22                0             0             0             0
 P13                0             0             0             0             0
 P23                0             0             0             0             0
 P14                0             0             0             0             0
 P24                0             0             0             0             0
 P15                0             0             0             0             0
 P25                0             0             0             0             0
 P16                0             0             0             0             0
 P26                0             0             0             0             0
 P17                0             0             0             0             0
 P27                0             0             0             0             0
 P18                0             0             0             0             0
 P28                0             0             0             0             0
 P19                0             0             0             0             0
 P29                0             0             0             0             0
 P110               0             0             0             0             0
 P210               0             0             0             0             0


           THETA
              P23           P14           P24           P15           P25
              ________      ________      ________      ________      ________
 P23                0
 P14                0             0
 P24                0             0             0
 P15                0             0             0             0
 P25                0             0             0             0             0
 P16                0             0             0             0             0
 P26                0             0             0             0             0
 P17                0             0             0             0             0
 P27                0             0             0             0             0
 P18                0             0             0             0             0
 P28                0             0             0             0             0
 P19                0             0             0             0             0
 P29                0             0             0             0             0
 P110               0             0             0             0             0
 P210               0             0             0             0             0


           THETA
              P16           P26           P17           P27           P18
              ________      ________      ________      ________      ________
 P16                0
 P26                0             0
 P17                0             0             0
 P27                0             0             0             0
 P18                0             0             0             0             0
 P28                0             0             0             0             0
 P19                0             0             0             0             0
 P29                0             0             0             0             0
 P110               0             0             0             0             0
 P210               0             0             0             0             0


           THETA
              P28           P19           P29           P110          P210
              ________      ________      ________      ________      ________
 P28                0
 P19                0             0
 P29                0             0             0
 P110               0             0             0             0
 P210               0             0             0             0             0


           ALPHA
              S1            S2            S3            S4            S5
              ________      ________      ________      ________      ________
                    0             1             2             3             4


           ALPHA
              S6            S7            S8            S9            S10
              ________      ________      ________      ________      ________
                    5             6             7             8             9


           BETA
              S1            S2            S3            S4            S5
              ________      ________      ________      ________      ________
 S1                 0             0             0             0             0
 S2                 0             0             0             0             0
 S3                 0             0             0             0             0
 S4                 0             0             0             0             0
 S5                 0             0             0             0             0
 S6                 0             0             0             0             0
 S7                 0             0             0             0             0
 S8                 0             0             0             0             0
 S9                 0             0             0             0             0
 S10                0             0             0             0             0


           BETA
              S6            S7            S8            S9            S10
              ________      ________      ________      ________      ________
 S1                 0             0             0             0             0
 S2                 0             0             0             0             0
 S3                 0             0             0             0             0
 S4                 0             0             0             0             0
 S5                 0             0             0             0             0
 S6                 0             0             0             0             0
 S7                 0             0             0             0             0
 S8                 0             0             0             0             0
 S9                 0             0             0             0             0
 S10                0             0             0             0             0


           PSI
              S1            S2            S3            S4            S5
              ________      ________      ________      ________      ________
 S1                10
 S2                11            12
 S3                13            14            15
 S4                16            17            18            19
 S5                20            21            22            23            24
 S6                25            26            27            28            29
 S7                31            32            33            34            35
 S8                38            39            40            41            42
 S9                46            47            48            49            50
 S10               55            56            57            58            59


           PSI
              S6            S7            S8            S9            S10
              ________      ________      ________      ________      ________
 S6                30
 S7                36            37
 S8                43            44            45
 S9                51            52            53            54
 S10               60            61            62            63            64


     STARTING VALUES


           TAU
              P11$1         P11$2         P11$3         P11$4         P21$1
              ________      ________      ________      ________      ________
               -1.000        -0.500         0.200         1.500        -0.975


           TAU
              P21$2         P21$3         P21$4         P12$1         P12$2
              ________      ________      ________      ________      ________
               -0.259         0.606         1.333        -0.975        -0.259


           TAU
              P12$3         P12$4         P22$1         P22$2         P22$3
              ________      ________      ________      ________      ________
                0.606         1.333        -0.975        -0.259         0.606


           TAU
              P22$4         P13$1         P13$2         P13$3         P13$4
              ________      ________      ________      ________      ________
                1.333        -0.975        -0.259         0.606         1.333


           TAU
              P23$1         P23$2         P23$3         P23$4         P14$1
              ________      ________      ________      ________      ________
               -0.975        -0.259         0.606         1.333        -0.975


           TAU
              P14$2         P14$3         P14$4         P24$1         P24$2
              ________      ________      ________      ________      ________
               -0.259         0.606         1.333        -0.975        -0.259


           TAU
              P24$3         P24$4         P15$1         P15$2         P15$3
              ________      ________      ________      ________      ________
                0.606         1.333        -0.975        -0.259         0.606


           TAU
              P15$4         P25$1         P25$2         P25$3         P25$4
              ________      ________      ________      ________      ________
                1.333        -0.975        -0.259         0.606         1.333


           TAU
              P16$1         P16$2         P16$3         P16$4         P26$1
              ________      ________      ________      ________      ________
               -0.975        -0.259         0.606         1.333        -0.975


           TAU
              P26$2         P26$3         P26$4         P17$1         P17$2
              ________      ________      ________      ________      ________
               -0.259         0.606         1.333        -0.981        -0.260


           TAU
              P17$3         P27$1         P27$2         P27$3         P27$4
              ________      ________      ________      ________      ________
                0.811        -0.975        -0.259         0.606         1.333


           TAU
              P18$1         P18$2         P18$3         P28$1         P28$2
              ________      ________      ________      ________      ________
               -0.981        -0.260         0.811        -0.975        -0.259


           TAU
              P28$3         P28$4         P19$1         P19$2         P19$3
              ________      ________      ________      ________      ________
                0.606         1.333        -0.981        -0.260         0.811


           TAU
              P29$1         P29$2         P29$3         P29$4         P110$1
              ________      ________      ________      ________      ________
               -0.975        -0.259         0.606         1.333        -0.975


           TAU
              P110$2        P110$3        P110$4        P210$1        P210$2
              ________      ________      ________      ________      ________
               -0.259         0.606         1.333        -0.975        -0.259


           TAU
              P210$3        P210$4
              ________      ________
                0.606         1.333


           NU
              P11           P21           P12           P22           P13
              ________      ________      ________      ________      ________
                0.000         0.000         0.000         0.000         0.000


           NU
              P23           P14           P24           P15           P25
              ________      ________      ________      ________      ________
                0.000         0.000         0.000         0.000         0.000


           NU
              P16           P26           P17           P27           P18
              ________      ________      ________      ________      ________
                0.000         0.000         0.000         0.000         0.000


           NU
              P28           P19           P29           P110          P210
              ________      ________      ________      ________      ________
                0.000         0.000         0.000         0.000         0.000


           LAMBDA
              S1            S2            S3            S4            S5
              ________      ________      ________      ________      ________
 P11            1.000         0.000         0.000         0.000         0.000
 P21            1.000         0.000         0.000         0.000         0.000
 P12            0.000         1.000         0.000         0.000         0.000
 P22            0.000         1.000         0.000         0.000         0.000
 P13            0.000         0.000         1.000         0.000         0.000
 P23            0.000         0.000         1.000         0.000         0.000
 P14            0.000         0.000         0.000         1.000         0.000
 P24            0.000         0.000         0.000         1.000         0.000
 P15            0.000         0.000         0.000         0.000         1.000
 P25            0.000         0.000         0.000         0.000         1.000
 P16            0.000         0.000         0.000         0.000         0.000
 P26            0.000         0.000         0.000         0.000         0.000
 P17            0.000         0.000         0.000         0.000         0.000
 P27            0.000         0.000         0.000         0.000         0.000
 P18            0.000         0.000         0.000         0.000         0.000
 P28            0.000         0.000         0.000         0.000         0.000
 P19            0.000         0.000         0.000         0.000         0.000
 P29            0.000         0.000         0.000         0.000         0.000
 P110           0.000         0.000         0.000         0.000         0.000
 P210           0.000         0.000         0.000         0.000         0.000


           LAMBDA
              S6            S7            S8            S9            S10
              ________      ________      ________      ________      ________
 P11            0.000         0.000         0.000         0.000         0.000
 P21            0.000         0.000         0.000         0.000         0.000
 P12            0.000         0.000         0.000         0.000         0.000
 P22            0.000         0.000         0.000         0.000         0.000
 P13            0.000         0.000         0.000         0.000         0.000
 P23            0.000         0.000         0.000         0.000         0.000
 P14            0.000         0.000         0.000         0.000         0.000
 P24            0.000         0.000         0.000         0.000         0.000
 P15            0.000         0.000         0.000         0.000         0.000
 P25            0.000         0.000         0.000         0.000         0.000
 P16            1.000         0.000         0.000         0.000         0.000
 P26            1.000         0.000         0.000         0.000         0.000
 P17            0.000         1.000         0.000         0.000         0.000
 P27            0.000         1.000         0.000         0.000         0.000
 P18            0.000         0.000         1.000         0.000         0.000
 P28            0.000         0.000         1.000         0.000         0.000
 P19            0.000         0.000         0.000         1.000         0.000
 P29            0.000         0.000         0.000         1.000         0.000
 P110           0.000         0.000         0.000         0.000         1.000
 P210           0.000         0.000         0.000         0.000         1.000


           THETA
              P11           P21           P12           P22           P13
              ________      ________      ________      ________      ________
 P11            1.000
 P21            0.000         1.000
 P12            0.000         0.000         1.000
 P22            0.000         0.000         0.000         1.000
 P13            0.000         0.000         0.000         0.000         1.000
 P23            0.000         0.000         0.000         0.000         0.000
 P14            0.000         0.000         0.000         0.000         0.000
 P24            0.000         0.000         0.000         0.000         0.000
 P15            0.000         0.000         0.000         0.000         0.000
 P25            0.000         0.000         0.000         0.000         0.000
 P16            0.000         0.000         0.000         0.000         0.000
 P26            0.000         0.000         0.000         0.000         0.000
 P17            0.000         0.000         0.000         0.000         0.000
 P27            0.000         0.000         0.000         0.000         0.000
 P18            0.000         0.000         0.000         0.000         0.000
 P28            0.000         0.000         0.000         0.000         0.000
 P19            0.000         0.000         0.000         0.000         0.000
 P29            0.000         0.000         0.000         0.000         0.000
 P110           0.000         0.000         0.000         0.000         0.000
 P210           0.000         0.000         0.000         0.000         0.000


           THETA
              P23           P14           P24           P15           P25
              ________      ________      ________      ________      ________
 P23            1.000
 P14            0.000         1.000
 P24            0.000         0.000         1.000
 P15            0.000         0.000         0.000         1.000
 P25            0.000         0.000         0.000         0.000         1.000
 P16            0.000         0.000         0.000         0.000         0.000
 P26            0.000         0.000         0.000         0.000         0.000
 P17            0.000         0.000         0.000         0.000         0.000
 P27            0.000         0.000         0.000         0.000         0.000
 P18            0.000         0.000         0.000         0.000         0.000
 P28            0.000         0.000         0.000         0.000         0.000
 P19            0.000         0.000         0.000         0.000         0.000
 P29            0.000         0.000         0.000         0.000         0.000
 P110           0.000         0.000         0.000         0.000         0.000
 P210           0.000         0.000         0.000         0.000         0.000


           THETA
              P16           P26           P17           P27           P18
              ________      ________      ________      ________      ________
 P16            1.000
 P26            0.000         1.000
 P17            0.000         0.000         1.000
 P27            0.000         0.000         0.000         1.000
 P18            0.000         0.000         0.000         0.000         1.000
 P28            0.000         0.000         0.000         0.000         0.000
 P19            0.000         0.000         0.000         0.000         0.000
 P29            0.000         0.000         0.000         0.000         0.000
 P110           0.000         0.000         0.000         0.000         0.000
 P210           0.000         0.000         0.000         0.000         0.000


           THETA
              P28           P19           P29           P110          P210
              ________      ________      ________      ________      ________
 P28            1.000
 P19            0.000         1.000
 P29            0.000         0.000         1.000
 P110           0.000         0.000         0.000         1.000
 P210           0.000         0.000         0.000         0.000         1.000


           ALPHA
              S1            S2            S3            S4            S5
              ________      ________      ________      ________      ________
                0.000         0.000         0.000         0.000         0.000


           ALPHA
              S6            S7            S8            S9            S10
              ________      ________      ________      ________      ________
                0.000         0.000         0.000         0.000         0.000


           BETA
              S1            S2            S3            S4            S5
              ________      ________      ________      ________      ________
 S1             0.000         0.000         0.000         0.000         0.000
 S2             0.000         0.000         0.000         0.000         0.000
 S3             0.000         0.000         0.000         0.000         0.000
 S4             0.000         0.000         0.000         0.000         0.000
 S5             0.000         0.000         0.000         0.000         0.000
 S6             0.000         0.000         0.000         0.000         0.000
 S7             0.000         0.000         0.000         0.000         0.000
 S8             0.000         0.000         0.000         0.000         0.000
 S9             0.000         0.000         0.000         0.000         0.000
 S10            0.000         0.000         0.000         0.000         0.000


           BETA
              S6            S7            S8            S9            S10
              ________      ________      ________      ________      ________
 S1             0.000         0.000         0.000         0.000         0.000
 S2             0.000         0.000         0.000         0.000         0.000
 S3             0.000         0.000         0.000         0.000         0.000
 S4             0.000         0.000         0.000         0.000         0.000
 S5             0.000         0.000         0.000         0.000         0.000
 S6             0.000         0.000         0.000         0.000         0.000
 S7             0.000         0.000         0.000         0.000         0.000
 S8             0.000         0.000         0.000         0.000         0.000
 S9             0.000         0.000         0.000         0.000         0.000
 S10            0.000         0.000         0.000         0.000         0.000


           PSI
              S1            S2            S3            S4            S5
              ________      ________      ________      ________      ________
 S1             1.000
 S2             0.000         1.000
 S3             0.000         0.000         1.000
 S4             0.000         0.000         0.000         1.000
 S5             0.000         0.000         0.000         0.000         1.000
 S6             0.000         0.000         0.000         0.000         0.000
 S7             0.000         0.000         0.000         0.000         0.000
 S8             0.000         0.000         0.000         0.000         0.000
 S9             0.000         0.000         0.000         0.000         0.000
 S10            0.000         0.000         0.000         0.000         0.000


           PSI
              S6            S7            S8            S9            S10
              ________      ________      ________      ________      ________
 S6             1.000
 S7             0.000         1.000
 S8             0.000         0.000         1.000
 S9             0.000         0.000         0.000         1.000
 S10            0.000         0.000         0.000         0.000         1.000



     PRIORS FOR ALL PARAMETERS            PRIOR MEAN      PRIOR VARIANCE     PRIOR STD. DEV.

     Parameter 1~N(0.000,infinity)           0.0000            infinity            infinity
     Parameter 2~N(0.000,infinity)           0.0000            infinity            infinity
     Parameter 3~N(0.000,infinity)           0.0000            infinity            infinity
     Parameter 4~N(0.000,infinity)           0.0000            infinity            infinity
     Parameter 5~N(0.000,infinity)           0.0000            infinity            infinity
     Parameter 6~N(0.000,infinity)           0.0000            infinity            infinity
     Parameter 7~N(0.000,infinity)           0.0000            infinity            infinity
     Parameter 8~N(0.000,infinity)           0.0000            infinity            infinity
     Parameter 9~N(0.000,infinity)           0.0000            infinity            infinity
     Parameter 10~IW(1.000,11)             infinity            infinity            infinity
     Parameter 11~IW(0.000,11)             infinity            infinity            infinity
     Parameter 12~IW(1.000,11)             infinity            infinity            infinity
     Parameter 13~IW(0.000,11)             infinity            infinity            infinity
     Parameter 14~IW(0.000,11)             infinity            infinity            infinity
     Parameter 15~IW(1.000,11)             infinity            infinity            infinity
     Parameter 16~IW(0.000,11)             infinity            infinity            infinity
     Parameter 17~IW(0.000,11)             infinity            infinity            infinity
     Parameter 18~IW(0.000,11)             infinity            infinity            infinity
     Parameter 19~IW(1.000,11)             infinity            infinity            infinity
     Parameter 20~IW(0.000,11)             infinity            infinity            infinity
     Parameter 21~IW(0.000,11)             infinity            infinity            infinity
     Parameter 22~IW(0.000,11)             infinity            infinity            infinity
     Parameter 23~IW(0.000,11)             infinity            infinity            infinity
     Parameter 24~IW(1.000,11)             infinity            infinity            infinity
     Parameter 25~IW(0.000,11)             infinity            infinity            infinity
     Parameter 26~IW(0.000,11)             infinity            infinity            infinity
     Parameter 27~IW(0.000,11)             infinity            infinity            infinity
     Parameter 28~IW(0.000,11)             infinity            infinity            infinity
     Parameter 29~IW(0.000,11)             infinity            infinity            infinity
     Parameter 30~IW(1.000,11)             infinity            infinity            infinity
     Parameter 31~IW(0.000,11)             infinity            infinity            infinity
     Parameter 32~IW(0.000,11)             infinity            infinity            infinity
     Parameter 33~IW(0.000,11)             infinity            infinity            infinity
     Parameter 34~IW(0.000,11)             infinity            infinity            infinity
     Parameter 35~IW(0.000,11)             infinity            infinity            infinity
     Parameter 36~IW(0.000,11)             infinity            infinity            infinity
     Parameter 37~IW(1.000,11)             infinity            infinity            infinity
     Parameter 38~IW(0.000,11)             infinity            infinity            infinity
     Parameter 39~IW(0.000,11)             infinity            infinity            infinity
     Parameter 40~IW(0.000,11)             infinity            infinity            infinity
     Parameter 41~IW(0.000,11)             infinity            infinity            infinity
     Parameter 42~IW(0.000,11)             infinity            infinity            infinity
     Parameter 43~IW(0.000,11)             infinity            infinity            infinity
     Parameter 44~IW(0.000,11)             infinity            infinity            infinity
     Parameter 45~IW(1.000,11)             infinity            infinity            infinity
     Parameter 46~IW(0.000,11)             infinity            infinity            infinity
     Parameter 47~IW(0.000,11)             infinity            infinity            infinity
     Parameter 48~IW(0.000,11)             infinity            infinity            infinity
     Parameter 49~IW(0.000,11)             infinity            infinity            infinity
     Parameter 50~IW(0.000,11)             infinity            infinity            infinity
     Parameter 51~IW(0.000,11)             infinity            infinity            infinity
     Parameter 52~IW(0.000,11)             infinity            infinity            infinity
     Parameter 53~IW(0.000,11)             infinity            infinity            infinity
     Parameter 54~IW(1.000,11)             infinity            infinity            infinity
     Parameter 55~IW(0.000,11)             infinity            infinity            infinity
     Parameter 56~IW(0.000,11)             infinity            infinity            infinity
     Parameter 57~IW(0.000,11)             infinity            infinity            infinity
     Parameter 58~IW(0.000,11)             infinity            infinity            infinity
     Parameter 59~IW(0.000,11)             infinity            infinity            infinity
     Parameter 60~IW(0.000,11)             infinity            infinity            infinity
     Parameter 61~IW(0.000,11)             infinity            infinity            infinity
     Parameter 62~IW(0.000,11)             infinity            infinity            infinity
     Parameter 63~IW(0.000,11)             infinity            infinity            infinity
     Parameter 64~IW(1.000,11)             infinity            infinity            infinity
     Parameter 65~N(0.000,5.000)             0.0000              5.0000              2.2361
     Parameter 66~N(0.000,5.000)             0.0000              5.0000              2.2361
     Parameter 67~N(0.000,5.000)             0.0000              5.0000              2.2361
     Parameter 68~N(0.000,5.000)             0.0000              5.0000              2.2361
     Parameter 69~N(0.000,5.000)             0.0000              5.0000              2.2361
     Parameter 70~N(0.000,5.000)             0.0000              5.0000              2.2361
     Parameter 71~N(0.000,5.000)             0.0000              5.0000              2.2361


TECHNICAL 8 OUTPUT


   TECHNICAL 8 OUTPUT FOR BAYES ESTIMATION

     CHAIN    BSEED
     1        0
     2        285380

                     POTENTIAL       PARAMETER WITH
     ITERATION    SCALE REDUCTION      HIGHEST PSR
     100              1.105               45
     200              1.031               9
     300              1.057               70
     400              1.026               8
     500              1.017               17
     600              1.012               64
     700              1.030               70
     800              1.017               70
     900              1.015               70
     1000             1.020               45
     1100             1.015               45
     1200             1.014               45
     1300             1.013               45
     1400             1.011               45
     1500             1.011               44
     1600             1.006               6
     1700             1.012               6
     1800             1.009               6
     1900             1.006               6
     2000             1.005               9
     2100             1.008               6
     2200             1.017               6
     2300             1.019               6
     2400             1.024               6
     2500             1.028               6
     2600             1.029               6
     2700             1.022               6
     2800             1.021               6
     2900             1.015               6
     3000             1.011               6
     3100             1.006               6
     3200             1.007               6
     3300             1.008               6
     3400             1.006               6
     3500             1.004               8
     3600             1.004               6
     3700             1.004               6
     3800             1.005               6
     3900             1.005               57
     4000             1.005               57
     4100             1.004               57
     4200             1.004               57
     4300             1.003               57
     4400             1.003               57
     4500             1.002               5
     4600             1.002               57
     4700             1.002               57
     4800             1.002               57
     4900             1.002               14
     5000             1.002               14
     5100             1.002               17
     5200             1.002               14
     5300             1.002               17
     5400             1.002               17
     5500             1.002               17
     5600             1.002               17
     5700             1.001               17
     5800             1.001               8
     5900             1.001               8
     6000             1.002               29
     6100             1.002               29
     6200             1.002               8
     6300             1.002               8
     6400             1.001               8
     6500             1.001               17
     6600             1.001               17
     6700             1.001               8
     6800             1.002               8
     6900             1.002               8
     7000             1.002               69
     7100             1.002               8
     7200             1.002               8
     7300             1.002               71
     7400             1.002               8
     7500             1.002               70
     7600             1.002               8
     7700             1.002               70
     7800             1.001               70
     7900             1.001               70
     8000             1.001               70
     8100             1.001               51
     8200             1.001               51
     8300             1.001               51
     8400             1.001               51
     8500             1.001               69
     8600             1.001               69
     8700             1.002               69
     8800             1.001               69
     8900             1.002               69
     9000             1.002               69
     9100             1.001               69
     9200             1.002               69
     9300             1.002               69
     9400             1.002               69
     9500             1.002               69
     9600             1.001               69
     9700             1.002               69
     9800             1.002               69
     9900             1.002               69
     10000            1.001               69
     10100            1.002               69
     10200            1.001               1
     10300            1.001               1
     10400            1.001               1
     10500            1.001               1
     10600            1.001               3
     10700            1.001               3
     10800            1.001               36
     10900            1.001               69
     11000            1.001               69
     11100            1.001               69
     11200            1.001               69
     11300            1.002               70
     11400            1.002               70
     11500            1.002               70
     11600            1.001               70
     11700            1.001               70
     11800            1.001               69
     11900            1.001               70
     12000            1.001               69
     12100            1.001               69
     12200            1.001               69
     12300            1.001               42
     12400            1.001               69
     12500            1.001               69
     12600            1.001               70
     12700            1.002               69
     12800            1.001               69
     12900            1.001               69
     13000            1.001               69
     13100            1.001               69
     13200            1.001               69
     13300            1.001               69
     13400            1.001               69
     13500            1.001               69
     13600            1.001               69
     13700            1.001               70
     13800            1.001               50
     13900            1.001               50
     14000            1.001               50
     14100            1.001               50
     14200            1.001               70
     14300            1.001               70
     14400            1.001               70
     14500            1.001               50
     14600            1.001               50
     14700            1.001               50
     14800            1.001               70
     14900            1.001               70
     15000            1.001               70
     15100            1.001               69
     15200            1.001               69
     15300            1.001               69
     15400            1.001               69
     15500            1.001               70
     15600            1.001               70
     15700            1.001               70
     15800            1.001               70
     15900            1.001               70
     16000            1.001               70
     16100            1.001               70
     16200            1.001               70
     16300            1.001               70
     16400            1.001               70
     16500            1.001               70
     16600            1.001               70
     16700            1.001               70
     16800            1.001               70
     16900            1.001               70
     17000            1.001               70
     17100            1.001               70
     17200            1.001               70
     17300            1.001               70
     17400            1.001               70
     17500            1.001               70
     17600            1.002               70
     17700            1.001               70
     17800            1.001               70
     17900            1.001               70
     18000            1.001               70
     18100            1.001               70
     18200            1.002               70
     18300            1.002               70
     18400            1.001               70
     18500            1.001               70
     18600            1.001               70
     18700            1.001               70
     18800            1.001               70
     18900            1.001               70
     19000            1.001               70
     19100            1.001               70
     19200            1.001               70
     19300            1.001               70
     19400            1.001               70
     19500            1.001               70
     19600            1.001               70
     19700            1.001               70
     19800            1.001               36
     19900            1.001               36
     20000            1.001               36


PLOT INFORMATION

The following plots are available:

  Sample proportions and estimated probabilities
  Bayesian posterior parameter distributions
  Bayesian posterior parameter trace plots
  Bayesian autocorrelation plots
  Bayesian prior parameter distributions
  Bayesian posterior predictive checking scatterplots
  Bayesian posterior predictive checking distribution plots

     Beginning Time:  09:41:42
        Ending Time:  09:43:13
       Elapsed Time:  00:01:31



MUTHEN & MUTHEN
3463 Stoner Ave.
Los Angeles, CA  90066

Tel: (310) 391-9971
Fax: (310) 391-8971
Web: www.StatModel.com
Support: Support@StatModel.com

Copyright (c) 1998-2023 Muthen & Muthen
