Mplus VERSION 8.10 (Mac)
MUTHEN & MUTHEN
02/27/2024   3:33 PM

INPUT INSTRUCTIONS

  DATA:

  File is laac2_wide.dat;

  VARIABLE:

  NAMES =   subject task
  Y1_1    Y1_10   Y1_2    Y1_3    Y1_4    Y1_5    Y1_6
  Y1_7    Y1_8    Y1_9    Y10_1   Y10_10  Y10_2   Y10_3   Y10_4   Y10_5
  Y10_6   Y10_7   Y10_8   Y10_9   Y11_1   Y11_10  Y11_2   Y11_3   Y11_4
  Y11_5   Y11_6   Y11_7   Y11_8   Y11_9   Y12_1   Y12_10  Y12_2   Y12_3
  Y12_4   Y12_5   Y12_6   Y12_7   Y12_8   Y12_9   Y2_1    Y2_10   Y2_2
  Y2_3    Y2_4    Y2_5    Y2_6    Y2_7    Y2_8    Y2_9    Y3_1    Y3_10
  Y3_2    Y3_3    Y3_4    Y3_5    Y3_6    Y3_7    Y3_8    Y3_9    Y4_1
  Y4_10   Y4_2    Y4_3    Y4_4    Y4_5    Y4_6    Y4_7    Y4_8    Y4_9
  Y5_1    Y5_10   Y5_2    Y5_3    Y5_4    Y5_5    Y5_6    Y5_7    Y5_8
  Y5_9    Y6_1    Y6_10   Y6_2    Y6_3    Y6_4    Y6_5    Y6_6    Y6_7
  Y6_8    Y6_9    Y7_1    Y7_10   Y7_2    Y7_3    Y7_4    Y7_5    Y7_6
  Y7_7    Y7_8    Y7_9    Y8_1    Y8_10   Y8_2    Y8_3    Y8_4    Y8_5
  Y8_6    Y8_7    Y8_8    Y8_9    Y9_1    Y9_10   Y9_2    Y9_3    Y9_4
  Y9_5    Y9_6    Y9_7    Y9_8    Y9_9;


  USEVARIABLES =  P11 P21 P12 P22 P13 P23 P14 P24
  	       P15 P25 P16 P26 P17 P27 P18 P28 P19 P29
  	       P110 P210 ;
  	
  Categ =   P11 P21 P12 P22 P13 P23 P14 P24
  	       P15 P25 P16 P26 P17 P27 P18 P28 P19 P29
  	       P110 P210 ;
  	

  Missing = All(-99);	

  useobservations are (task EQ 2);

  ! "'attention'=1;'communication'=2;'reasoning'=3;'visible_food'=4;
  !'population'=5;'inhibit_searched'=6"

  DEFINE:
  P11 = Y1_1 + Y3_1 + Y5_1 + Y7_1 + Y9_1 + Y11_1;
  P21 =  Y2_1 + Y4_1 + Y6_1 + Y8_1 + Y10_1 + Y12_1;

  P12 =  Y1_2 + Y3_2 + Y5_2 + Y7_2 + Y9_2 + Y11_2;
  P22 =  Y2_2 + Y4_2 + Y6_2 + Y8_2 + Y10_2 + Y12_2;

  P13 =  Y1_3 + Y3_3 + Y5_3 + Y7_3 + Y9_3 + Y11_3;
  P23 =  Y2_3 + Y4_3 + Y6_3 + Y8_3 + Y10_3 + Y12_3;

  P14 =  Y1_4 + Y3_4 + Y5_4 + Y7_4 + Y9_4 + Y11_4;
  P24 =  Y2_4 + Y4_4 + Y6_4 + Y8_4 + Y10_4 + Y12_4;

  P15 =  Y1_5 + Y3_5 + Y5_5 + Y7_5 + Y9_5 + Y11_5;
  P25 =  Y2_5 + Y4_5 + Y6_5 + Y8_5 + Y10_5 + Y12_5;

  P16 =  Y1_6 + Y3_6 + Y5_6 + Y7_6 + Y9_6 + Y11_6;
  P26 =  Y2_6 + Y4_6 + Y6_6 + Y8_6 + Y10_6 + Y12_6;

  P17 =  Y1_7 + Y3_7 + Y5_7 + Y7_7 + Y9_7 + Y11_7;
  P27 =  Y2_7 + Y4_7 + Y6_7 + Y8_7 + Y10_7 + Y12_7;

  P18 =  Y1_8 + Y3_8 + Y5_8 + Y7_8 + Y9_8 + Y11_8;
  P28 =  Y2_8 + Y4_8 + Y6_8 + Y8_8 + Y10_8 + Y12_8;

  P19 =  Y1_9 + Y3_9 + Y5_9 + Y7_9 + Y9_9 + Y11_9;
  P29 =  Y2_9 + Y4_9 + Y6_9 + Y8_9 + Y10_9 + Y12_9;

  P110 =  Y1_10 + Y3_10 + Y5_10 + Y7_10 + Y9_10 + Y11_10;
  P210 =  Y2_10 + Y4_10 + Y6_10 + Y8_10 + Y10_10 + Y12_10;





  IF (P11==0) THEN P11=2;
  IF (P21==0) THEN P21=2;
  IF (P12==0) THEN P12=2;
  IF (P22==0) THEN P22=2;
  IF (P13==0) THEN P13=2;
  IF (P23==0) THEN P23=2;
  IF (P14==0) THEN P14=2;
  IF (P24==0) THEN P24=2;
  IF (P15==0) THEN P15=2;
  IF (P25==0) THEN P25=2;
  IF (P16==0) THEN P16=2;
  IF (P26==0) THEN P26=2;
  IF (P17==0) THEN P17=2;
  IF (P27==0) THEN P27=2;
  IF (P18==0) THEN P18=2;
  IF (P28==0) THEN P28=2;
  IF (P19==0) THEN P19=2;
  IF (P29==0) THEN P29=2;
  IF (P110==0) THEN P110=2;
  IF (P210==0) THEN P210=2;

  IF (P11==1) THEN P11=2;
  IF (P21==1) THEN P21=2;
  IF (P12==1) THEN P12=2;
  IF (P22==1) THEN P22=2;
  IF (P13==1) THEN P13=2;
  IF (P23==1) THEN P23=2;
  IF (P14==1) THEN P14=2;
  IF (P24==1) THEN P24=2;
  IF (P15==1) THEN P15=2;
  IF (P25==1) THEN P25=2;
  IF (P16==1) THEN P16=2;
  IF (P26==1) THEN P26=2;
  IF (P17==1) THEN P17=2;
  IF (P27==1) THEN P27=2;
  IF (P18==1) THEN P18=2;
  IF (P28==1) THEN P28=2;
  IF (P19==1) THEN P19=2;
  IF (P29==1) THEN P29=2;
  IF (P110==1) THEN P110=2;
  IF (P210==1) THEN P210=2;



  ANALYSIS:

  	ESTIMATOR = Bayes;
  	Biter=(20000);
  	Thin=10;
  	Bconvergence = .005;	

  MODEL:


  S1 by P11@1 P21@1;
  S2 by P12@1 P22@1;
  S3 by P13@1 P23@1;
  S4 by P14@1 P24@1;
  S5 by P15@1 P25@1;
  S6 by P16@1 P26@1;
  S7 by P17@1 P27@1;
  S8 by P18@1 P28@1;
  S9 by P19@1 P29@1;
  S10 by P110@1 P210@1;

  	
  [S1@0];
  [S2-S10];


  [P11$1*-1] (tau1);
  [P11$2*-0.5] (tau2);
  [P11$3*0.2] (tau3);
  [P11$4*1.5] (tau4);
  ![P11$5] (tau5);


  [P21$1] (tau1);
  [P21$2] (tau2);
  [P21$3] (tau3);
  [P21$4] (tau4);
  ![P21$5] (tau5);

  [P12$1] (tau1);
  [P12$2] (tau2);
  [P12$3] (tau3);
  [P12$4] (tau4);
  ![P12$5] (tau5);

  ![P22$1] (tau1);
  ![P22$2] (tau2);
  ![P22$3] (tau3);
  ![P22$4] (tau4);
  ![P22$5] (tau5);

  [P13$1] (tau1);
  [P13$2] (tau2);
  [P13$3] (tau3);
  [P13$4] (tau4);
  ![P13$5] (tau5);


  [P23$1] (tau1);
  [P23$2] (tau2);
  [P23$3] (tau3);
  [P23$4] (tau4);
  ![P23$5] (tau5);

  [P14$1] (tau1);
  [P14$2] (tau2);
  [P14$3] (tau3);
  [P14$4] (tau4);
  ![P14$5] (tau5);

  [P24$1] (tau1);
  [P24$2] (tau2);
  [P24$3] (tau3);
  [P24$4] (tau4);
  ![P24$5] (tau5);


  [P15$1] (tau1);
  [P15$2] (tau2);
  [P15$3] (tau3);
  [P15$4] (tau4);
  ![P15$5] (tau5);

  [P25$1] (tau1);
  [P25$2] (tau2);
  [P25$3] (tau3);
  [P25$4] (tau4);
  ![P25$5] (tau5);

  [P16$1] (tau1);
  [P16$2] (tau2);
  [P16$3] (tau3);
  [P16$4] (tau4);
  ![P16$5] (tau5);

  [P26$1] (tau1);
  [P26$2] (tau2);
  [P26$3] (tau3);
  [P26$4] (tau4);
  ![P26$5] (tau5);

  [P17$1] (tau1);
  [P17$2] (tau2);
  [P17$3] (tau3);
  [P17$4] (tau4);
  ![P17$5] (tau5);

  [P27$1] (tau1);
  [P27$2] (tau2);
  [P27$3] (tau3);
  [P27$4] (tau4);
  ![P27$5] (tau5);

  [P18$1] (tau1);
  [P18$2] (tau2);
  [P18$3] (tau3);
  [P18$4] (tau4);
  ![P18$5] (tau5);


  [P28$1] (tau1);
  [P28$2] (tau2);
  [P28$3] (tau3);
  [P28$4] (tau4);
  ![P28$5] (tau5);

  [P19$1] (tau1);
  [P19$2] (tau2);
  [P19$3] (tau3);
  [P19$4] (tau4);
  ![P19$5] (tau5);

  [P29$1] (tau1);
  [P29$2] (tau2);
  [P29$3] (tau3);
  [P29$4] (tau4);
  ![P29$5] (tau5);

  [P110$1] (tau1);
  [P110$2] (tau2);
  [P110$3] (tau3);
  [P110$4] (tau4);
  ![P110$5] (tau5);

  [P210$1] (tau1);
  [P210$2] (tau2);
  [P210$3] (tau3);
  [P210$4] (tau4);
  ![P210$5] (tau5);



  Output: stdyx tech8;
  PLOT:   TYPE = PLOT2;
  	



INPUT READING TERMINATED NORMALLY




SUMMARY OF ANALYSIS

Number of groups                                                 1
Number of observations                                          46

Number of dependent variables                                   20
Number of independent variables                                  0
Number of continuous latent variables                           10

Observed dependent variables

  Binary and ordered categorical (ordinal)
   P11         P21         P12         P22         P13         P23
   P14         P24         P15         P25         P16         P26
   P17         P27         P18         P28         P19         P29
   P110        P210

Continuous latent variables
   S1          S2          S3          S4          S5          S6
   S7          S8          S9          S10


Estimator                                                    BAYES
Specifications for Bayesian Estimation
  Point estimate                                            MEDIAN
  Number of Markov chain Monte Carlo (MCMC) chains               2
  Random seed for the first chain                                0
  Starting value information                           UNPERTURBED
  Algorithm used for Markov chain Monte Carlo           GIBBS(PX1)
  Convergence criterion                                  0.500D-02
  Maximum number of iterations                               50000
  K-th iteration used for thinning                              10
Link                                                        PROBIT

Input data file(s)
  laac2_wide.dat
Input data format  FREE


SUMMARY OF DATA



COVARIANCE COVERAGE OF DATA

Minimum covariance coverage value   0.100

     Number of missing data patterns            36


     PROPORTION OF DATA PRESENT


           Covariance Coverage
              P11           P21           P12           P22           P13
              ________      ________      ________      ________      ________
 P11            0.696
 P21            0.674         0.674
 P12            0.543         0.543         0.587
 P22            0.522         0.522         0.565         0.565
 P13            0.543         0.543         0.500         0.500         0.696
 P23            0.543         0.543         0.500         0.500         0.696
 P14            0.283         0.283         0.283         0.283         0.370
 P24            0.283         0.283         0.283         0.283         0.370
 P15            0.500         0.478         0.413         0.413         0.478
 P25            0.500         0.478         0.413         0.413         0.478
 P16            0.630         0.609         0.522         0.500         0.565
 P26            0.609         0.587         0.500         0.478         0.543
 P17            0.609         0.587         0.478         0.457         0.543
 P27            0.609         0.587         0.478         0.457         0.543
 P18            0.587         0.565         0.522         0.500         0.543
 P28            0.587         0.565         0.522         0.500         0.543
 P19            0.543         0.543         0.457         0.435         0.543
 P29            0.543         0.543         0.457         0.435         0.543
 P110           0.522         0.500         0.413         0.391         0.478
 P210           0.522         0.500         0.413         0.391         0.478


           Covariance Coverage
              P23           P14           P24           P15           P25
              ________      ________      ________      ________      ________
 P23            0.696
 P14            0.370         0.457
 P24            0.370         0.457         0.457
 P15            0.478         0.370         0.370         0.630
 P25            0.478         0.348         0.348         0.609         0.609
 P16            0.565         0.370         0.370         0.609         0.587
 P26            0.543         0.348         0.348         0.587         0.565
 P17            0.543         0.326         0.326         0.543         0.543
 P27            0.543         0.326         0.326         0.543         0.543
 P18            0.543         0.391         0.391         0.543         0.522
 P28            0.543         0.391         0.391         0.543         0.522
 P19            0.543         0.304         0.304         0.500         0.500
 P29            0.543         0.304         0.304         0.500         0.500
 P110           0.478         0.348         0.348         0.500         0.500
 P210           0.478         0.348         0.348         0.500         0.500


           Covariance Coverage
              P16           P26           P17           P27           P18
              ________      ________      ________      ________      ________
 P16            0.783
 P26            0.761         0.761
 P17            0.652         0.630         0.717
 P27            0.652         0.630         0.717         0.717
 P18            0.674         0.652         0.609         0.609         0.783
 P28            0.674         0.652         0.609         0.609         0.761
 P19            0.609         0.587         0.609         0.609         0.543
 P29            0.609         0.587         0.609         0.609         0.543
 P110           0.609         0.587         0.587         0.587         0.587
 P210           0.609         0.587         0.587         0.587         0.587


           Covariance Coverage
              P28           P19           P29           P110          P210
              ________      ________      ________      ________      ________
 P28            0.761
 P19            0.543         0.696
 P29            0.543         0.696         0.696
 P110           0.587         0.543         0.543         0.674
 P210           0.587         0.543         0.543         0.674         0.674


UNIVARIATE PROPORTIONS AND COUNTS FOR CATEGORICAL VARIABLES

    P11
      Category 1    0.312           10.000
      Category 2    0.094            3.000
      Category 3    0.312           10.000
      Category 4    0.188            6.000
      Category 5    0.094            3.000
    P21
      Category 1    0.226            7.000
      Category 2    0.226            7.000
      Category 3    0.290            9.000
      Category 4    0.194            6.000
      Category 5    0.065            2.000
    P12
      Category 1    0.148            4.000
      Category 2    0.185            5.000
      Category 3    0.296            8.000
      Category 4    0.185            5.000
      Category 5    0.185            5.000
    P22
      Category 1    0.308            8.000
      Category 2    0.231            6.000
      Category 3    0.192            5.000
      Category 4    0.269            7.000
    P13
      Category 1    0.156            5.000
      Category 2    0.125            4.000
      Category 3    0.250            8.000
      Category 4    0.312           10.000
      Category 5    0.156            5.000
    P23
      Category 1    0.125            4.000
      Category 2    0.250            8.000
      Category 3    0.250            8.000
      Category 4    0.281            9.000
      Category 5    0.094            3.000
    P14
      Category 1    0.190            4.000
      Category 2    0.095            2.000
      Category 3    0.095            2.000
      Category 4    0.190            4.000
      Category 5    0.429            9.000
    P24
      Category 1    0.095            2.000
      Category 2    0.095            2.000
      Category 3    0.429            9.000
      Category 4    0.095            2.000
      Category 5    0.286            6.000
    P15
      Category 1    0.172            5.000
      Category 2    0.241            7.000
      Category 3    0.207            6.000
      Category 4    0.172            5.000
      Category 5    0.207            6.000
    P25
      Category 1    0.214            6.000
      Category 2    0.179            5.000
      Category 3    0.214            6.000
      Category 4    0.143            4.000
      Category 5    0.250            7.000
    P16
      Category 1    0.083            3.000
      Category 2    0.111            4.000
      Category 3    0.194            7.000
      Category 4    0.333           12.000
      Category 5    0.278           10.000
    P26
      Category 1    0.143            5.000
      Category 2    0.086            3.000
      Category 3    0.286           10.000
      Category 4    0.257            9.000
      Category 5    0.229            8.000
    P17
      Category 1    0.091            3.000
      Category 2    0.030            1.000
      Category 3    0.303           10.000
      Category 4    0.212            7.000
      Category 5    0.364           12.000
    P27
      Category 1    0.030            1.000
      Category 2    0.212            7.000
      Category 3    0.212            7.000
      Category 4    0.333           11.000
      Category 5    0.212            7.000
    P18
      Category 1    0.056            2.000
      Category 2    0.028            1.000
      Category 3    0.111            4.000
      Category 4    0.389           14.000
      Category 5    0.417           15.000
    P28
      Category 1    0.114            4.000
      Category 2    0.086            3.000
      Category 3    0.200            7.000
      Category 4    0.286           10.000
      Category 5    0.314           11.000
    P19
      Category 1    0.094            3.000
      Category 2    0.062            2.000
      Category 3    0.156            5.000
      Category 4    0.281            9.000
      Category 5    0.406           13.000
    P29
      Category 1    0.094            3.000
      Category 2    0.188            6.000
      Category 3    0.156            5.000
      Category 4    0.219            7.000
      Category 5    0.344           11.000
    P110
      Category 1    0.097            3.000
      Category 2    0.032            1.000
      Category 3    0.129            4.000
      Category 4    0.258            8.000
      Category 5    0.484           15.000
    P210
      Category 1    0.032            1.000
      Category 2    0.065            2.000
      Category 3    0.194            6.000
      Category 4    0.355           11.000
      Category 5    0.355           11.000



THE MODEL ESTIMATION TERMINATED NORMALLY

     USE THE FBITERATIONS OPTION TO INCREASE THE NUMBER OF ITERATIONS BY A FACTOR
     OF AT LEAST TWO TO CHECK CONVERGENCE AND THAT THE PSR VALUE DOES NOT INCREASE.



MODEL FIT INFORMATION

Number of Free Parameters                              71

Bayesian Posterior Predictive Checking using Chi-Square

          95% Confidence Interval for the Difference Between
          the Observed and the Replicated Chi-Square Values

                                -77.302            56.694

          Posterior Predictive P-Value              0.596



MODEL RESULTS

                                Posterior  One-Tailed         95% C.I.
                    Estimate       S.D.      P-Value   Lower 2.5%  Upper 2.5%  Significance

 S1       BY
    P11                1.000       0.000      0.000       1.000       1.000
    P21                1.000       0.000      0.000       1.000       1.000

 S2       BY
    P12                1.000       0.000      0.000       1.000       1.000
    P22                1.000       0.000      0.000       1.000       1.000

 S3       BY
    P13                1.000       0.000      0.000       1.000       1.000
    P23                1.000       0.000      0.000       1.000       1.000

 S4       BY
    P14                1.000       0.000      0.000       1.000       1.000
    P24                1.000       0.000      0.000       1.000       1.000

 S5       BY
    P15                1.000       0.000      0.000       1.000       1.000
    P25                1.000       0.000      0.000       1.000       1.000

 S6       BY
    P16                1.000       0.000      0.000       1.000       1.000
    P26                1.000       0.000      0.000       1.000       1.000

 S7       BY
    P17                1.000       0.000      0.000       1.000       1.000
    P27                1.000       0.000      0.000       1.000       1.000

 S8       BY
    P18                1.000       0.000      0.000       1.000       1.000
    P28                1.000       0.000      0.000       1.000       1.000

 S9       BY
    P19                1.000       0.000      0.000       1.000       1.000
    P29                1.000       0.000      0.000       1.000       1.000

 S10      BY
    P110               1.000       0.000      0.000       1.000       1.000
    P210               1.000       0.000      0.000       1.000       1.000

 S2       WITH
    S1                 0.852       0.385      0.000       0.324       1.827      *

 S3       WITH
    S1                 0.610       0.277      0.001       0.214       1.290      *
    S2                 0.860       0.363      0.000       0.343       1.751      *

 S4       WITH
    S1                 1.068       0.486      0.001       0.410       2.279      *
    S2                 1.574       0.633      0.000       0.727       3.230      *
    S3                 1.183       0.464      0.000       0.558       2.362      *

 S5       WITH
    S1                 1.064       0.440      0.000       0.456       2.176      *
    S2                 1.432       0.562      0.000       0.667       2.832      *
    S3                 1.059       0.404      0.000       0.493       2.052      *
    S4                 1.882       0.729      0.000       0.908       3.718      *

 S6       WITH
    S1                 0.723       0.347      0.002       0.230       1.595      *
    S2                 1.085       0.466      0.000       0.444       2.240      *
    S3                 0.662       0.311      0.004       0.178       1.384      *
    S4                 1.318       0.547      0.000       0.558       2.667      *
    S5                 1.344       0.524      0.000       0.639       2.678      *

 S7       WITH
    S1                 0.638       0.308      0.002       0.195       1.403      *
    S2                 0.948       0.421      0.000       0.372       2.019      *
    S3                 0.634       0.285      0.002       0.201       1.330      *
    S4                 1.250       0.520      0.000       0.546       2.593      *
    S5                 1.186       0.465      0.000       0.548       2.354      *
    S6                 1.006       0.414      0.000       0.449       2.063      *

 S8       WITH
    S1                 0.693       0.331      0.002       0.210       1.496      *
    S2                 1.016       0.433      0.001       0.412       2.088      *
    S3                 0.745       0.327      0.001       0.259       1.534      *
    S4                 1.360       0.557      0.000       0.594       2.783      *
    S5                 1.234       0.489      0.000       0.542       2.455      *
    S6                 0.970       0.400      0.000       0.407       1.951      *
    S7                 0.891       0.370      0.000       0.375       1.813      *

 S9       WITH
    S1                 0.944       0.404      0.001       0.358       1.935      *
    S2                 1.368       0.536      0.000       0.617       2.703      *
    S3                 1.024       0.380      0.000       0.484       1.953      *
    S4                 1.837       0.668      0.000       0.930       3.513      *
    S5                 1.708       0.598      0.000       0.886       3.182      *
    S6                 1.276       0.490      0.000       0.605       2.505      *
    S7                 1.184       0.445      0.000       0.566       2.294      *
    S8                 1.280       0.483      0.000       0.592       2.467      *

 S10      WITH
    S1                 0.585       0.294      0.003       0.164       1.320      *
    S2                 0.814       0.386      0.002       0.264       1.777      *
    S3                 0.688       0.294      0.000       0.267       1.422      *
    S4                 1.198       0.519      0.000       0.490       2.539      *
    S5                 1.064       0.445      0.000       0.443       2.173      *
    S6                 0.735       0.351      0.003       0.213       1.594      *
    S7                 0.727       0.325      0.001       0.268       1.533      *
    S8                 0.791       0.366      0.001       0.255       1.685      *
    S9                 1.080       0.429      0.000       0.480       2.156      *

 Means
    S1                 0.000       0.000      1.000       0.000       0.000
    S2                 0.279       0.299      0.175      -0.317       0.860
    S3                 0.488       0.236      0.019       0.029       0.955      *
    S4                 0.812       0.324      0.007       0.170       1.443      *
    S5                 0.540       0.270      0.020       0.024       1.080      *
    S6                 0.923       0.251      0.000       0.442       1.425      *
    S7                 1.118       0.245      0.000       0.642       1.603      *
    S8                 1.349       0.250      0.000       0.864       1.855      *
    S9                 1.493       0.273      0.000       0.965       2.041      *
    S10                1.644       0.260      0.000       1.143       2.168      *

 Thresholds
    P11$1             -0.946       0.208      0.000      -1.346      -0.533      *
    P11$2             -0.156       0.202      0.220      -0.547       0.238
    P11$3              0.854       0.205      0.000       0.467       1.252      *
    P11$4              1.946       0.216      0.000       1.534       2.369      *
    P21$1             -0.946       0.208      0.000      -1.346      -0.533      *
    P21$2             -0.156       0.202      0.220      -0.547       0.238
    P21$3              0.854       0.205      0.000       0.467       1.252      *
    P21$4              1.946       0.216      0.000       1.534       2.369      *
    P12$1             -0.946       0.208      0.000      -1.346      -0.533      *
    P12$2             -0.156       0.202      0.220      -0.547       0.238
    P12$3              0.854       0.205      0.000       0.467       1.252      *
    P12$4              1.946       0.216      0.000       1.534       2.369      *
    P22$1             -0.368       0.433      0.198      -1.224       0.479
    P22$2              0.704       0.400      0.036      -0.071       1.495
    P22$3              1.584       0.431      0.000       0.759       2.441      *
    P13$1             -0.946       0.208      0.000      -1.346      -0.533      *
    P13$2             -0.156       0.202      0.220      -0.547       0.238
    P13$3              0.854       0.205      0.000       0.467       1.252      *
    P13$4              1.946       0.216      0.000       1.534       2.369      *
    P23$1             -0.946       0.208      0.000      -1.346      -0.533      *
    P23$2             -0.156       0.202      0.220      -0.547       0.238
    P23$3              0.854       0.205      0.000       0.467       1.252      *
    P23$4              1.946       0.216      0.000       1.534       2.369      *
    P14$1             -0.946       0.208      0.000      -1.346      -0.533      *
    P14$2             -0.156       0.202      0.220      -0.547       0.238
    P14$3              0.854       0.205      0.000       0.467       1.252      *
    P14$4              1.946       0.216      0.000       1.534       2.369      *
    P24$1             -0.946       0.208      0.000      -1.346      -0.533      *
    P24$2             -0.156       0.202      0.220      -0.547       0.238
    P24$3              0.854       0.205      0.000       0.467       1.252      *
    P24$4              1.946       0.216      0.000       1.534       2.369      *
    P15$1             -0.946       0.208      0.000      -1.346      -0.533      *
    P15$2             -0.156       0.202      0.220      -0.547       0.238
    P15$3              0.854       0.205      0.000       0.467       1.252      *
    P15$4              1.946       0.216      0.000       1.534       2.369      *
    P25$1             -0.946       0.208      0.000      -1.346      -0.533      *
    P25$2             -0.156       0.202      0.220      -0.547       0.238
    P25$3              0.854       0.205      0.000       0.467       1.252      *
    P25$4              1.946       0.216      0.000       1.534       2.369      *
    P16$1             -0.946       0.208      0.000      -1.346      -0.533      *
    P16$2             -0.156       0.202      0.220      -0.547       0.238
    P16$3              0.854       0.205      0.000       0.467       1.252      *
    P16$4              1.946       0.216      0.000       1.534       2.369      *
    P26$1             -0.946       0.208      0.000      -1.346      -0.533      *
    P26$2             -0.156       0.202      0.220      -0.547       0.238
    P26$3              0.854       0.205      0.000       0.467       1.252      *
    P26$4              1.946       0.216      0.000       1.534       2.369      *
    P17$1             -0.946       0.208      0.000      -1.346      -0.533      *
    P17$2             -0.156       0.202      0.220      -0.547       0.238
    P17$3              0.854       0.205      0.000       0.467       1.252      *
    P17$4              1.946       0.216      0.000       1.534       2.369      *
    P27$1             -0.946       0.208      0.000      -1.346      -0.533      *
    P27$2             -0.156       0.202      0.220      -0.547       0.238
    P27$3              0.854       0.205      0.000       0.467       1.252      *
    P27$4              1.946       0.216      0.000       1.534       2.369      *
    P18$1             -0.946       0.208      0.000      -1.346      -0.533      *
    P18$2             -0.156       0.202      0.220      -0.547       0.238
    P18$3              0.854       0.205      0.000       0.467       1.252      *
    P18$4              1.946       0.216      0.000       1.534       2.369      *
    P28$1             -0.946       0.208      0.000      -1.346      -0.533      *
    P28$2             -0.156       0.202      0.220      -0.547       0.238
    P28$3              0.854       0.205      0.000       0.467       1.252      *
    P28$4              1.946       0.216      0.000       1.534       2.369      *
    P19$1             -0.946       0.208      0.000      -1.346      -0.533      *
    P19$2             -0.156       0.202      0.220      -0.547       0.238
    P19$3              0.854       0.205      0.000       0.467       1.252      *
    P19$4              1.946       0.216      0.000       1.534       2.369      *
    P29$1             -0.946       0.208      0.000      -1.346      -0.533      *
    P29$2             -0.156       0.202      0.220      -0.547       0.238
    P29$3              0.854       0.205      0.000       0.467       1.252      *
    P29$4              1.946       0.216      0.000       1.534       2.369      *
    P110$1            -0.946       0.208      0.000      -1.346      -0.533      *
    P110$2            -0.156       0.202      0.220      -0.547       0.238
    P110$3             0.854       0.205      0.000       0.467       1.252      *
    P110$4             1.946       0.216      0.000       1.534       2.369      *
    P210$1            -0.946       0.208      0.000      -1.346      -0.533      *
    P210$2            -0.156       0.202      0.220      -0.547       0.238
    P210$3             0.854       0.205      0.000       0.467       1.252      *
    P210$4             1.946       0.216      0.000       1.534       2.369      *

 Variances
    S1                 0.843       0.391      0.000       0.354       1.863      *
    S2                 1.492       0.694      0.000       0.643       3.322      *
    S3                 0.896       0.350      0.000       0.423       1.776      *
    S4                 2.357       1.119      0.000       1.056       5.385      *
    S5                 2.055       0.825      0.000       1.010       4.169      *
    S6                 1.355       0.582      0.000       0.626       2.885      *
    S7                 1.075       0.459      0.000       0.489       2.245      *
    S8                 1.252       0.539      0.000       0.554       2.621      *
    S9                 1.867       0.701      0.000       0.937       3.632      *
    S10                0.963       0.434      0.000       0.410       2.090      *


STANDARDIZED MODEL RESULTS


STDYX Standardization

                                Posterior  One-Tailed         95% C.I.
                    Estimate       S.D.      P-Value   Lower 2.5%  Upper 2.5%  Significance
 S1       BY
    P11                0.676       0.076      0.000       0.511       0.807      *
    P21                0.676       0.076      0.000       0.511       0.807      *

 S2       BY
    P12                0.774       0.065      0.000       0.626       0.877      *
    P22                0.774       0.065      0.000       0.626       0.877      *

 S3       BY
    P13                0.687       0.065      0.000       0.545       0.800      *
    P23                0.687       0.065      0.000       0.545       0.800      *

 S4       BY
    P14                0.838       0.052      0.000       0.717       0.918      *
    P24                0.838       0.052      0.000       0.717       0.918      *

 S5       BY
    P15                0.820       0.049      0.000       0.709       0.898      *
    P25                0.820       0.049      0.000       0.709       0.898      *

 S6       BY
    P16                0.759       0.062      0.000       0.620       0.862      *
    P26                0.759       0.062      0.000       0.620       0.862      *

 S7       BY
    P17                0.720       0.067      0.000       0.573       0.832      *
    P27                0.720       0.067      0.000       0.573       0.832      *

 S8       BY
    P18                0.746       0.065      0.000       0.597       0.851      *
    P28                0.746       0.065      0.000       0.597       0.851      *

 S9       BY
    P19                0.807       0.049      0.000       0.695       0.886      *
    P29                0.807       0.049      0.000       0.695       0.886      *

 S10      BY
    P110               0.700       0.073      0.000       0.539       0.822      *
    P210               0.700       0.073      0.000       0.539       0.822      *

 S2       WITH
    S1                 0.790       0.133      0.000       0.421       0.929      *

 S3       WITH
    S1                 0.734       0.150      0.001       0.331       0.907      *
    S2                 0.775       0.134      0.000       0.408       0.923      *

 S4       WITH
    S1                 0.788       0.136      0.001       0.416       0.932      *
    S2                 0.862       0.097      0.000       0.587       0.955      *
    S3                 0.839       0.098      0.000       0.569       0.944      *

 S5       WITH
    S1                 0.831       0.107      0.000       0.533       0.942      *
    S2                 0.843       0.105      0.000       0.549       0.949      *
    S3                 0.807       0.114      0.000       0.492       0.934      *
    S4                 0.877       0.091      0.000       0.616       0.962      *

 S6       WITH
    S1                 0.711       0.166      0.002       0.273       0.908      *
    S2                 0.790       0.129      0.000       0.438       0.932      *
    S3                 0.636       0.185      0.004       0.175       0.879      *
    S4                 0.769       0.139      0.000       0.401       0.927      *
    S5                 0.829       0.104      0.000       0.548       0.944      *

 S7       WITH
    S1                 0.707       0.166      0.002       0.265       0.903      *
    S2                 0.784       0.138      0.000       0.406       0.930      *
    S3                 0.679       0.172      0.002       0.239       0.892      *
    S4                 0.815       0.119      0.000       0.490       0.940      *
    S5                 0.822       0.108      0.000       0.528       0.941      *
    S6                 0.854       0.092      0.000       0.600       0.948      *

 S8       WITH
    S1                 0.710       0.169      0.002       0.263       0.904      *
    S2                 0.779       0.139      0.001       0.401       0.930      *
    S3                 0.741       0.155      0.001       0.323       0.914      *
    S4                 0.820       0.115      0.000       0.501       0.943      *
    S5                 0.799       0.123      0.000       0.464       0.935      *
    S6                 0.772       0.130      0.000       0.427       0.921      *
    S7                 0.798       0.122      0.000       0.466       0.931      *

 S9       WITH
    S1                 0.780       0.139      0.001       0.395       0.927      *
    S2                 0.846       0.109      0.000       0.537       0.951      *
    S3                 0.818       0.106      0.000       0.527       0.936      *
    S4                 0.894       0.072      0.000       0.695       0.964      *
    S5                 0.890       0.072      0.000       0.690       0.962      *
    S6                 0.827       0.104      0.000       0.544       0.943      *
    S7                 0.855       0.087      0.000       0.616       0.950      *
    S8                 0.858       0.095      0.000       0.590       0.952      *

 S10      WITH
    S1                 0.686       0.174      0.003       0.236       0.896      *
    S2                 0.718       0.167      0.002       0.273       0.913      *
    S3                 0.772       0.133      0.000       0.410       0.919      *
    S4                 0.821       0.117      0.000       0.490       0.941      *
    S5                 0.786       0.127      0.000       0.444       0.930      *
    S6                 0.680       0.176      0.003       0.226       0.897      *
    S7                 0.748       0.146      0.001       0.361       0.912      *
    S8                 0.754       0.157      0.001       0.320       0.921      *
    S9                 0.830       0.106      0.000       0.537       0.942      *

 Means
    S1                 0.000       0.000      1.000       0.000       0.000
    S2                 0.226       0.264      0.175      -0.243       0.808
    S3                 0.509       0.274      0.019       0.029       1.112      *
    S4                 0.528       0.245      0.007       0.098       1.064      *
    S5                 0.375       0.198      0.020       0.016       0.796      *
    S6                 0.787       0.267      0.000       0.346       1.393      *
    S7                 1.074       0.318      0.000       0.561       1.811      *
    S8                 1.204       0.333      0.000       0.676       1.977      *
    S9                 1.089       0.246      0.000       0.664       1.623      *
    S10                1.672       0.420      0.000       1.022       2.663      *

 Thresholds
    P11$1             -0.696       0.165      0.000      -1.012      -0.371      *
    P11$2             -0.115       0.147      0.220      -0.401       0.169
    P11$3              0.626       0.154      0.000       0.330       0.928      *
    P11$4              1.427       0.193      0.000       1.047       1.801      *
    P21$1             -0.696       0.165      0.000      -1.012      -0.371      *
    P21$2             -0.115       0.147      0.220      -0.401       0.169
    P21$3              0.626       0.154      0.000       0.330       0.928      *
    P21$4              1.427       0.193      0.000       1.047       1.801      *
    P12$1             -0.592       0.149      0.000      -0.904      -0.323      *
    P12$2             -0.098       0.129      0.220      -0.353       0.151
    P12$3              0.534       0.146      0.000       0.282       0.848      *
    P12$4              1.223       0.200      0.000       0.867       1.649      *
    P22$1             -0.231       0.272      0.198      -0.771       0.314
    P22$2              0.440       0.256      0.036      -0.048       0.966
    P22$3              0.990       0.279      0.000       0.478       1.574      *
    P13$1             -0.683       0.158      0.000      -0.994      -0.380      *
    P13$2             -0.113       0.146      0.220      -0.395       0.173
    P13$3              0.614       0.156      0.000       0.330       0.933      *
    P13$4              1.405       0.189      0.000       1.055       1.790      *
    P23$1             -0.683       0.158      0.000      -0.994      -0.380      *
    P23$2             -0.113       0.146      0.220      -0.395       0.173
    P23$3              0.614       0.156      0.000       0.330       0.933      *
    P23$4              1.405       0.189      0.000       1.055       1.790      *
    P14$1             -0.510       0.134      0.000      -0.793      -0.274      *
    P14$2             -0.084       0.111      0.220      -0.306       0.130
    P14$3              0.460       0.129      0.000       0.237       0.737      *
    P14$4              1.057       0.185      0.000       0.722       1.442      *
    P24$1             -0.510       0.134      0.000      -0.793      -0.274      *
    P24$2             -0.084       0.111      0.220      -0.306       0.130
    P24$3              0.460       0.129      0.000       0.237       0.737      *
    P24$4              1.057       0.185      0.000       0.722       1.442      *
    P15$1             -0.535       0.133      0.000      -0.811      -0.291      *
    P15$2             -0.088       0.116      0.220      -0.317       0.136
    P15$3              0.482       0.130      0.000       0.253       0.761      *
    P15$4              1.106       0.176      0.000       0.789       1.475      *
    P25$1             -0.535       0.133      0.000      -0.811      -0.291      *
    P25$2             -0.088       0.116      0.220      -0.317       0.136
    P25$3              0.482       0.130      0.000       0.253       0.761      *
    P25$4              1.106       0.176      0.000       0.789       1.475      *
    P16$1             -0.610       0.147      0.000      -0.910      -0.336      *
    P16$2             -0.101       0.132      0.220      -0.357       0.156
    P16$3              0.550       0.146      0.000       0.287       0.855      *
    P16$4              1.257       0.189      0.000       0.914       1.651      *
    P26$1             -0.610       0.147      0.000      -0.910      -0.336      *
    P26$2             -0.101       0.132      0.220      -0.357       0.156
    P26$3              0.550       0.146      0.000       0.287       0.855      *
    P26$4              1.257       0.189      0.000       0.914       1.651      *
    P17$1             -0.651       0.154      0.000      -0.967      -0.360      *
    P17$2             -0.107       0.140      0.220      -0.381       0.167
    P17$3              0.586       0.153      0.000       0.314       0.906      *
    P17$4              1.342       0.193      0.000       0.991       1.744      *
    P27$1             -0.651       0.154      0.000      -0.967      -0.360      *
    P27$2             -0.107       0.140      0.220      -0.381       0.167
    P27$3              0.586       0.153      0.000       0.314       0.906      *
    P27$4              1.342       0.193      0.000       0.991       1.744      *
    P18$1             -0.625       0.151      0.000      -0.933      -0.345      *
    P18$2             -0.103       0.135      0.220      -0.366       0.159
    P18$3              0.564       0.149      0.000       0.295       0.875      *
    P18$4              1.291       0.192      0.000       0.937       1.687      *
    P28$1             -0.625       0.151      0.000      -0.933      -0.345      *
    P28$2             -0.103       0.135      0.220      -0.366       0.159
    P28$3              0.564       0.149      0.000       0.295       0.875      *
    P28$4              1.291       0.192      0.000       0.937       1.687      *
    P19$1             -0.553       0.135      0.000      -0.831      -0.303      *
    P19$2             -0.092       0.120      0.220      -0.327       0.143
    P19$3              0.500       0.132      0.000       0.262       0.777      *
    P19$4              1.143       0.172      0.000       0.828       1.501      *
    P29$1             -0.553       0.135      0.000      -0.831      -0.303      *
    P29$2             -0.092       0.120      0.220      -0.327       0.143
    P29$3              0.500       0.132      0.000       0.262       0.777      *
    P29$4              1.143       0.172      0.000       0.828       1.501      *
    P110$1            -0.671       0.160      0.000      -0.992      -0.368      *
    P110$2            -0.111       0.144      0.220      -0.392       0.169
    P110$3             0.603       0.157      0.000       0.320       0.925      *
    P110$4             1.379       0.199      0.000       1.015       1.789      *
    P210$1            -0.671       0.160      0.000      -0.992      -0.368      *
    P210$2            -0.111       0.144      0.220      -0.392       0.169
    P210$3             0.603       0.157      0.000       0.320       0.925      *
    P210$4             1.379       0.199      0.000       1.015       1.789      *

 Variances
    S1                 1.000       0.000      0.000       1.000       1.000
    S2                 1.000       0.000      0.000       1.000       1.000
    S3                 1.000       0.000      0.000       1.000       1.000
    S4                 1.000       0.000      0.000       1.000       1.000
    S5                 1.000       0.000      0.000       1.000       1.000
    S6                 1.000       0.000      0.000       1.000       1.000
    S7                 1.000       0.000      0.000       1.000       1.000
    S8                 1.000       0.000      0.000       1.000       1.000
    S9                 1.000       0.000      0.000       1.000       1.000
    S10                1.000       0.000      0.000       1.000       1.000


R-SQUARE

                                Posterior  One-Tailed         95% C.I.
    Variable        Estimate       S.D.      P-Value   Lower 2.5%  Upper 2.5%

    P11                0.457       0.100      0.000       0.261       0.651
    P21                0.457       0.100      0.000       0.261       0.651
    P12                0.599       0.097      0.000       0.392       0.769
    P22                0.599       0.097      0.000       0.392       0.769
    P13                0.472       0.088      0.000       0.297       0.640
    P23                0.472       0.088      0.000       0.297       0.640
    P14                0.702       0.085      0.000       0.514       0.843
    P24                0.702       0.085      0.000       0.514       0.843
    P15                0.673       0.079      0.000       0.502       0.807
    P25                0.673       0.079      0.000       0.502       0.807
    P16                0.575       0.092      0.000       0.385       0.743
    P26                0.575       0.092      0.000       0.385       0.743
    P17                0.518       0.094      0.000       0.328       0.692
    P27                0.518       0.094      0.000       0.328       0.692
    P18                0.556       0.095      0.000       0.356       0.724
    P28                0.556       0.095      0.000       0.356       0.724
    P19                0.651       0.077      0.000       0.484       0.784
    P29                0.651       0.077      0.000       0.484       0.784
    P110               0.491       0.099      0.000       0.291       0.676
    P210               0.491       0.099      0.000       0.291       0.676


TECHNICAL 1 OUTPUT


     PARAMETER SPECIFICATION


           TAU
              P11$1         P11$2         P11$3         P11$4         P21$1
              ________      ________      ________      ________      ________
                   65            66            67            68            65


           TAU
              P21$2         P21$3         P21$4         P12$1         P12$2
              ________      ________      ________      ________      ________
                   66            67            68            65            66


           TAU
              P12$3         P12$4         P22$1         P22$2         P22$3
              ________      ________      ________      ________      ________
                   67            68            69            70            71


           TAU
              P13$1         P13$2         P13$3         P13$4         P23$1
              ________      ________      ________      ________      ________
                   65            66            67            68            65


           TAU
              P23$2         P23$3         P23$4         P14$1         P14$2
              ________      ________      ________      ________      ________
                   66            67            68            65            66


           TAU
              P14$3         P14$4         P24$1         P24$2         P24$3
              ________      ________      ________      ________      ________
                   67            68            65            66            67


           TAU
              P24$4         P15$1         P15$2         P15$3         P15$4
              ________      ________      ________      ________      ________
                   68            65            66            67            68


           TAU
              P25$1         P25$2         P25$3         P25$4         P16$1
              ________      ________      ________      ________      ________
                   65            66            67            68            65


           TAU
              P16$2         P16$3         P16$4         P26$1         P26$2
              ________      ________      ________      ________      ________
                   66            67            68            65            66


           TAU
              P26$3         P26$4         P17$1         P17$2         P17$3
              ________      ________      ________      ________      ________
                   67            68            65            66            67


           TAU
              P17$4         P27$1         P27$2         P27$3         P27$4
              ________      ________      ________      ________      ________
                   68            65            66            67            68


           TAU
              P18$1         P18$2         P18$3         P18$4         P28$1
              ________      ________      ________      ________      ________
                   65            66            67            68            65


           TAU
              P28$2         P28$3         P28$4         P19$1         P19$2
              ________      ________      ________      ________      ________
                   66            67            68            65            66


           TAU
              P19$3         P19$4         P29$1         P29$2         P29$3
              ________      ________      ________      ________      ________
                   67            68            65            66            67


           TAU
              P29$4         P110$1        P110$2        P110$3        P110$4
              ________      ________      ________      ________      ________
                   68            65            66            67            68


           TAU
              P210$1        P210$2        P210$3        P210$4
              ________      ________      ________      ________
                   65            66            67            68


           NU
              P11           P21           P12           P22           P13
              ________      ________      ________      ________      ________
                    0             0             0             0             0


           NU
              P23           P14           P24           P15           P25
              ________      ________      ________      ________      ________
                    0             0             0             0             0


           NU
              P16           P26           P17           P27           P18
              ________      ________      ________      ________      ________
                    0             0             0             0             0


           NU
              P28           P19           P29           P110          P210
              ________      ________      ________      ________      ________
                    0             0             0             0             0


           LAMBDA
              S1            S2            S3            S4            S5
              ________      ________      ________      ________      ________
 P11                0             0             0             0             0
 P21                0             0             0             0             0
 P12                0             0             0             0             0
 P22                0             0             0             0             0
 P13                0             0             0             0             0
 P23                0             0             0             0             0
 P14                0             0             0             0             0
 P24                0             0             0             0             0
 P15                0             0             0             0             0
 P25                0             0             0             0             0
 P16                0             0             0             0             0
 P26                0             0             0             0             0
 P17                0             0             0             0             0
 P27                0             0             0             0             0
 P18                0             0             0             0             0
 P28                0             0             0             0             0
 P19                0             0             0             0             0
 P29                0             0             0             0             0
 P110               0             0             0             0             0
 P210               0             0             0             0             0


           LAMBDA
              S6            S7            S8            S9            S10
              ________      ________      ________      ________      ________
 P11                0             0             0             0             0
 P21                0             0             0             0             0
 P12                0             0             0             0             0
 P22                0             0             0             0             0
 P13                0             0             0             0             0
 P23                0             0             0             0             0
 P14                0             0             0             0             0
 P24                0             0             0             0             0
 P15                0             0             0             0             0
 P25                0             0             0             0             0
 P16                0             0             0             0             0
 P26                0             0             0             0             0
 P17                0             0             0             0             0
 P27                0             0             0             0             0
 P18                0             0             0             0             0
 P28                0             0             0             0             0
 P19                0             0             0             0             0
 P29                0             0             0             0             0
 P110               0             0             0             0             0
 P210               0             0             0             0             0


           THETA
              P11           P21           P12           P22           P13
              ________      ________      ________      ________      ________
 P11                0
 P21                0             0
 P12                0             0             0
 P22                0             0             0             0
 P13                0             0             0             0             0
 P23                0             0             0             0             0
 P14                0             0             0             0             0
 P24                0             0             0             0             0
 P15                0             0             0             0             0
 P25                0             0             0             0             0
 P16                0             0             0             0             0
 P26                0             0             0             0             0
 P17                0             0             0             0             0
 P27                0             0             0             0             0
 P18                0             0             0             0             0
 P28                0             0             0             0             0
 P19                0             0             0             0             0
 P29                0             0             0             0             0
 P110               0             0             0             0             0
 P210               0             0             0             0             0


           THETA
              P23           P14           P24           P15           P25
              ________      ________      ________      ________      ________
 P23                0
 P14                0             0
 P24                0             0             0
 P15                0             0             0             0
 P25                0             0             0             0             0
 P16                0             0             0             0             0
 P26                0             0             0             0             0
 P17                0             0             0             0             0
 P27                0             0             0             0             0
 P18                0             0             0             0             0
 P28                0             0             0             0             0
 P19                0             0             0             0             0
 P29                0             0             0             0             0
 P110               0             0             0             0             0
 P210               0             0             0             0             0


           THETA
              P16           P26           P17           P27           P18
              ________      ________      ________      ________      ________
 P16                0
 P26                0             0
 P17                0             0             0
 P27                0             0             0             0
 P18                0             0             0             0             0
 P28                0             0             0             0             0
 P19                0             0             0             0             0
 P29                0             0             0             0             0
 P110               0             0             0             0             0
 P210               0             0             0             0             0


           THETA
              P28           P19           P29           P110          P210
              ________      ________      ________      ________      ________
 P28                0
 P19                0             0
 P29                0             0             0
 P110               0             0             0             0
 P210               0             0             0             0             0


           ALPHA
              S1            S2            S3            S4            S5
              ________      ________      ________      ________      ________
                    0             1             2             3             4


           ALPHA
              S6            S7            S8            S9            S10
              ________      ________      ________      ________      ________
                    5             6             7             8             9


           BETA
              S1            S2            S3            S4            S5
              ________      ________      ________      ________      ________
 S1                 0             0             0             0             0
 S2                 0             0             0             0             0
 S3                 0             0             0             0             0
 S4                 0             0             0             0             0
 S5                 0             0             0             0             0
 S6                 0             0             0             0             0
 S7                 0             0             0             0             0
 S8                 0             0             0             0             0
 S9                 0             0             0             0             0
 S10                0             0             0             0             0


           BETA
              S6            S7            S8            S9            S10
              ________      ________      ________      ________      ________
 S1                 0             0             0             0             0
 S2                 0             0             0             0             0
 S3                 0             0             0             0             0
 S4                 0             0             0             0             0
 S5                 0             0             0             0             0
 S6                 0             0             0             0             0
 S7                 0             0             0             0             0
 S8                 0             0             0             0             0
 S9                 0             0             0             0             0
 S10                0             0             0             0             0


           PSI
              S1            S2            S3            S4            S5
              ________      ________      ________      ________      ________
 S1                10
 S2                11            12
 S3                13            14            15
 S4                16            17            18            19
 S5                20            21            22            23            24
 S6                25            26            27            28            29
 S7                31            32            33            34            35
 S8                38            39            40            41            42
 S9                46            47            48            49            50
 S10               55            56            57            58            59


           PSI
              S6            S7            S8            S9            S10
              ________      ________      ________      ________      ________
 S6                30
 S7                36            37
 S8                43            44            45
 S9                51            52            53            54
 S10               60            61            62            63            64


     STARTING VALUES


           TAU
              P11$1         P11$2         P11$3         P11$4         P21$1
              ________      ________      ________      ________      ________
               -1.000        -0.500         0.200         1.500        -1.179


           TAU
              P21$2         P21$3         P21$4         P12$1         P12$2
              ________      ________      ________      ________      ________
               -0.673        -0.079         0.574        -1.179        -0.673


           TAU
              P12$3         P12$4         P22$1         P22$2         P22$3
              ________      ________      ________      ________      ________
               -0.079         0.574        -0.451         0.086         0.555


           TAU
              P13$1         P13$2         P13$3         P13$4         P23$1
              ________      ________      ________      ________      ________
               -1.179        -0.673        -0.079         0.574        -1.179


           TAU
              P23$2         P23$3         P23$4         P14$1         P14$2
              ________      ________      ________      ________      ________
               -0.673        -0.079         0.574        -1.179        -0.673


           TAU
              P14$3         P14$4         P24$1         P24$2         P24$3
              ________      ________      ________      ________      ________
               -0.079         0.574        -1.179        -0.673        -0.079


           TAU
              P24$4         P15$1         P15$2         P15$3         P15$4
              ________      ________      ________      ________      ________
                0.574        -1.179        -0.673        -0.079         0.574


           TAU
              P25$1         P25$2         P25$3         P25$4         P16$1
              ________      ________      ________      ________      ________
               -1.179        -0.673        -0.079         0.574        -1.179


           TAU
              P16$2         P16$3         P16$4         P26$1         P26$2
              ________      ________      ________      ________      ________
               -0.673        -0.079         0.574        -1.179        -0.673


           TAU
              P26$3         P26$4         P17$1         P17$2         P17$3
              ________      ________      ________      ________      ________
               -0.079         0.574        -1.179        -0.673        -0.079


           TAU
              P17$4         P27$1         P27$2         P27$3         P27$4
              ________      ________      ________      ________      ________
                0.574        -1.179        -0.673        -0.079         0.574


           TAU
              P18$1         P18$2         P18$3         P18$4         P28$1
              ________      ________      ________      ________      ________
               -1.179        -0.673        -0.079         0.574        -1.179


           TAU
              P28$2         P28$3         P28$4         P19$1         P19$2
              ________      ________      ________      ________      ________
               -0.673        -0.079         0.574        -1.179        -0.673


           TAU
              P19$3         P19$4         P29$1         P29$2         P29$3
              ________      ________      ________      ________      ________
               -0.079         0.574        -1.179        -0.673        -0.079


           TAU
              P29$4         P110$1        P110$2        P110$3        P110$4
              ________      ________      ________      ________      ________
                0.574        -1.179        -0.673        -0.079         0.574


           TAU
              P210$1        P210$2        P210$3        P210$4
              ________      ________      ________      ________
               -1.179        -0.673        -0.079         0.574


           NU
              P11           P21           P12           P22           P13
              ________      ________      ________      ________      ________
                0.000         0.000         0.000         0.000         0.000


           NU
              P23           P14           P24           P15           P25
              ________      ________      ________      ________      ________
                0.000         0.000         0.000         0.000         0.000


           NU
              P16           P26           P17           P27           P18
              ________      ________      ________      ________      ________
                0.000         0.000         0.000         0.000         0.000


           NU
              P28           P19           P29           P110          P210
              ________      ________      ________      ________      ________
                0.000         0.000         0.000         0.000         0.000


           LAMBDA
              S1            S2            S3            S4            S5
              ________      ________      ________      ________      ________
 P11            1.000         0.000         0.000         0.000         0.000
 P21            1.000         0.000         0.000         0.000         0.000
 P12            0.000         1.000         0.000         0.000         0.000
 P22            0.000         1.000         0.000         0.000         0.000
 P13            0.000         0.000         1.000         0.000         0.000
 P23            0.000         0.000         1.000         0.000         0.000
 P14            0.000         0.000         0.000         1.000         0.000
 P24            0.000         0.000         0.000         1.000         0.000
 P15            0.000         0.000         0.000         0.000         1.000
 P25            0.000         0.000         0.000         0.000         1.000
 P16            0.000         0.000         0.000         0.000         0.000
 P26            0.000         0.000         0.000         0.000         0.000
 P17            0.000         0.000         0.000         0.000         0.000
 P27            0.000         0.000         0.000         0.000         0.000
 P18            0.000         0.000         0.000         0.000         0.000
 P28            0.000         0.000         0.000         0.000         0.000
 P19            0.000         0.000         0.000         0.000         0.000
 P29            0.000         0.000         0.000         0.000         0.000
 P110           0.000         0.000         0.000         0.000         0.000
 P210           0.000         0.000         0.000         0.000         0.000


           LAMBDA
              S6            S7            S8            S9            S10
              ________      ________      ________      ________      ________
 P11            0.000         0.000         0.000         0.000         0.000
 P21            0.000         0.000         0.000         0.000         0.000
 P12            0.000         0.000         0.000         0.000         0.000
 P22            0.000         0.000         0.000         0.000         0.000
 P13            0.000         0.000         0.000         0.000         0.000
 P23            0.000         0.000         0.000         0.000         0.000
 P14            0.000         0.000         0.000         0.000         0.000
 P24            0.000         0.000         0.000         0.000         0.000
 P15            0.000         0.000         0.000         0.000         0.000
 P25            0.000         0.000         0.000         0.000         0.000
 P16            1.000         0.000         0.000         0.000         0.000
 P26            1.000         0.000         0.000         0.000         0.000
 P17            0.000         1.000         0.000         0.000         0.000
 P27            0.000         1.000         0.000         0.000         0.000
 P18            0.000         0.000         1.000         0.000         0.000
 P28            0.000         0.000         1.000         0.000         0.000
 P19            0.000         0.000         0.000         1.000         0.000
 P29            0.000         0.000         0.000         1.000         0.000
 P110           0.000         0.000         0.000         0.000         1.000
 P210           0.000         0.000         0.000         0.000         1.000


           THETA
              P11           P21           P12           P22           P13
              ________      ________      ________      ________      ________
 P11            1.000
 P21            0.000         1.000
 P12            0.000         0.000         1.000
 P22            0.000         0.000         0.000         1.000
 P13            0.000         0.000         0.000         0.000         1.000
 P23            0.000         0.000         0.000         0.000         0.000
 P14            0.000         0.000         0.000         0.000         0.000
 P24            0.000         0.000         0.000         0.000         0.000
 P15            0.000         0.000         0.000         0.000         0.000
 P25            0.000         0.000         0.000         0.000         0.000
 P16            0.000         0.000         0.000         0.000         0.000
 P26            0.000         0.000         0.000         0.000         0.000
 P17            0.000         0.000         0.000         0.000         0.000
 P27            0.000         0.000         0.000         0.000         0.000
 P18            0.000         0.000         0.000         0.000         0.000
 P28            0.000         0.000         0.000         0.000         0.000
 P19            0.000         0.000         0.000         0.000         0.000
 P29            0.000         0.000         0.000         0.000         0.000
 P110           0.000         0.000         0.000         0.000         0.000
 P210           0.000         0.000         0.000         0.000         0.000


           THETA
              P23           P14           P24           P15           P25
              ________      ________      ________      ________      ________
 P23            1.000
 P14            0.000         1.000
 P24            0.000         0.000         1.000
 P15            0.000         0.000         0.000         1.000
 P25            0.000         0.000         0.000         0.000         1.000
 P16            0.000         0.000         0.000         0.000         0.000
 P26            0.000         0.000         0.000         0.000         0.000
 P17            0.000         0.000         0.000         0.000         0.000
 P27            0.000         0.000         0.000         0.000         0.000
 P18            0.000         0.000         0.000         0.000         0.000
 P28            0.000         0.000         0.000         0.000         0.000
 P19            0.000         0.000         0.000         0.000         0.000
 P29            0.000         0.000         0.000         0.000         0.000
 P110           0.000         0.000         0.000         0.000         0.000
 P210           0.000         0.000         0.000         0.000         0.000


           THETA
              P16           P26           P17           P27           P18
              ________      ________      ________      ________      ________
 P16            1.000
 P26            0.000         1.000
 P17            0.000         0.000         1.000
 P27            0.000         0.000         0.000         1.000
 P18            0.000         0.000         0.000         0.000         1.000
 P28            0.000         0.000         0.000         0.000         0.000
 P19            0.000         0.000         0.000         0.000         0.000
 P29            0.000         0.000         0.000         0.000         0.000
 P110           0.000         0.000         0.000         0.000         0.000
 P210           0.000         0.000         0.000         0.000         0.000


           THETA
              P28           P19           P29           P110          P210
              ________      ________      ________      ________      ________
 P28            1.000
 P19            0.000         1.000
 P29            0.000         0.000         1.000
 P110           0.000         0.000         0.000         1.000
 P210           0.000         0.000         0.000         0.000         1.000


           ALPHA
              S1            S2            S3            S4            S5
              ________      ________      ________      ________      ________
                0.000         0.000         0.000         0.000         0.000


           ALPHA
              S6            S7            S8            S9            S10
              ________      ________      ________      ________      ________
                0.000         0.000         0.000         0.000         0.000


           BETA
              S1            S2            S3            S4            S5
              ________      ________      ________      ________      ________
 S1             0.000         0.000         0.000         0.000         0.000
 S2             0.000         0.000         0.000         0.000         0.000
 S3             0.000         0.000         0.000         0.000         0.000
 S4             0.000         0.000         0.000         0.000         0.000
 S5             0.000         0.000         0.000         0.000         0.000
 S6             0.000         0.000         0.000         0.000         0.000
 S7             0.000         0.000         0.000         0.000         0.000
 S8             0.000         0.000         0.000         0.000         0.000
 S9             0.000         0.000         0.000         0.000         0.000
 S10            0.000         0.000         0.000         0.000         0.000


           BETA
              S6            S7            S8            S9            S10
              ________      ________      ________      ________      ________
 S1             0.000         0.000         0.000         0.000         0.000
 S2             0.000         0.000         0.000         0.000         0.000
 S3             0.000         0.000         0.000         0.000         0.000
 S4             0.000         0.000         0.000         0.000         0.000
 S5             0.000         0.000         0.000         0.000         0.000
 S6             0.000         0.000         0.000         0.000         0.000
 S7             0.000         0.000         0.000         0.000         0.000
 S8             0.000         0.000         0.000         0.000         0.000
 S9             0.000         0.000         0.000         0.000         0.000
 S10            0.000         0.000         0.000         0.000         0.000


           PSI
              S1            S2            S3            S4            S5
              ________      ________      ________      ________      ________
 S1             1.000
 S2             0.000         1.000
 S3             0.000         0.000         1.000
 S4             0.000         0.000         0.000         1.000
 S5             0.000         0.000         0.000         0.000         1.000
 S6             0.000         0.000         0.000         0.000         0.000
 S7             0.000         0.000         0.000         0.000         0.000
 S8             0.000         0.000         0.000         0.000         0.000
 S9             0.000         0.000         0.000         0.000         0.000
 S10            0.000         0.000         0.000         0.000         0.000


           PSI
              S6            S7            S8            S9            S10
              ________      ________      ________      ________      ________
 S6             1.000
 S7             0.000         1.000
 S8             0.000         0.000         1.000
 S9             0.000         0.000         0.000         1.000
 S10            0.000         0.000         0.000         0.000         1.000



     PRIORS FOR ALL PARAMETERS            PRIOR MEAN      PRIOR VARIANCE     PRIOR STD. DEV.

     Parameter 1~N(0.000,infinity)           0.0000            infinity            infinity
     Parameter 2~N(0.000,infinity)           0.0000            infinity            infinity
     Parameter 3~N(0.000,infinity)           0.0000            infinity            infinity
     Parameter 4~N(0.000,infinity)           0.0000            infinity            infinity
     Parameter 5~N(0.000,infinity)           0.0000            infinity            infinity
     Parameter 6~N(0.000,infinity)           0.0000            infinity            infinity
     Parameter 7~N(0.000,infinity)           0.0000            infinity            infinity
     Parameter 8~N(0.000,infinity)           0.0000            infinity            infinity
     Parameter 9~N(0.000,infinity)           0.0000            infinity            infinity
     Parameter 10~IW(1.000,11)             infinity            infinity            infinity
     Parameter 11~IW(0.000,11)             infinity            infinity            infinity
     Parameter 12~IW(1.000,11)             infinity            infinity            infinity
     Parameter 13~IW(0.000,11)             infinity            infinity            infinity
     Parameter 14~IW(0.000,11)             infinity            infinity            infinity
     Parameter 15~IW(1.000,11)             infinity            infinity            infinity
     Parameter 16~IW(0.000,11)             infinity            infinity            infinity
     Parameter 17~IW(0.000,11)             infinity            infinity            infinity
     Parameter 18~IW(0.000,11)             infinity            infinity            infinity
     Parameter 19~IW(1.000,11)             infinity            infinity            infinity
     Parameter 20~IW(0.000,11)             infinity            infinity            infinity
     Parameter 21~IW(0.000,11)             infinity            infinity            infinity
     Parameter 22~IW(0.000,11)             infinity            infinity            infinity
     Parameter 23~IW(0.000,11)             infinity            infinity            infinity
     Parameter 24~IW(1.000,11)             infinity            infinity            infinity
     Parameter 25~IW(0.000,11)             infinity            infinity            infinity
     Parameter 26~IW(0.000,11)             infinity            infinity            infinity
     Parameter 27~IW(0.000,11)             infinity            infinity            infinity
     Parameter 28~IW(0.000,11)             infinity            infinity            infinity
     Parameter 29~IW(0.000,11)             infinity            infinity            infinity
     Parameter 30~IW(1.000,11)             infinity            infinity            infinity
     Parameter 31~IW(0.000,11)             infinity            infinity            infinity
     Parameter 32~IW(0.000,11)             infinity            infinity            infinity
     Parameter 33~IW(0.000,11)             infinity            infinity            infinity
     Parameter 34~IW(0.000,11)             infinity            infinity            infinity
     Parameter 35~IW(0.000,11)             infinity            infinity            infinity
     Parameter 36~IW(0.000,11)             infinity            infinity            infinity
     Parameter 37~IW(1.000,11)             infinity            infinity            infinity
     Parameter 38~IW(0.000,11)             infinity            infinity            infinity
     Parameter 39~IW(0.000,11)             infinity            infinity            infinity
     Parameter 40~IW(0.000,11)             infinity            infinity            infinity
     Parameter 41~IW(0.000,11)             infinity            infinity            infinity
     Parameter 42~IW(0.000,11)             infinity            infinity            infinity
     Parameter 43~IW(0.000,11)             infinity            infinity            infinity
     Parameter 44~IW(0.000,11)             infinity            infinity            infinity
     Parameter 45~IW(1.000,11)             infinity            infinity            infinity
     Parameter 46~IW(0.000,11)             infinity            infinity            infinity
     Parameter 47~IW(0.000,11)             infinity            infinity            infinity
     Parameter 48~IW(0.000,11)             infinity            infinity            infinity
     Parameter 49~IW(0.000,11)             infinity            infinity            infinity
     Parameter 50~IW(0.000,11)             infinity            infinity            infinity
     Parameter 51~IW(0.000,11)             infinity            infinity            infinity
     Parameter 52~IW(0.000,11)             infinity            infinity            infinity
     Parameter 53~IW(0.000,11)             infinity            infinity            infinity
     Parameter 54~IW(1.000,11)             infinity            infinity            infinity
     Parameter 55~IW(0.000,11)             infinity            infinity            infinity
     Parameter 56~IW(0.000,11)             infinity            infinity            infinity
     Parameter 57~IW(0.000,11)             infinity            infinity            infinity
     Parameter 58~IW(0.000,11)             infinity            infinity            infinity
     Parameter 59~IW(0.000,11)             infinity            infinity            infinity
     Parameter 60~IW(0.000,11)             infinity            infinity            infinity
     Parameter 61~IW(0.000,11)             infinity            infinity            infinity
     Parameter 62~IW(0.000,11)             infinity            infinity            infinity
     Parameter 63~IW(0.000,11)             infinity            infinity            infinity
     Parameter 64~IW(1.000,11)             infinity            infinity            infinity
     Parameter 65~N(0.000,5.000)             0.0000              5.0000              2.2361
     Parameter 66~N(0.000,5.000)             0.0000              5.0000              2.2361
     Parameter 67~N(0.000,5.000)             0.0000              5.0000              2.2361
     Parameter 68~N(0.000,5.000)             0.0000              5.0000              2.2361
     Parameter 69~N(0.000,5.000)             0.0000              5.0000              2.2361
     Parameter 70~N(0.000,5.000)             0.0000              5.0000              2.2361
     Parameter 71~N(0.000,5.000)             0.0000              5.0000              2.2361


TECHNICAL 8 OUTPUT


   TECHNICAL 8 OUTPUT FOR BAYES ESTIMATION

     CHAIN    BSEED
     1        0
     2        285380

                     POTENTIAL       PARAMETER WITH
     ITERATION    SCALE REDUCTION      HIGHEST PSR
     100              2.483               67
     200              1.083               65
     300              1.045               65
     400              1.278               67
     500              1.019               67
     600              1.064               68
     700              1.026               66
     800              1.074               66
     900              1.008               66
     1000             1.012               69
     1100             1.038               67
     1200             1.046               67
     1300             1.079               67
     1400             1.076               67
     1500             1.177               67
     1600             1.283               67
     1700             1.230               67
     1800             1.105               67
     1900             1.089               67
     2000             1.058               66
     2100             1.037               67
     2200             1.036               67
     2300             1.049               66
     2400             1.060               65
     2500             1.044               65
     2600             1.034               65
     2700             1.022               65
     2800             1.017               65
     2900             1.007               65
     3000             1.005               24
     3100             1.005               24
     3200             1.011               68
     3300             1.026               68
     3400             1.016               66
     3500             1.011               68
     3600             1.013               66
     3700             1.025               66
     3800             1.028               66
     3900             1.036               66
     4000             1.035               66
     4100             1.014               66
     4200             1.009               66
     4300             1.009               68
     4400             1.006               66
     4500             1.004               8
     4600             1.003               42
     4700             1.002               42
     4800             1.002               42
     4900             1.005               67
     5000             1.004               65
     5100             1.007               67
     5200             1.010               67
     5300             1.021               67
     5400             1.017               67
     5500             1.016               67
     5600             1.015               67
     5700             1.015               67
     5800             1.008               67
     5900             1.009               67
     6000             1.008               67
     6100             1.009               67
     6200             1.007               67
     6300             1.008               67
     6400             1.008               65
     6500             1.006               67
     6600             1.005               67
     6700             1.006               67
     6800             1.008               67
     6900             1.012               67
     7000             1.020               67
     7100             1.025               67
     7200             1.033               65
     7300             1.037               67
     7400             1.034               67
     7500             1.037               65
     7600             1.041               67
     7700             1.040               67
     7800             1.034               67
     7900             1.040               67
     8000             1.034               67
     8100             1.026               67
     8200             1.021               67
     8300             1.015               65
     8400             1.012               65
     8500             1.011               65
     8600             1.009               65
     8700             1.005               65
     8800             1.004               65
     8900             1.004               65
     9000             1.004               65
     9100             1.003               65
     9200             1.002               65
     9300             1.001               10
     9400             1.001               1
     9500             1.001               1
     9600             1.001               11
     9700             1.001               1
     9800             1.001               1
     9900             1.001               10
     10000            1.001               10
     10100            1.001               10
     10200            1.001               10
     10300            1.001               10
     10400            1.001               10
     10500            1.002               10
     10600            1.002               66
     10700            1.002               66
     10800            1.002               68
     10900            1.004               68
     11000            1.004               68
     11100            1.003               68
     11200            1.002               68
     11300            1.002               68
     11400            1.002               68
     11500            1.002               68
     11600            1.001               70
     11700            1.001               28
     11800            1.001               28
     11900            1.001               19
     12000            1.002               19
     12100            1.002               19
     12200            1.002               19
     12300            1.002               19
     12400            1.002               19
     12500            1.001               19
     12600            1.001               28
     12700            1.002               38
     12800            1.002               38
     12900            1.002               19
     13000            1.002               19
     13100            1.002               38
     13200            1.002               65
     13300            1.002               65
     13400            1.002               65
     13500            1.001               65
     13600            1.001               65
     13700            1.001               19
     13800            1.001               19
     13900            1.001               19
     14000            1.001               19
     14100            1.001               19
     14200            1.001               19
     14300            1.001               19
     14400            1.001               58
     14500            1.001               58
     14600            1.001               58
     14700            1.001               58
     14800            1.001               58
     14900            1.001               58
     15000            1.001               58
     15100            1.001               58
     15200            1.001               58
     15300            1.001               58
     15400            1.001               58
     15500            1.001               58
     15600            1.001               58
     15700            1.002               58
     15800            1.002               58
     15900            1.002               58
     16000            1.002               58
     16100            1.002               58
     16200            1.002               58
     16300            1.002               58
     16400            1.002               58
     16500            1.002               58
     16600            1.002               58
     16700            1.002               58
     16800            1.002               58
     16900            1.002               58
     17000            1.002               58
     17100            1.002               58
     17200            1.002               58
     17300            1.002               58
     17400            1.002               58
     17500            1.002               19
     17600            1.002               19
     17700            1.002               65
     17800            1.002               65
     17900            1.002               19
     18000            1.002               19
     18100            1.002               19
     18200            1.002               19
     18300            1.002               19
     18400            1.002               19
     18500            1.002               19
     18600            1.002               19
     18700            1.002               19
     18800            1.002               19
     18900            1.002               19
     19000            1.002               65
     19100            1.002               65
     19200            1.002               65
     19300            1.002               65
     19400            1.001               65
     19500            1.002               65
     19600            1.002               65
     19700            1.002               65
     19800            1.002               65
     19900            1.002               65
     20000            1.002               65


PLOT INFORMATION

The following plots are available:

  Sample proportions and estimated probabilities
  Bayesian posterior parameter distributions
  Bayesian posterior parameter trace plots
  Bayesian autocorrelation plots
  Bayesian prior parameter distributions
  Bayesian posterior predictive checking scatterplots
  Bayesian posterior predictive checking distribution plots

     Beginning Time:  15:33:28
        Ending Time:  15:35:02
       Elapsed Time:  00:01:34



MUTHEN & MUTHEN
3463 Stoner Ave.
Los Angeles, CA  90066

Tel: (310) 391-9971
Fax: (310) 391-8971
Web: www.StatModel.com
Support: Support@StatModel.com

Copyright (c) 1998-2023 Muthen & Muthen
