Mplus VERSION 8.11 (Mac)
MUTHEN & MUTHEN
05/05/2025   3:30 PM

INPUT INSTRUCTIONS

  DATA:

  File is laac2_wide.dat;

  VARIABLE:

  NAMES =   subject task
  Y1_1    Y1_10   Y1_2    Y1_3    Y1_4    Y1_5    Y1_6
  Y1_7    Y1_8    Y1_9    Y10_1   Y10_10  Y10_2   Y10_3   Y10_4   Y10_5
  Y10_6   Y10_7   Y10_8   Y10_9   Y11_1   Y11_10  Y11_2   Y11_3   Y11_4
  Y11_5   Y11_6   Y11_7   Y11_8   Y11_9   Y12_1   Y12_10  Y12_2   Y12_3
  Y12_4   Y12_5   Y12_6   Y12_7   Y12_8   Y12_9   Y2_1    Y2_10   Y2_2
  Y2_3    Y2_4    Y2_5    Y2_6    Y2_7    Y2_8    Y2_9    Y3_1    Y3_10
  Y3_2    Y3_3    Y3_4    Y3_5    Y3_6    Y3_7    Y3_8    Y3_9    Y4_1
  Y4_10   Y4_2    Y4_3    Y4_4    Y4_5    Y4_6    Y4_7    Y4_8    Y4_9
  Y5_1    Y5_10   Y5_2    Y5_3    Y5_4    Y5_5    Y5_6    Y5_7    Y5_8
  Y5_9    Y6_1    Y6_10   Y6_2    Y6_3    Y6_4    Y6_5    Y6_6    Y6_7
  Y6_8    Y6_9    Y7_1    Y7_10   Y7_2    Y7_3    Y7_4    Y7_5    Y7_6
  Y7_7    Y7_8    Y7_9    Y8_1    Y8_10   Y8_2    Y8_3    Y8_4    Y8_5
  Y8_6    Y8_7    Y8_8    Y8_9    Y9_1    Y9_10   Y9_2    Y9_3    Y9_4
  Y9_5    Y9_6    Y9_7    Y9_8    Y9_9;


  USEVARIABLES =  P11 P21 P12 P22 P13 P23 P14 P24
  	       P15 P25 P16 P26 P17 P27 P18 P28 P19 P29
  	       P110 P210 ;
  	
  Categ =   P11 P21 P12 P22 P13 P23 P14 P24
  	       P15 P25 P16 P26 P17 P27 P18 P28 P19 P29
  	       P110 P210 ;
  	

  Missing = All(-99);	

  useobservations are (task EQ 6);

  ! "'attention'=1;'communication'=2;'reasoning'=3;'visible_food'=4;
  !'population'=5;'inhibit_searched'=6"

  DEFINE:
  P11 = Y1_1 + Y3_1 + Y5_1 + Y7_1 + Y9_1 + Y11_1;
  P21 =  Y2_1 + Y4_1 + Y6_1 + Y8_1 + Y10_1 + Y12_1;

  P12 =  Y1_2 + Y3_2 + Y5_2 + Y7_2 + Y9_2 + Y11_2;
  P22 =  Y2_2 + Y4_2 + Y6_2 + Y8_2 + Y10_2 + Y12_2;

  P13 =  Y1_3 + Y3_3 + Y5_3 + Y7_3 + Y9_3 + Y11_3;
  P23 =  Y2_3 + Y4_3 + Y6_3 + Y8_3 + Y10_3 + Y12_3;

  P14 =  Y1_4 + Y3_4 + Y5_4 + Y7_4 + Y9_4 + Y11_4;
  P24 =  Y2_4 + Y4_4 + Y6_4 + Y8_4 + Y10_4 + Y12_4;

  P15 =  Y1_5 + Y3_5 + Y5_5 + Y7_5 + Y9_5 + Y11_5;
  P25 =  Y2_5 + Y4_5 + Y6_5 + Y8_5 + Y10_5 + Y12_5;

  P16 =  Y1_6 + Y3_6 + Y5_6 + Y7_6 + Y9_6 + Y11_6;
  P26 =  Y2_6 + Y4_6 + Y6_6 + Y8_6 + Y10_6 + Y12_6;

  P17 =  Y1_7 + Y3_7 + Y5_7 + Y7_7 + Y9_7 + Y11_7;
  P27 =  Y2_7 + Y4_7 + Y6_7 + Y8_7 + Y10_7 + Y12_7;

  P18 =  Y1_8 + Y3_8 + Y5_8 + Y7_8 + Y9_8 + Y11_8;
  P28 =  Y2_8 + Y4_8 + Y6_8 + Y8_8 + Y10_8 + Y12_8;

  P19 =  Y1_9 + Y3_9 + Y5_9 + Y7_9 + Y9_9 + Y11_9;
  P29 =  Y2_9 + Y4_9 + Y6_9 + Y8_9 + Y10_9 + Y12_9;

  P110 =  Y1_10 + Y3_10 + Y5_10 + Y7_10 + Y9_10 + Y11_10;
  P210 =  Y2_10 + Y4_10 + Y6_10 + Y8_10 + Y10_10 + Y12_10;


    IF (P11>3) THEN P11=3;
    IF (P21>3) THEN P21=3;
    IF (P12>3) THEN P12=3;
    IF (P22>3) THEN P22=3;
    IF (P13>3) THEN P13=3;
    IF (P23>3) THEN P23=3;
    IF (P14>3) THEN P14=3;
    IF (P24>3) THEN P24=3;
    IF (P15>3) THEN P15=3;
    IF (P25>3) THEN P25=3;
    IF (P16>3) THEN P16=3;
    IF (P26>3) THEN P26=3;
    IF (P17>3) THEN P17=3;
    IF (P27>3) THEN P27=3;
    IF (P18>3) THEN P18=3;
    IF (P28>3) THEN P28=3;
    IF (P19>3) THEN P19=3;
    IF (P29>3) THEN P29=3;
    IF (P110>3) THEN P110=3;
    IF (P210>3) THEN P210=3;


  ANALYSIS:

  	ESTIMATOR = Bayes;
  	Biter=(20000);
  	Thin=10;
  	Bconvergence = .005;	

  MODEL:

  T by P11@1 P21@1
  	P12@1 P22@1
  	P13@1 P23@1
  	P14@1 P24@1
  	P15@1 P25@1
  	P16@1 P26@1
  	P17@1 P27@1
  	P18@1 P28@1
  	P19@1 P29@1
  	P110@1 P210@1;


  S1 by P11@1 P21@1;
  S2 by P12@1 P22@1;
  S3 by P13@1 P23@1;
  S4 by P14@1 P24@1;
  S5 by P15@1 P25@1;
  S6 by P16@1 P26@1;
  S7 by P17@1 P27@1;
  S8 by P18@1 P28@1;
  S9 by P19@1 P29@1;
  S10 by P110@1 P210@1;

  	
  [S1-S10@0];
  [T@0];

  S1 - S10 (varS);
  T (varT);

  S1-S10 with S1-S10@0;
  T with S1-S10@0;


  [P11$1*-1] (tau1);
  [P11$2*-0.5] (tau2);
  [P11$3*0.2] (tau3);
  ![P11$4*1.5] (tau4);
  ![P11$5] (tau5);


  [P21$1] (tau1);
  [P21$2] (tau2);
  [P21$3] (tau3);
  ![P21$4] (tau4);
  ![P21$5] (tau5);

  [P12$1] (tau1);
  [P12$2] (tau2);
  [P12$3] (tau3);
  ![P12$4] (tau4);
  ![P12$5] (tau5);

  [P22$1] (tau1);
  [P22$2] (tau2);
  [P22$3] (tau3);
  ![P22$4] (tau4);
  ![P22$5] (tau5);

  [P13$1] (tau1);
  [P13$2] (tau2);
  [P13$3] (tau3);
  ![P13$4] (tau4);
  ![P13$5] (tau5);


  [P23$1] (tau1);
  [P23$2] (tau2);
  [P23$3] (tau3);
  ![P23$4] (tau4);
  ![P23$5] (tau5);

  [P14$1] (tau12);
  [P14$2] (tau22);
  ![P14$3] (tau3);
  ![P14$4] (tau4);
  ![P14$5] (tau5);

  [P24$1] (tau12);
  [P24$2] (tau22);
  ![P24$3] (tau3);
  ![P24$4] (tau4);
  ![P24$5] (tau5);


  [P15$1] (tau1);
  [P15$2] (tau2);
  [P15$3] (tau3);
  ![P15$4] (tau4);
  ![P15$5] (tau5);

  [P25$1] (tau12);
  [P25$2] (tau22);
  ![P25$3] (tau3);
  ![P25$4] (tau4);
  ![P25$5] (tau5);

  [P16$1] (tau1);
  [P16$2] (tau2);
  [P16$3] (tau3);
  ![P16$4] (tau4);
  ![P16$5] (tau5);

  [P26$1] (tau1);
  [P26$2] (tau2);
  [P26$3] (tau3);
  ![P26$4] (tau4);
  ![P26$5] (tau5);

  [P17$1] (tau1);
  [P17$2] (tau2);
  [P17$3] (tau3);
  ![P17$4] (tau4);
  ![P17$5] (tau5);

  [P27$1] (tau1);
  [P27$2] (tau2);
  [P27$3] (tau3);
  ![P27$4] (tau4);
  ![P27$5] (tau5);

  [P18$1] (tau1);
  [P18$2] (tau2);
  [P18$3] (tau3);
  ![P18$4] (tau4);
  ![P18$5] (tau5);


  [P28$1] (tau1);
  [P28$2] (tau2);
  [P28$3] (tau3);
  ![P28$4] (tau4);
  ![P28$5] (tau5);

  [P19$1] (tau1);
  [P19$2] (tau2);
  [P19$3] (tau3);
  ![P19$4] (tau4);
  ![P19$5] (tau5);

  [P29$1] (tau1);
  [P29$2] (tau2);
  [P29$3] (tau3);
  ![P29$4] (tau4);
  ![P29$5] (tau5);

  [P110$1] (tau1);
  [P110$2] (tau2);
  [P110$3] (tau3);
  ![P110$4] (tau4);
  ![P110$5] (tau5);

  [P210$1] (tau12);
  [P210$2] (tau22);
  ![P210$3] (tau3);
  ![P210$4] (tau4);
  ![P210$5] (tau5);

  Model constraint:

  NEW(con occ rel);
  con = varT / (varT + varS);
  occ = varS /(varT + varS);
  rel = (varS + varT ) / (varS + varT + 1);

  Output: stdyx tech8;
  PLOT:   TYPE = PLOT2;
  	



*** WARNING
  Data set contains cases with missing on all variables.
  These cases were not included in the analysis.
  Number of cases with missing on all variables:  2
   1 WARNING(S) FOUND IN THE INPUT INSTRUCTIONS




SUMMARY OF ANALYSIS

Number of groups                                                 1
Number of observations                                          45

Number of dependent variables                                   20
Number of independent variables                                  0
Number of continuous latent variables                           11

Observed dependent variables

  Binary and ordered categorical (ordinal)
   P11         P21         P12         P22         P13         P23
   P14         P24         P15         P25         P16         P26
   P17         P27         P18         P28         P19         P29
   P110        P210

Continuous latent variables
   T           S1          S2          S3          S4          S5
   S6          S7          S8          S9          S10


Estimator                                                    BAYES
Specifications for Bayesian Estimation
  Point estimate                                            MEDIAN
  Number of Markov chain Monte Carlo (MCMC) chains               2
  Random seed for the first chain                                0
  Starting value information                           UNPERTURBED
  Algorithm used for Markov chain Monte Carlo           GIBBS(PX1)
  Convergence criterion                                  0.500D-02
  Maximum number of iterations                               50000
  K-th iteration used for thinning                              10
Link                                                        PROBIT

Input data file(s)
  laac2_wide.dat
Input data format  FREE


SUMMARY OF DATA



COVARIANCE COVERAGE OF DATA

Minimum covariance coverage value   0.100

     Number of missing data patterns            33


     PROPORTION OF DATA PRESENT


           Covariance Coverage
              P11           P21           P12           P22           P13
              ________      ________      ________      ________      ________
 P11            0.644
 P21            0.644         0.644
 P12            0.511         0.511         0.622
 P22            0.511         0.511         0.600         0.600
 P13            0.556         0.556         0.533         0.511         0.733
 P23            0.556         0.556         0.533         0.511         0.733
 P14            0.289         0.289         0.311         0.289         0.422
 P24            0.289         0.289         0.311         0.289         0.422
 P15            0.489         0.489         0.422         0.422         0.533
 P25            0.489         0.489         0.422         0.422         0.533
 P16            0.489         0.489         0.400         0.378         0.533
 P26            0.489         0.489         0.400         0.378         0.533
 P17            0.511         0.511         0.467         0.467         0.556
 P27            0.511         0.511         0.467         0.467         0.533
 P18            0.556         0.556         0.511         0.489         0.622
 P28            0.556         0.556         0.511         0.489         0.622
 P19            0.444         0.444         0.444         0.422         0.511
 P29            0.444         0.444         0.444         0.422         0.511
 P110           0.511         0.511         0.467         0.444         0.578
 P210           0.511         0.511         0.467         0.444         0.578


           Covariance Coverage
              P23           P14           P24           P15           P25
              ________      ________      ________      ________      ________
 P23            0.733
 P14            0.422         0.489
 P24            0.422         0.489         0.489
 P15            0.533         0.400         0.400         0.644
 P25            0.533         0.400         0.400         0.644         0.644
 P16            0.533         0.378         0.378         0.467         0.467
 P26            0.533         0.378         0.378         0.467         0.467
 P17            0.556         0.356         0.356         0.533         0.533
 P27            0.533         0.333         0.333         0.511         0.511
 P18            0.622         0.422         0.422         0.578         0.578
 P28            0.622         0.422         0.422         0.578         0.578
 P19            0.511         0.378         0.378         0.467         0.467
 P29            0.511         0.378         0.378         0.467         0.467
 P110           0.578         0.356         0.356         0.511         0.511
 P210           0.578         0.356         0.356         0.511         0.511


           Covariance Coverage
              P16           P26           P17           P27           P18
              ________      ________      ________      ________      ________
 P16            0.600
 P26            0.600         0.600
 P17            0.489         0.489         0.667
 P27            0.489         0.489         0.644         0.644
 P18            0.556         0.556         0.556         0.556         0.822
 P28            0.556         0.556         0.556         0.556         0.822
 P19            0.422         0.422         0.511         0.511         0.556
 P29            0.422         0.422         0.511         0.511         0.556
 P110           0.489         0.489         0.511         0.489         0.644
 P210           0.489         0.489         0.511         0.489         0.644


           Covariance Coverage
              P28           P19           P29           P110          P210
              ________      ________      ________      ________      ________
 P28            0.822
 P19            0.556         0.622
 P29            0.556         0.622         0.622
 P110           0.644         0.511         0.511         0.711
 P210           0.644         0.511         0.511         0.711         0.711


UNIVARIATE PROPORTIONS AND COUNTS FOR CATEGORICAL VARIABLES

    P11
      Category 1    0.379           11.000
      Category 2    0.207            6.000
      Category 3    0.241            7.000
      Category 4    0.172            5.000
    P21
      Category 1    0.552           16.000
      Category 2    0.069            2.000
      Category 3    0.207            6.000
      Category 4    0.172            5.000
    P12
      Category 1    0.679           19.000
      Category 2    0.107            3.000
      Category 3    0.071            2.000
      Category 4    0.143            4.000
    P22
      Category 1    0.593           16.000
      Category 2    0.185            5.000
      Category 3    0.111            3.000
      Category 4    0.111            3.000
    P13
      Category 1    0.606           20.000
      Category 2    0.121            4.000
      Category 3    0.121            4.000
      Category 4    0.152            5.000
    P23
      Category 1    0.636           21.000
      Category 2    0.182            6.000
      Category 3    0.061            2.000
      Category 4    0.121            4.000
    P14
      Category 1    0.636           14.000
      Category 2    0.136            3.000
      Category 3    0.227            5.000
    P24
      Category 1    0.545           12.000
      Category 2    0.227            5.000
      Category 3    0.227            5.000
    P15
      Category 1    0.690           20.000
      Category 2    0.172            5.000
      Category 3    0.069            2.000
      Category 4    0.069            2.000
    P25
      Category 1    0.690           20.000
      Category 2    0.207            6.000
      Category 3    0.103            3.000
    P16
      Category 1    0.852           23.000
      Category 2    0.074            2.000
      Category 3    0.037            1.000
      Category 4    0.037            1.000
    P26
      Category 1    0.778           21.000
      Category 2    0.148            4.000
      Category 3    0.037            1.000
      Category 4    0.037            1.000
    P17
      Category 1    0.733           22.000
      Category 2    0.067            2.000
      Category 3    0.133            4.000
      Category 4    0.067            2.000
    P27
      Category 1    0.759           22.000
      Category 2    0.069            2.000
      Category 3    0.069            2.000
      Category 4    0.103            3.000
    P18
      Category 1    0.757           28.000
      Category 2    0.135            5.000
      Category 3    0.054            2.000
      Category 4    0.054            2.000
    P28
      Category 1    0.784           29.000
      Category 2    0.054            2.000
      Category 3    0.081            3.000
      Category 4    0.081            3.000
    P19
      Category 1    0.786           22.000
      Category 2    0.143            4.000
      Category 3    0.036            1.000
      Category 4    0.036            1.000
    P29
      Category 1    0.786           22.000
      Category 2    0.107            3.000
      Category 3    0.071            2.000
      Category 4    0.036            1.000
    P110
      Category 1    0.750           24.000
      Category 2    0.156            5.000
      Category 3    0.031            1.000
      Category 4    0.062            2.000
    P210
      Category 1    0.875           28.000
      Category 2    0.094            3.000
      Category 3    0.031            1.000



THE MODEL ESTIMATION TERMINATED NORMALLY

     USE THE FBITERATIONS OPTION TO INCREASE THE NUMBER OF ITERATIONS BY A FACTOR
     OF AT LEAST TWO TO CHECK CONVERGENCE AND THAT THE PSR VALUE DOES NOT INCREASE.



MODEL FIT INFORMATION

Number of Free Parameters                               7

Bayesian Posterior Predictive Checking using Chi-Square

          95% Confidence Interval for the Difference Between
          the Observed and the Replicated Chi-Square Values

                                -48.951            95.724

          Posterior Predictive P-Value              0.279



MODEL RESULTS

                                Posterior  One-Tailed         95% C.I.
                    Estimate       S.D.      P-Value   Lower 2.5%  Upper 2.5%  Significance

 T        BY
    P11                1.000       0.000      0.000       1.000       1.000
    P21                1.000       0.000      0.000       1.000       1.000
    P12                1.000       0.000      0.000       1.000       1.000
    P22                1.000       0.000      0.000       1.000       1.000
    P13                1.000       0.000      0.000       1.000       1.000
    P23                1.000       0.000      0.000       1.000       1.000
    P14                1.000       0.000      0.000       1.000       1.000
    P24                1.000       0.000      0.000       1.000       1.000
    P15                1.000       0.000      0.000       1.000       1.000
    P25                1.000       0.000      0.000       1.000       1.000
    P16                1.000       0.000      0.000       1.000       1.000
    P26                1.000       0.000      0.000       1.000       1.000
    P17                1.000       0.000      0.000       1.000       1.000
    P27                1.000       0.000      0.000       1.000       1.000
    P18                1.000       0.000      0.000       1.000       1.000
    P28                1.000       0.000      0.000       1.000       1.000
    P19                1.000       0.000      0.000       1.000       1.000
    P29                1.000       0.000      0.000       1.000       1.000
    P110               1.000       0.000      0.000       1.000       1.000
    P210               1.000       0.000      0.000       1.000       1.000

 S1       BY
    P11                1.000       0.000      0.000       1.000       1.000
    P21                1.000       0.000      0.000       1.000       1.000

 S2       BY
    P12                1.000       0.000      0.000       1.000       1.000
    P22                1.000       0.000      0.000       1.000       1.000

 S3       BY
    P13                1.000       0.000      0.000       1.000       1.000
    P23                1.000       0.000      0.000       1.000       1.000

 S4       BY
    P14                1.000       0.000      0.000       1.000       1.000
    P24                1.000       0.000      0.000       1.000       1.000

 S5       BY
    P15                1.000       0.000      0.000       1.000       1.000
    P25                1.000       0.000      0.000       1.000       1.000

 S6       BY
    P16                1.000       0.000      0.000       1.000       1.000
    P26                1.000       0.000      0.000       1.000       1.000

 S7       BY
    P17                1.000       0.000      0.000       1.000       1.000
    P27                1.000       0.000      0.000       1.000       1.000

 S8       BY
    P18                1.000       0.000      0.000       1.000       1.000
    P28                1.000       0.000      0.000       1.000       1.000

 S9       BY
    P19                1.000       0.000      0.000       1.000       1.000
    P29                1.000       0.000      0.000       1.000       1.000

 S10      BY
    P110               1.000       0.000      0.000       1.000       1.000
    P210               1.000       0.000      0.000       1.000       1.000

 S1       WITH
    S2                 0.000       0.000      1.000       0.000       0.000
    S3                 0.000       0.000      1.000       0.000       0.000
    S4                 0.000       0.000      1.000       0.000       0.000
    S5                 0.000       0.000      1.000       0.000       0.000
    S6                 0.000       0.000      1.000       0.000       0.000
    S7                 0.000       0.000      1.000       0.000       0.000
    S8                 0.000       0.000      1.000       0.000       0.000
    S9                 0.000       0.000      1.000       0.000       0.000
    S10                0.000       0.000      1.000       0.000       0.000
    T                  0.000       0.000      1.000       0.000       0.000

 S2       WITH
    S3                 0.000       0.000      1.000       0.000       0.000
    S4                 0.000       0.000      1.000       0.000       0.000
    S5                 0.000       0.000      1.000       0.000       0.000
    S6                 0.000       0.000      1.000       0.000       0.000
    S7                 0.000       0.000      1.000       0.000       0.000
    S8                 0.000       0.000      1.000       0.000       0.000
    S9                 0.000       0.000      1.000       0.000       0.000
    S10                0.000       0.000      1.000       0.000       0.000
    T                  0.000       0.000      1.000       0.000       0.000

 S3       WITH
    S4                 0.000       0.000      1.000       0.000       0.000
    S5                 0.000       0.000      1.000       0.000       0.000
    S6                 0.000       0.000      1.000       0.000       0.000
    S7                 0.000       0.000      1.000       0.000       0.000
    S8                 0.000       0.000      1.000       0.000       0.000
    S9                 0.000       0.000      1.000       0.000       0.000
    S10                0.000       0.000      1.000       0.000       0.000
    T                  0.000       0.000      1.000       0.000       0.000

 S4       WITH
    S5                 0.000       0.000      1.000       0.000       0.000
    S6                 0.000       0.000      1.000       0.000       0.000
    S7                 0.000       0.000      1.000       0.000       0.000
    S8                 0.000       0.000      1.000       0.000       0.000
    S9                 0.000       0.000      1.000       0.000       0.000
    S10                0.000       0.000      1.000       0.000       0.000
    T                  0.000       0.000      1.000       0.000       0.000

 S5       WITH
    S6                 0.000       0.000      1.000       0.000       0.000
    S7                 0.000       0.000      1.000       0.000       0.000
    S8                 0.000       0.000      1.000       0.000       0.000
    S9                 0.000       0.000      1.000       0.000       0.000
    S10                0.000       0.000      1.000       0.000       0.000
    T                  0.000       0.000      1.000       0.000       0.000

 S6       WITH
    S7                 0.000       0.000      1.000       0.000       0.000
    S8                 0.000       0.000      1.000       0.000       0.000
    S9                 0.000       0.000      1.000       0.000       0.000
    S10                0.000       0.000      1.000       0.000       0.000
    T                  0.000       0.000      1.000       0.000       0.000

 S7       WITH
    S8                 0.000       0.000      1.000       0.000       0.000
    S9                 0.000       0.000      1.000       0.000       0.000
    S10                0.000       0.000      1.000       0.000       0.000
    T                  0.000       0.000      1.000       0.000       0.000

 S8       WITH
    S9                 0.000       0.000      1.000       0.000       0.000
    S10                0.000       0.000      1.000       0.000       0.000
    T                  0.000       0.000      1.000       0.000       0.000

 S9       WITH
    S10                0.000       0.000      1.000       0.000       0.000
    T                  0.000       0.000      1.000       0.000       0.000

 S10      WITH
    T                  0.000       0.000      1.000       0.000       0.000

 Means
    T                  0.000       0.000      1.000       0.000       0.000
    S1                 0.000       0.000      1.000       0.000       0.000
    S2                 0.000       0.000      1.000       0.000       0.000
    S3                 0.000       0.000      1.000       0.000       0.000
    S4                 0.000       0.000      1.000       0.000       0.000
    S5                 0.000       0.000      1.000       0.000       0.000
    S6                 0.000       0.000      1.000       0.000       0.000
    S7                 0.000       0.000      1.000       0.000       0.000
    S8                 0.000       0.000      1.000       0.000       0.000
    S9                 0.000       0.000      1.000       0.000       0.000
    S10                0.000       0.000      1.000       0.000       0.000

 Thresholds
    P11$1              0.533       0.000      0.000       0.533       0.533      *
    P11$2              0.966       0.000      0.000       0.966       0.966      *
    P11$3              1.394       0.000      0.000       1.394       1.394
    P21$1              0.533       0.000      0.000       0.533       0.533      *
    P21$2              0.966       0.000      0.000       0.966       0.966      *
    P21$3              1.394       0.000      0.000       1.394       1.394
    P12$1              0.533       0.000      0.000       0.533       0.533      *
    P12$2              0.966       0.000      0.000       0.966       0.966      *
    P12$3              1.394       0.000      0.000       1.394       1.394
    P22$1              0.533       0.000      0.000       0.533       0.533      *
    P22$2              0.966       0.000      0.000       0.966       0.966      *
    P22$3              1.394       0.000      0.000       1.394       1.394
    P13$1              0.533       0.000      0.000       0.533       0.533      *
    P13$2              0.966       0.000      0.000       0.966       0.966      *
    P13$3              1.394       0.000      0.000       1.394       1.394
    P23$1              0.533       0.000      0.000       0.533       0.533      *
    P23$2              0.966       0.000      0.000       0.966       0.966      *
    P23$3              1.394       0.000      0.000       1.394       1.394
    P14$1              0.429       0.197      0.014       0.047       0.823      *
    P14$2              1.563       0.268      0.000       1.069       2.122      *
    P24$1              0.429       0.197      0.014       0.047       0.823      *
    P24$2              1.563       0.268      0.000       1.069       2.122      *
    P15$1              0.533       0.000      0.000       0.533       0.533      *
    P15$2              0.966       0.000      0.000       0.966       0.966      *
    P15$3              1.394       0.000      0.000       1.394       1.394
    P25$1              0.429       0.197      0.014       0.047       0.823      *
    P25$2              1.563       0.268      0.000       1.069       2.122      *
    P16$1              0.533       0.000      0.000       0.533       0.533      *
    P16$2              0.966       0.000      0.000       0.966       0.966      *
    P16$3              1.394       0.000      0.000       1.394       1.394
    P26$1              0.533       0.000      0.000       0.533       0.533      *
    P26$2              0.966       0.000      0.000       0.966       0.966      *
    P26$3              1.394       0.000      0.000       1.394       1.394
    P17$1              0.533       0.000      0.000       0.533       0.533      *
    P17$2              0.966       0.000      0.000       0.966       0.966      *
    P17$3              1.394       0.000      0.000       1.394       1.394
    P27$1              0.533       0.000      0.000       0.533       0.533      *
    P27$2              0.966       0.000      0.000       0.966       0.966      *
    P27$3              1.394       0.000      0.000       1.394       1.394
    P18$1              0.533       0.000      0.000       0.533       0.533      *
    P18$2              0.966       0.000      0.000       0.966       0.966      *
    P18$3              1.394       0.000      0.000       1.394       1.394
    P28$1              0.533       0.000      0.000       0.533       0.533      *
    P28$2              0.966       0.000      0.000       0.966       0.966      *
    P28$3              1.394       0.000      0.000       1.394       1.394
    P19$1              0.533       0.000      0.000       0.533       0.533      *
    P19$2              0.966       0.000      0.000       0.966       0.966      *
    P19$3              1.394       0.000      0.000       1.394       1.394
    P29$1              0.533       0.000      0.000       0.533       0.533      *
    P29$2              0.966       0.000      0.000       0.966       0.966      *
    P29$3              1.394       0.000      0.000       1.394       1.394
    P110$1             0.533       0.000      0.000       0.533       0.533      *
    P110$2             0.966       0.000      0.000       0.966       0.966      *
    P110$3             1.394       0.000      0.000       1.394       1.394
    P210$1             0.429       0.197      0.014       0.047       0.823      *
    P210$2             1.563       0.268      0.000       1.069       2.122      *

 Variances
    T                  1.546       0.521      0.000       0.860       2.868      *
    S1                 0.419       0.194      0.000       0.116       0.876      *
    S2                 0.419       0.194      0.000       0.116       0.876      *
    S3                 0.419       0.194      0.000       0.116       0.876      *
    S4                 0.419       0.194      0.000       0.116       0.876      *
    S5                 0.419       0.194      0.000       0.116       0.876      *
    S6                 0.419       0.194      0.000       0.116       0.876      *
    S7                 0.419       0.194      0.000       0.116       0.876      *
    S8                 0.419       0.194      0.000       0.116       0.876      *
    S9                 0.419       0.194      0.000       0.116       0.876      *
    S10                0.419       0.194      0.000       0.116       0.876      *

New/Additional Parameters
    CON                0.791       0.077      0.000       0.623       0.927      *
    OCC                0.209       0.077      0.000       0.073       0.377      *
    REL                0.665       0.063      0.000       0.529       0.777      *


STANDARDIZED MODEL RESULTS


STDYX Standardization

                                Posterior  One-Tailed         95% C.I.
                    Estimate       S.D.      P-Value   Lower 2.5%  Upper 2.5%  Significance
 T        BY
    P11                0.721       0.051      0.000       0.617       0.814      *
    P21                0.721       0.051      0.000       0.617       0.814      *
    P12                0.721       0.051      0.000       0.617       0.814      *
    P22                0.721       0.051      0.000       0.617       0.814      *
    P13                0.721       0.051      0.000       0.617       0.814      *
    P23                0.721       0.051      0.000       0.617       0.814      *
    P14                0.721       0.051      0.000       0.617       0.814      *
    P24                0.721       0.051      0.000       0.617       0.814      *
    P15                0.721       0.051      0.000       0.617       0.814      *
    P25                0.721       0.051      0.000       0.617       0.814      *
    P16                0.721       0.051      0.000       0.617       0.814      *
    P26                0.721       0.051      0.000       0.617       0.814      *
    P17                0.721       0.051      0.000       0.617       0.814      *
    P27                0.721       0.051      0.000       0.617       0.814      *
    P18                0.721       0.051      0.000       0.617       0.814      *
    P28                0.721       0.051      0.000       0.617       0.814      *
    P19                0.721       0.051      0.000       0.617       0.814      *
    P29                0.721       0.051      0.000       0.617       0.814      *
    P110               0.721       0.051      0.000       0.617       0.814      *
    P210               0.721       0.051      0.000       0.617       0.814      *

 S1       BY
    P11                0.372       0.072      0.000       0.214       0.501      *
    P21                0.372       0.072      0.000       0.214       0.501      *

 S2       BY
    P12                0.372       0.072      0.000       0.214       0.501      *
    P22                0.372       0.072      0.000       0.214       0.501      *

 S3       BY
    P13                0.372       0.072      0.000       0.214       0.501      *
    P23                0.372       0.072      0.000       0.214       0.501      *

 S4       BY
    P14                0.372       0.072      0.000       0.214       0.501      *
    P24                0.372       0.072      0.000       0.214       0.501      *

 S5       BY
    P15                0.372       0.072      0.000       0.214       0.501      *
    P25                0.372       0.072      0.000       0.214       0.501      *

 S6       BY
    P16                0.372       0.072      0.000       0.214       0.501      *
    P26                0.372       0.072      0.000       0.214       0.501      *

 S7       BY
    P17                0.372       0.072      0.000       0.214       0.501      *
    P27                0.372       0.072      0.000       0.214       0.501      *

 S8       BY
    P18                0.372       0.072      0.000       0.214       0.501      *
    P28                0.372       0.072      0.000       0.214       0.501      *

 S9       BY
    P19                0.372       0.072      0.000       0.214       0.501      *
    P29                0.372       0.072      0.000       0.214       0.501      *

 S10      BY
    P110               0.372       0.072      0.000       0.214       0.501      *
    P210               0.372       0.072      0.000       0.214       0.501      *

 S1       WITH
    S2                 0.000       0.000      1.000       0.000       0.000
    S3                 0.000       0.000      1.000       0.000       0.000
    S4                 0.000       0.000      1.000       0.000       0.000
    S5                 0.000       0.000      1.000       0.000       0.000
    S6                 0.000       0.000      1.000       0.000       0.000
    S7                 0.000       0.000      1.000       0.000       0.000
    S8                 0.000       0.000      1.000       0.000       0.000
    S9                 0.000       0.000      1.000       0.000       0.000
    S10                0.000       0.000      1.000       0.000       0.000
    T                  0.000       0.000      1.000       0.000       0.000

 S2       WITH
    S3                 0.000       0.000      1.000       0.000       0.000
    S4                 0.000       0.000      1.000       0.000       0.000
    S5                 0.000       0.000      1.000       0.000       0.000
    S6                 0.000       0.000      1.000       0.000       0.000
    S7                 0.000       0.000      1.000       0.000       0.000
    S8                 0.000       0.000      1.000       0.000       0.000
    S9                 0.000       0.000      1.000       0.000       0.000
    S10                0.000       0.000      1.000       0.000       0.000
    T                  0.000       0.000      1.000       0.000       0.000

 S3       WITH
    S4                 0.000       0.000      1.000       0.000       0.000
    S5                 0.000       0.000      1.000       0.000       0.000
    S6                 0.000       0.000      1.000       0.000       0.000
    S7                 0.000       0.000      1.000       0.000       0.000
    S8                 0.000       0.000      1.000       0.000       0.000
    S9                 0.000       0.000      1.000       0.000       0.000
    S10                0.000       0.000      1.000       0.000       0.000
    T                  0.000       0.000      1.000       0.000       0.000

 S4       WITH
    S5                 0.000       0.000      1.000       0.000       0.000
    S6                 0.000       0.000      1.000       0.000       0.000
    S7                 0.000       0.000      1.000       0.000       0.000
    S8                 0.000       0.000      1.000       0.000       0.000
    S9                 0.000       0.000      1.000       0.000       0.000
    S10                0.000       0.000      1.000       0.000       0.000
    T                  0.000       0.000      1.000       0.000       0.000

 S5       WITH
    S6                 0.000       0.000      1.000       0.000       0.000
    S7                 0.000       0.000      1.000       0.000       0.000
    S8                 0.000       0.000      1.000       0.000       0.000
    S9                 0.000       0.000      1.000       0.000       0.000
    S10                0.000       0.000      1.000       0.000       0.000
    T                  0.000       0.000      1.000       0.000       0.000

 S6       WITH
    S7                 0.000       0.000      1.000       0.000       0.000
    S8                 0.000       0.000      1.000       0.000       0.000
    S9                 0.000       0.000      1.000       0.000       0.000
    S10                0.000       0.000      1.000       0.000       0.000
    T                  0.000       0.000      1.000       0.000       0.000

 S7       WITH
    S8                 0.000       0.000      1.000       0.000       0.000
    S9                 0.000       0.000      1.000       0.000       0.000
    S10                0.000       0.000      1.000       0.000       0.000
    T                  0.000       0.000      1.000       0.000       0.000

 S8       WITH
    S9                 0.000       0.000      1.000       0.000       0.000
    S10                0.000       0.000      1.000       0.000       0.000
    T                  0.000       0.000      1.000       0.000       0.000

 S9       WITH
    S10                0.000       0.000      1.000       0.000       0.000
    T                  0.000       0.000      1.000       0.000       0.000

 S10      WITH
    T                  0.000       0.000      1.000       0.000       0.000

 Means
    T                  0.000       0.000      1.000       0.000       0.000
    S1                 0.000       0.000      1.000       0.000       0.000
    S2                 0.000       0.000      1.000       0.000       0.000
    S3                 0.000       0.000      1.000       0.000       0.000
    S4                 0.000       0.000      1.000       0.000       0.000
    S5                 0.000       0.000      1.000       0.000       0.000
    S6                 0.000       0.000      1.000       0.000       0.000
    S7                 0.000       0.000      1.000       0.000       0.000
    S8                 0.000       0.000      1.000       0.000       0.000
    S9                 0.000       0.000      1.000       0.000       0.000
    S10                0.000       0.000      1.000       0.000       0.000

 Thresholds
    P11$1              0.309       0.029      0.000       0.252       0.366      *
    P11$2              0.559       0.053      0.000       0.456       0.663      *
    P11$3              0.807       0.076      0.000       0.658       0.957      *
    P21$1              0.309       0.029      0.000       0.252       0.366      *
    P21$2              0.559       0.053      0.000       0.456       0.663      *
    P21$3              0.807       0.076      0.000       0.658       0.957      *
    P12$1              0.309       0.029      0.000       0.252       0.366      *
    P12$2              0.559       0.053      0.000       0.456       0.663      *
    P12$3              0.807       0.076      0.000       0.658       0.957      *
    P22$1              0.309       0.029      0.000       0.252       0.366      *
    P22$2              0.559       0.053      0.000       0.456       0.663      *
    P22$3              0.807       0.076      0.000       0.658       0.957      *
    P13$1              0.309       0.029      0.000       0.252       0.366      *
    P13$2              0.559       0.053      0.000       0.456       0.663      *
    P13$3              0.807       0.076      0.000       0.658       0.957      *
    P23$1              0.309       0.029      0.000       0.252       0.366      *
    P23$2              0.559       0.053      0.000       0.456       0.663      *
    P23$3              0.807       0.076      0.000       0.658       0.957      *
    P14$1              0.248       0.117      0.014       0.027       0.484      *
    P14$2              0.902       0.161      0.000       0.606       1.240      *
    P24$1              0.248       0.117      0.014       0.027       0.484      *
    P24$2              0.902       0.161      0.000       0.606       1.240      *
    P15$1              0.309       0.029      0.000       0.252       0.366      *
    P15$2              0.559       0.053      0.000       0.456       0.663      *
    P15$3              0.807       0.076      0.000       0.658       0.957      *
    P25$1              0.248       0.117      0.014       0.027       0.484      *
    P25$2              0.902       0.161      0.000       0.606       1.240      *
    P16$1              0.309       0.029      0.000       0.252       0.366      *
    P16$2              0.559       0.053      0.000       0.456       0.663      *
    P16$3              0.807       0.076      0.000       0.658       0.957      *
    P26$1              0.309       0.029      0.000       0.252       0.366      *
    P26$2              0.559       0.053      0.000       0.456       0.663      *
    P26$3              0.807       0.076      0.000       0.658       0.957      *
    P17$1              0.309       0.029      0.000       0.252       0.366      *
    P17$2              0.559       0.053      0.000       0.456       0.663      *
    P17$3              0.807       0.076      0.000       0.658       0.957      *
    P27$1              0.309       0.029      0.000       0.252       0.366      *
    P27$2              0.559       0.053      0.000       0.456       0.663      *
    P27$3              0.807       0.076      0.000       0.658       0.957      *
    P18$1              0.309       0.029      0.000       0.252       0.366      *
    P18$2              0.559       0.053      0.000       0.456       0.663      *
    P18$3              0.807       0.076      0.000       0.658       0.957      *
    P28$1              0.309       0.029      0.000       0.252       0.366      *
    P28$2              0.559       0.053      0.000       0.456       0.663      *
    P28$3              0.807       0.076      0.000       0.658       0.957      *
    P19$1              0.309       0.029      0.000       0.252       0.366      *
    P19$2              0.559       0.053      0.000       0.456       0.663      *
    P19$3              0.807       0.076      0.000       0.658       0.957      *
    P29$1              0.309       0.029      0.000       0.252       0.366      *
    P29$2              0.559       0.053      0.000       0.456       0.663      *
    P29$3              0.807       0.076      0.000       0.658       0.957      *
    P110$1             0.309       0.029      0.000       0.252       0.366      *
    P110$2             0.559       0.053      0.000       0.456       0.663      *
    P110$3             0.807       0.076      0.000       0.658       0.957      *
    P210$1             0.248       0.117      0.014       0.027       0.484      *
    P210$2             0.902       0.161      0.000       0.606       1.240      *

 Variances
    T                  1.000       0.000      0.000       1.000       1.000
    S1                 1.000       0.000      0.000       1.000       1.000
    S2                 1.000       0.000      0.000       1.000       1.000
    S3                 1.000       0.000      0.000       1.000       1.000
    S4                 1.000       0.000      0.000       1.000       1.000
    S5                 1.000       0.000      0.000       1.000       1.000
    S6                 1.000       0.000      0.000       1.000       1.000
    S7                 1.000       0.000      0.000       1.000       1.000
    S8                 1.000       0.000      0.000       1.000       1.000
    S9                 1.000       0.000      0.000       1.000       1.000
    S10                1.000       0.000      0.000       1.000       1.000


R-SQUARE

                                Posterior  One-Tailed         95% C.I.
    Variable        Estimate       S.D.      P-Value   Lower 2.5%  Upper 2.5%

    P11                0.665       0.063      0.000       0.529       0.777
    P21                0.665       0.063      0.000       0.529       0.777
    P12                0.665       0.063      0.000       0.529       0.777
    P22                0.665       0.063      0.000       0.529       0.777
    P13                0.665       0.063      0.000       0.529       0.777
    P23                0.665       0.063      0.000       0.529       0.777
    P14                0.665       0.063      0.000       0.529       0.777
    P24                0.665       0.063      0.000       0.529       0.777
    P15                0.665       0.063      0.000       0.529       0.777
    P25                0.665       0.063      0.000       0.529       0.777
    P16                0.665       0.063      0.000       0.529       0.777
    P26                0.665       0.063      0.000       0.529       0.777
    P17                0.665       0.063      0.000       0.529       0.777
    P27                0.665       0.063      0.000       0.529       0.777
    P18                0.665       0.063      0.000       0.529       0.777
    P28                0.665       0.063      0.000       0.529       0.777
    P19                0.665       0.063      0.000       0.529       0.777
    P29                0.665       0.063      0.000       0.529       0.777
    P110               0.665       0.063      0.000       0.529       0.777
    P210               0.665       0.063      0.000       0.529       0.777


TECHNICAL 1 OUTPUT


     PARAMETER SPECIFICATION


           TAU
              P11$1         P11$2         P11$3         P21$1         P21$2
              ________      ________      ________      ________      ________
                    3             4             5             3             4


           TAU
              P21$3         P12$1         P12$2         P12$3         P22$1
              ________      ________      ________      ________      ________
                    5             3             4             5             3


           TAU
              P22$2         P22$3         P13$1         P13$2         P13$3
              ________      ________      ________      ________      ________
                    4             5             3             4             5


           TAU
              P23$1         P23$2         P23$3         P14$1         P14$2
              ________      ________      ________      ________      ________
                    3             4             5             6             7


           TAU
              P24$1         P24$2         P15$1         P15$2         P15$3
              ________      ________      ________      ________      ________
                    6             7             3             4             5


           TAU
              P25$1         P25$2         P16$1         P16$2         P16$3
              ________      ________      ________      ________      ________
                    6             7             3             4             5


           TAU
              P26$1         P26$2         P26$3         P17$1         P17$2
              ________      ________      ________      ________      ________
                    3             4             5             3             4


           TAU
              P17$3         P27$1         P27$2         P27$3         P18$1
              ________      ________      ________      ________      ________
                    5             3             4             5             3


           TAU
              P18$2         P18$3         P28$1         P28$2         P28$3
              ________      ________      ________      ________      ________
                    4             5             3             4             5


           TAU
              P19$1         P19$2         P19$3         P29$1         P29$2
              ________      ________      ________      ________      ________
                    3             4             5             3             4


           TAU
              P29$3         P110$1        P110$2        P110$3        P210$1
              ________      ________      ________      ________      ________
                    5             3             4             5             6


           TAU
              P210$2
              ________
                    7


           NU
              P11           P21           P12           P22           P13
              ________      ________      ________      ________      ________
                    0             0             0             0             0


           NU
              P23           P14           P24           P15           P25
              ________      ________      ________      ________      ________
                    0             0             0             0             0


           NU
              P16           P26           P17           P27           P18
              ________      ________      ________      ________      ________
                    0             0             0             0             0


           NU
              P28           P19           P29           P110          P210
              ________      ________      ________      ________      ________
                    0             0             0             0             0


           LAMBDA
              T             S1            S2            S3            S4
              ________      ________      ________      ________      ________
 P11                0             0             0             0             0
 P21                0             0             0             0             0
 P12                0             0             0             0             0
 P22                0             0             0             0             0
 P13                0             0             0             0             0
 P23                0             0             0             0             0
 P14                0             0             0             0             0
 P24                0             0             0             0             0
 P15                0             0             0             0             0
 P25                0             0             0             0             0
 P16                0             0             0             0             0
 P26                0             0             0             0             0
 P17                0             0             0             0             0
 P27                0             0             0             0             0
 P18                0             0             0             0             0
 P28                0             0             0             0             0
 P19                0             0             0             0             0
 P29                0             0             0             0             0
 P110               0             0             0             0             0
 P210               0             0             0             0             0


           LAMBDA
              S5            S6            S7            S8            S9
              ________      ________      ________      ________      ________
 P11                0             0             0             0             0
 P21                0             0             0             0             0
 P12                0             0             0             0             0
 P22                0             0             0             0             0
 P13                0             0             0             0             0
 P23                0             0             0             0             0
 P14                0             0             0             0             0
 P24                0             0             0             0             0
 P15                0             0             0             0             0
 P25                0             0             0             0             0
 P16                0             0             0             0             0
 P26                0             0             0             0             0
 P17                0             0             0             0             0
 P27                0             0             0             0             0
 P18                0             0             0             0             0
 P28                0             0             0             0             0
 P19                0             0             0             0             0
 P29                0             0             0             0             0
 P110               0             0             0             0             0
 P210               0             0             0             0             0


           LAMBDA
              S10
              ________
 P11                0
 P21                0
 P12                0
 P22                0
 P13                0
 P23                0
 P14                0
 P24                0
 P15                0
 P25                0
 P16                0
 P26                0
 P17                0
 P27                0
 P18                0
 P28                0
 P19                0
 P29                0
 P110               0
 P210               0


           THETA
              P11           P21           P12           P22           P13
              ________      ________      ________      ________      ________
 P11                0
 P21                0             0
 P12                0             0             0
 P22                0             0             0             0
 P13                0             0             0             0             0
 P23                0             0             0             0             0
 P14                0             0             0             0             0
 P24                0             0             0             0             0
 P15                0             0             0             0             0
 P25                0             0             0             0             0
 P16                0             0             0             0             0
 P26                0             0             0             0             0
 P17                0             0             0             0             0
 P27                0             0             0             0             0
 P18                0             0             0             0             0
 P28                0             0             0             0             0
 P19                0             0             0             0             0
 P29                0             0             0             0             0
 P110               0             0             0             0             0
 P210               0             0             0             0             0


           THETA
              P23           P14           P24           P15           P25
              ________      ________      ________      ________      ________
 P23                0
 P14                0             0
 P24                0             0             0
 P15                0             0             0             0
 P25                0             0             0             0             0
 P16                0             0             0             0             0
 P26                0             0             0             0             0
 P17                0             0             0             0             0
 P27                0             0             0             0             0
 P18                0             0             0             0             0
 P28                0             0             0             0             0
 P19                0             0             0             0             0
 P29                0             0             0             0             0
 P110               0             0             0             0             0
 P210               0             0             0             0             0


           THETA
              P16           P26           P17           P27           P18
              ________      ________      ________      ________      ________
 P16                0
 P26                0             0
 P17                0             0             0
 P27                0             0             0             0
 P18                0             0             0             0             0
 P28                0             0             0             0             0
 P19                0             0             0             0             0
 P29                0             0             0             0             0
 P110               0             0             0             0             0
 P210               0             0             0             0             0


           THETA
              P28           P19           P29           P110          P210
              ________      ________      ________      ________      ________
 P28                0
 P19                0             0
 P29                0             0             0
 P110               0             0             0             0
 P210               0             0             0             0             0


           ALPHA
              T             S1            S2            S3            S4
              ________      ________      ________      ________      ________
                    0             0             0             0             0


           ALPHA
              S5            S6            S7            S8            S9
              ________      ________      ________      ________      ________
                    0             0             0             0             0


           ALPHA
              S10
              ________
                    0


           BETA
              T             S1            S2            S3            S4
              ________      ________      ________      ________      ________
 T                  0             0             0             0             0
 S1                 0             0             0             0             0
 S2                 0             0             0             0             0
 S3                 0             0             0             0             0
 S4                 0             0             0             0             0
 S5                 0             0             0             0             0
 S6                 0             0             0             0             0
 S7                 0             0             0             0             0
 S8                 0             0             0             0             0
 S9                 0             0             0             0             0
 S10                0             0             0             0             0


           BETA
              S5            S6            S7            S8            S9
              ________      ________      ________      ________      ________
 T                  0             0             0             0             0
 S1                 0             0             0             0             0
 S2                 0             0             0             0             0
 S3                 0             0             0             0             0
 S4                 0             0             0             0             0
 S5                 0             0             0             0             0
 S6                 0             0             0             0             0
 S7                 0             0             0             0             0
 S8                 0             0             0             0             0
 S9                 0             0             0             0             0
 S10                0             0             0             0             0


           BETA
              S10
              ________
 T                  0
 S1                 0
 S2                 0
 S3                 0
 S4                 0
 S5                 0
 S6                 0
 S7                 0
 S8                 0
 S9                 0
 S10                0


           PSI
              T             S1            S2            S3            S4
              ________      ________      ________      ________      ________
 T                  1
 S1                 0             2
 S2                 0             0             2
 S3                 0             0             0             2
 S4                 0             0             0             0             2
 S5                 0             0             0             0             0
 S6                 0             0             0             0             0
 S7                 0             0             0             0             0
 S8                 0             0             0             0             0
 S9                 0             0             0             0             0
 S10                0             0             0             0             0


           PSI
              S5            S6            S7            S8            S9
              ________      ________      ________      ________      ________
 S5                 2
 S6                 0             2
 S7                 0             0             2
 S8                 0             0             0             2
 S9                 0             0             0             0             2
 S10                0             0             0             0             0


           PSI
              S10
              ________
 S10                2


     PARAMETER SPECIFICATION FOR THE ADDITIONAL PARAMETERS


           NEW/ADDITIONAL PARAMETERS
              CON           OCC           REL
              ________      ________      ________
                    8             9            10


     STARTING VALUES


           TAU
              P11$1         P11$2         P11$3         P21$1         P21$2
              ________      ________      ________      ________      ________
               -1.000        -0.500         0.200         0.533         0.966


           TAU
              P21$3         P12$1         P12$2         P12$3         P22$1
              ________      ________      ________      ________      ________
                1.394         0.533         0.966         1.394         0.533


           TAU
              P22$2         P22$3         P13$1         P13$2         P13$3
              ________      ________      ________      ________      ________
                0.966         1.394         0.533         0.966         1.394


           TAU
              P23$1         P23$2         P23$3         P14$1         P14$2
              ________      ________      ________      ________      ________
                0.533         0.966         1.394         0.484         1.117


           TAU
              P24$1         P24$2         P15$1         P15$2         P15$3
              ________      ________      ________      ________      ________
                0.484         1.117         0.533         0.966         1.394


           TAU
              P25$1         P25$2         P16$1         P16$2         P16$3
              ________      ________      ________      ________      ________
                0.484         1.117         0.533         0.966         1.394


           TAU
              P26$1         P26$2         P26$3         P17$1         P17$2
              ________      ________      ________      ________      ________
                0.533         0.966         1.394         0.533         0.966


           TAU
              P17$3         P27$1         P27$2         P27$3         P18$1
              ________      ________      ________      ________      ________
                1.394         0.533         0.966         1.394         0.533


           TAU
              P18$2         P18$3         P28$1         P28$2         P28$3
              ________      ________      ________      ________      ________
                0.966         1.394         0.533         0.966         1.394


           TAU
              P19$1         P19$2         P19$3         P29$1         P29$2
              ________      ________      ________      ________      ________
                0.533         0.966         1.394         0.533         0.966


           TAU
              P29$3         P110$1        P110$2        P110$3        P210$1
              ________      ________      ________      ________      ________
                1.394         0.533         0.966         1.394         0.484


           TAU
              P210$2
              ________
                1.117


           NU
              P11           P21           P12           P22           P13
              ________      ________      ________      ________      ________
                0.000         0.000         0.000         0.000         0.000


           NU
              P23           P14           P24           P15           P25
              ________      ________      ________      ________      ________
                0.000         0.000         0.000         0.000         0.000


           NU
              P16           P26           P17           P27           P18
              ________      ________      ________      ________      ________
                0.000         0.000         0.000         0.000         0.000


           NU
              P28           P19           P29           P110          P210
              ________      ________      ________      ________      ________
                0.000         0.000         0.000         0.000         0.000


           LAMBDA
              T             S1            S2            S3            S4
              ________      ________      ________      ________      ________
 P11            1.000         1.000         0.000         0.000         0.000
 P21            1.000         1.000         0.000         0.000         0.000
 P12            1.000         0.000         1.000         0.000         0.000
 P22            1.000         0.000         1.000         0.000         0.000
 P13            1.000         0.000         0.000         1.000         0.000
 P23            1.000         0.000         0.000         1.000         0.000
 P14            1.000         0.000         0.000         0.000         1.000
 P24            1.000         0.000         0.000         0.000         1.000
 P15            1.000         0.000         0.000         0.000         0.000
 P25            1.000         0.000         0.000         0.000         0.000
 P16            1.000         0.000         0.000         0.000         0.000
 P26            1.000         0.000         0.000         0.000         0.000
 P17            1.000         0.000         0.000         0.000         0.000
 P27            1.000         0.000         0.000         0.000         0.000
 P18            1.000         0.000         0.000         0.000         0.000
 P28            1.000         0.000         0.000         0.000         0.000
 P19            1.000         0.000         0.000         0.000         0.000
 P29            1.000         0.000         0.000         0.000         0.000
 P110           1.000         0.000         0.000         0.000         0.000
 P210           1.000         0.000         0.000         0.000         0.000


           LAMBDA
              S5            S6            S7            S8            S9
              ________      ________      ________      ________      ________
 P11            0.000         0.000         0.000         0.000         0.000
 P21            0.000         0.000         0.000         0.000         0.000
 P12            0.000         0.000         0.000         0.000         0.000
 P22            0.000         0.000         0.000         0.000         0.000
 P13            0.000         0.000         0.000         0.000         0.000
 P23            0.000         0.000         0.000         0.000         0.000
 P14            0.000         0.000         0.000         0.000         0.000
 P24            0.000         0.000         0.000         0.000         0.000
 P15            1.000         0.000         0.000         0.000         0.000
 P25            1.000         0.000         0.000         0.000         0.000
 P16            0.000         1.000         0.000         0.000         0.000
 P26            0.000         1.000         0.000         0.000         0.000
 P17            0.000         0.000         1.000         0.000         0.000
 P27            0.000         0.000         1.000         0.000         0.000
 P18            0.000         0.000         0.000         1.000         0.000
 P28            0.000         0.000         0.000         1.000         0.000
 P19            0.000         0.000         0.000         0.000         1.000
 P29            0.000         0.000         0.000         0.000         1.000
 P110           0.000         0.000         0.000         0.000         0.000
 P210           0.000         0.000         0.000         0.000         0.000


           LAMBDA
              S10
              ________
 P11            0.000
 P21            0.000
 P12            0.000
 P22            0.000
 P13            0.000
 P23            0.000
 P14            0.000
 P24            0.000
 P15            0.000
 P25            0.000
 P16            0.000
 P26            0.000
 P17            0.000
 P27            0.000
 P18            0.000
 P28            0.000
 P19            0.000
 P29            0.000
 P110           1.000
 P210           1.000


           THETA
              P11           P21           P12           P22           P13
              ________      ________      ________      ________      ________
 P11            1.000
 P21            0.000         1.000
 P12            0.000         0.000         1.000
 P22            0.000         0.000         0.000         1.000
 P13            0.000         0.000         0.000         0.000         1.000
 P23            0.000         0.000         0.000         0.000         0.000
 P14            0.000         0.000         0.000         0.000         0.000
 P24            0.000         0.000         0.000         0.000         0.000
 P15            0.000         0.000         0.000         0.000         0.000
 P25            0.000         0.000         0.000         0.000         0.000
 P16            0.000         0.000         0.000         0.000         0.000
 P26            0.000         0.000         0.000         0.000         0.000
 P17            0.000         0.000         0.000         0.000         0.000
 P27            0.000         0.000         0.000         0.000         0.000
 P18            0.000         0.000         0.000         0.000         0.000
 P28            0.000         0.000         0.000         0.000         0.000
 P19            0.000         0.000         0.000         0.000         0.000
 P29            0.000         0.000         0.000         0.000         0.000
 P110           0.000         0.000         0.000         0.000         0.000
 P210           0.000         0.000         0.000         0.000         0.000


           THETA
              P23           P14           P24           P15           P25
              ________      ________      ________      ________      ________
 P23            1.000
 P14            0.000         1.000
 P24            0.000         0.000         1.000
 P15            0.000         0.000         0.000         1.000
 P25            0.000         0.000         0.000         0.000         1.000
 P16            0.000         0.000         0.000         0.000         0.000
 P26            0.000         0.000         0.000         0.000         0.000
 P17            0.000         0.000         0.000         0.000         0.000
 P27            0.000         0.000         0.000         0.000         0.000
 P18            0.000         0.000         0.000         0.000         0.000
 P28            0.000         0.000         0.000         0.000         0.000
 P19            0.000         0.000         0.000         0.000         0.000
 P29            0.000         0.000         0.000         0.000         0.000
 P110           0.000         0.000         0.000         0.000         0.000
 P210           0.000         0.000         0.000         0.000         0.000


           THETA
              P16           P26           P17           P27           P18
              ________      ________      ________      ________      ________
 P16            1.000
 P26            0.000         1.000
 P17            0.000         0.000         1.000
 P27            0.000         0.000         0.000         1.000
 P18            0.000         0.000         0.000         0.000         1.000
 P28            0.000         0.000         0.000         0.000         0.000
 P19            0.000         0.000         0.000         0.000         0.000
 P29            0.000         0.000         0.000         0.000         0.000
 P110           0.000         0.000         0.000         0.000         0.000
 P210           0.000         0.000         0.000         0.000         0.000


           THETA
              P28           P19           P29           P110          P210
              ________      ________      ________      ________      ________
 P28            1.000
 P19            0.000         1.000
 P29            0.000         0.000         1.000
 P110           0.000         0.000         0.000         1.000
 P210           0.000         0.000         0.000         0.000         1.000


           ALPHA
              T             S1            S2            S3            S4
              ________      ________      ________      ________      ________
                0.000         0.000         0.000         0.000         0.000


           ALPHA
              S5            S6            S7            S8            S9
              ________      ________      ________      ________      ________
                0.000         0.000         0.000         0.000         0.000


           ALPHA
              S10
              ________
                0.000


           BETA
              T             S1            S2            S3            S4
              ________      ________      ________      ________      ________
 T              0.000         0.000         0.000         0.000         0.000
 S1             0.000         0.000         0.000         0.000         0.000
 S2             0.000         0.000         0.000         0.000         0.000
 S3             0.000         0.000         0.000         0.000         0.000
 S4             0.000         0.000         0.000         0.000         0.000
 S5             0.000         0.000         0.000         0.000         0.000
 S6             0.000         0.000         0.000         0.000         0.000
 S7             0.000         0.000         0.000         0.000         0.000
 S8             0.000         0.000         0.000         0.000         0.000
 S9             0.000         0.000         0.000         0.000         0.000
 S10            0.000         0.000         0.000         0.000         0.000


           BETA
              S5            S6            S7            S8            S9
              ________      ________      ________      ________      ________
 T              0.000         0.000         0.000         0.000         0.000
 S1             0.000         0.000         0.000         0.000         0.000
 S2             0.000         0.000         0.000         0.000         0.000
 S3             0.000         0.000         0.000         0.000         0.000
 S4             0.000         0.000         0.000         0.000         0.000
 S5             0.000         0.000         0.000         0.000         0.000
 S6             0.000         0.000         0.000         0.000         0.000
 S7             0.000         0.000         0.000         0.000         0.000
 S8             0.000         0.000         0.000         0.000         0.000
 S9             0.000         0.000         0.000         0.000         0.000
 S10            0.000         0.000         0.000         0.000         0.000


           BETA
              S10
              ________
 T              0.000
 S1             0.000
 S2             0.000
 S3             0.000
 S4             0.000
 S5             0.000
 S6             0.000
 S7             0.000
 S8             0.000
 S9             0.000
 S10            0.000


           PSI
              T             S1            S2            S3            S4
              ________      ________      ________      ________      ________
 T              1.000
 S1             0.000         1.000
 S2             0.000         0.000         1.000
 S3             0.000         0.000         0.000         1.000
 S4             0.000         0.000         0.000         0.000         1.000
 S5             0.000         0.000         0.000         0.000         0.000
 S6             0.000         0.000         0.000         0.000         0.000
 S7             0.000         0.000         0.000         0.000         0.000
 S8             0.000         0.000         0.000         0.000         0.000
 S9             0.000         0.000         0.000         0.000         0.000
 S10            0.000         0.000         0.000         0.000         0.000


           PSI
              S5            S6            S7            S8            S9
              ________      ________      ________      ________      ________
 S5             1.000
 S6             0.000         1.000
 S7             0.000         0.000         1.000
 S8             0.000         0.000         0.000         1.000
 S9             0.000         0.000         0.000         0.000         1.000
 S10            0.000         0.000         0.000         0.000         0.000


           PSI
              S10
              ________
 S10            1.000


     STARTING VALUES FOR THE ADDITIONAL PARAMETERS


           NEW/ADDITIONAL PARAMETERS
              CON           OCC           REL
              ________      ________      ________
                0.500         0.500         0.500



     PRIORS FOR ALL PARAMETERS            PRIOR MEAN      PRIOR VARIANCE     PRIOR STD. DEV.

     Parameter 1~IG(-1.000,0.000)          infinity            infinity            infinity
     Parameter 2~IG(-1.000,0.000)          infinity            infinity            infinity
     Parameter 3~N(0.000,5.000)              0.0000              5.0000              2.2361
     Parameter 4~N(0.000,5.000)              0.0000              5.0000              2.2361
     Parameter 5~N(0.000,5.000)              0.0000              5.0000              2.2361
     Parameter 6~N(0.000,5.000)              0.0000              5.0000              2.2361
     Parameter 7~N(0.000,5.000)              0.0000              5.0000              2.2361


TECHNICAL 8 OUTPUT


   TECHNICAL 8 OUTPUT FOR BAYES ESTIMATION

     CHAIN    BSEED
     1        0
     2        285380

                     POTENTIAL       PARAMETER WITH
     ITERATION    SCALE REDUCTION      HIGHEST PSR
     100              1.389               2
     200              1.024               2
     300              1.013               2
     400              1.000               1
     500              1.071               2
     600              1.147               2
     700              1.101               2
     800              1.015               2
     900              1.010               2
     1000             1.015               2
     1100             1.014               2
     1200             1.033               2
     1300             1.025               2
     1400             1.022               2
     1500             1.016               2
     1600             1.025               2
     1700             1.018               2
     1800             1.010               2
     1900             1.007               2
     2000             1.001               2
     2100             1.004               2
     2200             1.003               2
     2300             1.001               7
     2400             1.003               7
     2500             1.005               2
     2600             1.009               2
     2700             1.003               7
     2800             1.002               7
     2900             1.001               7
     3000             1.001               7
     3100             1.001               2
     3200             1.002               2
     3300             1.000               1
     3400             1.000               1
     3500             1.001               1
     3600             1.000               1
     3700             1.000               1
     3800             1.000               1
     3900             1.000               6
     4000             1.000               6
     4100             1.000               2
     4200             1.000               1
     4300             1.002               2
     4400             1.001               2
     4500             1.001               2
     4600             1.003               2
     4700             1.004               2
     4800             1.008               2
     4900             1.007               2
     5000             1.007               2
     5100             1.008               2
     5200             1.008               2
     5300             1.008               2
     5400             1.004               2
     5500             1.003               2
     5600             1.004               2
     5700             1.004               2
     5800             1.005               2
     5900             1.003               2
     6000             1.003               2
     6100             1.003               2
     6200             1.003               2
     6300             1.002               2
     6400             1.002               2
     6500             1.002               2
     6600             1.003               2
     6700             1.002               2
     6800             1.001               2
     6900             1.001               2
     7000             1.001               2
     7100             1.001               2
     7200             1.002               2
     7300             1.001               2
     7400             1.002               2
     7500             1.002               2
     7600             1.001               2
     7700             1.001               2
     7800             1.000               7
     7900             1.000               1
     8000             1.000               1
     8100             1.000               1
     8200             1.000               1
     8300             1.000               1
     8400             1.000               1
     8500             1.000               1
     8600             1.000               2
     8700             1.000               2
     8800             1.000               2
     8900             1.000               2
     9000             1.000               6
     9100             1.000               6
     9200             1.000               2
     9300             1.001               2
     9400             1.001               2
     9500             1.001               2
     9600             1.002               2
     9700             1.001               2
     9800             1.002               2
     9900             1.001               2
     10000            1.002               2
     10100            1.001               2
     10200            1.001               2
     10300            1.001               2
     10400            1.001               2
     10500            1.001               2
     10600            1.001               2
     10700            1.000               2
     10800            1.000               2
     10900            1.001               2
     11000            1.000               2
     11100            1.000               7
     11200            1.000               7
     11300            1.000               7
     11400            1.001               2
     11500            1.001               2
     11600            1.001               2
     11700            1.001               2
     11800            1.001               7
     11900            1.000               7
     12000            1.000               7
     12100            1.000               7
     12200            1.000               7
     12300            1.000               7
     12400            1.001               7
     12500            1.000               7
     12600            1.001               7
     12700            1.001               7
     12800            1.001               7
     12900            1.001               7
     13000            1.000               7
     13100            1.000               7
     13200            1.001               2
     13300            1.000               7
     13400            1.000               7
     13500            1.000               7
     13600            1.000               7
     13700            1.000               7
     13800            1.000               7
     13900            1.000               7
     14000            1.000               7
     14100            1.000               7
     14200            1.000               7
     14300            1.000               7
     14400            1.000               7
     14500            1.000               1
     14600            1.000               1
     14700            1.000               1
     14800            1.000               1
     14900            1.000               1
     15000            1.000               1
     15100            1.000               1
     15200            1.000               1
     15300            1.000               1
     15400            1.000               1
     15500            1.000               7
     15600            1.000               7
     15700            1.000               2
     15800            1.000               2
     15900            1.000               2
     16000            1.000               2
     16100            1.000               1
     16200            1.000               1
     16300            1.000               1
     16400            1.000               1
     16500            1.000               1
     16600            1.000               7
     16700            1.000               7
     16800            1.000               1
     16900            1.000               1
     17000            1.000               1
     17100            1.000               2
     17200            1.000               2
     17300            1.000               2
     17400            1.000               2
     17500            1.000               2
     17600            1.000               1
     17700            1.000               2
     17800            1.000               2
     17900            1.000               2
     18000            1.000               2
     18100            1.000               2
     18200            1.000               2
     18300            1.000               2
     18400            1.000               2
     18500            1.000               2
     18600            1.001               2
     18700            1.000               2
     18800            1.001               2
     18900            1.001               2
     19000            1.001               2
     19100            1.001               2
     19200            1.000               2
     19300            1.000               2
     19400            1.000               2
     19500            1.000               2
     19600            1.000               2
     19700            1.000               2
     19800            1.000               2
     19900            1.001               2
     20000            1.000               2


PLOT INFORMATION

The following plots are available:

  Sample proportions and estimated probabilities
  Bayesian posterior parameter distributions
  Bayesian posterior parameter trace plots
  Bayesian autocorrelation plots
  Bayesian prior parameter distributions
  Bayesian posterior predictive checking scatterplots
  Bayesian posterior predictive checking distribution plots

     Beginning Time:  15:30:39
        Ending Time:  15:32:31
       Elapsed Time:  00:01:52



MUTHEN & MUTHEN
3463 Stoner Ave.
Los Angeles, CA  90066

Tel: (310) 391-9971
Fax: (310) 391-8971
Web: www.StatModel.com
Support: Support@StatModel.com

Copyright (c) 1998-2024 Muthen & Muthen
