Mplus VERSION 8.11 (Mac)
MUTHEN & MUTHEN
05/05/2025   2:31 PM

INPUT INSTRUCTIONS

  DATA:

  File is laac2_wide.dat;

  VARIABLE:

  NAMES =   subject task
  Y1_1    Y1_10   Y1_2    Y1_3    Y1_4    Y1_5    Y1_6
  Y1_7    Y1_8    Y1_9    Y10_1   Y10_10  Y10_2   Y10_3   Y10_4   Y10_5
  Y10_6   Y10_7   Y10_8   Y10_9   Y11_1   Y11_10  Y11_2   Y11_3   Y11_4
  Y11_5   Y11_6   Y11_7   Y11_8   Y11_9   Y12_1   Y12_10  Y12_2   Y12_3
  Y12_4   Y12_5   Y12_6   Y12_7   Y12_8   Y12_9   Y2_1    Y2_10   Y2_2
  Y2_3    Y2_4    Y2_5    Y2_6    Y2_7    Y2_8    Y2_9    Y3_1    Y3_10
  Y3_2    Y3_3    Y3_4    Y3_5    Y3_6    Y3_7    Y3_8    Y3_9    Y4_1
  Y4_10   Y4_2    Y4_3    Y4_4    Y4_5    Y4_6    Y4_7    Y4_8    Y4_9
  Y5_1    Y5_10   Y5_2    Y5_3    Y5_4    Y5_5    Y5_6    Y5_7    Y5_8
  Y5_9    Y6_1    Y6_10   Y6_2    Y6_3    Y6_4    Y6_5    Y6_6    Y6_7
  Y6_8    Y6_9    Y7_1    Y7_10   Y7_2    Y7_3    Y7_4    Y7_5    Y7_6
  Y7_7    Y7_8    Y7_9    Y8_1    Y8_10   Y8_2    Y8_3    Y8_4    Y8_5
  Y8_6    Y8_7    Y8_8    Y8_9    Y9_1    Y9_10   Y9_2    Y9_3    Y9_4
  Y9_5    Y9_6    Y9_7    Y9_8    Y9_9;


  USEVARIABLES =  P11 P21 P12 P22 P13 P23 P14 P24
  	       P15 P25 P16 P26 P17 P27 P18 P28 P19 P29
  	       P110 P210 ;
  	
  Categ =   P11 P21 P12 P22 P13 P23 P14 P24
  	       P15 P25 P16 P26 P17 P27 P18 P28 P19 P29
  	       P110 P210 ;
  	

  Missing = All(-99);	

  useobservations are (task EQ 2);

  ! "'attention'=1;'communication'=2;'reasoning'=3;'visible_food'=4;
  !'population'=5;'inhibit_searched'=6"

  DEFINE:
  P11 = Y1_1 + Y3_1 + Y5_1 + Y7_1 + Y9_1 + Y11_1;
  P21 =  Y2_1 + Y4_1 + Y6_1 + Y8_1 + Y10_1 + Y12_1;

  P12 =  Y1_2 + Y3_2 + Y5_2 + Y7_2 + Y9_2 + Y11_2;
  P22 =  Y2_2 + Y4_2 + Y6_2 + Y8_2 + Y10_2 + Y12_2;

  P13 =  Y1_3 + Y3_3 + Y5_3 + Y7_3 + Y9_3 + Y11_3;
  P23 =  Y2_3 + Y4_3 + Y6_3 + Y8_3 + Y10_3 + Y12_3;

  P14 =  Y1_4 + Y3_4 + Y5_4 + Y7_4 + Y9_4 + Y11_4;
  P24 =  Y2_4 + Y4_4 + Y6_4 + Y8_4 + Y10_4 + Y12_4;

  P15 =  Y1_5 + Y3_5 + Y5_5 + Y7_5 + Y9_5 + Y11_5;
  P25 =  Y2_5 + Y4_5 + Y6_5 + Y8_5 + Y10_5 + Y12_5;

  P16 =  Y1_6 + Y3_6 + Y5_6 + Y7_6 + Y9_6 + Y11_6;
  P26 =  Y2_6 + Y4_6 + Y6_6 + Y8_6 + Y10_6 + Y12_6;

  P17 =  Y1_7 + Y3_7 + Y5_7 + Y7_7 + Y9_7 + Y11_7;
  P27 =  Y2_7 + Y4_7 + Y6_7 + Y8_7 + Y10_7 + Y12_7;

  P18 =  Y1_8 + Y3_8 + Y5_8 + Y7_8 + Y9_8 + Y11_8;
  P28 =  Y2_8 + Y4_8 + Y6_8 + Y8_8 + Y10_8 + Y12_8;

  P19 =  Y1_9 + Y3_9 + Y5_9 + Y7_9 + Y9_9 + Y11_9;
  P29 =  Y2_9 + Y4_9 + Y6_9 + Y8_9 + Y10_9 + Y12_9;

  P110 =  Y1_10 + Y3_10 + Y5_10 + Y7_10 + Y9_10 + Y11_10;
  P210 =  Y2_10 + Y4_10 + Y6_10 + Y8_10 + Y10_10 + Y12_10;





  IF (P11==0) THEN P11=2;
  IF (P21==0) THEN P21=2;
  IF (P12==0) THEN P12=2;
  IF (P22==0) THEN P22=2;
  IF (P13==0) THEN P13=2;
  IF (P23==0) THEN P23=2;
  IF (P14==0) THEN P14=2;
  IF (P24==0) THEN P24=2;
  IF (P15==0) THEN P15=2;
  IF (P25==0) THEN P25=2;
  IF (P16==0) THEN P16=2;
  IF (P26==0) THEN P26=2;
  IF (P17==0) THEN P17=2;
  IF (P27==0) THEN P27=2;
  IF (P18==0) THEN P18=2;
  IF (P28==0) THEN P28=2;
  IF (P19==0) THEN P19=2;
  IF (P29==0) THEN P29=2;
  IF (P110==0) THEN P110=2;
  IF (P210==0) THEN P210=2;

  IF (P11==1) THEN P11=2;
  IF (P21==1) THEN P21=2;
  IF (P12==1) THEN P12=2;
  IF (P22==1) THEN P22=2;
  IF (P13==1) THEN P13=2;
  IF (P23==1) THEN P23=2;
  IF (P14==1) THEN P14=2;
  IF (P24==1) THEN P24=2;
  IF (P15==1) THEN P15=2;
  IF (P25==1) THEN P25=2;
  IF (P16==1) THEN P16=2;
  IF (P26==1) THEN P26=2;
  IF (P17==1) THEN P17=2;
  IF (P27==1) THEN P27=2;
  IF (P18==1) THEN P18=2;
  IF (P28==1) THEN P28=2;
  IF (P19==1) THEN P19=2;
  IF (P29==1) THEN P29=2;
  IF (P110==1) THEN P110=2;
  IF (P210==1) THEN P210=2;



  ANALYSIS:

  	ESTIMATOR = Bayes;
  	Biter=(20000);
  	Thin=10;
  	Bconvergence = .005;	


  MODEL:

  T by P11@1 P21@1
  	P12@1 P22@1
  	P13@1 P23@1
  	P14@1 P24@1
  	P15@1 P25@1
  	P16@1 P26@1
  	P17@1 P27@1
  	P18@1 P28@1
  	P19@1 P29@1
  	P110@1 P210@1;


  S1 by P11@1 P21@1;
  S2 by P12@1 P22@1;
  S3 by P13@1 P23@1;
  S4 by P14@1 P24@1;
  S5 by P15@1 P25@1;
  S6 by P16@1 P26@1;
  S7 by P17@1 P27@1;
  S8 by P18@1 P28@1;
  S9 by P19@1 P29@1;
  S10 by P110@1 P210@1;

  	
  [S1@0];
  [S2-S10];
  [T@0];

  S1 - S10 (varS);
  T (varT);

  S1-S10 with S1-S10@0;
  T with S1-S10@0;


  [P11$1*-1] (tau1);
  [P11$2*-0.5] (tau2);
  [P11$3*0.2] (tau3);
  [P11$4*1.5] (tau4);
  ![P11$5] (tau5);


  [P21$1] (tau1);
  [P21$2] (tau2);
  [P21$3] (tau3);
  [P21$4] (tau4);
  ![P21$5] (tau5);

  [P12$1] (tau1);
  [P12$2] (tau2);
  [P12$3] (tau3);
  [P12$4] (tau4);
  ![P12$5] (tau5);

  ![P22$1] (tau1);
  ![P22$2] (tau2);
  ![P22$3] (tau3);
  ![P22$4] (tau4);
  ![P22$5] (tau5);

  [P13$1] (tau1);
  [P13$2] (tau2);
  [P13$3] (tau3);
  [P13$4] (tau4);
  ![P13$5] (tau5);


  [P23$1] (tau1);
  [P23$2] (tau2);
  [P23$3] (tau3);
  [P23$4] (tau4);
  ![P23$5] (tau5);

  [P14$1] (tau1);
  [P14$2] (tau2);
  [P14$3] (tau3);
  [P14$4] (tau4);
  ![P14$5] (tau5);

  [P24$1] (tau1);
  [P24$2] (tau2);
  [P24$3] (tau3);
  [P24$4] (tau4);
  ![P24$5] (tau5);


  [P15$1] (tau1);
  [P15$2] (tau2);
  [P15$3] (tau3);
  [P15$4] (tau4);
  ![P15$5] (tau5);

  [P25$1] (tau1);
  [P25$2] (tau2);
  [P25$3] (tau3);
  [P25$4] (tau4);
  ![P25$5] (tau5);

  [P16$1] (tau1);
  [P16$2] (tau2);
  [P16$3] (tau3);
  [P16$4] (tau4);
  ![P16$5] (tau5);

  [P26$1] (tau1);
  [P26$2] (tau2);
  [P26$3] (tau3);
  [P26$4] (tau4);
  ![P26$5] (tau5);

  [P17$1] (tau1);
  [P17$2] (tau2);
  [P17$3] (tau3);
  [P17$4] (tau4);
  ![P17$5] (tau5);

  [P27$1] (tau1);
  [P27$2] (tau2);
  [P27$3] (tau3);
  [P27$4] (tau4);
  ![P27$5] (tau5);

  [P18$1] (tau1);
  [P18$2] (tau2);
  [P18$3] (tau3);
  [P18$4] (tau4);
  ![P18$5] (tau5);


  [P28$1] (tau1);
  [P28$2] (tau2);
  [P28$3] (tau3);
  [P28$4] (tau4);
  ![P28$5] (tau5);

  [P19$1] (tau1);
  [P19$2] (tau2);
  [P19$3] (tau3);
  [P19$4] (tau4);
  ![P19$5] (tau5);

  [P29$1] (tau1);
  [P29$2] (tau2);
  [P29$3] (tau3);
  [P29$4] (tau4);
  ![P29$5] (tau5);

  [P110$1] (tau1);
  [P110$2] (tau2);
  [P110$3] (tau3);
  [P110$4] (tau4);
  ![P110$5] (tau5);

  [P210$1] (tau1);
  [P210$2] (tau2);
  [P210$3] (tau3);
  [P210$4] (tau4);
  ![P210$5] (tau5);


  Model constraint:

  NEW(con occ rel);
  con = varT / (varT + varS);
  occ = varS /(varT + varS);
  rel = (varS + varT ) / (varS + varT + 1);


  Output: stdyx tech8;
  PLOT:   TYPE = PLOT2;
  	



INPUT READING TERMINATED NORMALLY




SUMMARY OF ANALYSIS

Number of groups                                                 1
Number of observations                                          46

Number of dependent variables                                   20
Number of independent variables                                  0
Number of continuous latent variables                           11

Observed dependent variables

  Binary and ordered categorical (ordinal)
   P11         P21         P12         P22         P13         P23
   P14         P24         P15         P25         P16         P26
   P17         P27         P18         P28         P19         P29
   P110        P210

Continuous latent variables
   T           S1          S2          S3          S4          S5
   S6          S7          S8          S9          S10


Estimator                                                    BAYES
Specifications for Bayesian Estimation
  Point estimate                                            MEDIAN
  Number of Markov chain Monte Carlo (MCMC) chains               2
  Random seed for the first chain                                0
  Starting value information                           UNPERTURBED
  Algorithm used for Markov chain Monte Carlo           GIBBS(PX1)
  Convergence criterion                                  0.500D-02
  Maximum number of iterations                               50000
  K-th iteration used for thinning                              10
Link                                                        PROBIT

Input data file(s)
  laac2_wide.dat
Input data format  FREE


SUMMARY OF DATA



COVARIANCE COVERAGE OF DATA

Minimum covariance coverage value   0.100

     Number of missing data patterns            36


     PROPORTION OF DATA PRESENT


           Covariance Coverage
              P11           P21           P12           P22           P13
              ________      ________      ________      ________      ________
 P11            0.696
 P21            0.674         0.674
 P12            0.543         0.543         0.587
 P22            0.522         0.522         0.565         0.565
 P13            0.543         0.543         0.500         0.500         0.696
 P23            0.543         0.543         0.500         0.500         0.696
 P14            0.283         0.283         0.283         0.283         0.370
 P24            0.283         0.283         0.283         0.283         0.370
 P15            0.500         0.478         0.413         0.413         0.478
 P25            0.500         0.478         0.413         0.413         0.478
 P16            0.630         0.609         0.522         0.500         0.565
 P26            0.609         0.587         0.500         0.478         0.543
 P17            0.609         0.587         0.478         0.457         0.543
 P27            0.609         0.587         0.478         0.457         0.543
 P18            0.587         0.565         0.522         0.500         0.543
 P28            0.587         0.565         0.522         0.500         0.543
 P19            0.543         0.543         0.457         0.435         0.543
 P29            0.543         0.543         0.457         0.435         0.543
 P110           0.522         0.500         0.413         0.391         0.478
 P210           0.522         0.500         0.413         0.391         0.478


           Covariance Coverage
              P23           P14           P24           P15           P25
              ________      ________      ________      ________      ________
 P23            0.696
 P14            0.370         0.457
 P24            0.370         0.457         0.457
 P15            0.478         0.370         0.370         0.630
 P25            0.478         0.348         0.348         0.609         0.609
 P16            0.565         0.370         0.370         0.609         0.587
 P26            0.543         0.348         0.348         0.587         0.565
 P17            0.543         0.326         0.326         0.543         0.543
 P27            0.543         0.326         0.326         0.543         0.543
 P18            0.543         0.391         0.391         0.543         0.522
 P28            0.543         0.391         0.391         0.543         0.522
 P19            0.543         0.304         0.304         0.500         0.500
 P29            0.543         0.304         0.304         0.500         0.500
 P110           0.478         0.348         0.348         0.500         0.500
 P210           0.478         0.348         0.348         0.500         0.500


           Covariance Coverage
              P16           P26           P17           P27           P18
              ________      ________      ________      ________      ________
 P16            0.783
 P26            0.761         0.761
 P17            0.652         0.630         0.717
 P27            0.652         0.630         0.717         0.717
 P18            0.674         0.652         0.609         0.609         0.783
 P28            0.674         0.652         0.609         0.609         0.761
 P19            0.609         0.587         0.609         0.609         0.543
 P29            0.609         0.587         0.609         0.609         0.543
 P110           0.609         0.587         0.587         0.587         0.587
 P210           0.609         0.587         0.587         0.587         0.587


           Covariance Coverage
              P28           P19           P29           P110          P210
              ________      ________      ________      ________      ________
 P28            0.761
 P19            0.543         0.696
 P29            0.543         0.696         0.696
 P110           0.587         0.543         0.543         0.674
 P210           0.587         0.543         0.543         0.674         0.674


UNIVARIATE PROPORTIONS AND COUNTS FOR CATEGORICAL VARIABLES

    P11
      Category 1    0.312           10.000
      Category 2    0.094            3.000
      Category 3    0.312           10.000
      Category 4    0.188            6.000
      Category 5    0.094            3.000
    P21
      Category 1    0.226            7.000
      Category 2    0.226            7.000
      Category 3    0.290            9.000
      Category 4    0.194            6.000
      Category 5    0.065            2.000
    P12
      Category 1    0.148            4.000
      Category 2    0.185            5.000
      Category 3    0.296            8.000
      Category 4    0.185            5.000
      Category 5    0.185            5.000
    P22
      Category 1    0.308            8.000
      Category 2    0.231            6.000
      Category 3    0.192            5.000
      Category 4    0.269            7.000
    P13
      Category 1    0.156            5.000
      Category 2    0.125            4.000
      Category 3    0.250            8.000
      Category 4    0.312           10.000
      Category 5    0.156            5.000
    P23
      Category 1    0.125            4.000
      Category 2    0.250            8.000
      Category 3    0.250            8.000
      Category 4    0.281            9.000
      Category 5    0.094            3.000
    P14
      Category 1    0.190            4.000
      Category 2    0.095            2.000
      Category 3    0.095            2.000
      Category 4    0.190            4.000
      Category 5    0.429            9.000
    P24
      Category 1    0.095            2.000
      Category 2    0.095            2.000
      Category 3    0.429            9.000
      Category 4    0.095            2.000
      Category 5    0.286            6.000
    P15
      Category 1    0.172            5.000
      Category 2    0.241            7.000
      Category 3    0.207            6.000
      Category 4    0.172            5.000
      Category 5    0.207            6.000
    P25
      Category 1    0.214            6.000
      Category 2    0.179            5.000
      Category 3    0.214            6.000
      Category 4    0.143            4.000
      Category 5    0.250            7.000
    P16
      Category 1    0.083            3.000
      Category 2    0.111            4.000
      Category 3    0.194            7.000
      Category 4    0.333           12.000
      Category 5    0.278           10.000
    P26
      Category 1    0.143            5.000
      Category 2    0.086            3.000
      Category 3    0.286           10.000
      Category 4    0.257            9.000
      Category 5    0.229            8.000
    P17
      Category 1    0.091            3.000
      Category 2    0.030            1.000
      Category 3    0.303           10.000
      Category 4    0.212            7.000
      Category 5    0.364           12.000
    P27
      Category 1    0.030            1.000
      Category 2    0.212            7.000
      Category 3    0.212            7.000
      Category 4    0.333           11.000
      Category 5    0.212            7.000
    P18
      Category 1    0.056            2.000
      Category 2    0.028            1.000
      Category 3    0.111            4.000
      Category 4    0.389           14.000
      Category 5    0.417           15.000
    P28
      Category 1    0.114            4.000
      Category 2    0.086            3.000
      Category 3    0.200            7.000
      Category 4    0.286           10.000
      Category 5    0.314           11.000
    P19
      Category 1    0.094            3.000
      Category 2    0.062            2.000
      Category 3    0.156            5.000
      Category 4    0.281            9.000
      Category 5    0.406           13.000
    P29
      Category 1    0.094            3.000
      Category 2    0.188            6.000
      Category 3    0.156            5.000
      Category 4    0.219            7.000
      Category 5    0.344           11.000
    P110
      Category 1    0.097            3.000
      Category 2    0.032            1.000
      Category 3    0.129            4.000
      Category 4    0.258            8.000
      Category 5    0.484           15.000
    P210
      Category 1    0.032            1.000
      Category 2    0.065            2.000
      Category 3    0.194            6.000
      Category 4    0.355           11.000
      Category 5    0.355           11.000



THE MODEL ESTIMATION TERMINATED NORMALLY

     USE THE FBITERATIONS OPTION TO INCREASE THE NUMBER OF ITERATIONS BY A FACTOR
     OF AT LEAST TWO TO CHECK CONVERGENCE AND THAT THE PSR VALUE DOES NOT INCREASE.



MODEL FIT INFORMATION

Number of Free Parameters                              18

Bayesian Posterior Predictive Checking using Chi-Square

          95% Confidence Interval for the Difference Between
          the Observed and the Replicated Chi-Square Values

                                -73.836            64.227

          Posterior Predictive P-Value              0.559



MODEL RESULTS

                                Posterior  One-Tailed         95% C.I.
                    Estimate       S.D.      P-Value   Lower 2.5%  Upper 2.5%  Significance

 T        BY
    P11                1.000       0.000      0.000       1.000       1.000
    P21                1.000       0.000      0.000       1.000       1.000
    P12                1.000       0.000      0.000       1.000       1.000
    P22                1.000       0.000      0.000       1.000       1.000
    P13                1.000       0.000      0.000       1.000       1.000
    P23                1.000       0.000      0.000       1.000       1.000
    P14                1.000       0.000      0.000       1.000       1.000
    P24                1.000       0.000      0.000       1.000       1.000
    P15                1.000       0.000      0.000       1.000       1.000
    P25                1.000       0.000      0.000       1.000       1.000
    P16                1.000       0.000      0.000       1.000       1.000
    P26                1.000       0.000      0.000       1.000       1.000
    P17                1.000       0.000      0.000       1.000       1.000
    P27                1.000       0.000      0.000       1.000       1.000
    P18                1.000       0.000      0.000       1.000       1.000
    P28                1.000       0.000      0.000       1.000       1.000
    P19                1.000       0.000      0.000       1.000       1.000
    P29                1.000       0.000      0.000       1.000       1.000
    P110               1.000       0.000      0.000       1.000       1.000
    P210               1.000       0.000      0.000       1.000       1.000

 S1       BY
    P11                1.000       0.000      0.000       1.000       1.000
    P21                1.000       0.000      0.000       1.000       1.000

 S2       BY
    P12                1.000       0.000      0.000       1.000       1.000
    P22                1.000       0.000      0.000       1.000       1.000

 S3       BY
    P13                1.000       0.000      0.000       1.000       1.000
    P23                1.000       0.000      0.000       1.000       1.000

 S4       BY
    P14                1.000       0.000      0.000       1.000       1.000
    P24                1.000       0.000      0.000       1.000       1.000

 S5       BY
    P15                1.000       0.000      0.000       1.000       1.000
    P25                1.000       0.000      0.000       1.000       1.000

 S6       BY
    P16                1.000       0.000      0.000       1.000       1.000
    P26                1.000       0.000      0.000       1.000       1.000

 S7       BY
    P17                1.000       0.000      0.000       1.000       1.000
    P27                1.000       0.000      0.000       1.000       1.000

 S8       BY
    P18                1.000       0.000      0.000       1.000       1.000
    P28                1.000       0.000      0.000       1.000       1.000

 S9       BY
    P19                1.000       0.000      0.000       1.000       1.000
    P29                1.000       0.000      0.000       1.000       1.000

 S10      BY
    P110               1.000       0.000      0.000       1.000       1.000
    P210               1.000       0.000      0.000       1.000       1.000

 S1       WITH
    S2                 0.000       0.000      1.000       0.000       0.000
    S3                 0.000       0.000      1.000       0.000       0.000
    S4                 0.000       0.000      1.000       0.000       0.000
    S5                 0.000       0.000      1.000       0.000       0.000
    S6                 0.000       0.000      1.000       0.000       0.000
    S7                 0.000       0.000      1.000       0.000       0.000
    S8                 0.000       0.000      1.000       0.000       0.000
    S9                 0.000       0.000      1.000       0.000       0.000
    S10                0.000       0.000      1.000       0.000       0.000
    T                  0.000       0.000      1.000       0.000       0.000

 S2       WITH
    S3                 0.000       0.000      1.000       0.000       0.000
    S4                 0.000       0.000      1.000       0.000       0.000
    S5                 0.000       0.000      1.000       0.000       0.000
    S6                 0.000       0.000      1.000       0.000       0.000
    S7                 0.000       0.000      1.000       0.000       0.000
    S8                 0.000       0.000      1.000       0.000       0.000
    S9                 0.000       0.000      1.000       0.000       0.000
    S10                0.000       0.000      1.000       0.000       0.000
    T                  0.000       0.000      1.000       0.000       0.000

 S3       WITH
    S4                 0.000       0.000      1.000       0.000       0.000
    S5                 0.000       0.000      1.000       0.000       0.000
    S6                 0.000       0.000      1.000       0.000       0.000
    S7                 0.000       0.000      1.000       0.000       0.000
    S8                 0.000       0.000      1.000       0.000       0.000
    S9                 0.000       0.000      1.000       0.000       0.000
    S10                0.000       0.000      1.000       0.000       0.000
    T                  0.000       0.000      1.000       0.000       0.000

 S4       WITH
    S5                 0.000       0.000      1.000       0.000       0.000
    S6                 0.000       0.000      1.000       0.000       0.000
    S7                 0.000       0.000      1.000       0.000       0.000
    S8                 0.000       0.000      1.000       0.000       0.000
    S9                 0.000       0.000      1.000       0.000       0.000
    S10                0.000       0.000      1.000       0.000       0.000
    T                  0.000       0.000      1.000       0.000       0.000

 S5       WITH
    S6                 0.000       0.000      1.000       0.000       0.000
    S7                 0.000       0.000      1.000       0.000       0.000
    S8                 0.000       0.000      1.000       0.000       0.000
    S9                 0.000       0.000      1.000       0.000       0.000
    S10                0.000       0.000      1.000       0.000       0.000
    T                  0.000       0.000      1.000       0.000       0.000

 S6       WITH
    S7                 0.000       0.000      1.000       0.000       0.000
    S8                 0.000       0.000      1.000       0.000       0.000
    S9                 0.000       0.000      1.000       0.000       0.000
    S10                0.000       0.000      1.000       0.000       0.000
    T                  0.000       0.000      1.000       0.000       0.000

 S7       WITH
    S8                 0.000       0.000      1.000       0.000       0.000
    S9                 0.000       0.000      1.000       0.000       0.000
    S10                0.000       0.000      1.000       0.000       0.000
    T                  0.000       0.000      1.000       0.000       0.000

 S8       WITH
    S9                 0.000       0.000      1.000       0.000       0.000
    S10                0.000       0.000      1.000       0.000       0.000
    T                  0.000       0.000      1.000       0.000       0.000

 S9       WITH
    S10                0.000       0.000      1.000       0.000       0.000
    T                  0.000       0.000      1.000       0.000       0.000

 S10      WITH
    T                  0.000       0.000      1.000       0.000       0.000

 Means
    T                  0.000       0.000      1.000       0.000       0.000
    S1                 0.000       0.000      1.000       0.000       0.000
    S2                 0.334       0.306      0.139      -0.273       0.925
    S3                 0.509       0.257      0.023       0.010       1.014      *
    S4                 0.923       0.303      0.001       0.348       1.537      *
    S5                 0.565       0.269      0.019       0.032       1.090      *
    S6                 1.003       0.253      0.000       0.508       1.506      *
    S7                 1.189       0.257      0.000       0.691       1.706      *
    S8                 1.438       0.258      0.000       0.944       1.953      *
    S9                 1.511       0.269      0.000       0.989       2.044      *
    S10                1.763       0.273      0.000       1.233       2.312      *

 Thresholds
    P11$1             -0.986       0.261      0.000      -1.523      -0.508      *
    P11$2             -0.152       0.251      0.270      -0.669       0.312
    P11$3              0.906       0.253      0.000       0.397       1.381      *
    P11$4              2.032       0.267      0.000       1.509       2.554      *
    P21$1             -0.986       0.261      0.000      -1.523      -0.508      *
    P21$2             -0.152       0.251      0.270      -0.669       0.312
    P21$3              0.906       0.253      0.000       0.397       1.381      *
    P21$4              2.032       0.267      0.000       1.509       2.554      *
    P12$1             -0.986       0.261      0.000      -1.523      -0.508      *
    P12$2             -0.152       0.251      0.270      -0.669       0.312
    P12$3              0.906       0.253      0.000       0.397       1.381      *
    P12$4              2.032       0.267      0.000       1.509       2.554      *
    P22$1             -0.361       0.463      0.215      -1.279       0.524
    P22$2              0.733       0.435      0.048      -0.130       1.580
    P22$3              1.641       0.460      0.000       0.746       2.544      *
    P13$1             -0.986       0.261      0.000      -1.523      -0.508      *
    P13$2             -0.152       0.251      0.270      -0.669       0.312
    P13$3              0.906       0.253      0.000       0.397       1.381      *
    P13$4              2.032       0.267      0.000       1.509       2.554      *
    P23$1             -0.986       0.261      0.000      -1.523      -0.508      *
    P23$2             -0.152       0.251      0.270      -0.669       0.312
    P23$3              0.906       0.253      0.000       0.397       1.381      *
    P23$4              2.032       0.267      0.000       1.509       2.554      *
    P14$1             -0.986       0.261      0.000      -1.523      -0.508      *
    P14$2             -0.152       0.251      0.270      -0.669       0.312
    P14$3              0.906       0.253      0.000       0.397       1.381      *
    P14$4              2.032       0.267      0.000       1.509       2.554      *
    P24$1             -0.986       0.261      0.000      -1.523      -0.508      *
    P24$2             -0.152       0.251      0.270      -0.669       0.312
    P24$3              0.906       0.253      0.000       0.397       1.381      *
    P24$4              2.032       0.267      0.000       1.509       2.554      *
    P15$1             -0.986       0.261      0.000      -1.523      -0.508      *
    P15$2             -0.152       0.251      0.270      -0.669       0.312
    P15$3              0.906       0.253      0.000       0.397       1.381      *
    P15$4              2.032       0.267      0.000       1.509       2.554      *
    P25$1             -0.986       0.261      0.000      -1.523      -0.508      *
    P25$2             -0.152       0.251      0.270      -0.669       0.312
    P25$3              0.906       0.253      0.000       0.397       1.381      *
    P25$4              2.032       0.267      0.000       1.509       2.554      *
    P16$1             -0.986       0.261      0.000      -1.523      -0.508      *
    P16$2             -0.152       0.251      0.270      -0.669       0.312
    P16$3              0.906       0.253      0.000       0.397       1.381      *
    P16$4              2.032       0.267      0.000       1.509       2.554      *
    P26$1             -0.986       0.261      0.000      -1.523      -0.508      *
    P26$2             -0.152       0.251      0.270      -0.669       0.312
    P26$3              0.906       0.253      0.000       0.397       1.381      *
    P26$4              2.032       0.267      0.000       1.509       2.554      *
    P17$1             -0.986       0.261      0.000      -1.523      -0.508      *
    P17$2             -0.152       0.251      0.270      -0.669       0.312
    P17$3              0.906       0.253      0.000       0.397       1.381      *
    P17$4              2.032       0.267      0.000       1.509       2.554      *
    P27$1             -0.986       0.261      0.000      -1.523      -0.508      *
    P27$2             -0.152       0.251      0.270      -0.669       0.312
    P27$3              0.906       0.253      0.000       0.397       1.381      *
    P27$4              2.032       0.267      0.000       1.509       2.554      *
    P18$1             -0.986       0.261      0.000      -1.523      -0.508      *
    P18$2             -0.152       0.251      0.270      -0.669       0.312
    P18$3              0.906       0.253      0.000       0.397       1.381      *
    P18$4              2.032       0.267      0.000       1.509       2.554      *
    P28$1             -0.986       0.261      0.000      -1.523      -0.508      *
    P28$2             -0.152       0.251      0.270      -0.669       0.312
    P28$3              0.906       0.253      0.000       0.397       1.381      *
    P28$4              2.032       0.267      0.000       1.509       2.554      *
    P19$1             -0.986       0.261      0.000      -1.523      -0.508      *
    P19$2             -0.152       0.251      0.270      -0.669       0.312
    P19$3              0.906       0.253      0.000       0.397       1.381      *
    P19$4              2.032       0.267      0.000       1.509       2.554      *
    P29$1             -0.986       0.261      0.000      -1.523      -0.508      *
    P29$2             -0.152       0.251      0.270      -0.669       0.312
    P29$3              0.906       0.253      0.000       0.397       1.381      *
    P29$4              2.032       0.267      0.000       1.509       2.554      *
    P110$1            -0.986       0.261      0.000      -1.523      -0.508      *
    P110$2            -0.152       0.251      0.270      -0.669       0.312
    P110$3             0.906       0.253      0.000       0.397       1.381      *
    P110$4             2.032       0.267      0.000       1.509       2.554      *
    P210$1            -0.986       0.261      0.000      -1.523      -0.508      *
    P210$2            -0.152       0.251      0.270      -0.669       0.312
    P210$3             0.906       0.253      0.000       0.397       1.381      *
    P210$4             2.032       0.267      0.000       1.509       2.554      *

 Variances
    T                  1.276       0.378      0.000       0.759       2.229      *
    S1                 0.398       0.135      0.000       0.168       0.697      *
    S2                 0.398       0.135      0.000       0.168       0.697      *
    S3                 0.398       0.135      0.000       0.168       0.697      *
    S4                 0.398       0.135      0.000       0.168       0.697      *
    S5                 0.398       0.135      0.000       0.168       0.697      *
    S6                 0.398       0.135      0.000       0.168       0.697      *
    S7                 0.398       0.135      0.000       0.168       0.697      *
    S8                 0.398       0.135      0.000       0.168       0.697      *
    S9                 0.398       0.135      0.000       0.168       0.697      *
    S10                0.398       0.135      0.000       0.168       0.697      *

New/Additional Parameters
    CON                0.766       0.069      0.000       0.617       0.887      *
    OCC                0.234       0.069      0.000       0.113       0.383      *
    REL                0.628       0.055      0.000       0.515       0.731      *


STANDARDIZED MODEL RESULTS


STDYX Standardization

                                Posterior  One-Tailed         95% C.I.
                    Estimate       S.D.      P-Value   Lower 2.5%  Upper 2.5%  Significance
 T        BY
    P11                0.690       0.048      0.000       0.595       0.782      *
    P21                0.690       0.048      0.000       0.595       0.782      *
    P12                0.690       0.048      0.000       0.595       0.782      *
    P22                0.690       0.048      0.000       0.595       0.782      *
    P13                0.690       0.048      0.000       0.595       0.782      *
    P23                0.690       0.048      0.000       0.595       0.782      *
    P14                0.690       0.048      0.000       0.595       0.782      *
    P24                0.690       0.048      0.000       0.595       0.782      *
    P15                0.690       0.048      0.000       0.595       0.782      *
    P25                0.690       0.048      0.000       0.595       0.782      *
    P16                0.690       0.048      0.000       0.595       0.782      *
    P26                0.690       0.048      0.000       0.595       0.782      *
    P17                0.690       0.048      0.000       0.595       0.782      *
    P27                0.690       0.048      0.000       0.595       0.782      *
    P18                0.690       0.048      0.000       0.595       0.782      *
    P28                0.690       0.048      0.000       0.595       0.782      *
    P19                0.690       0.048      0.000       0.595       0.782      *
    P29                0.690       0.048      0.000       0.595       0.782      *
    P110               0.690       0.048      0.000       0.595       0.782      *
    P210               0.690       0.048      0.000       0.595       0.782      *

 S1       BY
    P11                0.382       0.056      0.000       0.265       0.486      *
    P21                0.382       0.056      0.000       0.265       0.486      *

 S2       BY
    P12                0.382       0.056      0.000       0.265       0.486      *
    P22                0.382       0.056      0.000       0.265       0.486      *

 S3       BY
    P13                0.382       0.056      0.000       0.265       0.486      *
    P23                0.382       0.056      0.000       0.265       0.486      *

 S4       BY
    P14                0.382       0.056      0.000       0.265       0.486      *
    P24                0.382       0.056      0.000       0.265       0.486      *

 S5       BY
    P15                0.382       0.056      0.000       0.265       0.486      *
    P25                0.382       0.056      0.000       0.265       0.486      *

 S6       BY
    P16                0.382       0.056      0.000       0.265       0.486      *
    P26                0.382       0.056      0.000       0.265       0.486      *

 S7       BY
    P17                0.382       0.056      0.000       0.265       0.486      *
    P27                0.382       0.056      0.000       0.265       0.486      *

 S8       BY
    P18                0.382       0.056      0.000       0.265       0.486      *
    P28                0.382       0.056      0.000       0.265       0.486      *

 S9       BY
    P19                0.382       0.056      0.000       0.265       0.486      *
    P29                0.382       0.056      0.000       0.265       0.486      *

 S10      BY
    P110               0.382       0.056      0.000       0.265       0.486      *
    P210               0.382       0.056      0.000       0.265       0.486      *

 S1       WITH
    S2                 0.000       0.000      1.000       0.000       0.000
    S3                 0.000       0.000      1.000       0.000       0.000
    S4                 0.000       0.000      1.000       0.000       0.000
    S5                 0.000       0.000      1.000       0.000       0.000
    S6                 0.000       0.000      1.000       0.000       0.000
    S7                 0.000       0.000      1.000       0.000       0.000
    S8                 0.000       0.000      1.000       0.000       0.000
    S9                 0.000       0.000      1.000       0.000       0.000
    S10                0.000       0.000      1.000       0.000       0.000
    T                  0.000       0.000      1.000       0.000       0.000

 S2       WITH
    S3                 0.000       0.000      1.000       0.000       0.000
    S4                 0.000       0.000      1.000       0.000       0.000
    S5                 0.000       0.000      1.000       0.000       0.000
    S6                 0.000       0.000      1.000       0.000       0.000
    S7                 0.000       0.000      1.000       0.000       0.000
    S8                 0.000       0.000      1.000       0.000       0.000
    S9                 0.000       0.000      1.000       0.000       0.000
    S10                0.000       0.000      1.000       0.000       0.000
    T                  0.000       0.000      1.000       0.000       0.000

 S3       WITH
    S4                 0.000       0.000      1.000       0.000       0.000
    S5                 0.000       0.000      1.000       0.000       0.000
    S6                 0.000       0.000      1.000       0.000       0.000
    S7                 0.000       0.000      1.000       0.000       0.000
    S8                 0.000       0.000      1.000       0.000       0.000
    S9                 0.000       0.000      1.000       0.000       0.000
    S10                0.000       0.000      1.000       0.000       0.000
    T                  0.000       0.000      1.000       0.000       0.000

 S4       WITH
    S5                 0.000       0.000      1.000       0.000       0.000
    S6                 0.000       0.000      1.000       0.000       0.000
    S7                 0.000       0.000      1.000       0.000       0.000
    S8                 0.000       0.000      1.000       0.000       0.000
    S9                 0.000       0.000      1.000       0.000       0.000
    S10                0.000       0.000      1.000       0.000       0.000
    T                  0.000       0.000      1.000       0.000       0.000

 S5       WITH
    S6                 0.000       0.000      1.000       0.000       0.000
    S7                 0.000       0.000      1.000       0.000       0.000
    S8                 0.000       0.000      1.000       0.000       0.000
    S9                 0.000       0.000      1.000       0.000       0.000
    S10                0.000       0.000      1.000       0.000       0.000
    T                  0.000       0.000      1.000       0.000       0.000

 S6       WITH
    S7                 0.000       0.000      1.000       0.000       0.000
    S8                 0.000       0.000      1.000       0.000       0.000
    S9                 0.000       0.000      1.000       0.000       0.000
    S10                0.000       0.000      1.000       0.000       0.000
    T                  0.000       0.000      1.000       0.000       0.000

 S7       WITH
    S8                 0.000       0.000      1.000       0.000       0.000
    S9                 0.000       0.000      1.000       0.000       0.000
    S10                0.000       0.000      1.000       0.000       0.000
    T                  0.000       0.000      1.000       0.000       0.000

 S8       WITH
    S9                 0.000       0.000      1.000       0.000       0.000
    S10                0.000       0.000      1.000       0.000       0.000
    T                  0.000       0.000      1.000       0.000       0.000

 S9       WITH
    S10                0.000       0.000      1.000       0.000       0.000
    T                  0.000       0.000      1.000       0.000       0.000

 S10      WITH
    T                  0.000       0.000      1.000       0.000       0.000

 Means
    T                  0.000       0.000      1.000       0.000       0.000
    S1                 0.000       0.000      1.000       0.000       0.000
    S2                 0.534       0.511      0.139      -0.436       1.569
    S3                 0.817       0.439      0.023       0.015       1.750      *
    S4                 1.490       0.542      0.001       0.540       2.675      *
    S5                 0.901       0.460      0.019       0.050       1.860      *
    S6                 1.601       0.480      0.000       0.783       2.681      *
    S7                 1.899       0.518      0.000       1.047       3.062      *
    S8                 2.296       0.556      0.000       1.415       3.602      *
    S9                 2.410       0.588      0.000       1.471       3.774      *
    S10                2.809       0.634      0.000       1.834       4.312      *

 Thresholds
    P11$1             -0.601       0.157      0.000      -0.919      -0.306      *
    P11$2             -0.092       0.151      0.270      -0.401       0.189
    P11$3              0.552       0.156      0.000       0.235       0.845      *
    P11$4              1.238       0.173      0.000       0.893       1.568      *
    P21$1             -0.601       0.157      0.000      -0.919      -0.306      *
    P21$2             -0.092       0.151      0.270      -0.401       0.189
    P21$3              0.552       0.156      0.000       0.235       0.845      *
    P21$4              1.238       0.173      0.000       0.893       1.568      *
    P12$1             -0.601       0.157      0.000      -0.919      -0.306      *
    P12$2             -0.092       0.151      0.270      -0.401       0.189
    P12$3              0.552       0.156      0.000       0.235       0.845      *
    P12$4              1.238       0.173      0.000       0.893       1.568      *
    P22$1             -0.220       0.281      0.215      -0.780       0.318
    P22$2              0.446       0.266      0.048      -0.078       0.970
    P22$3              0.997       0.285      0.000       0.449       1.568      *
    P13$1             -0.601       0.157      0.000      -0.919      -0.306      *
    P13$2             -0.092       0.151      0.270      -0.401       0.189
    P13$3              0.552       0.156      0.000       0.235       0.845      *
    P13$4              1.238       0.173      0.000       0.893       1.568      *
    P23$1             -0.601       0.157      0.000      -0.919      -0.306      *
    P23$2             -0.092       0.151      0.270      -0.401       0.189
    P23$3              0.552       0.156      0.000       0.235       0.845      *
    P23$4              1.238       0.173      0.000       0.893       1.568      *
    P14$1             -0.601       0.157      0.000      -0.919      -0.306      *
    P14$2             -0.092       0.151      0.270      -0.401       0.189
    P14$3              0.552       0.156      0.000       0.235       0.845      *
    P14$4              1.238       0.173      0.000       0.893       1.568      *
    P24$1             -0.601       0.157      0.000      -0.919      -0.306      *
    P24$2             -0.092       0.151      0.270      -0.401       0.189
    P24$3              0.552       0.156      0.000       0.235       0.845      *
    P24$4              1.238       0.173      0.000       0.893       1.568      *
    P15$1             -0.601       0.157      0.000      -0.919      -0.306      *
    P15$2             -0.092       0.151      0.270      -0.401       0.189
    P15$3              0.552       0.156      0.000       0.235       0.845      *
    P15$4              1.238       0.173      0.000       0.893       1.568      *
    P25$1             -0.601       0.157      0.000      -0.919      -0.306      *
    P25$2             -0.092       0.151      0.270      -0.401       0.189
    P25$3              0.552       0.156      0.000       0.235       0.845      *
    P25$4              1.238       0.173      0.000       0.893       1.568      *
    P16$1             -0.601       0.157      0.000      -0.919      -0.306      *
    P16$2             -0.092       0.151      0.270      -0.401       0.189
    P16$3              0.552       0.156      0.000       0.235       0.845      *
    P16$4              1.238       0.173      0.000       0.893       1.568      *
    P26$1             -0.601       0.157      0.000      -0.919      -0.306      *
    P26$2             -0.092       0.151      0.270      -0.401       0.189
    P26$3              0.552       0.156      0.000       0.235       0.845      *
    P26$4              1.238       0.173      0.000       0.893       1.568      *
    P17$1             -0.601       0.157      0.000      -0.919      -0.306      *
    P17$2             -0.092       0.151      0.270      -0.401       0.189
    P17$3              0.552       0.156      0.000       0.235       0.845      *
    P17$4              1.238       0.173      0.000       0.893       1.568      *
    P27$1             -0.601       0.157      0.000      -0.919      -0.306      *
    P27$2             -0.092       0.151      0.270      -0.401       0.189
    P27$3              0.552       0.156      0.000       0.235       0.845      *
    P27$4              1.238       0.173      0.000       0.893       1.568      *
    P18$1             -0.601       0.157      0.000      -0.919      -0.306      *
    P18$2             -0.092       0.151      0.270      -0.401       0.189
    P18$3              0.552       0.156      0.000       0.235       0.845      *
    P18$4              1.238       0.173      0.000       0.893       1.568      *
    P28$1             -0.601       0.157      0.000      -0.919      -0.306      *
    P28$2             -0.092       0.151      0.270      -0.401       0.189
    P28$3              0.552       0.156      0.000       0.235       0.845      *
    P28$4              1.238       0.173      0.000       0.893       1.568      *
    P19$1             -0.601       0.157      0.000      -0.919      -0.306      *
    P19$2             -0.092       0.151      0.270      -0.401       0.189
    P19$3              0.552       0.156      0.000       0.235       0.845      *
    P19$4              1.238       0.173      0.000       0.893       1.568      *
    P29$1             -0.601       0.157      0.000      -0.919      -0.306      *
    P29$2             -0.092       0.151      0.270      -0.401       0.189
    P29$3              0.552       0.156      0.000       0.235       0.845      *
    P29$4              1.238       0.173      0.000       0.893       1.568      *
    P110$1            -0.601       0.157      0.000      -0.919      -0.306      *
    P110$2            -0.092       0.151      0.270      -0.401       0.189
    P110$3             0.552       0.156      0.000       0.235       0.845      *
    P110$4             1.238       0.173      0.000       0.893       1.568      *
    P210$1            -0.601       0.157      0.000      -0.919      -0.306      *
    P210$2            -0.092       0.151      0.270      -0.401       0.189
    P210$3             0.552       0.156      0.000       0.235       0.845      *
    P210$4             1.238       0.173      0.000       0.893       1.568      *

 Variances
    T                  1.000       0.000      0.000       1.000       1.000
    S1                 1.000       0.000      0.000       1.000       1.000
    S2                 1.000       0.000      0.000       1.000       1.000
    S3                 1.000       0.000      0.000       1.000       1.000
    S4                 1.000       0.000      0.000       1.000       1.000
    S5                 1.000       0.000      0.000       1.000       1.000
    S6                 1.000       0.000      0.000       1.000       1.000
    S7                 1.000       0.000      0.000       1.000       1.000
    S8                 1.000       0.000      0.000       1.000       1.000
    S9                 1.000       0.000      0.000       1.000       1.000
    S10                1.000       0.000      0.000       1.000       1.000


R-SQUARE

                                Posterior  One-Tailed         95% C.I.
    Variable        Estimate       S.D.      P-Value   Lower 2.5%  Upper 2.5%

    P11                0.628       0.055      0.000       0.515       0.731
    P21                0.628       0.055      0.000       0.515       0.731
    P12                0.628       0.055      0.000       0.515       0.731
    P22                0.628       0.055      0.000       0.515       0.731
    P13                0.628       0.055      0.000       0.515       0.731
    P23                0.628       0.055      0.000       0.515       0.731
    P14                0.628       0.055      0.000       0.515       0.731
    P24                0.628       0.055      0.000       0.515       0.731
    P15                0.628       0.055      0.000       0.515       0.731
    P25                0.628       0.055      0.000       0.515       0.731
    P16                0.628       0.055      0.000       0.515       0.731
    P26                0.628       0.055      0.000       0.515       0.731
    P17                0.628       0.055      0.000       0.515       0.731
    P27                0.628       0.055      0.000       0.515       0.731
    P18                0.628       0.055      0.000       0.515       0.731
    P28                0.628       0.055      0.000       0.515       0.731
    P19                0.628       0.055      0.000       0.515       0.731
    P29                0.628       0.055      0.000       0.515       0.731
    P110               0.628       0.055      0.000       0.515       0.731
    P210               0.628       0.055      0.000       0.515       0.731


TECHNICAL 1 OUTPUT


     PARAMETER SPECIFICATION


           TAU
              P11$1         P11$2         P11$3         P11$4         P21$1
              ________      ________      ________      ________      ________
                   12            13            14            15            12


           TAU
              P21$2         P21$3         P21$4         P12$1         P12$2
              ________      ________      ________      ________      ________
                   13            14            15            12            13


           TAU
              P12$3         P12$4         P22$1         P22$2         P22$3
              ________      ________      ________      ________      ________
                   14            15            16            17            18


           TAU
              P13$1         P13$2         P13$3         P13$4         P23$1
              ________      ________      ________      ________      ________
                   12            13            14            15            12


           TAU
              P23$2         P23$3         P23$4         P14$1         P14$2
              ________      ________      ________      ________      ________
                   13            14            15            12            13


           TAU
              P14$3         P14$4         P24$1         P24$2         P24$3
              ________      ________      ________      ________      ________
                   14            15            12            13            14


           TAU
              P24$4         P15$1         P15$2         P15$3         P15$4
              ________      ________      ________      ________      ________
                   15            12            13            14            15


           TAU
              P25$1         P25$2         P25$3         P25$4         P16$1
              ________      ________      ________      ________      ________
                   12            13            14            15            12


           TAU
              P16$2         P16$3         P16$4         P26$1         P26$2
              ________      ________      ________      ________      ________
                   13            14            15            12            13


           TAU
              P26$3         P26$4         P17$1         P17$2         P17$3
              ________      ________      ________      ________      ________
                   14            15            12            13            14


           TAU
              P17$4         P27$1         P27$2         P27$3         P27$4
              ________      ________      ________      ________      ________
                   15            12            13            14            15


           TAU
              P18$1         P18$2         P18$3         P18$4         P28$1
              ________      ________      ________      ________      ________
                   12            13            14            15            12


           TAU
              P28$2         P28$3         P28$4         P19$1         P19$2
              ________      ________      ________      ________      ________
                   13            14            15            12            13


           TAU
              P19$3         P19$4         P29$1         P29$2         P29$3
              ________      ________      ________      ________      ________
                   14            15            12            13            14


           TAU
              P29$4         P110$1        P110$2        P110$3        P110$4
              ________      ________      ________      ________      ________
                   15            12            13            14            15


           TAU
              P210$1        P210$2        P210$3        P210$4
              ________      ________      ________      ________
                   12            13            14            15


           NU
              P11           P21           P12           P22           P13
              ________      ________      ________      ________      ________
                    0             0             0             0             0


           NU
              P23           P14           P24           P15           P25
              ________      ________      ________      ________      ________
                    0             0             0             0             0


           NU
              P16           P26           P17           P27           P18
              ________      ________      ________      ________      ________
                    0             0             0             0             0


           NU
              P28           P19           P29           P110          P210
              ________      ________      ________      ________      ________
                    0             0             0             0             0


           LAMBDA
              T             S1            S2            S3            S4
              ________      ________      ________      ________      ________
 P11                0             0             0             0             0
 P21                0             0             0             0             0
 P12                0             0             0             0             0
 P22                0             0             0             0             0
 P13                0             0             0             0             0
 P23                0             0             0             0             0
 P14                0             0             0             0             0
 P24                0             0             0             0             0
 P15                0             0             0             0             0
 P25                0             0             0             0             0
 P16                0             0             0             0             0
 P26                0             0             0             0             0
 P17                0             0             0             0             0
 P27                0             0             0             0             0
 P18                0             0             0             0             0
 P28                0             0             0             0             0
 P19                0             0             0             0             0
 P29                0             0             0             0             0
 P110               0             0             0             0             0
 P210               0             0             0             0             0


           LAMBDA
              S5            S6            S7            S8            S9
              ________      ________      ________      ________      ________
 P11                0             0             0             0             0
 P21                0             0             0             0             0
 P12                0             0             0             0             0
 P22                0             0             0             0             0
 P13                0             0             0             0             0
 P23                0             0             0             0             0
 P14                0             0             0             0             0
 P24                0             0             0             0             0
 P15                0             0             0             0             0
 P25                0             0             0             0             0
 P16                0             0             0             0             0
 P26                0             0             0             0             0
 P17                0             0             0             0             0
 P27                0             0             0             0             0
 P18                0             0             0             0             0
 P28                0             0             0             0             0
 P19                0             0             0             0             0
 P29                0             0             0             0             0
 P110               0             0             0             0             0
 P210               0             0             0             0             0


           LAMBDA
              S10
              ________
 P11                0
 P21                0
 P12                0
 P22                0
 P13                0
 P23                0
 P14                0
 P24                0
 P15                0
 P25                0
 P16                0
 P26                0
 P17                0
 P27                0
 P18                0
 P28                0
 P19                0
 P29                0
 P110               0
 P210               0


           THETA
              P11           P21           P12           P22           P13
              ________      ________      ________      ________      ________
 P11                0
 P21                0             0
 P12                0             0             0
 P22                0             0             0             0
 P13                0             0             0             0             0
 P23                0             0             0             0             0
 P14                0             0             0             0             0
 P24                0             0             0             0             0
 P15                0             0             0             0             0
 P25                0             0             0             0             0
 P16                0             0             0             0             0
 P26                0             0             0             0             0
 P17                0             0             0             0             0
 P27                0             0             0             0             0
 P18                0             0             0             0             0
 P28                0             0             0             0             0
 P19                0             0             0             0             0
 P29                0             0             0             0             0
 P110               0             0             0             0             0
 P210               0             0             0             0             0


           THETA
              P23           P14           P24           P15           P25
              ________      ________      ________      ________      ________
 P23                0
 P14                0             0
 P24                0             0             0
 P15                0             0             0             0
 P25                0             0             0             0             0
 P16                0             0             0             0             0
 P26                0             0             0             0             0
 P17                0             0             0             0             0
 P27                0             0             0             0             0
 P18                0             0             0             0             0
 P28                0             0             0             0             0
 P19                0             0             0             0             0
 P29                0             0             0             0             0
 P110               0             0             0             0             0
 P210               0             0             0             0             0


           THETA
              P16           P26           P17           P27           P18
              ________      ________      ________      ________      ________
 P16                0
 P26                0             0
 P17                0             0             0
 P27                0             0             0             0
 P18                0             0             0             0             0
 P28                0             0             0             0             0
 P19                0             0             0             0             0
 P29                0             0             0             0             0
 P110               0             0             0             0             0
 P210               0             0             0             0             0


           THETA
              P28           P19           P29           P110          P210
              ________      ________      ________      ________      ________
 P28                0
 P19                0             0
 P29                0             0             0
 P110               0             0             0             0
 P210               0             0             0             0             0


           ALPHA
              T             S1            S2            S3            S4
              ________      ________      ________      ________      ________
                    0             0             1             2             3


           ALPHA
              S5            S6            S7            S8            S9
              ________      ________      ________      ________      ________
                    4             5             6             7             8


           ALPHA
              S10
              ________
                    9


           BETA
              T             S1            S2            S3            S4
              ________      ________      ________      ________      ________
 T                  0             0             0             0             0
 S1                 0             0             0             0             0
 S2                 0             0             0             0             0
 S3                 0             0             0             0             0
 S4                 0             0             0             0             0
 S5                 0             0             0             0             0
 S6                 0             0             0             0             0
 S7                 0             0             0             0             0
 S8                 0             0             0             0             0
 S9                 0             0             0             0             0
 S10                0             0             0             0             0


           BETA
              S5            S6            S7            S8            S9
              ________      ________      ________      ________      ________
 T                  0             0             0             0             0
 S1                 0             0             0             0             0
 S2                 0             0             0             0             0
 S3                 0             0             0             0             0
 S4                 0             0             0             0             0
 S5                 0             0             0             0             0
 S6                 0             0             0             0             0
 S7                 0             0             0             0             0
 S8                 0             0             0             0             0
 S9                 0             0             0             0             0
 S10                0             0             0             0             0


           BETA
              S10
              ________
 T                  0
 S1                 0
 S2                 0
 S3                 0
 S4                 0
 S5                 0
 S6                 0
 S7                 0
 S8                 0
 S9                 0
 S10                0


           PSI
              T             S1            S2            S3            S4
              ________      ________      ________      ________      ________
 T                 10
 S1                 0            11
 S2                 0             0            11
 S3                 0             0             0            11
 S4                 0             0             0             0            11
 S5                 0             0             0             0             0
 S6                 0             0             0             0             0
 S7                 0             0             0             0             0
 S8                 0             0             0             0             0
 S9                 0             0             0             0             0
 S10                0             0             0             0             0


           PSI
              S5            S6            S7            S8            S9
              ________      ________      ________      ________      ________
 S5                11
 S6                 0            11
 S7                 0             0            11
 S8                 0             0             0            11
 S9                 0             0             0             0            11
 S10                0             0             0             0             0


           PSI
              S10
              ________
 S10               11


     PARAMETER SPECIFICATION FOR THE ADDITIONAL PARAMETERS


           NEW/ADDITIONAL PARAMETERS
              CON           OCC           REL
              ________      ________      ________
                   19            20            21


     STARTING VALUES


           TAU
              P11$1         P11$2         P11$3         P11$4         P21$1
              ________      ________      ________      ________      ________
               -1.000        -0.500         0.200         1.500        -1.179


           TAU
              P21$2         P21$3         P21$4         P12$1         P12$2
              ________      ________      ________      ________      ________
               -0.673        -0.079         0.574        -1.179        -0.673


           TAU
              P12$3         P12$4         P22$1         P22$2         P22$3
              ________      ________      ________      ________      ________
               -0.079         0.574        -0.451         0.086         0.555


           TAU
              P13$1         P13$2         P13$3         P13$4         P23$1
              ________      ________      ________      ________      ________
               -1.179        -0.673        -0.079         0.574        -1.179


           TAU
              P23$2         P23$3         P23$4         P14$1         P14$2
              ________      ________      ________      ________      ________
               -0.673        -0.079         0.574        -1.179        -0.673


           TAU
              P14$3         P14$4         P24$1         P24$2         P24$3
              ________      ________      ________      ________      ________
               -0.079         0.574        -1.179        -0.673        -0.079


           TAU
              P24$4         P15$1         P15$2         P15$3         P15$4
              ________      ________      ________      ________      ________
                0.574        -1.179        -0.673        -0.079         0.574


           TAU
              P25$1         P25$2         P25$3         P25$4         P16$1
              ________      ________      ________      ________      ________
               -1.179        -0.673        -0.079         0.574        -1.179


           TAU
              P16$2         P16$3         P16$4         P26$1         P26$2
              ________      ________      ________      ________      ________
               -0.673        -0.079         0.574        -1.179        -0.673


           TAU
              P26$3         P26$4         P17$1         P17$2         P17$3
              ________      ________      ________      ________      ________
               -0.079         0.574        -1.179        -0.673        -0.079


           TAU
              P17$4         P27$1         P27$2         P27$3         P27$4
              ________      ________      ________      ________      ________
                0.574        -1.179        -0.673        -0.079         0.574


           TAU
              P18$1         P18$2         P18$3         P18$4         P28$1
              ________      ________      ________      ________      ________
               -1.179        -0.673        -0.079         0.574        -1.179


           TAU
              P28$2         P28$3         P28$4         P19$1         P19$2
              ________      ________      ________      ________      ________
               -0.673        -0.079         0.574        -1.179        -0.673


           TAU
              P19$3         P19$4         P29$1         P29$2         P29$3
              ________      ________      ________      ________      ________
               -0.079         0.574        -1.179        -0.673        -0.079


           TAU
              P29$4         P110$1        P110$2        P110$3        P110$4
              ________      ________      ________      ________      ________
                0.574        -1.179        -0.673        -0.079         0.574


           TAU
              P210$1        P210$2        P210$3        P210$4
              ________      ________      ________      ________
               -1.179        -0.673        -0.079         0.574


           NU
              P11           P21           P12           P22           P13
              ________      ________      ________      ________      ________
                0.000         0.000         0.000         0.000         0.000


           NU
              P23           P14           P24           P15           P25
              ________      ________      ________      ________      ________
                0.000         0.000         0.000         0.000         0.000


           NU
              P16           P26           P17           P27           P18
              ________      ________      ________      ________      ________
                0.000         0.000         0.000         0.000         0.000


           NU
              P28           P19           P29           P110          P210
              ________      ________      ________      ________      ________
                0.000         0.000         0.000         0.000         0.000


           LAMBDA
              T             S1            S2            S3            S4
              ________      ________      ________      ________      ________
 P11            1.000         1.000         0.000         0.000         0.000
 P21            1.000         1.000         0.000         0.000         0.000
 P12            1.000         0.000         1.000         0.000         0.000
 P22            1.000         0.000         1.000         0.000         0.000
 P13            1.000         0.000         0.000         1.000         0.000
 P23            1.000         0.000         0.000         1.000         0.000
 P14            1.000         0.000         0.000         0.000         1.000
 P24            1.000         0.000         0.000         0.000         1.000
 P15            1.000         0.000         0.000         0.000         0.000
 P25            1.000         0.000         0.000         0.000         0.000
 P16            1.000         0.000         0.000         0.000         0.000
 P26            1.000         0.000         0.000         0.000         0.000
 P17            1.000         0.000         0.000         0.000         0.000
 P27            1.000         0.000         0.000         0.000         0.000
 P18            1.000         0.000         0.000         0.000         0.000
 P28            1.000         0.000         0.000         0.000         0.000
 P19            1.000         0.000         0.000         0.000         0.000
 P29            1.000         0.000         0.000         0.000         0.000
 P110           1.000         0.000         0.000         0.000         0.000
 P210           1.000         0.000         0.000         0.000         0.000


           LAMBDA
              S5            S6            S7            S8            S9
              ________      ________      ________      ________      ________
 P11            0.000         0.000         0.000         0.000         0.000
 P21            0.000         0.000         0.000         0.000         0.000
 P12            0.000         0.000         0.000         0.000         0.000
 P22            0.000         0.000         0.000         0.000         0.000
 P13            0.000         0.000         0.000         0.000         0.000
 P23            0.000         0.000         0.000         0.000         0.000
 P14            0.000         0.000         0.000         0.000         0.000
 P24            0.000         0.000         0.000         0.000         0.000
 P15            1.000         0.000         0.000         0.000         0.000
 P25            1.000         0.000         0.000         0.000         0.000
 P16            0.000         1.000         0.000         0.000         0.000
 P26            0.000         1.000         0.000         0.000         0.000
 P17            0.000         0.000         1.000         0.000         0.000
 P27            0.000         0.000         1.000         0.000         0.000
 P18            0.000         0.000         0.000         1.000         0.000
 P28            0.000         0.000         0.000         1.000         0.000
 P19            0.000         0.000         0.000         0.000         1.000
 P29            0.000         0.000         0.000         0.000         1.000
 P110           0.000         0.000         0.000         0.000         0.000
 P210           0.000         0.000         0.000         0.000         0.000


           LAMBDA
              S10
              ________
 P11            0.000
 P21            0.000
 P12            0.000
 P22            0.000
 P13            0.000
 P23            0.000
 P14            0.000
 P24            0.000
 P15            0.000
 P25            0.000
 P16            0.000
 P26            0.000
 P17            0.000
 P27            0.000
 P18            0.000
 P28            0.000
 P19            0.000
 P29            0.000
 P110           1.000
 P210           1.000


           THETA
              P11           P21           P12           P22           P13
              ________      ________      ________      ________      ________
 P11            1.000
 P21            0.000         1.000
 P12            0.000         0.000         1.000
 P22            0.000         0.000         0.000         1.000
 P13            0.000         0.000         0.000         0.000         1.000
 P23            0.000         0.000         0.000         0.000         0.000
 P14            0.000         0.000         0.000         0.000         0.000
 P24            0.000         0.000         0.000         0.000         0.000
 P15            0.000         0.000         0.000         0.000         0.000
 P25            0.000         0.000         0.000         0.000         0.000
 P16            0.000         0.000         0.000         0.000         0.000
 P26            0.000         0.000         0.000         0.000         0.000
 P17            0.000         0.000         0.000         0.000         0.000
 P27            0.000         0.000         0.000         0.000         0.000
 P18            0.000         0.000         0.000         0.000         0.000
 P28            0.000         0.000         0.000         0.000         0.000
 P19            0.000         0.000         0.000         0.000         0.000
 P29            0.000         0.000         0.000         0.000         0.000
 P110           0.000         0.000         0.000         0.000         0.000
 P210           0.000         0.000         0.000         0.000         0.000


           THETA
              P23           P14           P24           P15           P25
              ________      ________      ________      ________      ________
 P23            1.000
 P14            0.000         1.000
 P24            0.000         0.000         1.000
 P15            0.000         0.000         0.000         1.000
 P25            0.000         0.000         0.000         0.000         1.000
 P16            0.000         0.000         0.000         0.000         0.000
 P26            0.000         0.000         0.000         0.000         0.000
 P17            0.000         0.000         0.000         0.000         0.000
 P27            0.000         0.000         0.000         0.000         0.000
 P18            0.000         0.000         0.000         0.000         0.000
 P28            0.000         0.000         0.000         0.000         0.000
 P19            0.000         0.000         0.000         0.000         0.000
 P29            0.000         0.000         0.000         0.000         0.000
 P110           0.000         0.000         0.000         0.000         0.000
 P210           0.000         0.000         0.000         0.000         0.000


           THETA
              P16           P26           P17           P27           P18
              ________      ________      ________      ________      ________
 P16            1.000
 P26            0.000         1.000
 P17            0.000         0.000         1.000
 P27            0.000         0.000         0.000         1.000
 P18            0.000         0.000         0.000         0.000         1.000
 P28            0.000         0.000         0.000         0.000         0.000
 P19            0.000         0.000         0.000         0.000         0.000
 P29            0.000         0.000         0.000         0.000         0.000
 P110           0.000         0.000         0.000         0.000         0.000
 P210           0.000         0.000         0.000         0.000         0.000


           THETA
              P28           P19           P29           P110          P210
              ________      ________      ________      ________      ________
 P28            1.000
 P19            0.000         1.000
 P29            0.000         0.000         1.000
 P110           0.000         0.000         0.000         1.000
 P210           0.000         0.000         0.000         0.000         1.000


           ALPHA
              T             S1            S2            S3            S4
              ________      ________      ________      ________      ________
                0.000         0.000         0.000         0.000         0.000


           ALPHA
              S5            S6            S7            S8            S9
              ________      ________      ________      ________      ________
                0.000         0.000         0.000         0.000         0.000


           ALPHA
              S10
              ________
                0.000


           BETA
              T             S1            S2            S3            S4
              ________      ________      ________      ________      ________
 T              0.000         0.000         0.000         0.000         0.000
 S1             0.000         0.000         0.000         0.000         0.000
 S2             0.000         0.000         0.000         0.000         0.000
 S3             0.000         0.000         0.000         0.000         0.000
 S4             0.000         0.000         0.000         0.000         0.000
 S5             0.000         0.000         0.000         0.000         0.000
 S6             0.000         0.000         0.000         0.000         0.000
 S7             0.000         0.000         0.000         0.000         0.000
 S8             0.000         0.000         0.000         0.000         0.000
 S9             0.000         0.000         0.000         0.000         0.000
 S10            0.000         0.000         0.000         0.000         0.000


           BETA
              S5            S6            S7            S8            S9
              ________      ________      ________      ________      ________
 T              0.000         0.000         0.000         0.000         0.000
 S1             0.000         0.000         0.000         0.000         0.000
 S2             0.000         0.000         0.000         0.000         0.000
 S3             0.000         0.000         0.000         0.000         0.000
 S4             0.000         0.000         0.000         0.000         0.000
 S5             0.000         0.000         0.000         0.000         0.000
 S6             0.000         0.000         0.000         0.000         0.000
 S7             0.000         0.000         0.000         0.000         0.000
 S8             0.000         0.000         0.000         0.000         0.000
 S9             0.000         0.000         0.000         0.000         0.000
 S10            0.000         0.000         0.000         0.000         0.000


           BETA
              S10
              ________
 T              0.000
 S1             0.000
 S2             0.000
 S3             0.000
 S4             0.000
 S5             0.000
 S6             0.000
 S7             0.000
 S8             0.000
 S9             0.000
 S10            0.000


           PSI
              T             S1            S2            S3            S4
              ________      ________      ________      ________      ________
 T              1.000
 S1             0.000         1.000
 S2             0.000         0.000         1.000
 S3             0.000         0.000         0.000         1.000
 S4             0.000         0.000         0.000         0.000         1.000
 S5             0.000         0.000         0.000         0.000         0.000
 S6             0.000         0.000         0.000         0.000         0.000
 S7             0.000         0.000         0.000         0.000         0.000
 S8             0.000         0.000         0.000         0.000         0.000
 S9             0.000         0.000         0.000         0.000         0.000
 S10            0.000         0.000         0.000         0.000         0.000


           PSI
              S5            S6            S7            S8            S9
              ________      ________      ________      ________      ________
 S5             1.000
 S6             0.000         1.000
 S7             0.000         0.000         1.000
 S8             0.000         0.000         0.000         1.000
 S9             0.000         0.000         0.000         0.000         1.000
 S10            0.000         0.000         0.000         0.000         0.000


           PSI
              S10
              ________
 S10            1.000


     STARTING VALUES FOR THE ADDITIONAL PARAMETERS


           NEW/ADDITIONAL PARAMETERS
              CON           OCC           REL
              ________      ________      ________
                0.500         0.500         0.500



     PRIORS FOR ALL PARAMETERS            PRIOR MEAN      PRIOR VARIANCE     PRIOR STD. DEV.

     Parameter 1~N(0.000,infinity)           0.0000            infinity            infinity
     Parameter 2~N(0.000,infinity)           0.0000            infinity            infinity
     Parameter 3~N(0.000,infinity)           0.0000            infinity            infinity
     Parameter 4~N(0.000,infinity)           0.0000            infinity            infinity
     Parameter 5~N(0.000,infinity)           0.0000            infinity            infinity
     Parameter 6~N(0.000,infinity)           0.0000            infinity            infinity
     Parameter 7~N(0.000,infinity)           0.0000            infinity            infinity
     Parameter 8~N(0.000,infinity)           0.0000            infinity            infinity
     Parameter 9~N(0.000,infinity)           0.0000            infinity            infinity
     Parameter 10~IG(-1.000,0.000)         infinity            infinity            infinity
     Parameter 11~IG(-1.000,0.000)         infinity            infinity            infinity
     Parameter 12~N(0.000,5.000)             0.0000              5.0000              2.2361
     Parameter 13~N(0.000,5.000)             0.0000              5.0000              2.2361
     Parameter 14~N(0.000,5.000)             0.0000              5.0000              2.2361
     Parameter 15~N(0.000,5.000)             0.0000              5.0000              2.2361
     Parameter 16~N(0.000,5.000)             0.0000              5.0000              2.2361
     Parameter 17~N(0.000,5.000)             0.0000              5.0000              2.2361
     Parameter 18~N(0.000,5.000)             0.0000              5.0000              2.2361


TECHNICAL 8 OUTPUT


   TECHNICAL 8 OUTPUT FOR BAYES ESTIMATION

     CHAIN    BSEED
     1        0
     2        285380

                     POTENTIAL       PARAMETER WITH
     ITERATION    SCALE REDUCTION      HIGHEST PSR
     100              2.319               15
     200              1.055               11
     300              1.063               16
     400              1.268               12
     500              1.171               12
     600              1.310               12
     700              1.289               12
     800              1.096               12
     900              1.016               9
     1000             1.019               17
     1100             1.019               17
     1200             1.014               17
     1300             1.005               12
     1400             1.004               17
     1500             1.004               8
     1600             1.002               12
     1700             1.017               12
     1800             1.014               8
     1900             1.022               12
     2000             1.028               12
     2100             1.023               12
     2200             1.010               8
     2300             1.004               13
     2400             1.022               13
     2500             1.005               11
     2600             1.011               12
     2700             1.026               13
     2800             1.026               12
     2900             1.016               12
     3000             1.013               12
     3100             1.013               11
     3200             1.018               11
     3300             1.016               12
     3400             1.028               12
     3500             1.035               12
     3600             1.042               12
     3700             1.052               12
     3800             1.056               12
     3900             1.032               12
     4000             1.016               12
     4100             1.014               12
     4200             1.010               12
     4300             1.008               12
     4400             1.005               11
     4500             1.006               9
     4600             1.008               9
     4700             1.012               9
     4800             1.012               9
     4900             1.013               9
     5000             1.015               9
     5100             1.017               9
     5200             1.025               15
     5300             1.028               15
     5400             1.033               14
     5500             1.031               14
     5600             1.018               13
     5700             1.017               13
     5800             1.020               13
     5900             1.014               14
     6000             1.014               14
     6100             1.010               14
     6200             1.009               14
     6300             1.006               5
     6400             1.008               14
     6500             1.011               14
     6600             1.011               14
     6700             1.018               14
     6800             1.029               14
     6900             1.033               14
     7000             1.029               15
     7100             1.029               14
     7200             1.039               14
     7300             1.041               14
     7400             1.037               14
     7500             1.039               14
     7600             1.034               14
     7700             1.028               14
     7800             1.012               15
     7900             1.007               14
     8000             1.004               9
     8100             1.004               9
     8200             1.003               5
     8300             1.002               6
     8400             1.002               6
     8500             1.002               6
     8600             1.001               5
     8700             1.001               13
     8800             1.004               13
     8900             1.008               13
     9000             1.011               13
     9100             1.009               13
     9200             1.012               13
     9300             1.016               13
     9400             1.017               13
     9500             1.017               13
     9600             1.018               13
     9700             1.020               14
     9800             1.020               13
     9900             1.023               13
     10000            1.029               14
     10100            1.028               14
     10200            1.031               14
     10300            1.045               14
     10400            1.047               14
     10500            1.049               14
     10600            1.051               14
     10700            1.054               14
     10800            1.053               14
     10900            1.042               14
     11000            1.040               13
     11100            1.042               14
     11200            1.044               14
     11300            1.046               14
     11400            1.050               14
     11500            1.054               14
     11600            1.059               14
     11700            1.051               14
     11800            1.046               14
     11900            1.040               14
     12000            1.040               14
     12100            1.040               14
     12200            1.036               14
     12300            1.036               14
     12400            1.034               14
     12500            1.034               14
     12600            1.030               14
     12700            1.029               14
     12800            1.025               14
     12900            1.026               13
     13000            1.027               13
     13100            1.031               14
     13200            1.035               14
     13300            1.039               14
     13400            1.040               14
     13500            1.043               14
     13600            1.047               14
     13700            1.049               14
     13800            1.054               14
     13900            1.057               14
     14000            1.055               14
     14100            1.057               14
     14200            1.058               14
     14300            1.059               14
     14400            1.061               14
     14500            1.057               14
     14600            1.051               13
     14700            1.051               13
     14800            1.053               13
     14900            1.058               13
     15000            1.057               13
     15100            1.048               13
     15200            1.044               13
     15300            1.043               13
     15400            1.040               13
     15500            1.031               13
     15600            1.029               14
     15700            1.026               13
     15800            1.027               13
     15900            1.030               13
     16000            1.031               13
     16100            1.029               13
     16200            1.028               13
     16300            1.025               13
     16400            1.025               13
     16500            1.023               13
     16600            1.023               13
     16700            1.023               13
     16800            1.024               13
     16900            1.024               14
     17000            1.021               14
     17100            1.020               14
     17200            1.018               14
     17300            1.017               14
     17400            1.015               14
     17500            1.014               14
     17600            1.014               14
     17700            1.013               14
     17800            1.011               14
     17900            1.009               14
     18000            1.009               14
     18100            1.010               14
     18200            1.009               14
     18300            1.008               14
     18400            1.007               15
     18500            1.006               14
     18600            1.005               14
     18700            1.004               15
     18800            1.005               15
     18900            1.006               15
     19000            1.004               15
     19100            1.005               15
     19200            1.005               15
     19300            1.004               15
     19400            1.004               15
     19500            1.004               15
     19600            1.004               15
     19700            1.005               15
     19800            1.004               15
     19900            1.004               15
     20000            1.003               15


PLOT INFORMATION

The following plots are available:

  Sample proportions and estimated probabilities
  Bayesian posterior parameter distributions
  Bayesian posterior parameter trace plots
  Bayesian autocorrelation plots
  Bayesian prior parameter distributions
  Bayesian posterior predictive checking scatterplots
  Bayesian posterior predictive checking distribution plots

     Beginning Time:  14:31:12
        Ending Time:  14:33:11
       Elapsed Time:  00:01:59



MUTHEN & MUTHEN
3463 Stoner Ave.
Los Angeles, CA  90066

Tel: (310) 391-9971
Fax: (310) 391-8971
Web: www.StatModel.com
Support: Support@StatModel.com

Copyright (c) 1998-2024 Muthen & Muthen
