Mplus VERSION 8.10 (Mac)
MUTHEN & MUTHEN
03/11/2024   3:32 PM

INPUT INSTRUCTIONS

  DATA:

  File is laac2_wide.dat;

  VARIABLE:

  NAMES =   subject task
  Y1_1    Y1_10   Y1_2    Y1_3    Y1_4    Y1_5    Y1_6
  Y1_7    Y1_8    Y1_9    Y10_1   Y10_10  Y10_2   Y10_3   Y10_4   Y10_5
  Y10_6   Y10_7   Y10_8   Y10_9   Y11_1   Y11_10  Y11_2   Y11_3   Y11_4
  Y11_5   Y11_6   Y11_7   Y11_8   Y11_9   Y12_1   Y12_10  Y12_2   Y12_3
  Y12_4   Y12_5   Y12_6   Y12_7   Y12_8   Y12_9   Y2_1    Y2_10   Y2_2
  Y2_3    Y2_4    Y2_5    Y2_6    Y2_7    Y2_8    Y2_9    Y3_1    Y3_10
  Y3_2    Y3_3    Y3_4    Y3_5    Y3_6    Y3_7    Y3_8    Y3_9    Y4_1
  Y4_10   Y4_2    Y4_3    Y4_4    Y4_5    Y4_6    Y4_7    Y4_8    Y4_9
  Y5_1    Y5_10   Y5_2    Y5_3    Y5_4    Y5_5    Y5_6    Y5_7    Y5_8
  Y5_9    Y6_1    Y6_10   Y6_2    Y6_3    Y6_4    Y6_5    Y6_6    Y6_7
  Y6_8    Y6_9    Y7_1    Y7_10   Y7_2    Y7_3    Y7_4    Y7_5    Y7_6
  Y7_7    Y7_8    Y7_9    Y8_1    Y8_10   Y8_2    Y8_3    Y8_4    Y8_5
  Y8_6    Y8_7    Y8_8    Y8_9    Y9_1    Y9_10   Y9_2    Y9_3    Y9_4
  Y9_5    Y9_6    Y9_7    Y9_8    Y9_9;


  USEVARIABLES =  P11 P21 P12 P22 P13 P23 P14 P24
  	       P15 P25 P16 P26 P17 P27 P18 P28 P19 P29
  	       P110 P210 ;
  	
  Categ =   P11 P21 P12 P22 P13 P23 P14 P24
  	       P15 P25 P16 P26 P17 P27 P18 P28 P19 P29
  	       P110 P210 ;
  	


  Missing = All(-99);	

  useobservations are (task EQ 5);

  ! "'attention'=1;'communication'=2;'reasoning'=3;'visible_food'=4;
  !'population'=5;'inhibit_searched'=6"



  ! For population task, trials are parceled such that conditions are balanced across parcel
  ! -->

  DEFINE:
  P11 = Y1_1 + Y3_1 + Y4_1 +  Y6_1 + Y8_1 + Y11_1;
  P21 =  Y2_1 + Y5_1 + Y7_1 + Y9_1 + Y10_1 + Y12_1;

  P12 = Y1_2 + Y3_2 + Y4_2 +  Y6_2 + Y8_2 + Y11_2;
  P22 =  Y2_2 + Y5_2 + Y7_2 + Y9_2 + Y10_2 + Y12_2;

  P13 = Y1_3 + Y3_3 + Y4_3 +  Y6_3 + Y8_3 + Y11_3;
  P23 =  Y2_3 + Y5_3 + Y7_3 + Y9_3 + Y10_3 + Y12_3;

  P14 = Y1_4 + Y3_4 + Y4_4 +  Y6_4 + Y8_4 + Y11_4;
  P24 =  Y2_4 + Y5_4 + Y7_4 + Y9_4 + Y10_4 + Y12_4;

  P15 = Y1_5 + Y3_5 + Y4_5 +  Y6_5 + Y8_5 + Y11_5;
  P25 =  Y2_5 + Y5_5 + Y7_5 + Y9_5 + Y10_5 + Y12_5;

  P16 = Y1_6 + Y3_6 + Y4_6 +  Y6_6 + Y8_6 + Y11_6;
  P26 =  Y2_6 + Y5_6 + Y7_6 + Y9_6 + Y10_6 + Y12_6;

  P17 = Y1_7 + Y3_7 + Y4_7 +  Y6_7 + Y8_7 + Y11_7;
  P27 =  Y2_7 + Y5_7 + Y7_7 + Y9_7 + Y10_7 + Y12_7;

  P18 = Y1_8 + Y3_8 + Y4_8 +  Y6_8 + Y8_8 + Y11_8;
  P28 =  Y2_8 + Y5_8 + Y7_8 + Y9_8 + Y10_8 + Y12_8;

  P19 = Y1_9 + Y3_9 + Y4_9 +  Y6_9 + Y8_9 + Y11_9;
  P29 =  Y2_9 + Y5_9 + Y7_9 + Y9_9 + Y10_9 + Y12_9;

  P110 = Y1_10 + Y3_10 + Y4_10 +  Y6_10 + Y8_10 + Y11_10;
  P210 =  Y2_10 + Y5_10 + Y7_10 + Y9_10 + Y10_10 + Y12_10;



  IF (P11==0) THEN P11=2;
  IF (P21==0) THEN P21=2;
  IF (P12==0) THEN P12=2;
  IF (P22==0) THEN P22=2;
  IF (P13==0) THEN P13=2;
  IF (P23==0) THEN P23=2;
  IF (P14==0) THEN P14=2;
  IF (P24==0) THEN P24=2;
  IF (P15==0) THEN P15=2;
  IF (P25==0) THEN P25=2;
  IF (P16==0) THEN P16=2;
  IF (P26==0) THEN P26=2;
  IF (P17==0) THEN P17=2;
  IF (P27==0) THEN P27=2;
  IF (P18==0) THEN P18=2;
  IF (P28==0) THEN P28=2;
  IF (P19==0) THEN P19=2;
  IF (P29==0) THEN P29=2;
  IF (P110==0) THEN P110=2;
  IF (P210==0) THEN P210=2;

  IF (P11==1) THEN P11=2;
  IF (P21==1) THEN P21=2;
  IF (P12==1) THEN P12=2;
  IF (P22==1) THEN P22=2;
  IF (P13==1) THEN P13=2;
  IF (P23==1) THEN P23=2;
  IF (P14==1) THEN P14=2;
  IF (P24==1) THEN P24=2;
  IF (P15==1) THEN P15=2;
  IF (P25==1) THEN P25=2;
  IF (P16==1) THEN P16=2;
  IF (P26==1) THEN P26=2;
  IF (P17==1) THEN P17=2;
  IF (P27==1) THEN P27=2;
  IF (P18==1) THEN P18=2;
  IF (P28==1) THEN P28=2;
  IF (P19==1) THEN P19=2;
  IF (P29==1) THEN P29=2;
  IF (P110==1) THEN P110=2;
  IF (P210==1) THEN P210=2;


  ANALYSIS:

  	ESTIMATOR = Bayes;
  	Biter=(20000);
  	Thin=10;
  	Bconvergence = .005;	

  MODEL:


  S1 by P11@1 P21@1;
  S2 by P12@1 P22@1;
  S3 by P13@1 P23@1;
  S4 by P14@1 P24@1;
  S5 by P15@1 P25@1;
  S6 by P16@1 P26@1;
  S7 by P17@1 P27@1;
  S8 by P18@1 P28@1;
  S9 by P19@1 P29@1;
  S10 by P110@1 P210@1;

  	
  [S1@0];
  [S2-S10];


  [P11$1*-1] (tau1);
  [P11$2*-0.5] (tau2);
  [P11$3*0.2] (tau3);
  [P11$4*1.5] (tau4);
  ![P11$5] (tau5);


  [P21$1] (tau1);
  [P21$2] (tau2);
  [P21$3] (tau3);
  [P21$4] (tau4);
  ![P21$5] (tau5);

  [P12$1] (tau1);
  [P12$2] (tau2);
  [P12$3] (tau3);
  [P12$4] (tau4);
  ![P12$5] (tau5);

  [P22$1] (tau1);
  [P22$2] (tau2);
  [P22$3] (tau3);
  [P22$4] (tau4);
  ![P22$5] (tau5);

  [P13$1] (tau1);
  [P13$2] (tau2);
  [P13$3] (tau3);
  [P13$4] (tau4);
  ![P13$5] (tau5);


  ![P23$1] (tau1);
  ![P23$2] (tau2);
  ![P23$3] (tau3);
  ![P23$4] (tau4);
  ![P23$5] (tau5);

  [P14$1] (tau1);
  [P14$2] (tau2);
  [P14$3] (tau3);
  [P14$4] (tau4);
  ![P14$5] (tau5);

  [P24$1] (tau1);
  [P24$2] (tau2);
  [P24$3] (tau3);
  [P24$4] (tau4);
  ![P24$5] (tau5);


  [P15$1] (tau1);
  [P15$2] (tau2);
  [P15$3] (tau3);
  [P15$4] (tau4);
  ![P15$5] (tau5);

  [P25$1] (tau1);
  [P25$2] (tau2);
  [P25$3] (tau3);
  [P25$4] (tau4);
  ![P25$5] (tau5);

  [P16$1] (tau1);
  [P16$2] (tau2);
  [P16$3] (tau3);
  [P16$4] (tau4);
  ![P16$5] (tau5);

  [P26$1] (tau1);
  [P26$2] (tau2);
  [P26$3] (tau3);
  [P26$4] (tau4);
  ![P26$5] (tau5);

  [P17$1] (tau1);
  [P17$2] (tau2);
  [P17$3] (tau3);
  [P17$4] (tau4);
  ![P17$5] (tau5);

  [P27$1] (tau1);
  [P27$2] (tau2);
  [P27$3] (tau3);
  [P27$4] (tau4);
  ![P27$5] (tau5);

  ![P18$1] (tau1);
  ![P18$2] (tau2);
  ![P18$3] (tau3);
  ![P18$4] (tau4);
  ![P18$5] (tau5);


  [P28$1] (tau1);
  [P28$2] (tau2);
  [P28$3] (tau3);
  [P28$4] (tau4);
  ![P28$5] (tau5);

  [P19$1] (tau1);
  [P19$2] (tau2);
  [P19$3] (tau3);
  [P19$4] (tau4);
  ![P19$5] (tau5);

  [P29$1] (tau1);
  [P29$2] (tau2);
  [P29$3] (tau3);
  [P29$4] (tau4);
  ![P29$5] (tau5);

  ![P110$1] (tau1);
  ![P110$2] (tau2);
  ![P110$3] (tau3);
  ![P110$4] (tau4);
  ![P110$5] (tau5);

  [P210$1] (tau1);
  [P210$2] (tau2);
  [P210$3] (tau3);
  [P210$4] (tau4);
  ![P210$5] (tau5);



  Output: stdyx tech8;
  PLOT:   TYPE = PLOT2;
  	



*** WARNING
  Input line exceeded 90 characters. Some input may be truncated.
  ! For population task, trials are parceled such that conditions are balanced across parcels
*** WARNING
  Data set contains cases with missing on all variables.
  These cases were not included in the analysis.
  Number of cases with missing on all variables:  1
   2 WARNING(S) FOUND IN THE INPUT INSTRUCTIONS




SUMMARY OF ANALYSIS

Number of groups                                                 1
Number of observations                                          45

Number of dependent variables                                   20
Number of independent variables                                  0
Number of continuous latent variables                           10

Observed dependent variables

  Binary and ordered categorical (ordinal)
   P11         P21         P12         P22         P13         P23
   P14         P24         P15         P25         P16         P26
   P17         P27         P18         P28         P19         P29
   P110        P210

Continuous latent variables
   S1          S2          S3          S4          S5          S6
   S7          S8          S9          S10


Estimator                                                    BAYES
Specifications for Bayesian Estimation
  Point estimate                                            MEDIAN
  Number of Markov chain Monte Carlo (MCMC) chains               2
  Random seed for the first chain                                0
  Starting value information                           UNPERTURBED
  Algorithm used for Markov chain Monte Carlo           GIBBS(PX1)
  Convergence criterion                                  0.500D-02
  Maximum number of iterations                               50000
  K-th iteration used for thinning                              10
Link                                                        PROBIT

Input data file(s)
  laac2_wide.dat
Input data format  FREE


SUMMARY OF DATA



COVARIANCE COVERAGE OF DATA

Minimum covariance coverage value   0.100

     Number of missing data patterns            30


     PROPORTION OF DATA PRESENT


           Covariance Coverage
              P11           P21           P12           P22           P13
              ________      ________      ________      ________      ________
 P11            0.711
 P21            0.711         0.711
 P12            0.622         0.622         0.822
 P22            0.622         0.622         0.800         0.800
 P13            0.644         0.644         0.756         0.733         0.844
 P23            0.644         0.644         0.756         0.733         0.844
 P14            0.467         0.467         0.556         0.533         0.578
 P24            0.467         0.467         0.556         0.533         0.578
 P15            0.622         0.622         0.689         0.667         0.778
 P25            0.622         0.622         0.689         0.667         0.778
 P16            0.622         0.622         0.689         0.667         0.733
 P26            0.622         0.622         0.689         0.667         0.733
 P17            0.556         0.556         0.622         0.600         0.644
 P27            0.533         0.533         0.600         0.578         0.622
 P18            0.511         0.511         0.600         0.578         0.600
 P28            0.511         0.511         0.600         0.578         0.600
 P19            0.622         0.622         0.689         0.689         0.689
 P29            0.622         0.622         0.689         0.689         0.689
 P110           0.467         0.467         0.489         0.489         0.511
 P210           0.467         0.467         0.489         0.489         0.511


           Covariance Coverage
              P23           P14           P24           P15           P25
              ________      ________      ________      ________      ________
 P23            0.844
 P14            0.578         0.622
 P24            0.578         0.622         0.622
 P15            0.778         0.556         0.556         0.800
 P25            0.778         0.556         0.556         0.800         0.800
 P16            0.733         0.511         0.511         0.711         0.711
 P26            0.733         0.511         0.511         0.711         0.711
 P17            0.644         0.422         0.422         0.622         0.622
 P27            0.622         0.400         0.400         0.600         0.600
 P18            0.600         0.511         0.511         0.556         0.556
 P28            0.600         0.511         0.511         0.556         0.556
 P19            0.689         0.533         0.533         0.667         0.667
 P29            0.689         0.533         0.533         0.667         0.667
 P110           0.511         0.400         0.400         0.489         0.489
 P210           0.511         0.400         0.400         0.489         0.489


           Covariance Coverage
              P16           P26           P17           P27           P18
              ________      ________      ________      ________      ________
 P16            0.756
 P26            0.756         0.756
 P17            0.667         0.667         0.689
 P27            0.644         0.644         0.667         0.667
 P18            0.556         0.556         0.489         0.489         0.689
 P28            0.556         0.556         0.489         0.489         0.689
 P19            0.644         0.644         0.600         0.600         0.622
 P29            0.644         0.644         0.600         0.600         0.622
 P110           0.467         0.467         0.400         0.400         0.467
 P210           0.467         0.467         0.400         0.400         0.467


           Covariance Coverage
              P28           P19           P29           P110          P210
              ________      ________      ________      ________      ________
 P28            0.689
 P19            0.622         0.778
 P29            0.622         0.778         0.778
 P110           0.467         0.489         0.489         0.578
 P210           0.467         0.489         0.489         0.578         0.578


UNIVARIATE PROPORTIONS AND COUNTS FOR CATEGORICAL VARIABLES

    P11
      Category 1    0.094            3.000
      Category 2    0.094            3.000
      Category 3    0.219            7.000
      Category 4    0.281            9.000
      Category 5    0.312           10.000
    P21
      Category 1    0.031            1.000
      Category 2    0.312           10.000
      Category 3    0.188            6.000
      Category 4    0.188            6.000
      Category 5    0.281            9.000
    P12
      Category 1    0.027            1.000
      Category 2    0.162            6.000
      Category 3    0.243            9.000
      Category 4    0.243            9.000
      Category 5    0.324           12.000
    P22
      Category 1    0.083            3.000
      Category 2    0.250            9.000
      Category 3    0.083            3.000
      Category 4    0.222            8.000
      Category 5    0.361           13.000
    P13
      Category 1    0.026            1.000
      Category 2    0.158            6.000
      Category 3    0.211            8.000
      Category 4    0.316           12.000
      Category 5    0.289           11.000
    P23
      Category 1    0.289           11.000
      Category 2    0.211            8.000
      Category 3    0.184            7.000
      Category 4    0.316           12.000
    P14
      Category 1    0.036            1.000
      Category 2    0.107            3.000
      Category 3    0.250            7.000
      Category 4    0.179            5.000
      Category 5    0.429           12.000
    P24
      Category 1    0.071            2.000
      Category 2    0.214            6.000
      Category 3    0.107            3.000
      Category 4    0.214            6.000
      Category 5    0.393           11.000
    P15
      Category 1    0.056            2.000
      Category 2    0.139            5.000
      Category 3    0.222            8.000
      Category 4    0.194            7.000
      Category 5    0.389           14.000
    P25
      Category 1    0.083            3.000
      Category 2    0.222            8.000
      Category 3    0.111            4.000
      Category 4    0.278           10.000
      Category 5    0.306           11.000
    P16
      Category 1    0.029            1.000
      Category 2    0.176            6.000
      Category 3    0.206            7.000
      Category 4    0.206            7.000
      Category 5    0.382           13.000
    P26
      Category 1    0.118            4.000
      Category 2    0.147            5.000
      Category 3    0.235            8.000
      Category 4    0.206            7.000
      Category 5    0.294           10.000
    P17
      Category 1    0.032            1.000
      Category 2    0.129            4.000
      Category 3    0.194            6.000
      Category 4    0.129            4.000
      Category 5    0.516           16.000
    P27
      Category 1    0.100            3.000
      Category 2    0.233            7.000
      Category 3    0.100            3.000
      Category 4    0.133            4.000
      Category 5    0.433           13.000
    P18
      Category 1    0.226            7.000
      Category 2    0.290            9.000
      Category 3    0.226            7.000
      Category 4    0.258            8.000
    P28
      Category 1    0.065            2.000
      Category 2    0.194            6.000
      Category 3    0.194            6.000
      Category 4    0.161            5.000
      Category 5    0.387           12.000
    P19
      Category 1    0.057            2.000
      Category 2    0.200            7.000
      Category 3    0.143            5.000
      Category 4    0.286           10.000
      Category 5    0.314           11.000
    P29
      Category 1    0.057            2.000
      Category 2    0.200            7.000
      Category 3    0.143            5.000
      Category 4    0.314           11.000
      Category 5    0.286           10.000
    P110
      Category 1    0.038            1.000
      Category 2    0.154            4.000
      Category 3    0.385           10.000
      Category 4    0.423           11.000
    P210
      Category 1    0.115            3.000
      Category 2    0.154            4.000
      Category 3    0.038            1.000
      Category 4    0.269            7.000
      Category 5    0.423           11.000



THE MODEL ESTIMATION TERMINATED NORMALLY

     USE THE FBITERATIONS OPTION TO INCREASE THE NUMBER OF ITERATIONS BY A FACTOR
     OF AT LEAST TWO TO CHECK CONVERGENCE AND THAT THE PSR VALUE DOES NOT INCREASE.



MODEL FIT INFORMATION

Number of Free Parameters                              77

Bayesian Posterior Predictive Checking using Chi-Square

          95% Confidence Interval for the Difference Between
          the Observed and the Replicated Chi-Square Values

                                -33.340           118.053

          Posterior Predictive P-Value              0.135



MODEL RESULTS

                                Posterior  One-Tailed         95% C.I.
                    Estimate       S.D.      P-Value   Lower 2.5%  Upper 2.5%  Significance

 S1       BY
    P11                1.000       0.000      0.000       1.000       1.000
    P21                1.000       0.000      0.000       1.000       1.000

 S2       BY
    P12                1.000       0.000      0.000       1.000       1.000
    P22                1.000       0.000      0.000       1.000       1.000

 S3       BY
    P13                1.000       0.000      0.000       1.000       1.000
    P23                1.000       0.000      0.000       1.000       1.000

 S4       BY
    P14                1.000       0.000      0.000       1.000       1.000
    P24                1.000       0.000      0.000       1.000       1.000

 S5       BY
    P15                1.000       0.000      0.000       1.000       1.000
    P25                1.000       0.000      0.000       1.000       1.000

 S6       BY
    P16                1.000       0.000      0.000       1.000       1.000
    P26                1.000       0.000      0.000       1.000       1.000

 S7       BY
    P17                1.000       0.000      0.000       1.000       1.000
    P27                1.000       0.000      0.000       1.000       1.000

 S8       BY
    P18                1.000       0.000      0.000       1.000       1.000
    P28                1.000       0.000      0.000       1.000       1.000

 S9       BY
    P19                1.000       0.000      0.000       1.000       1.000
    P29                1.000       0.000      0.000       1.000       1.000

 S10      BY
    P110               1.000       0.000      0.000       1.000       1.000
    P210               1.000       0.000      0.000       1.000       1.000

 S2       WITH
    S1                 0.616       0.249      0.000       0.269       1.237      *

 S3       WITH
    S1                 0.625       0.256      0.000       0.267       1.267      *
    S2                 0.640       0.262      0.000       0.273       1.282      *

 S4       WITH
    S1                 0.619       0.265      0.000       0.251       1.282      *
    S2                 0.665       0.274      0.000       0.286       1.352      *
    S3                 0.659       0.283      0.000       0.265       1.360      *

 S5       WITH
    S1                 0.662       0.256      0.000       0.299       1.292      *
    S2                 0.692       0.268      0.000       0.317       1.352      *
    S3                 0.737       0.283      0.000       0.342       1.446      *
    S4                 0.715       0.291      0.000       0.310       1.437      *

 S6       WITH
    S1                 0.511       0.220      0.000       0.199       1.052      *
    S2                 0.547       0.229      0.000       0.221       1.108      *
    S3                 0.573       0.243      0.000       0.236       1.181      *
    S4                 0.573       0.247      0.000       0.232       1.200      *
    S5                 0.614       0.246      0.000       0.268       1.222      *

 S7       WITH
    S1                 0.790       0.320      0.000       0.350       1.594      *
    S2                 0.829       0.320      0.000       0.391       1.620      *
    S3                 0.836       0.332      0.000       0.382       1.672      *
    S4                 0.851       0.350      0.000       0.368       1.731      *
    S5                 0.893       0.335      0.000       0.427       1.741      *
    S6                 0.723       0.294      0.000       0.315       1.458      *

 S8       WITH
    S1                 0.802       0.319      0.000       0.351       1.595      *
    S2                 0.851       0.327      0.000       0.391       1.667      *
    S3                 0.914       0.357      0.000       0.428       1.812      *
    S4                 0.901       0.369      0.000       0.398       1.828      *
    S5                 0.969       0.360      0.000       0.470       1.865      *
    S6                 0.774       0.306      0.000       0.350       1.534      *
    S7                 1.117       0.424      0.000       0.533       2.177      *

 S9       WITH
    S1                 0.615       0.242      0.000       0.271       1.215      *
    S2                 0.654       0.251      0.000       0.296       1.278      *
    S3                 0.696       0.268      0.000       0.325       1.368      *
    S4                 0.678       0.273      0.000       0.296       1.366      *
    S5                 0.730       0.267      0.000       0.352       1.395      *
    S6                 0.587       0.233      0.000       0.258       1.164      *
    S7                 0.857       0.323      0.000       0.404       1.673      *
    S8                 0.925       0.342      0.000       0.450       1.795      *

 S10      WITH
    S1                 0.676       0.293      0.000       0.266       1.415      *
    S2                 0.710       0.302      0.000       0.283       1.456      *
    S3                 0.767       0.328      0.000       0.315       1.586      *
    S4                 0.735       0.328      0.000       0.281       1.556      *
    S5                 0.804       0.323      0.000       0.353       1.602      *
    S6                 0.640       0.276      0.000       0.253       1.324      *
    S7                 0.940       0.391      0.000       0.402       1.923      *
    S8                 1.002       0.416      0.000       0.434       2.044      *
    S9                 0.782       0.316      0.000       0.345       1.575      *

 Means
    S1                 0.000       0.000      1.000       0.000       0.000
    S2                -0.022       0.179      0.450      -0.380       0.325
    S3                 0.106       0.223      0.312      -0.322       0.553
    S4                 0.247       0.215      0.115      -0.158       0.684
    S5                 0.028       0.190      0.440      -0.344       0.409
    S6                -0.090       0.178      0.306      -0.433       0.262
    S7                 0.195       0.228      0.188      -0.237       0.658
    S8                 0.131       0.274      0.315      -0.396       0.680
    S9                -0.078       0.183      0.333      -0.441       0.283
    S10                0.020       0.281      0.473      -0.541       0.564

 Thresholds
    P11$1             -1.581       0.000      0.000      -1.581      -1.581
    P11$2             -0.629       0.000      0.000      -0.629      -0.629
    P11$3             -0.191       0.000      0.000      -0.191      -0.191
    P11$4              0.318       0.000      0.000       0.318       0.318
    P21$1             -1.581       0.000      0.000      -1.581      -1.581
    P21$2             -0.629       0.000      0.000      -0.629      -0.629
    P21$3             -0.191       0.000      0.000      -0.191      -0.191
    P21$4              0.318       0.000      0.000       0.318       0.318
    P12$1             -1.581       0.000      0.000      -1.581      -1.581
    P12$2             -0.629       0.000      0.000      -0.629      -0.629
    P12$3             -0.191       0.000      0.000      -0.191      -0.191
    P12$4              0.318       0.000      0.000       0.318       0.318
    P22$1             -1.581       0.000      0.000      -1.581      -1.581
    P22$2             -0.629       0.000      0.000      -0.629      -0.629
    P22$3             -0.191       0.000      0.000      -0.191      -0.191
    P22$4              0.318       0.000      0.000       0.318       0.318
    P13$1             -1.581       0.000      0.000      -1.581      -1.581
    P13$2             -0.629       0.000      0.000      -0.629      -0.629
    P13$3             -0.191       0.000      0.000      -0.191      -0.191
    P13$4              0.318       0.000      0.000       0.318       0.318
    P23$1             -0.753       0.305      0.005      -1.356      -0.174      *
    P23$2              0.120       0.294      0.339      -0.458       0.702
    P23$3              0.933       0.319      0.001       0.324       1.568      *
    P14$1             -1.581       0.000      0.000      -1.581      -1.581
    P14$2             -0.629       0.000      0.000      -0.629      -0.629
    P14$3             -0.191       0.000      0.000      -0.191      -0.191
    P14$4              0.318       0.000      0.000       0.318       0.318
    P24$1             -1.581       0.000      0.000      -1.581      -1.581
    P24$2             -0.629       0.000      0.000      -0.629      -0.629
    P24$3             -0.191       0.000      0.000      -0.191      -0.191
    P24$4              0.318       0.000      0.000       0.318       0.318
    P15$1             -1.581       0.000      0.000      -1.581      -1.581
    P15$2             -0.629       0.000      0.000      -0.629      -0.629
    P15$3             -0.191       0.000      0.000      -0.191      -0.191
    P15$4              0.318       0.000      0.000       0.318       0.318
    P25$1             -1.581       0.000      0.000      -1.581      -1.581
    P25$2             -0.629       0.000      0.000      -0.629      -0.629
    P25$3             -0.191       0.000      0.000      -0.191      -0.191
    P25$4              0.318       0.000      0.000       0.318       0.318
    P16$1             -1.581       0.000      0.000      -1.581      -1.581
    P16$2             -0.629       0.000      0.000      -0.629      -0.629
    P16$3             -0.191       0.000      0.000      -0.191      -0.191
    P16$4              0.318       0.000      0.000       0.318       0.318
    P26$1             -1.581       0.000      0.000      -1.581      -1.581
    P26$2             -0.629       0.000      0.000      -0.629      -0.629
    P26$3             -0.191       0.000      0.000      -0.191      -0.191
    P26$4              0.318       0.000      0.000       0.318       0.318
    P17$1             -1.581       0.000      0.000      -1.581      -1.581
    P17$2             -0.629       0.000      0.000      -0.629      -0.629
    P17$3             -0.191       0.000      0.000      -0.191      -0.191
    P17$4              0.318       0.000      0.000       0.318       0.318
    P27$1             -1.581       0.000      0.000      -1.581      -1.581
    P27$2             -0.629       0.000      0.000      -0.629      -0.629
    P27$3             -0.191       0.000      0.000      -0.191      -0.191
    P27$4              0.318       0.000      0.000       0.318       0.318
    P18$1             -1.097       0.380      0.001      -1.863      -0.369      *
    P18$2              0.290       0.351      0.199      -0.373       0.999
    P18$3              1.365       0.391      0.000       0.629       2.156      *
    P28$1             -1.581       0.000      0.000      -1.581      -1.581
    P28$2             -0.629       0.000      0.000      -0.629      -0.629
    P28$3             -0.191       0.000      0.000      -0.191      -0.191
    P28$4              0.318       0.000      0.000       0.318       0.318
    P19$1             -1.581       0.000      0.000      -1.581      -1.581
    P19$2             -0.629       0.000      0.000      -0.629      -0.629
    P19$3             -0.191       0.000      0.000      -0.191      -0.191
    P19$4              0.318       0.000      0.000       0.318       0.318
    P29$1             -1.581       0.000      0.000      -1.581      -1.581
    P29$2             -0.629       0.000      0.000      -0.629      -0.629
    P29$3             -0.191       0.000      0.000      -0.191      -0.191
    P29$4              0.318       0.000      0.000       0.318       0.318
    P110$1            -2.582       0.644      0.000      -4.007      -1.488      *
    P110$2            -1.103       0.422      0.003      -1.987      -0.313      *
    P110$3             0.583       0.373      0.056      -0.137       1.317
    P210$1            -1.581       0.000      0.000      -1.581      -1.581
    P210$2            -0.629       0.000      0.000      -0.629      -0.629
    P210$3            -0.191       0.000      0.000      -0.191      -0.191
    P210$4             0.318       0.000      0.000       0.318       0.318

 Variances
    S1                 0.745       0.319      0.000       0.331       1.557      *
    S2                 0.798       0.331      0.000       0.360       1.633      *
    S3                 0.885       0.383      0.000       0.394       1.873      *
    S4                 0.863       0.407      0.000       0.361       1.897      *
    S5                 0.927       0.370      0.000       0.441       1.860      *
    S6                 0.653       0.282      0.000       0.288       1.376      *
    S7                 1.244       0.541      0.000       0.570       2.650      *
    S8                 1.404       0.595      0.000       0.638       2.937      *
    S9                 0.838       0.331      0.000       0.399       1.682      *
    S10                1.107       0.540      0.000       0.443       2.514      *


STANDARDIZED MODEL RESULTS


STDYX Standardization

                                Posterior  One-Tailed         95% C.I.
                    Estimate       S.D.      P-Value   Lower 2.5%  Upper 2.5%  Significance
 S1       BY
    P11                0.653       0.072      0.000       0.499       0.780      *
    P21                0.653       0.072      0.000       0.499       0.780      *

 S2       BY
    P12                0.666       0.070      0.000       0.515       0.787      *
    P22                0.666       0.070      0.000       0.515       0.787      *

 S3       BY
    P13                0.685       0.070      0.000       0.532       0.807      *
    P23                0.685       0.070      0.000       0.532       0.807      *

 S4       BY
    P14                0.681       0.076      0.000       0.515       0.809      *
    P24                0.681       0.076      0.000       0.515       0.809      *

 S5       BY
    P15                0.693       0.065      0.000       0.553       0.806      *
    P25                0.693       0.065      0.000       0.553       0.806      *

 S6       BY
    P16                0.629       0.074      0.000       0.473       0.761      *
    P26                0.629       0.074      0.000       0.473       0.761      *

 S7       BY
    P17                0.745       0.065      0.000       0.602       0.852      *
    P27                0.745       0.065      0.000       0.602       0.852      *

 S8       BY
    P18                0.764       0.061      0.000       0.624       0.864      *
    P28                0.764       0.061      0.000       0.624       0.864      *

 S9       BY
    P19                0.675       0.066      0.000       0.534       0.792      *
    P29                0.675       0.066      0.000       0.534       0.792      *

 S10      BY
    P110               0.725       0.075      0.000       0.554       0.846      *
    P210               0.725       0.075      0.000       0.554       0.846      *

 S2       WITH
    S1                 0.820       0.099      0.000       0.554       0.930      *

 S3       WITH
    S1                 0.794       0.113      0.000       0.487       0.922      *
    S2                 0.791       0.118      0.000       0.468       0.921      *

 S4       WITH
    S1                 0.797       0.117      0.000       0.482       0.926      *
    S2                 0.823       0.100      0.000       0.554       0.933      *
    S3                 0.783       0.126      0.000       0.439       0.921      *

 S5       WITH
    S1                 0.818       0.099      0.000       0.545       0.930      *
    S2                 0.828       0.097      0.000       0.561       0.934      *
    S3                 0.834       0.091      0.000       0.585       0.936      *
    S4                 0.823       0.102      0.000       0.543       0.934      *

 S6       WITH
    S1                 0.759       0.130      0.000       0.409       0.910      *
    S2                 0.783       0.120      0.000       0.459       0.918      *
    S3                 0.782       0.119      0.000       0.459       0.917      *
    S4                 0.791       0.117      0.000       0.476       0.922      *
    S5                 0.812       0.103      0.000       0.527       0.928      *

 S7       WITH
    S1                 0.840       0.094      0.000       0.580       0.941      *
    S2                 0.852       0.085      0.000       0.617       0.944      *
    S3                 0.822       0.104      0.000       0.534       0.935      *
    S4                 0.842       0.097      0.000       0.575       0.943      *
    S5                 0.852       0.087      0.000       0.613       0.944      *
    S6                 0.823       0.102      0.000       0.542       0.933      *

 S8       WITH
    S1                 0.809       0.111      0.000       0.505       0.932      *
    S2                 0.829       0.100      0.000       0.555       0.936      *
    S3                 0.841       0.092      0.000       0.587       0.941      *
    S4                 0.842       0.099      0.000       0.568       0.944      *
    S5                 0.867       0.077      0.000       0.655       0.949      *
    S6                 0.830       0.097      0.000       0.568       0.936      *
    S7                 0.865       0.085      0.000       0.629       0.951      *

 S9       WITH
    S1                 0.804       0.109      0.000       0.511       0.925      *
    S2                 0.823       0.099      0.000       0.554       0.933      *
    S3                 0.830       0.091      0.000       0.586       0.934      *
    S4                 0.822       0.102      0.000       0.541       0.932      *
    S5                 0.847       0.082      0.000       0.623       0.939      *
    S6                 0.815       0.101      0.000       0.540       0.928      *
    S7                 0.855       0.084      0.000       0.623       0.945      *
    S8                 0.869       0.073      0.000       0.667       0.949      *

 S10      WITH
    S1                 0.779       0.130      0.000       0.422       0.921      *
    S2                 0.788       0.129      0.000       0.430       0.927      *
    S3                 0.806       0.118      0.000       0.478       0.930      *
    S4                 0.785       0.134      0.000       0.413       0.927      *
    S5                 0.823       0.107      0.000       0.525       0.935      *
    S6                 0.781       0.126      0.000       0.433       0.920      *
    S7                 0.830       0.111      0.000       0.518       0.941      *
    S8                 0.835       0.108      0.000       0.529       0.943      *
    S9                 0.837       0.097      0.000       0.567       0.939      *

 Means
    S1                 0.000       0.000      1.000       0.000       0.000
    S2                -0.025       0.203      0.450      -0.436       0.369
    S3                 0.113       0.239      0.312      -0.355       0.585
    S4                 0.267       0.229      0.115      -0.175       0.723
    S5                 0.029       0.198      0.440      -0.366       0.416
    S6                -0.112       0.225      0.306      -0.559       0.330
    S7                 0.176       0.204      0.188      -0.213       0.587
    S8                 0.111       0.231      0.315      -0.348       0.558
    S9                -0.086       0.203      0.333      -0.494       0.304
    S10                0.018       0.274      0.473      -0.526       0.559

 Thresholds
    P11$1             -1.197       0.098      0.000      -1.371      -0.989      *
    P11$2             -0.476       0.039      0.000      -0.546      -0.394      *
    P11$3             -0.144       0.012      0.000      -0.165      -0.119      *
    P11$4              0.241       0.020      0.000       0.199       0.276      *
    P21$1             -1.197       0.098      0.000      -1.371      -0.989      *
    P21$2             -0.476       0.039      0.000      -0.546      -0.394      *
    P21$3             -0.144       0.012      0.000      -0.165      -0.119      *
    P21$4              0.241       0.020      0.000       0.199       0.276      *
    P12$1             -1.179       0.098      0.000      -1.356      -0.975      *
    P12$2             -0.469       0.039      0.000      -0.540      -0.388      *
    P12$3             -0.142       0.012      0.000      -0.164      -0.118      *
    P12$4              0.237       0.020      0.000       0.196       0.273      *
    P22$1             -1.179       0.098      0.000      -1.356      -0.975      *
    P22$2             -0.469       0.039      0.000      -0.540      -0.388      *
    P22$3             -0.142       0.012      0.000      -0.164      -0.118      *
    P22$4              0.237       0.020      0.000       0.196       0.273      *
    P13$1             -1.152       0.104      0.000      -1.340      -0.933      *
    P13$2             -0.458       0.041      0.000      -0.533      -0.371      *
    P13$3             -0.139       0.013      0.000      -0.162      -0.113      *
    P13$4              0.232       0.021      0.000       0.188       0.269      *
    P23$1             -0.544       0.223      0.005      -0.993      -0.124      *
    P23$2              0.087       0.213      0.339      -0.338       0.499
    P23$3              0.674       0.224      0.001       0.241       1.117      *
    P14$1             -1.159       0.111      0.000      -1.355      -0.929      *
    P14$2             -0.461       0.044      0.000      -0.539      -0.370      *
    P14$3             -0.140       0.013      0.000      -0.163      -0.112      *
    P14$4              0.233       0.022      0.000       0.187       0.273      *
    P24$1             -1.159       0.111      0.000      -1.355      -0.929      *
    P24$2             -0.461       0.044      0.000      -0.539      -0.370      *
    P24$3             -0.140       0.013      0.000      -0.163      -0.112      *
    P24$4              0.233       0.022      0.000       0.187       0.273      *
    P15$1             -1.139       0.099      0.000      -1.318      -0.935      *
    P15$2             -0.453       0.039      0.000      -0.524      -0.372      *
    P15$3             -0.137       0.012      0.000      -0.159      -0.113      *
    P15$4              0.229       0.020      0.000       0.188       0.265      *
    P25$1             -1.139       0.099      0.000      -1.318      -0.935      *
    P25$2             -0.453       0.039      0.000      -0.524      -0.372      *
    P25$3             -0.137       0.012      0.000      -0.159      -0.113      *
    P25$4              0.229       0.020      0.000       0.188       0.265      *
    P16$1             -1.230       0.095      0.000      -1.393      -1.026      *
    P16$2             -0.489       0.038      0.000      -0.554      -0.408      *
    P16$3             -0.148       0.011      0.000      -0.168      -0.124      *
    P16$4              0.247       0.019      0.000       0.206       0.280      *
    P26$1             -1.230       0.095      0.000      -1.393      -1.026      *
    P26$2             -0.489       0.038      0.000      -0.554      -0.408      *
    P26$3             -0.148       0.011      0.000      -0.168      -0.124      *
    P26$4              0.247       0.019      0.000       0.206       0.280      *
    P17$1             -1.056       0.112      0.000      -1.262      -0.828      *
    P17$2             -0.420       0.045      0.000      -0.502      -0.329      *
    P17$3             -0.127       0.014      0.000      -0.152      -0.100      *
    P17$4              0.212       0.023      0.000       0.166       0.254      *
    P27$1             -1.056       0.112      0.000      -1.262      -0.828      *
    P27$2             -0.420       0.045      0.000      -0.502      -0.329      *
    P27$3             -0.127       0.014      0.000      -0.152      -0.100      *
    P27$4              0.212       0.023      0.000       0.166       0.254      *
    P18$1             -0.700       0.248      0.001      -1.210      -0.234      *
    P18$2              0.186       0.224      0.199      -0.246       0.628
    P18$3              0.872       0.241      0.000       0.413       1.356      *
    P28$1             -1.020       0.112      0.000      -1.236      -0.797      *
    P28$2             -0.406       0.045      0.000      -0.492      -0.317      *
    P28$3             -0.123       0.013      0.000      -0.149      -0.096      *
    P28$4              0.205       0.023      0.000       0.160       0.249      *
    P19$1             -1.166       0.095      0.000      -1.337      -0.966      *
    P19$2             -0.464       0.038      0.000      -0.532      -0.384      *
    P19$3             -0.141       0.011      0.000      -0.161      -0.116      *
    P19$4              0.235       0.019      0.000       0.194       0.269      *
    P29$1             -1.166       0.095      0.000      -1.337      -0.966      *
    P29$2             -0.464       0.038      0.000      -0.532      -0.384      *
    P29$3             -0.141       0.011      0.000      -0.161      -0.116      *
    P29$4              0.235       0.019      0.000       0.194       0.269      *
    P110$1            -1.759       0.434      0.000      -2.739      -1.034      *
    P110$2            -0.752       0.288      0.003      -1.354      -0.218      *
    P110$3             0.397       0.252      0.056      -0.096       0.886
    P210$1            -1.090       0.121      0.000      -1.316      -0.844      *
    P210$2            -0.434       0.048      0.000      -0.524      -0.336      *
    P210$3            -0.131       0.015      0.000      -0.159      -0.102      *
    P210$4             0.219       0.024      0.000       0.170       0.265      *

 Variances
    S1                 1.000       0.000      0.000       1.000       1.000
    S2                 1.000       0.000      0.000       1.000       1.000
    S3                 1.000       0.000      0.000       1.000       1.000
    S4                 1.000       0.000      0.000       1.000       1.000
    S5                 1.000       0.000      0.000       1.000       1.000
    S6                 1.000       0.000      0.000       1.000       1.000
    S7                 1.000       0.000      0.000       1.000       1.000
    S8                 1.000       0.000      0.000       1.000       1.000
    S9                 1.000       0.000      0.000       1.000       1.000
    S10                1.000       0.000      0.000       1.000       1.000


R-SQUARE

                                Posterior  One-Tailed         95% C.I.
    Variable        Estimate       S.D.      P-Value   Lower 2.5%  Upper 2.5%

    P11                0.427       0.093      0.000       0.249       0.609
    P21                0.427       0.093      0.000       0.249       0.609
    P12                0.444       0.092      0.000       0.265       0.620
    P22                0.444       0.092      0.000       0.265       0.620
    P13                0.469       0.095      0.000       0.283       0.652
    P23                0.469       0.095      0.000       0.283       0.652
    P14                0.463       0.101      0.000       0.265       0.655
    P24                0.463       0.101      0.000       0.265       0.655
    P15                0.481       0.089      0.000       0.306       0.650
    P25                0.481       0.089      0.000       0.306       0.650
    P16                0.395       0.092      0.000       0.224       0.579
    P26                0.395       0.092      0.000       0.224       0.579
    P17                0.554       0.094      0.000       0.363       0.726
    P27                0.554       0.094      0.000       0.363       0.726
    P18                0.584       0.091      0.000       0.389       0.746
    P28                0.584       0.091      0.000       0.389       0.746
    P19                0.456       0.088      0.000       0.285       0.627
    P29                0.456       0.088      0.000       0.285       0.627
    P110               0.525       0.105      0.000       0.307       0.715
    P210               0.525       0.105      0.000       0.307       0.715


TECHNICAL 1 OUTPUT


     PARAMETER SPECIFICATION


           TAU
              P11$1         P11$2         P11$3         P11$4         P21$1
              ________      ________      ________      ________      ________
                   65            66            67            68            65


           TAU
              P21$2         P21$3         P21$4         P12$1         P12$2
              ________      ________      ________      ________      ________
                   66            67            68            65            66


           TAU
              P12$3         P12$4         P22$1         P22$2         P22$3
              ________      ________      ________      ________      ________
                   67            68            65            66            67


           TAU
              P22$4         P13$1         P13$2         P13$3         P13$4
              ________      ________      ________      ________      ________
                   68            65            66            67            68


           TAU
              P23$1         P23$2         P23$3         P14$1         P14$2
              ________      ________      ________      ________      ________
                   69            70            71            65            66


           TAU
              P14$3         P14$4         P24$1         P24$2         P24$3
              ________      ________      ________      ________      ________
                   67            68            65            66            67


           TAU
              P24$4         P15$1         P15$2         P15$3         P15$4
              ________      ________      ________      ________      ________
                   68            65            66            67            68


           TAU
              P25$1         P25$2         P25$3         P25$4         P16$1
              ________      ________      ________      ________      ________
                   65            66            67            68            65


           TAU
              P16$2         P16$3         P16$4         P26$1         P26$2
              ________      ________      ________      ________      ________
                   66            67            68            65            66


           TAU
              P26$3         P26$4         P17$1         P17$2         P17$3
              ________      ________      ________      ________      ________
                   67            68            65            66            67


           TAU
              P17$4         P27$1         P27$2         P27$3         P27$4
              ________      ________      ________      ________      ________
                   68            65            66            67            68


           TAU
              P18$1         P18$2         P18$3         P28$1         P28$2
              ________      ________      ________      ________      ________
                   72            73            74            65            66


           TAU
              P28$3         P28$4         P19$1         P19$2         P19$3
              ________      ________      ________      ________      ________
                   67            68            65            66            67


           TAU
              P19$4         P29$1         P29$2         P29$3         P29$4
              ________      ________      ________      ________      ________
                   68            65            66            67            68


           TAU
              P110$1        P110$2        P110$3        P210$1        P210$2
              ________      ________      ________      ________      ________
                   75            76            77            65            66


           TAU
              P210$3        P210$4
              ________      ________
                   67            68


           NU
              P11           P21           P12           P22           P13
              ________      ________      ________      ________      ________
                    0             0             0             0             0


           NU
              P23           P14           P24           P15           P25
              ________      ________      ________      ________      ________
                    0             0             0             0             0


           NU
              P16           P26           P17           P27           P18
              ________      ________      ________      ________      ________
                    0             0             0             0             0


           NU
              P28           P19           P29           P110          P210
              ________      ________      ________      ________      ________
                    0             0             0             0             0


           LAMBDA
              S1            S2            S3            S4            S5
              ________      ________      ________      ________      ________
 P11                0             0             0             0             0
 P21                0             0             0             0             0
 P12                0             0             0             0             0
 P22                0             0             0             0             0
 P13                0             0             0             0             0
 P23                0             0             0             0             0
 P14                0             0             0             0             0
 P24                0             0             0             0             0
 P15                0             0             0             0             0
 P25                0             0             0             0             0
 P16                0             0             0             0             0
 P26                0             0             0             0             0
 P17                0             0             0             0             0
 P27                0             0             0             0             0
 P18                0             0             0             0             0
 P28                0             0             0             0             0
 P19                0             0             0             0             0
 P29                0             0             0             0             0
 P110               0             0             0             0             0
 P210               0             0             0             0             0


           LAMBDA
              S6            S7            S8            S9            S10
              ________      ________      ________      ________      ________
 P11                0             0             0             0             0
 P21                0             0             0             0             0
 P12                0             0             0             0             0
 P22                0             0             0             0             0
 P13                0             0             0             0             0
 P23                0             0             0             0             0
 P14                0             0             0             0             0
 P24                0             0             0             0             0
 P15                0             0             0             0             0
 P25                0             0             0             0             0
 P16                0             0             0             0             0
 P26                0             0             0             0             0
 P17                0             0             0             0             0
 P27                0             0             0             0             0
 P18                0             0             0             0             0
 P28                0             0             0             0             0
 P19                0             0             0             0             0
 P29                0             0             0             0             0
 P110               0             0             0             0             0
 P210               0             0             0             0             0


           THETA
              P11           P21           P12           P22           P13
              ________      ________      ________      ________      ________
 P11                0
 P21                0             0
 P12                0             0             0
 P22                0             0             0             0
 P13                0             0             0             0             0
 P23                0             0             0             0             0
 P14                0             0             0             0             0
 P24                0             0             0             0             0
 P15                0             0             0             0             0
 P25                0             0             0             0             0
 P16                0             0             0             0             0
 P26                0             0             0             0             0
 P17                0             0             0             0             0
 P27                0             0             0             0             0
 P18                0             0             0             0             0
 P28                0             0             0             0             0
 P19                0             0             0             0             0
 P29                0             0             0             0             0
 P110               0             0             0             0             0
 P210               0             0             0             0             0


           THETA
              P23           P14           P24           P15           P25
              ________      ________      ________      ________      ________
 P23                0
 P14                0             0
 P24                0             0             0
 P15                0             0             0             0
 P25                0             0             0             0             0
 P16                0             0             0             0             0
 P26                0             0             0             0             0
 P17                0             0             0             0             0
 P27                0             0             0             0             0
 P18                0             0             0             0             0
 P28                0             0             0             0             0
 P19                0             0             0             0             0
 P29                0             0             0             0             0
 P110               0             0             0             0             0
 P210               0             0             0             0             0


           THETA
              P16           P26           P17           P27           P18
              ________      ________      ________      ________      ________
 P16                0
 P26                0             0
 P17                0             0             0
 P27                0             0             0             0
 P18                0             0             0             0             0
 P28                0             0             0             0             0
 P19                0             0             0             0             0
 P29                0             0             0             0             0
 P110               0             0             0             0             0
 P210               0             0             0             0             0


           THETA
              P28           P19           P29           P110          P210
              ________      ________      ________      ________      ________
 P28                0
 P19                0             0
 P29                0             0             0
 P110               0             0             0             0
 P210               0             0             0             0             0


           ALPHA
              S1            S2            S3            S4            S5
              ________      ________      ________      ________      ________
                    0             1             2             3             4


           ALPHA
              S6            S7            S8            S9            S10
              ________      ________      ________      ________      ________
                    5             6             7             8             9


           BETA
              S1            S2            S3            S4            S5
              ________      ________      ________      ________      ________
 S1                 0             0             0             0             0
 S2                 0             0             0             0             0
 S3                 0             0             0             0             0
 S4                 0             0             0             0             0
 S5                 0             0             0             0             0
 S6                 0             0             0             0             0
 S7                 0             0             0             0             0
 S8                 0             0             0             0             0
 S9                 0             0             0             0             0
 S10                0             0             0             0             0


           BETA
              S6            S7            S8            S9            S10
              ________      ________      ________      ________      ________
 S1                 0             0             0             0             0
 S2                 0             0             0             0             0
 S3                 0             0             0             0             0
 S4                 0             0             0             0             0
 S5                 0             0             0             0             0
 S6                 0             0             0             0             0
 S7                 0             0             0             0             0
 S8                 0             0             0             0             0
 S9                 0             0             0             0             0
 S10                0             0             0             0             0


           PSI
              S1            S2            S3            S4            S5
              ________      ________      ________      ________      ________
 S1                10
 S2                11            12
 S3                13            14            15
 S4                16            17            18            19
 S5                20            21            22            23            24
 S6                25            26            27            28            29
 S7                31            32            33            34            35
 S8                38            39            40            41            42
 S9                46            47            48            49            50
 S10               55            56            57            58            59


           PSI
              S6            S7            S8            S9            S10
              ________      ________      ________      ________      ________
 S6                30
 S7                36            37
 S8                43            44            45
 S9                51            52            53            54
 S10               60            61            62            63            64


     STARTING VALUES


           TAU
              P11$1         P11$2         P11$3         P11$4         P21$1
              ________      ________      ________      ________      ________
               -1.000        -0.500         0.200         1.500        -1.581


           TAU
              P21$2         P21$3         P21$4         P12$1         P12$2
              ________      ________      ________      ________      ________
               -0.629        -0.191         0.318        -1.581        -0.629


           TAU
              P12$3         P12$4         P22$1         P22$2         P22$3
              ________      ________      ________      ________      ________
               -0.191         0.318        -1.581        -0.629        -0.191


           TAU
              P22$4         P13$1         P13$2         P13$3         P13$4
              ________      ________      ________      ________      ________
                0.318        -1.581        -0.629        -0.191         0.318


           TAU
              P23$1         P23$2         P23$3         P14$1         P14$2
              ________      ________      ________      ________      ________
               -0.499         0.000         0.430        -1.581        -0.629


           TAU
              P14$3         P14$4         P24$1         P24$2         P24$3
              ________      ________      ________      ________      ________
               -0.191         0.318        -1.581        -0.629        -0.191


           TAU
              P24$4         P15$1         P15$2         P15$3         P15$4
              ________      ________      ________      ________      ________
                0.318        -1.581        -0.629        -0.191         0.318


           TAU
              P25$1         P25$2         P25$3         P25$4         P16$1
              ________      ________      ________      ________      ________
               -1.581        -0.629        -0.191         0.318        -1.581


           TAU
              P16$2         P16$3         P16$4         P26$1         P26$2
              ________      ________      ________      ________      ________
               -0.629        -0.191         0.318        -1.581        -0.629


           TAU
              P26$3         P26$4         P17$1         P17$2         P17$3
              ________      ________      ________      ________      ________
               -0.191         0.318        -1.581        -0.629        -0.191


           TAU
              P17$4         P27$1         P27$2         P27$3         P27$4
              ________      ________      ________      ________      ________
                0.318        -1.581        -0.629        -0.191         0.318


           TAU
              P18$1         P18$2         P18$3         P28$1         P28$2
              ________      ________      ________      ________      ________
               -0.685         0.036         0.587        -1.581        -0.629


           TAU
              P28$3         P28$4         P19$1         P19$2         P19$3
              ________      ________      ________      ________      ________
               -0.191         0.318        -1.581        -0.629        -0.191


           TAU
              P19$4         P29$1         P29$2         P29$3         P29$4
              ________      ________      ________      ________      ________
                0.318        -1.581        -0.629        -0.191         0.318


           TAU
              P110$1        P110$2        P110$3        P210$1        P210$2
              ________      ________      ________      ________      ________
               -1.788        -0.797         0.172        -1.581        -0.629


           TAU
              P210$3        P210$4
              ________      ________
               -0.191         0.318


           NU
              P11           P21           P12           P22           P13
              ________      ________      ________      ________      ________
                0.000         0.000         0.000         0.000         0.000


           NU
              P23           P14           P24           P15           P25
              ________      ________      ________      ________      ________
                0.000         0.000         0.000         0.000         0.000


           NU
              P16           P26           P17           P27           P18
              ________      ________      ________      ________      ________
                0.000         0.000         0.000         0.000         0.000


           NU
              P28           P19           P29           P110          P210
              ________      ________      ________      ________      ________
                0.000         0.000         0.000         0.000         0.000


           LAMBDA
              S1            S2            S3            S4            S5
              ________      ________      ________      ________      ________
 P11            1.000         0.000         0.000         0.000         0.000
 P21            1.000         0.000         0.000         0.000         0.000
 P12            0.000         1.000         0.000         0.000         0.000
 P22            0.000         1.000         0.000         0.000         0.000
 P13            0.000         0.000         1.000         0.000         0.000
 P23            0.000         0.000         1.000         0.000         0.000
 P14            0.000         0.000         0.000         1.000         0.000
 P24            0.000         0.000         0.000         1.000         0.000
 P15            0.000         0.000         0.000         0.000         1.000
 P25            0.000         0.000         0.000         0.000         1.000
 P16            0.000         0.000         0.000         0.000         0.000
 P26            0.000         0.000         0.000         0.000         0.000
 P17            0.000         0.000         0.000         0.000         0.000
 P27            0.000         0.000         0.000         0.000         0.000
 P18            0.000         0.000         0.000         0.000         0.000
 P28            0.000         0.000         0.000         0.000         0.000
 P19            0.000         0.000         0.000         0.000         0.000
 P29            0.000         0.000         0.000         0.000         0.000
 P110           0.000         0.000         0.000         0.000         0.000
 P210           0.000         0.000         0.000         0.000         0.000


           LAMBDA
              S6            S7            S8            S9            S10
              ________      ________      ________      ________      ________
 P11            0.000         0.000         0.000         0.000         0.000
 P21            0.000         0.000         0.000         0.000         0.000
 P12            0.000         0.000         0.000         0.000         0.000
 P22            0.000         0.000         0.000         0.000         0.000
 P13            0.000         0.000         0.000         0.000         0.000
 P23            0.000         0.000         0.000         0.000         0.000
 P14            0.000         0.000         0.000         0.000         0.000
 P24            0.000         0.000         0.000         0.000         0.000
 P15            0.000         0.000         0.000         0.000         0.000
 P25            0.000         0.000         0.000         0.000         0.000
 P16            1.000         0.000         0.000         0.000         0.000
 P26            1.000         0.000         0.000         0.000         0.000
 P17            0.000         1.000         0.000         0.000         0.000
 P27            0.000         1.000         0.000         0.000         0.000
 P18            0.000         0.000         1.000         0.000         0.000
 P28            0.000         0.000         1.000         0.000         0.000
 P19            0.000         0.000         0.000         1.000         0.000
 P29            0.000         0.000         0.000         1.000         0.000
 P110           0.000         0.000         0.000         0.000         1.000
 P210           0.000         0.000         0.000         0.000         1.000


           THETA
              P11           P21           P12           P22           P13
              ________      ________      ________      ________      ________
 P11            1.000
 P21            0.000         1.000
 P12            0.000         0.000         1.000
 P22            0.000         0.000         0.000         1.000
 P13            0.000         0.000         0.000         0.000         1.000
 P23            0.000         0.000         0.000         0.000         0.000
 P14            0.000         0.000         0.000         0.000         0.000
 P24            0.000         0.000         0.000         0.000         0.000
 P15            0.000         0.000         0.000         0.000         0.000
 P25            0.000         0.000         0.000         0.000         0.000
 P16            0.000         0.000         0.000         0.000         0.000
 P26            0.000         0.000         0.000         0.000         0.000
 P17            0.000         0.000         0.000         0.000         0.000
 P27            0.000         0.000         0.000         0.000         0.000
 P18            0.000         0.000         0.000         0.000         0.000
 P28            0.000         0.000         0.000         0.000         0.000
 P19            0.000         0.000         0.000         0.000         0.000
 P29            0.000         0.000         0.000         0.000         0.000
 P110           0.000         0.000         0.000         0.000         0.000
 P210           0.000         0.000         0.000         0.000         0.000


           THETA
              P23           P14           P24           P15           P25
              ________      ________      ________      ________      ________
 P23            1.000
 P14            0.000         1.000
 P24            0.000         0.000         1.000
 P15            0.000         0.000         0.000         1.000
 P25            0.000         0.000         0.000         0.000         1.000
 P16            0.000         0.000         0.000         0.000         0.000
 P26            0.000         0.000         0.000         0.000         0.000
 P17            0.000         0.000         0.000         0.000         0.000
 P27            0.000         0.000         0.000         0.000         0.000
 P18            0.000         0.000         0.000         0.000         0.000
 P28            0.000         0.000         0.000         0.000         0.000
 P19            0.000         0.000         0.000         0.000         0.000
 P29            0.000         0.000         0.000         0.000         0.000
 P110           0.000         0.000         0.000         0.000         0.000
 P210           0.000         0.000         0.000         0.000         0.000


           THETA
              P16           P26           P17           P27           P18
              ________      ________      ________      ________      ________
 P16            1.000
 P26            0.000         1.000
 P17            0.000         0.000         1.000
 P27            0.000         0.000         0.000         1.000
 P18            0.000         0.000         0.000         0.000         1.000
 P28            0.000         0.000         0.000         0.000         0.000
 P19            0.000         0.000         0.000         0.000         0.000
 P29            0.000         0.000         0.000         0.000         0.000
 P110           0.000         0.000         0.000         0.000         0.000
 P210           0.000         0.000         0.000         0.000         0.000


           THETA
              P28           P19           P29           P110          P210
              ________      ________      ________      ________      ________
 P28            1.000
 P19            0.000         1.000
 P29            0.000         0.000         1.000
 P110           0.000         0.000         0.000         1.000
 P210           0.000         0.000         0.000         0.000         1.000


           ALPHA
              S1            S2            S3            S4            S5
              ________      ________      ________      ________      ________
                0.000         0.000         0.000         0.000         0.000


           ALPHA
              S6            S7            S8            S9            S10
              ________      ________      ________      ________      ________
                0.000         0.000         0.000         0.000         0.000


           BETA
              S1            S2            S3            S4            S5
              ________      ________      ________      ________      ________
 S1             0.000         0.000         0.000         0.000         0.000
 S2             0.000         0.000         0.000         0.000         0.000
 S3             0.000         0.000         0.000         0.000         0.000
 S4             0.000         0.000         0.000         0.000         0.000
 S5             0.000         0.000         0.000         0.000         0.000
 S6             0.000         0.000         0.000         0.000         0.000
 S7             0.000         0.000         0.000         0.000         0.000
 S8             0.000         0.000         0.000         0.000         0.000
 S9             0.000         0.000         0.000         0.000         0.000
 S10            0.000         0.000         0.000         0.000         0.000


           BETA
              S6            S7            S8            S9            S10
              ________      ________      ________      ________      ________
 S1             0.000         0.000         0.000         0.000         0.000
 S2             0.000         0.000         0.000         0.000         0.000
 S3             0.000         0.000         0.000         0.000         0.000
 S4             0.000         0.000         0.000         0.000         0.000
 S5             0.000         0.000         0.000         0.000         0.000
 S6             0.000         0.000         0.000         0.000         0.000
 S7             0.000         0.000         0.000         0.000         0.000
 S8             0.000         0.000         0.000         0.000         0.000
 S9             0.000         0.000         0.000         0.000         0.000
 S10            0.000         0.000         0.000         0.000         0.000


           PSI
              S1            S2            S3            S4            S5
              ________      ________      ________      ________      ________
 S1             1.000
 S2             0.000         1.000
 S3             0.000         0.000         1.000
 S4             0.000         0.000         0.000         1.000
 S5             0.000         0.000         0.000         0.000         1.000
 S6             0.000         0.000         0.000         0.000         0.000
 S7             0.000         0.000         0.000         0.000         0.000
 S8             0.000         0.000         0.000         0.000         0.000
 S9             0.000         0.000         0.000         0.000         0.000
 S10            0.000         0.000         0.000         0.000         0.000


           PSI
              S6            S7            S8            S9            S10
              ________      ________      ________      ________      ________
 S6             1.000
 S7             0.000         1.000
 S8             0.000         0.000         1.000
 S9             0.000         0.000         0.000         1.000
 S10            0.000         0.000         0.000         0.000         1.000



     PRIORS FOR ALL PARAMETERS            PRIOR MEAN      PRIOR VARIANCE     PRIOR STD. DEV.

     Parameter 1~N(0.000,infinity)           0.0000            infinity            infinity
     Parameter 2~N(0.000,infinity)           0.0000            infinity            infinity
     Parameter 3~N(0.000,infinity)           0.0000            infinity            infinity
     Parameter 4~N(0.000,infinity)           0.0000            infinity            infinity
     Parameter 5~N(0.000,infinity)           0.0000            infinity            infinity
     Parameter 6~N(0.000,infinity)           0.0000            infinity            infinity
     Parameter 7~N(0.000,infinity)           0.0000            infinity            infinity
     Parameter 8~N(0.000,infinity)           0.0000            infinity            infinity
     Parameter 9~N(0.000,infinity)           0.0000            infinity            infinity
     Parameter 10~IW(1.000,11)             infinity            infinity            infinity
     Parameter 11~IW(0.000,11)             infinity            infinity            infinity
     Parameter 12~IW(1.000,11)             infinity            infinity            infinity
     Parameter 13~IW(0.000,11)             infinity            infinity            infinity
     Parameter 14~IW(0.000,11)             infinity            infinity            infinity
     Parameter 15~IW(1.000,11)             infinity            infinity            infinity
     Parameter 16~IW(0.000,11)             infinity            infinity            infinity
     Parameter 17~IW(0.000,11)             infinity            infinity            infinity
     Parameter 18~IW(0.000,11)             infinity            infinity            infinity
     Parameter 19~IW(1.000,11)             infinity            infinity            infinity
     Parameter 20~IW(0.000,11)             infinity            infinity            infinity
     Parameter 21~IW(0.000,11)             infinity            infinity            infinity
     Parameter 22~IW(0.000,11)             infinity            infinity            infinity
     Parameter 23~IW(0.000,11)             infinity            infinity            infinity
     Parameter 24~IW(1.000,11)             infinity            infinity            infinity
     Parameter 25~IW(0.000,11)             infinity            infinity            infinity
     Parameter 26~IW(0.000,11)             infinity            infinity            infinity
     Parameter 27~IW(0.000,11)             infinity            infinity            infinity
     Parameter 28~IW(0.000,11)             infinity            infinity            infinity
     Parameter 29~IW(0.000,11)             infinity            infinity            infinity
     Parameter 30~IW(1.000,11)             infinity            infinity            infinity
     Parameter 31~IW(0.000,11)             infinity            infinity            infinity
     Parameter 32~IW(0.000,11)             infinity            infinity            infinity
     Parameter 33~IW(0.000,11)             infinity            infinity            infinity
     Parameter 34~IW(0.000,11)             infinity            infinity            infinity
     Parameter 35~IW(0.000,11)             infinity            infinity            infinity
     Parameter 36~IW(0.000,11)             infinity            infinity            infinity
     Parameter 37~IW(1.000,11)             infinity            infinity            infinity
     Parameter 38~IW(0.000,11)             infinity            infinity            infinity
     Parameter 39~IW(0.000,11)             infinity            infinity            infinity
     Parameter 40~IW(0.000,11)             infinity            infinity            infinity
     Parameter 41~IW(0.000,11)             infinity            infinity            infinity
     Parameter 42~IW(0.000,11)             infinity            infinity            infinity
     Parameter 43~IW(0.000,11)             infinity            infinity            infinity
     Parameter 44~IW(0.000,11)             infinity            infinity            infinity
     Parameter 45~IW(1.000,11)             infinity            infinity            infinity
     Parameter 46~IW(0.000,11)             infinity            infinity            infinity
     Parameter 47~IW(0.000,11)             infinity            infinity            infinity
     Parameter 48~IW(0.000,11)             infinity            infinity            infinity
     Parameter 49~IW(0.000,11)             infinity            infinity            infinity
     Parameter 50~IW(0.000,11)             infinity            infinity            infinity
     Parameter 51~IW(0.000,11)             infinity            infinity            infinity
     Parameter 52~IW(0.000,11)             infinity            infinity            infinity
     Parameter 53~IW(0.000,11)             infinity            infinity            infinity
     Parameter 54~IW(1.000,11)             infinity            infinity            infinity
     Parameter 55~IW(0.000,11)             infinity            infinity            infinity
     Parameter 56~IW(0.000,11)             infinity            infinity            infinity
     Parameter 57~IW(0.000,11)             infinity            infinity            infinity
     Parameter 58~IW(0.000,11)             infinity            infinity            infinity
     Parameter 59~IW(0.000,11)             infinity            infinity            infinity
     Parameter 60~IW(0.000,11)             infinity            infinity            infinity
     Parameter 61~IW(0.000,11)             infinity            infinity            infinity
     Parameter 62~IW(0.000,11)             infinity            infinity            infinity
     Parameter 63~IW(0.000,11)             infinity            infinity            infinity
     Parameter 64~IW(1.000,11)             infinity            infinity            infinity
     Parameter 65~N(0.000,5.000)             0.0000              5.0000              2.2361
     Parameter 66~N(0.000,5.000)             0.0000              5.0000              2.2361
     Parameter 67~N(0.000,5.000)             0.0000              5.0000              2.2361
     Parameter 68~N(0.000,5.000)             0.0000              5.0000              2.2361
     Parameter 69~N(0.000,5.000)             0.0000              5.0000              2.2361
     Parameter 70~N(0.000,5.000)             0.0000              5.0000              2.2361
     Parameter 71~N(0.000,5.000)             0.0000              5.0000              2.2361
     Parameter 72~N(0.000,5.000)             0.0000              5.0000              2.2361
     Parameter 73~N(0.000,5.000)             0.0000              5.0000              2.2361
     Parameter 74~N(0.000,5.000)             0.0000              5.0000              2.2361
     Parameter 75~N(0.000,5.000)             0.0000              5.0000              2.2361
     Parameter 76~N(0.000,5.000)             0.0000              5.0000              2.2361
     Parameter 77~N(0.000,5.000)             0.0000              5.0000              2.2361


TECHNICAL 8 OUTPUT


   TECHNICAL 8 OUTPUT FOR BAYES ESTIMATION

     CHAIN    BSEED
     1        0
     2        285380

                     POTENTIAL       PARAMETER WITH
     ITERATION    SCALE REDUCTION      HIGHEST PSR
     100              1.157               3
     200              1.097               35
     300              1.034               60
     400              1.039               4
     500              1.030               7
     600              1.025               4
     700              1.008               9
     800              1.005               2
     900              1.007               3
     1000             1.014               77
     1100             1.024               77
     1200             1.024               77
     1300             1.021               77
     1400             1.014               77
     1500             1.009               59
     1600             1.007               53
     1700             1.008               70
     1800             1.015               70
     1900             1.012               70
     2000             1.009               71
     2100             1.010               75
     2200             1.009               75
     2300             1.009               74
     2400             1.007               75
     2500             1.006               74
     2600             1.007               75
     2700             1.008               75
     2800             1.007               71
     2900             1.010               71
     3000             1.010               71
     3100             1.008               71
     3200             1.006               71
     3300             1.004               2
     3400             1.004               2
     3500             1.003               2
     3600             1.005               2
     3700             1.003               2
     3800             1.003               45
     3900             1.003               45
     4000             1.003               45
     4100             1.002               73
     4200             1.003               73
     4300             1.003               73
     4400             1.003               73
     4500             1.005               73
     4600             1.004               73
     4700             1.005               73
     4800             1.006               73
     4900             1.005               73
     5000             1.006               73
     5100             1.006               73
     5200             1.004               73
     5300             1.004               73
     5400             1.004               73
     5500             1.005               73
     5600             1.005               73
     5700             1.004               3
     5800             1.004               9
     5900             1.005               9
     6000             1.005               9
     6100             1.005               9
     6200             1.004               9
     6300             1.003               9
     6400             1.003               9
     6500             1.002               9
     6600             1.002               9
     6700             1.003               9
     6800             1.003               9
     6900             1.003               9
     7000             1.002               9
     7100             1.002               9
     7200             1.002               9
     7300             1.002               9
     7400             1.002               9
     7500             1.002               9
     7600             1.001               9
     7700             1.001               9
     7800             1.001               9
     7900             1.001               9
     8000             1.001               9
     8100             1.001               9
     8200             1.001               9
     8300             1.001               69
     8400             1.001               9
     8500             1.002               9
     8600             1.001               9
     8700             1.001               70
     8800             1.001               70
     8900             1.001               9
     9000             1.001               69
     9100             1.001               70
     9200             1.001               69
     9300             1.001               70
     9400             1.001               70
     9500             1.001               70
     9600             1.000               6
     9700             1.000               1
     9800             1.000               55
     9900             1.000               8
     10000            1.000               8
     10100            1.000               8
     10200            1.001               8
     10300            1.001               8
     10400            1.001               8
     10500            1.001               8
     10600            1.001               8
     10700            1.001               8
     10800            1.001               8
     10900            1.001               8
     11000            1.001               8
     11100            1.001               8
     11200            1.001               8
     11300            1.001               8
     11400            1.001               8
     11500            1.001               8
     11600            1.000               73
     11700            1.000               8
     11800            1.000               8
     11900            1.000               73
     12000            1.000               75
     12100            1.001               75
     12200            1.000               75
     12300            1.001               75
     12400            1.000               75
     12500            1.001               75
     12600            1.001               75
     12700            1.001               75
     12800            1.001               75
     12900            1.001               75
     13000            1.001               75
     13100            1.000               75
     13200            1.001               75
     13300            1.000               7
     13400            1.000               14
     13500            1.001               14
     13600            1.001               7
     13700            1.001               7
     13800            1.001               7
     13900            1.001               7
     14000            1.001               14
     14100            1.001               7
     14200            1.001               7
     14300            1.001               7
     14400            1.001               7
     14500            1.001               7
     14600            1.002               7
     14700            1.002               7
     14800            1.002               7
     14900            1.002               7
     15000            1.002               7
     15100            1.001               7
     15200            1.002               7
     15300            1.002               7
     15400            1.002               7
     15500            1.002               7
     15600            1.002               7
     15700            1.002               7
     15800            1.002               7
     15900            1.002               7
     16000            1.003               7
     16100            1.002               7
     16200            1.002               7
     16300            1.003               7
     16400            1.004               7
     16500            1.004               7
     16600            1.004               7
     16700            1.004               7
     16800            1.003               7
     16900            1.003               7
     17000            1.003               7
     17100            1.003               7
     17200            1.003               7
     17300            1.003               7
     17400            1.002               7
     17500            1.002               7
     17600            1.002               7
     17700            1.002               7
     17800            1.002               7
     17900            1.002               7
     18000            1.002               7
     18100            1.002               7
     18200            1.002               7
     18300            1.002               7
     18400            1.002               7
     18500            1.002               7
     18600            1.002               7
     18700            1.002               7
     18800            1.002               7
     18900            1.002               7
     19000            1.002               7
     19100            1.002               7
     19200            1.001               7
     19300            1.001               7
     19400            1.001               7
     19500            1.001               7
     19600            1.001               7
     19700            1.001               7
     19800            1.001               7
     19900            1.001               71
     20000            1.000               13


PLOT INFORMATION

The following plots are available:

  Sample proportions and estimated probabilities
  Bayesian posterior parameter distributions
  Bayesian posterior parameter trace plots
  Bayesian autocorrelation plots
  Bayesian prior parameter distributions
  Bayesian posterior predictive checking scatterplots
  Bayesian posterior predictive checking distribution plots

     Beginning Time:  15:32:32
        Ending Time:  15:34:10
       Elapsed Time:  00:01:38



MUTHEN & MUTHEN
3463 Stoner Ave.
Los Angeles, CA  90066

Tel: (310) 391-9971
Fax: (310) 391-8971
Web: www.StatModel.com
Support: Support@StatModel.com

Copyright (c) 1998-2023 Muthen & Muthen
